2020-12-30 11:39:31 INFO  Log4jTest:16 - info
2020-12-30 11:39:31 WARN  Log4jTest:17 - warn
2020-12-30 11:39:31 DEBUG Log4jTest:18 - debug
2020-12-30 11:39:31 ERROR Log4jTest:19 - error
2020-12-30 11:43:44 INFO  Log4jTest:16 - info
2020-12-30 11:43:44 WARN  Log4jTest:17 - warn
2020-12-30 11:43:44 DEBUG Log4jTest:18 - debug
2020-12-30 11:43:44 ERROR Log4jTest:19 - error
2020-12-30 11:43:57 INFO  Log4jTest:16 - info
2020-12-30 11:43:57 WARN  Log4jTest:17 - warn
2020-12-30 11:43:57 DEBUG Log4jTest:18 - debug
2020-12-30 11:43:57 ERROR Log4jTest:19 - error
2020-12-30 11:46:30 INFO  Log4jTest:16 - info
2020-12-30 11:46:30 WARN  Log4jTest:17 - warn
2020-12-30 11:46:30 DEBUG Log4jTest:18 - debug
2020-12-30 11:46:30 ERROR Log4jTest:19 - error
2020-12-30 11:53:13 INFO  Log4jTest:16 - info
2020-12-30 11:53:13 WARN  Log4jTest:17 - warn
2020-12-30 11:53:13 DEBUG Log4jTest:18 - debug
2020-12-30 11:53:13 ERROR Log4jTest:19 - error
2020-12-30 11:54:22 INFO  Log4jTest:16 - info
2020-12-30 11:54:22 WARN  Log4jTest:17 - warn
2020-12-30 11:54:22 DEBUG Log4jTest:18 - debug
2020-12-30 11:54:22 ERROR Log4jTest:19 - error
2020-12-30 11:55:13 INFO  Log4jTest:16 - info
2020-12-30 11:55:13 WARN  Log4jTest:17 - warn
2020-12-30 11:55:13 DEBUG Log4jTest:18 - debug
2020-12-30 11:55:13 ERROR Log4jTest:19 - error
2020-12-30 11:58:49 INFO  Log4jTest:16 - info
2020-12-30 11:58:49 WARN  Log4jTest:17 - warn
2020-12-30 11:58:49 DEBUG Log4jTest:18 - debug
2020-12-30 11:58:49 ERROR Log4jTest:19 - error
2020-12-30 13:41:57 INFO  ÀàÃû£ºLog4jTest£¬ÐÐÊý£º16 - info
2020-12-30 13:41:57 WARN  ÀàÃû£ºLog4jTest£¬ÐÐÊý£º17 - warn
2020-12-30 13:41:57 DEBUG ÀàÃû£ºLog4jTest£¬ÐÐÊý£º18 - debug
2020-12-30 13:41:57 ERROR ÀàÃû£ºLog4jTest£¬ÐÐÊý£º19 - error
2020-12-30 13:42:10 INFO  Log4jTest:16 - info
2020-12-30 13:42:10 WARN  Log4jTest:17 - warn
2020-12-30 13:42:10 DEBUG Log4jTest:18 - debug
2020-12-30 13:42:10 ERROR Log4jTest:19 - error
2020-12-30 14:30:41 INFO  Log4jTest:29 - 1
2020-12-30 14:30:41 INFO  Log4jTest:30 - 0
2020-12-30 14:30:41 INFO  Log4jTest:31 - 1
2020-12-30 14:30:41 INFO  Log4jTest:32 - 1
2020-12-30 14:33:08 INFO  Log4jTest:29 - 1
2020-12-30 14:33:08 INFO  Log4jTest:30 - 0
2020-12-30 14:33:08 INFO  Log4jTest:31 - 1
2020-12-30 14:33:08 INFO  Log4jTest:32 - 1
2020-12-30 14:35:49 INFO  Log4jTest:29 - 1
2020-12-30 14:35:49 INFO  Log4jTest:30 - 1
2020-12-30 14:35:49 INFO  Log4jTest:31 - 1
2020-12-30 14:35:49 INFO  Log4jTest:32 - 1
2020-12-30 14:43:18 INFO  Log4jTest:29 - 1
2020-12-30 14:43:18 INFO  Log4jTest:30 - 0
2020-12-30 14:43:18 INFO  Log4jTest:31 - 1
2020-12-30 14:43:18 INFO  Log4jTest:32 - 1
2020-12-30 14:46:01 INFO  Log4jTest:29 - 1
2020-12-30 14:46:01 INFO  Log4jTest:30 - 0
2020-12-30 14:46:01 INFO  Log4jTest:31 - 1
2020-12-30 14:46:01 INFO  Log4jTest:32 - 1
2020-12-30 15:40:19 INFO  Log4jTest:29 - 1
2020-12-30 15:40:19 INFO  Log4jTest:30 - 0
2020-12-30 15:40:19 INFO  Log4jTest:31 - 1
2020-12-30 15:40:19 INFO  Log4jTest:32 - 1
2020-12-30 15:40:19 INFO  Log4jTest:33 - 测试
2020-12-31 09:18:08 WARN  MyThread:30 - 线程数据：0
2020-12-31 09:18:08 WARN  MyThread:30 - 线程数据：1
2020-12-31 09:18:08 WARN  MyThread:30 - 线程数据：2
2020-12-31 09:18:08 WARN  MyThread:30 - 线程数据：3
2020-12-31 09:18:08 WARN  MyThread:30 - 线程数据：4
2020-12-31 09:18:08 WARN  MyThread:30 - 线程数据：5
2020-12-31 09:18:08 INFO  ThreadTest:18 - 主线程数据：0
2020-12-31 09:18:08 INFO  ThreadTest:18 - 主线程数据：1
2020-12-31 09:18:08 INFO  ThreadTest:18 - 主线程数据：2
2020-12-31 09:18:08 INFO  ThreadTest:18 - 主线程数据：3
2020-12-31 09:18:08 INFO  ThreadTest:18 - 主线程数据：4
2020-12-31 09:18:08 INFO  ThreadTest:18 - 主线程数据：5
2020-12-31 09:18:08 INFO  ThreadTest:18 - 主线程数据：6
2020-12-31 09:18:08 INFO  ThreadTest:18 - 主线程数据：7
2020-12-31 09:18:08 INFO  ThreadTest:18 - 主线程数据：8
2020-12-31 09:18:08 INFO  ThreadTest:18 - 主线程数据：9
2020-12-31 09:18:08 INFO  ThreadTest:18 - 主线程数据：10
2020-12-31 09:18:08 INFO  ThreadTest:18 - 主线程数据：11
2020-12-31 09:18:08 INFO  ThreadTest:18 - 主线程数据：12
2020-12-31 09:18:08 INFO  ThreadTest:18 - 主线程数据：13
2020-12-31 09:18:08 INFO  ThreadTest:18 - 主线程数据：14
2020-12-31 09:18:08 INFO  ThreadTest:18 - 主线程数据：15
2020-12-31 09:18:08 WARN  MyThread:30 - 线程数据：6
2020-12-31 09:18:08 INFO  ThreadTest:18 - 主线程数据：16
2020-12-31 09:18:08 WARN  MyThread:30 - 线程数据：7
2020-12-31 09:18:08 WARN  MyThread:30 - 线程数据：8
2020-12-31 09:18:08 WARN  MyThread:30 - 线程数据：9
2020-12-31 09:18:08 WARN  MyThread:30 - 线程数据：10
2020-12-31 09:18:08 WARN  MyThread:30 - 线程数据：11
2020-12-31 09:18:08 WARN  MyThread:30 - 线程数据：12
2020-12-31 09:18:08 WARN  MyThread:30 - 线程数据：13
2020-12-31 09:18:08 WARN  MyThread:30 - 线程数据：14
2020-12-31 09:18:08 WARN  MyThread:30 - 线程数据：15
2020-12-31 09:18:08 WARN  MyThread:30 - 线程数据：16
2020-12-31 09:18:08 INFO  ThreadTest:18 - 主线程数据：17
2020-12-31 09:18:08 WARN  MyThread:30 - 线程数据：17
2020-12-31 09:18:08 INFO  ThreadTest:18 - 主线程数据：18
2020-12-31 09:18:08 WARN  MyThread:30 - 线程数据：18
2020-12-31 09:18:08 INFO  ThreadTest:18 - 主线程数据：19
2020-12-31 09:18:08 WARN  MyThread:30 - 线程数据：19
2020-12-31 09:18:08 INFO  ThreadTest:18 - 主线程数据：20
2020-12-31 09:18:08 WARN  MyThread:30 - 线程数据：20
2020-12-31 09:18:08 WARN  MyThread:30 - 线程数据：21
2020-12-31 09:18:08 INFO  ThreadTest:18 - 主线程数据：21
2020-12-31 09:18:08 INFO  ThreadTest:18 - 主线程数据：22
2020-12-31 09:18:08 WARN  MyThread:30 - 线程数据：22
2020-12-31 09:18:08 INFO  ThreadTest:18 - 主线程数据：23
2020-12-31 09:18:08 WARN  MyThread:30 - 线程数据：23
2020-12-31 09:18:08 INFO  ThreadTest:18 - 主线程数据：24
2020-12-31 09:18:08 INFO  ThreadTest:18 - 主线程数据：25
2020-12-31 09:18:08 WARN  MyThread:30 - 线程数据：24
2020-12-31 09:18:08 INFO  ThreadTest:18 - 主线程数据：26
2020-12-31 09:18:08 WARN  MyThread:30 - 线程数据：25
2020-12-31 09:18:08 INFO  ThreadTest:18 - 主线程数据：27
2020-12-31 09:18:08 WARN  MyThread:30 - 线程数据：26
2020-12-31 09:18:08 WARN  MyThread:30 - 线程数据：27
2020-12-31 09:18:08 WARN  MyThread:30 - 线程数据：28
2020-12-31 09:18:08 WARN  MyThread:30 - 线程数据：29
2020-12-31 09:18:08 WARN  MyThread:30 - 线程数据：30
2020-12-31 09:18:08 INFO  ThreadTest:18 - 主线程数据：28
2020-12-31 09:18:08 INFO  ThreadTest:18 - 主线程数据：29
2020-12-31 09:18:08 WARN  MyThread:30 - 线程数据：31
2020-12-31 09:18:08 INFO  ThreadTest:18 - 主线程数据：30
2020-12-31 09:18:08 WARN  MyThread:30 - 线程数据：32
2020-12-31 09:18:08 WARN  MyThread:30 - 线程数据：33
2020-12-31 09:18:08 WARN  MyThread:30 - 线程数据：34
2020-12-31 09:18:08 WARN  MyThread:30 - 线程数据：35
2020-12-31 09:18:08 WARN  MyThread:30 - 线程数据：36
2020-12-31 09:18:08 INFO  ThreadTest:18 - 主线程数据：31
2020-12-31 09:18:08 WARN  MyThread:30 - 线程数据：37
2020-12-31 09:18:08 INFO  ThreadTest:18 - 主线程数据：32
2020-12-31 09:18:08 WARN  MyThread:30 - 线程数据：38
2020-12-31 09:18:08 INFO  ThreadTest:18 - 主线程数据：33
2020-12-31 09:18:08 WARN  MyThread:30 - 线程数据：39
2020-12-31 09:18:08 INFO  ThreadTest:18 - 主线程数据：34
2020-12-31 09:18:08 WARN  MyThread:30 - 线程数据：40
2020-12-31 09:18:08 INFO  ThreadTest:18 - 主线程数据：35
2020-12-31 09:18:08 WARN  MyThread:30 - 线程数据：41
2020-12-31 09:18:08 INFO  ThreadTest:18 - 主线程数据：36
2020-12-31 09:18:08 WARN  MyThread:30 - 线程数据：42
2020-12-31 09:18:08 INFO  ThreadTest:18 - 主线程数据：37
2020-12-31 09:18:08 WARN  MyThread:30 - 线程数据：43
2020-12-31 09:18:08 INFO  ThreadTest:18 - 主线程数据：38
2020-12-31 09:18:08 WARN  MyThread:30 - 线程数据：44
2020-12-31 09:18:08 INFO  ThreadTest:18 - 主线程数据：39
2020-12-31 09:18:08 WARN  MyThread:30 - 线程数据：45
2020-12-31 09:18:08 INFO  ThreadTest:18 - 主线程数据：40
2020-12-31 09:18:08 INFO  ThreadTest:18 - 主线程数据：41
2020-12-31 09:18:08 WARN  MyThread:30 - 线程数据：46
2020-12-31 09:18:08 WARN  MyThread:30 - 线程数据：47
2020-12-31 09:18:08 INFO  ThreadTest:18 - 主线程数据：42
2020-12-31 09:18:08 INFO  ThreadTest:18 - 主线程数据：43
2020-12-31 09:18:08 WARN  MyThread:30 - 线程数据：48
2020-12-31 09:18:08 INFO  ThreadTest:18 - 主线程数据：44
2020-12-31 09:18:08 INFO  ThreadTest:18 - 主线程数据：45
2020-12-31 09:18:08 INFO  ThreadTest:18 - 主线程数据：46
2020-12-31 09:18:08 WARN  MyThread:30 - 线程数据：49
2020-12-31 09:18:08 WARN  MyThread:30 - 线程数据：50
2020-12-31 09:18:08 WARN  MyThread:30 - 线程数据：51
2020-12-31 09:18:08 INFO  ThreadTest:18 - 主线程数据：47
2020-12-31 09:18:08 WARN  MyThread:30 - 线程数据：52
2020-12-31 09:18:08 WARN  MyThread:30 - 线程数据：53
2020-12-31 09:18:08 WARN  MyThread:30 - 线程数据：54
2020-12-31 09:18:08 WARN  MyThread:30 - 线程数据：55
2020-12-31 09:18:08 WARN  MyThread:30 - 线程数据：56
2020-12-31 09:18:08 WARN  MyThread:30 - 线程数据：57
2020-12-31 09:18:08 WARN  MyThread:30 - 线程数据：58
2020-12-31 09:18:08 INFO  ThreadTest:18 - 主线程数据：48
2020-12-31 09:18:08 WARN  MyThread:30 - 线程数据：59
2020-12-31 09:18:08 INFO  ThreadTest:18 - 主线程数据：49
2020-12-31 09:18:08 WARN  MyThread:30 - 线程数据：60
2020-12-31 09:18:08 INFO  ThreadTest:18 - 主线程数据：50
2020-12-31 09:18:08 INFO  ThreadTest:18 - 主线程数据：51
2020-12-31 09:18:08 WARN  MyThread:30 - 线程数据：61
2020-12-31 09:18:08 INFO  ThreadTest:18 - 主线程数据：52
2020-12-31 09:18:08 WARN  MyThread:30 - 线程数据：62
2020-12-31 09:18:08 INFO  ThreadTest:18 - 主线程数据：53
2020-12-31 09:18:08 WARN  MyThread:30 - 线程数据：63
2020-12-31 09:18:08 INFO  ThreadTest:18 - 主线程数据：54
2020-12-31 09:18:08 WARN  MyThread:30 - 线程数据：64
2020-12-31 09:18:08 WARN  MyThread:30 - 线程数据：65
2020-12-31 09:18:08 INFO  ThreadTest:18 - 主线程数据：55
2020-12-31 09:18:08 WARN  MyThread:30 - 线程数据：66
2020-12-31 09:18:08 WARN  MyThread:30 - 线程数据：67
2020-12-31 09:18:08 WARN  MyThread:30 - 线程数据：68
2020-12-31 09:18:08 INFO  ThreadTest:18 - 主线程数据：56
2020-12-31 09:18:08 WARN  MyThread:30 - 线程数据：69
2020-12-31 09:18:08 WARN  MyThread:30 - 线程数据：70
2020-12-31 09:18:08 INFO  ThreadTest:18 - 主线程数据：57
2020-12-31 09:18:08 INFO  ThreadTest:18 - 主线程数据：58
2020-12-31 09:18:08 WARN  MyThread:30 - 线程数据：71
2020-12-31 09:18:08 INFO  ThreadTest:18 - 主线程数据：59
2020-12-31 09:18:08 WARN  MyThread:30 - 线程数据：72
2020-12-31 09:18:08 INFO  ThreadTest:18 - 主线程数据：60
2020-12-31 09:18:08 INFO  ThreadTest:18 - 主线程数据：61
2020-12-31 09:18:08 WARN  MyThread:30 - 线程数据：73
2020-12-31 09:18:08 WARN  MyThread:30 - 线程数据：74
2020-12-31 09:18:08 WARN  MyThread:30 - 线程数据：75
2020-12-31 09:18:08 WARN  MyThread:30 - 线程数据：76
2020-12-31 09:18:08 WARN  MyThread:30 - 线程数据：77
2020-12-31 09:18:08 INFO  ThreadTest:18 - 主线程数据：62
2020-12-31 09:18:08 INFO  ThreadTest:18 - 主线程数据：63
2020-12-31 09:18:08 INFO  ThreadTest:18 - 主线程数据：64
2020-12-31 09:18:08 WARN  MyThread:30 - 线程数据：78
2020-12-31 09:18:08 INFO  ThreadTest:18 - 主线程数据：65
2020-12-31 09:18:08 WARN  MyThread:30 - 线程数据：79
2020-12-31 09:18:08 WARN  MyThread:30 - 线程数据：80
2020-12-31 09:18:08 INFO  ThreadTest:18 - 主线程数据：66
2020-12-31 09:18:08 INFO  ThreadTest:18 - 主线程数据：67
2020-12-31 09:18:08 INFO  ThreadTest:18 - 主线程数据：68
2020-12-31 09:18:08 INFO  ThreadTest:18 - 主线程数据：69
2020-12-31 09:18:08 INFO  ThreadTest:18 - 主线程数据：70
2020-12-31 09:18:08 WARN  MyThread:30 - 线程数据：81
2020-12-31 09:18:08 WARN  MyThread:30 - 线程数据：82
2020-12-31 09:18:08 WARN  MyThread:30 - 线程数据：83
2020-12-31 09:18:08 WARN  MyThread:30 - 线程数据：84
2020-12-31 09:18:08 INFO  ThreadTest:18 - 主线程数据：71
2020-12-31 09:18:08 WARN  MyThread:30 - 线程数据：85
2020-12-31 09:18:08 WARN  MyThread:30 - 线程数据：86
2020-12-31 09:18:08 WARN  MyThread:30 - 线程数据：87
2020-12-31 09:18:08 INFO  ThreadTest:18 - 主线程数据：72
2020-12-31 09:18:08 WARN  MyThread:30 - 线程数据：88
2020-12-31 09:18:08 WARN  MyThread:30 - 线程数据：89
2020-12-31 09:18:08 INFO  ThreadTest:18 - 主线程数据：73
2020-12-31 09:18:08 INFO  ThreadTest:18 - 主线程数据：74
2020-12-31 09:18:08 INFO  ThreadTest:18 - 主线程数据：75
2020-12-31 09:18:08 INFO  ThreadTest:18 - 主线程数据：76
2020-12-31 09:18:08 WARN  MyThread:30 - 线程数据：90
2020-12-31 09:18:08 WARN  MyThread:30 - 线程数据：91
2020-12-31 09:18:08 WARN  MyThread:30 - 线程数据：92
2020-12-31 09:18:08 WARN  MyThread:30 - 线程数据：93
2020-12-31 09:18:08 WARN  MyThread:30 - 线程数据：94
2020-12-31 09:18:08 WARN  MyThread:30 - 线程数据：95
2020-12-31 09:18:08 WARN  MyThread:30 - 线程数据：96
2020-12-31 09:18:08 WARN  MyThread:30 - 线程数据：97
2020-12-31 09:18:08 WARN  MyThread:30 - 线程数据：98
2020-12-31 09:18:08 WARN  MyThread:30 - 线程数据：99
2020-12-31 09:18:08 WARN  MyThread:30 - 线程数据：100
2020-12-31 09:18:08 WARN  MyThread:30 - 线程数据：101
2020-12-31 09:18:08 WARN  MyThread:30 - 线程数据：102
2020-12-31 09:18:08 INFO  ThreadTest:18 - 主线程数据：77
2020-12-31 09:18:08 INFO  ThreadTest:18 - 主线程数据：78
2020-12-31 09:18:08 WARN  MyThread:30 - 线程数据：103
2020-12-31 09:18:08 INFO  ThreadTest:18 - 主线程数据：79
2020-12-31 09:18:08 WARN  MyThread:30 - 线程数据：104
2020-12-31 09:18:08 WARN  MyThread:30 - 线程数据：105
2020-12-31 09:18:08 WARN  MyThread:30 - 线程数据：106
2020-12-31 09:18:08 INFO  ThreadTest:18 - 主线程数据：80
2020-12-31 09:18:08 INFO  ThreadTest:18 - 主线程数据：81
2020-12-31 09:18:08 WARN  MyThread:30 - 线程数据：107
2020-12-31 09:18:08 INFO  ThreadTest:18 - 主线程数据：82
2020-12-31 09:18:08 INFO  ThreadTest:18 - 主线程数据：83
2020-12-31 09:18:08 INFO  ThreadTest:18 - 主线程数据：84
2020-12-31 09:18:08 INFO  ThreadTest:18 - 主线程数据：85
2020-12-31 09:18:08 INFO  ThreadTest:18 - 主线程数据：86
2020-12-31 09:18:08 INFO  ThreadTest:18 - 主线程数据：87
2020-12-31 09:18:08 INFO  ThreadTest:18 - 主线程数据：88
2020-12-31 09:18:08 INFO  ThreadTest:18 - 主线程数据：89
2020-12-31 09:18:08 INFO  ThreadTest:18 - 主线程数据：90
2020-12-31 09:18:08 INFO  ThreadTest:18 - 主线程数据：91
2020-12-31 09:18:08 INFO  ThreadTest:18 - 主线程数据：92
2020-12-31 09:18:08 INFO  ThreadTest:18 - 主线程数据：93
2020-12-31 09:18:08 INFO  ThreadTest:18 - 主线程数据：94
2020-12-31 09:18:08 INFO  ThreadTest:18 - 主线程数据：95
2020-12-31 09:18:08 INFO  ThreadTest:18 - 主线程数据：96
2020-12-31 09:18:08 INFO  ThreadTest:18 - 主线程数据：97
2020-12-31 09:18:08 WARN  MyThread:30 - 线程数据：108
2020-12-31 09:18:08 INFO  ThreadTest:18 - 主线程数据：98
2020-12-31 09:18:08 INFO  ThreadTest:18 - 主线程数据：99
2020-12-31 09:18:08 INFO  ThreadTest:18 - 主线程数据：100
2020-12-31 09:18:08 INFO  ThreadTest:18 - 主线程数据：101
2020-12-31 09:18:08 INFO  ThreadTest:18 - 主线程数据：102
2020-12-31 09:18:08 INFO  ThreadTest:18 - 主线程数据：103
2020-12-31 09:18:08 INFO  ThreadTest:18 - 主线程数据：104
2020-12-31 09:18:08 INFO  ThreadTest:18 - 主线程数据：105
2020-12-31 09:18:08 WARN  MyThread:30 - 线程数据：109
2020-12-31 09:18:08 INFO  ThreadTest:18 - 主线程数据：106
2020-12-31 09:18:08 WARN  MyThread:30 - 线程数据：110
2020-12-31 09:18:08 INFO  ThreadTest:18 - 主线程数据：107
2020-12-31 09:18:08 WARN  MyThread:30 - 线程数据：111
2020-12-31 09:18:08 INFO  ThreadTest:18 - 主线程数据：108
2020-12-31 09:18:08 WARN  MyThread:30 - 线程数据：112
2020-12-31 09:18:08 INFO  ThreadTest:18 - 主线程数据：109
2020-12-31 09:18:08 WARN  MyThread:30 - 线程数据：113
2020-12-31 09:18:08 INFO  ThreadTest:18 - 主线程数据：110
2020-12-31 09:18:08 WARN  MyThread:30 - 线程数据：114
2020-12-31 09:18:08 INFO  ThreadTest:18 - 主线程数据：111
2020-12-31 09:18:08 WARN  MyThread:30 - 线程数据：115
2020-12-31 09:18:08 INFO  ThreadTest:18 - 主线程数据：112
2020-12-31 09:18:08 WARN  MyThread:30 - 线程数据：116
2020-12-31 09:18:08 INFO  ThreadTest:18 - 主线程数据：113
2020-12-31 09:18:08 WARN  MyThread:30 - 线程数据：117
2020-12-31 09:18:08 INFO  ThreadTest:18 - 主线程数据：114
2020-12-31 09:18:08 WARN  MyThread:30 - 线程数据：118
2020-12-31 09:18:08 INFO  ThreadTest:18 - 主线程数据：115
2020-12-31 09:18:08 WARN  MyThread:30 - 线程数据：119
2020-12-31 09:18:08 WARN  MyThread:30 - 线程数据：120
2020-12-31 09:18:08 WARN  MyThread:30 - 线程数据：121
2020-12-31 09:18:08 INFO  ThreadTest:18 - 主线程数据：116
2020-12-31 09:18:08 WARN  MyThread:30 - 线程数据：122
2020-12-31 09:18:08 INFO  ThreadTest:18 - 主线程数据：117
2020-12-31 09:18:08 WARN  MyThread:30 - 线程数据：123
2020-12-31 09:18:08 WARN  MyThread:30 - 线程数据：124
2020-12-31 09:18:08 WARN  MyThread:30 - 线程数据：125
2020-12-31 09:18:08 INFO  ThreadTest:18 - 主线程数据：118
2020-12-31 09:18:08 WARN  MyThread:30 - 线程数据：126
2020-12-31 09:18:08 INFO  ThreadTest:18 - 主线程数据：119
2020-12-31 09:18:08 WARN  MyThread:30 - 线程数据：127
2020-12-31 09:18:08 WARN  MyThread:30 - 线程数据：128
2020-12-31 09:18:08 WARN  MyThread:30 - 线程数据：129
2020-12-31 09:18:08 INFO  ThreadTest:18 - 主线程数据：120
2020-12-31 09:18:08 WARN  MyThread:30 - 线程数据：130
2020-12-31 09:18:08 INFO  ThreadTest:18 - 主线程数据：121
2020-12-31 09:18:08 WARN  MyThread:30 - 线程数据：131
2020-12-31 09:18:08 WARN  MyThread:30 - 线程数据：132
2020-12-31 09:18:08 WARN  MyThread:30 - 线程数据：133
2020-12-31 09:18:08 WARN  MyThread:30 - 线程数据：134
2020-12-31 09:18:08 WARN  MyThread:30 - 线程数据：135
2020-12-31 09:18:08 WARN  MyThread:30 - 线程数据：136
2020-12-31 09:18:08 WARN  MyThread:30 - 线程数据：137
2020-12-31 09:18:08 WARN  MyThread:30 - 线程数据：138
2020-12-31 09:18:08 WARN  MyThread:30 - 线程数据：139
2020-12-31 09:18:08 WARN  MyThread:30 - 线程数据：140
2020-12-31 09:18:08 WARN  MyThread:30 - 线程数据：141
2020-12-31 09:18:08 WARN  MyThread:30 - 线程数据：142
2020-12-31 09:18:08 WARN  MyThread:30 - 线程数据：143
2020-12-31 09:18:08 WARN  MyThread:30 - 线程数据：144
2020-12-31 09:18:08 WARN  MyThread:30 - 线程数据：145
2020-12-31 09:18:08 WARN  MyThread:30 - 线程数据：146
2020-12-31 09:18:08 WARN  MyThread:30 - 线程数据：147
2020-12-31 09:18:08 WARN  MyThread:30 - 线程数据：148
2020-12-31 09:18:08 WARN  MyThread:30 - 线程数据：149
2020-12-31 09:18:08 WARN  MyThread:30 - 线程数据：150
2020-12-31 09:18:08 WARN  MyThread:30 - 线程数据：151
2020-12-31 09:18:08 WARN  MyThread:30 - 线程数据：152
2020-12-31 09:18:08 WARN  MyThread:30 - 线程数据：153
2020-12-31 09:18:08 WARN  MyThread:30 - 线程数据：154
2020-12-31 09:18:08 WARN  MyThread:30 - 线程数据：155
2020-12-31 09:18:08 WARN  MyThread:30 - 线程数据：156
2020-12-31 09:18:08 WARN  MyThread:30 - 线程数据：157
2020-12-31 09:18:08 WARN  MyThread:30 - 线程数据：158
2020-12-31 09:18:08 WARN  MyThread:30 - 线程数据：159
2020-12-31 09:18:08 WARN  MyThread:30 - 线程数据：160
2020-12-31 09:18:08 WARN  MyThread:30 - 线程数据：161
2020-12-31 09:18:08 WARN  MyThread:30 - 线程数据：162
2020-12-31 09:18:08 WARN  MyThread:30 - 线程数据：163
2020-12-31 09:18:08 WARN  MyThread:30 - 线程数据：164
2020-12-31 09:18:08 WARN  MyThread:30 - 线程数据：165
2020-12-31 09:18:08 WARN  MyThread:30 - 线程数据：166
2020-12-31 09:18:08 WARN  MyThread:30 - 线程数据：167
2020-12-31 09:18:08 WARN  MyThread:30 - 线程数据：168
2020-12-31 09:18:08 WARN  MyThread:30 - 线程数据：169
2020-12-31 09:18:08 WARN  MyThread:30 - 线程数据：170
2020-12-31 09:18:08 WARN  MyThread:30 - 线程数据：171
2020-12-31 09:18:08 WARN  MyThread:30 - 线程数据：172
2020-12-31 09:18:08 WARN  MyThread:30 - 线程数据：173
2020-12-31 09:18:08 WARN  MyThread:30 - 线程数据：174
2020-12-31 09:18:08 WARN  MyThread:30 - 线程数据：175
2020-12-31 09:18:08 WARN  MyThread:30 - 线程数据：176
2020-12-31 09:18:08 WARN  MyThread:30 - 线程数据：177
2020-12-31 09:18:08 WARN  MyThread:30 - 线程数据：178
2020-12-31 09:18:08 WARN  MyThread:30 - 线程数据：179
2020-12-31 09:18:08 INFO  ThreadTest:18 - 主线程数据：122
2020-12-31 09:18:08 WARN  MyThread:30 - 线程数据：180
2020-12-31 09:18:08 INFO  ThreadTest:18 - 主线程数据：123
2020-12-31 09:18:08 WARN  MyThread:30 - 线程数据：181
2020-12-31 09:18:08 INFO  ThreadTest:18 - 主线程数据：124
2020-12-31 09:18:08 WARN  MyThread:30 - 线程数据：182
2020-12-31 09:18:08 INFO  ThreadTest:18 - 主线程数据：125
2020-12-31 09:18:08 WARN  MyThread:30 - 线程数据：183
2020-12-31 09:18:08 WARN  MyThread:30 - 线程数据：184
2020-12-31 09:18:08 WARN  MyThread:30 - 线程数据：185
2020-12-31 09:18:08 WARN  MyThread:30 - 线程数据：186
2020-12-31 09:18:08 WARN  MyThread:30 - 线程数据：187
2020-12-31 09:18:08 WARN  MyThread:30 - 线程数据：188
2020-12-31 09:18:08 WARN  MyThread:30 - 线程数据：189
2020-12-31 09:18:08 WARN  MyThread:30 - 线程数据：190
2020-12-31 09:18:08 WARN  MyThread:30 - 线程数据：191
2020-12-31 09:18:08 WARN  MyThread:30 - 线程数据：192
2020-12-31 09:18:08 WARN  MyThread:30 - 线程数据：193
2020-12-31 09:18:08 WARN  MyThread:30 - 线程数据：194
2020-12-31 09:18:08 WARN  MyThread:30 - 线程数据：195
2020-12-31 09:18:08 WARN  MyThread:30 - 线程数据：196
2020-12-31 09:18:08 WARN  MyThread:30 - 线程数据：197
2020-12-31 09:18:08 WARN  MyThread:30 - 线程数据：198
2020-12-31 09:18:08 INFO  ThreadTest:18 - 主线程数据：126
2020-12-31 09:18:08 INFO  ThreadTest:18 - 主线程数据：127
2020-12-31 09:18:08 INFO  ThreadTest:18 - 主线程数据：128
2020-12-31 09:18:08 INFO  ThreadTest:18 - 主线程数据：129
2020-12-31 09:18:08 INFO  ThreadTest:18 - 主线程数据：130
2020-12-31 09:18:08 INFO  ThreadTest:18 - 主线程数据：131
2020-12-31 09:18:08 INFO  ThreadTest:18 - 主线程数据：132
2020-12-31 09:18:08 INFO  ThreadTest:18 - 主线程数据：133
2020-12-31 09:18:08 INFO  ThreadTest:18 - 主线程数据：134
2020-12-31 09:18:08 INFO  ThreadTest:18 - 主线程数据：135
2020-12-31 09:18:08 INFO  ThreadTest:18 - 主线程数据：136
2020-12-31 09:18:08 INFO  ThreadTest:18 - 主线程数据：137
2020-12-31 09:18:08 INFO  ThreadTest:18 - 主线程数据：138
2020-12-31 09:18:08 INFO  ThreadTest:18 - 主线程数据：139
2020-12-31 09:18:08 INFO  ThreadTest:18 - 主线程数据：140
2020-12-31 09:18:08 INFO  ThreadTest:18 - 主线程数据：141
2020-12-31 09:18:08 INFO  ThreadTest:18 - 主线程数据：142
2020-12-31 09:18:08 INFO  ThreadTest:18 - 主线程数据：143
2020-12-31 09:18:08 INFO  ThreadTest:18 - 主线程数据：144
2020-12-31 09:18:08 INFO  ThreadTest:18 - 主线程数据：145
2020-12-31 09:18:08 INFO  ThreadTest:18 - 主线程数据：146
2020-12-31 09:18:08 INFO  ThreadTest:18 - 主线程数据：147
2020-12-31 09:18:08 INFO  ThreadTest:18 - 主线程数据：148
2020-12-31 09:18:08 INFO  ThreadTest:18 - 主线程数据：149
2020-12-31 09:18:08 INFO  ThreadTest:18 - 主线程数据：150
2020-12-31 09:18:08 INFO  ThreadTest:18 - 主线程数据：151
2020-12-31 09:18:08 INFO  ThreadTest:18 - 主线程数据：152
2020-12-31 09:18:08 INFO  ThreadTest:18 - 主线程数据：153
2020-12-31 09:18:08 INFO  ThreadTest:18 - 主线程数据：154
2020-12-31 09:18:08 INFO  ThreadTest:18 - 主线程数据：155
2020-12-31 09:18:08 INFO  ThreadTest:18 - 主线程数据：156
2020-12-31 09:18:08 INFO  ThreadTest:18 - 主线程数据：157
2020-12-31 09:18:08 INFO  ThreadTest:18 - 主线程数据：158
2020-12-31 09:18:08 INFO  ThreadTest:18 - 主线程数据：159
2020-12-31 09:18:08 WARN  MyThread:30 - 线程数据：199
2020-12-31 09:18:08 WARN  MyThread:30 - 线程数据：200
2020-12-31 09:18:08 WARN  MyThread:30 - 线程数据：201
2020-12-31 09:18:08 WARN  MyThread:30 - 线程数据：202
2020-12-31 09:18:08 WARN  MyThread:30 - 线程数据：203
2020-12-31 09:18:08 WARN  MyThread:30 - 线程数据：204
2020-12-31 09:18:08 WARN  MyThread:30 - 线程数据：205
2020-12-31 09:18:08 WARN  MyThread:30 - 线程数据：206
2020-12-31 09:18:08 WARN  MyThread:30 - 线程数据：207
2020-12-31 09:18:08 WARN  MyThread:30 - 线程数据：208
2020-12-31 09:18:08 WARN  MyThread:30 - 线程数据：209
2020-12-31 09:18:08 WARN  MyThread:30 - 线程数据：210
2020-12-31 09:18:08 WARN  MyThread:30 - 线程数据：211
2020-12-31 09:18:08 WARN  MyThread:30 - 线程数据：212
2020-12-31 09:18:08 WARN  MyThread:30 - 线程数据：213
2020-12-31 09:18:08 WARN  MyThread:30 - 线程数据：214
2020-12-31 09:18:08 WARN  MyThread:30 - 线程数据：215
2020-12-31 09:18:08 WARN  MyThread:30 - 线程数据：216
2020-12-31 09:18:08 WARN  MyThread:30 - 线程数据：217
2020-12-31 09:18:08 WARN  MyThread:30 - 线程数据：218
2020-12-31 09:18:08 WARN  MyThread:30 - 线程数据：219
2020-12-31 09:18:08 WARN  MyThread:30 - 线程数据：220
2020-12-31 09:18:08 WARN  MyThread:30 - 线程数据：221
2020-12-31 09:18:08 WARN  MyThread:30 - 线程数据：222
2020-12-31 09:18:08 WARN  MyThread:30 - 线程数据：223
2020-12-31 09:18:08 WARN  MyThread:30 - 线程数据：224
2020-12-31 09:18:08 WARN  MyThread:30 - 线程数据：225
2020-12-31 09:18:08 WARN  MyThread:30 - 线程数据：226
2020-12-31 09:18:08 WARN  MyThread:30 - 线程数据：227
2020-12-31 09:18:08 WARN  MyThread:30 - 线程数据：228
2020-12-31 09:18:08 WARN  MyThread:30 - 线程数据：229
2020-12-31 09:18:08 WARN  MyThread:30 - 线程数据：230
2020-12-31 09:18:08 WARN  MyThread:30 - 线程数据：231
2020-12-31 09:18:08 WARN  MyThread:30 - 线程数据：232
2020-12-31 09:18:08 WARN  MyThread:30 - 线程数据：233
2020-12-31 09:18:08 WARN  MyThread:30 - 线程数据：234
2020-12-31 09:18:08 WARN  MyThread:30 - 线程数据：235
2020-12-31 09:18:08 WARN  MyThread:30 - 线程数据：236
2020-12-31 09:18:08 WARN  MyThread:30 - 线程数据：237
2020-12-31 09:18:08 WARN  MyThread:30 - 线程数据：238
2020-12-31 09:18:08 WARN  MyThread:30 - 线程数据：239
2020-12-31 09:18:08 WARN  MyThread:30 - 线程数据：240
2020-12-31 09:18:08 WARN  MyThread:30 - 线程数据：241
2020-12-31 09:18:08 WARN  MyThread:30 - 线程数据：242
2020-12-31 09:18:08 WARN  MyThread:30 - 线程数据：243
2020-12-31 09:18:08 WARN  MyThread:30 - 线程数据：244
2020-12-31 09:18:08 WARN  MyThread:30 - 线程数据：245
2020-12-31 09:18:08 WARN  MyThread:30 - 线程数据：246
2020-12-31 09:18:08 WARN  MyThread:30 - 线程数据：247
2020-12-31 09:18:08 WARN  MyThread:30 - 线程数据：248
2020-12-31 09:18:08 WARN  MyThread:30 - 线程数据：249
2020-12-31 09:18:08 WARN  MyThread:30 - 线程数据：250
2020-12-31 09:18:08 WARN  MyThread:30 - 线程数据：251
2020-12-31 09:18:08 WARN  MyThread:30 - 线程数据：252
2020-12-31 09:18:08 WARN  MyThread:30 - 线程数据：253
2020-12-31 09:18:08 WARN  MyThread:30 - 线程数据：254
2020-12-31 09:18:08 WARN  MyThread:30 - 线程数据：255
2020-12-31 09:18:08 WARN  MyThread:30 - 线程数据：256
2020-12-31 09:18:08 WARN  MyThread:30 - 线程数据：257
2020-12-31 09:18:08 WARN  MyThread:30 - 线程数据：258
2020-12-31 09:18:08 WARN  MyThread:30 - 线程数据：259
2020-12-31 09:18:08 WARN  MyThread:30 - 线程数据：260
2020-12-31 09:18:08 WARN  MyThread:30 - 线程数据：261
2020-12-31 09:18:08 WARN  MyThread:30 - 线程数据：262
2020-12-31 09:18:08 WARN  MyThread:30 - 线程数据：263
2020-12-31 09:18:08 WARN  MyThread:30 - 线程数据：264
2020-12-31 09:18:08 WARN  MyThread:30 - 线程数据：265
2020-12-31 09:18:08 WARN  MyThread:30 - 线程数据：266
2020-12-31 09:18:08 WARN  MyThread:30 - 线程数据：267
2020-12-31 09:18:08 WARN  MyThread:30 - 线程数据：268
2020-12-31 09:18:08 WARN  MyThread:30 - 线程数据：269
2020-12-31 09:18:08 WARN  MyThread:30 - 线程数据：270
2020-12-31 09:18:08 WARN  MyThread:30 - 线程数据：271
2020-12-31 09:18:08 WARN  MyThread:30 - 线程数据：272
2020-12-31 09:18:08 WARN  MyThread:30 - 线程数据：273
2020-12-31 09:18:08 WARN  MyThread:30 - 线程数据：274
2020-12-31 09:18:08 WARN  MyThread:30 - 线程数据：275
2020-12-31 09:18:08 WARN  MyThread:30 - 线程数据：276
2020-12-31 09:18:08 WARN  MyThread:30 - 线程数据：277
2020-12-31 09:18:08 WARN  MyThread:30 - 线程数据：278
2020-12-31 09:18:08 WARN  MyThread:30 - 线程数据：279
2020-12-31 09:18:08 WARN  MyThread:30 - 线程数据：280
2020-12-31 09:18:08 WARN  MyThread:30 - 线程数据：281
2020-12-31 09:18:08 WARN  MyThread:30 - 线程数据：282
2020-12-31 09:18:08 WARN  MyThread:30 - 线程数据：283
2020-12-31 09:18:08 WARN  MyThread:30 - 线程数据：284
2020-12-31 09:18:08 WARN  MyThread:30 - 线程数据：285
2020-12-31 09:18:08 WARN  MyThread:30 - 线程数据：286
2020-12-31 09:18:08 WARN  MyThread:30 - 线程数据：287
2020-12-31 09:18:08 WARN  MyThread:30 - 线程数据：288
2020-12-31 09:18:08 WARN  MyThread:30 - 线程数据：289
2020-12-31 09:18:08 WARN  MyThread:30 - 线程数据：290
2020-12-31 09:18:08 WARN  MyThread:30 - 线程数据：291
2020-12-31 09:18:08 WARN  MyThread:30 - 线程数据：292
2020-12-31 09:18:08 WARN  MyThread:30 - 线程数据：293
2020-12-31 09:18:08 WARN  MyThread:30 - 线程数据：294
2020-12-31 09:18:08 WARN  MyThread:30 - 线程数据：295
2020-12-31 09:18:08 WARN  MyThread:30 - 线程数据：296
2020-12-31 09:18:08 WARN  MyThread:30 - 线程数据：297
2020-12-31 09:18:08 WARN  MyThread:30 - 线程数据：298
2020-12-31 09:18:08 WARN  MyThread:30 - 线程数据：299
2020-12-31 09:18:08 WARN  MyThread:30 - 线程数据：300
2020-12-31 09:18:08 WARN  MyThread:30 - 线程数据：301
2020-12-31 09:18:08 WARN  MyThread:30 - 线程数据：302
2020-12-31 09:18:08 WARN  MyThread:30 - 线程数据：303
2020-12-31 09:18:08 WARN  MyThread:30 - 线程数据：304
2020-12-31 09:18:08 WARN  MyThread:30 - 线程数据：305
2020-12-31 09:18:08 WARN  MyThread:30 - 线程数据：306
2020-12-31 09:18:08 WARN  MyThread:30 - 线程数据：307
2020-12-31 09:18:08 WARN  MyThread:30 - 线程数据：308
2020-12-31 09:18:08 WARN  MyThread:30 - 线程数据：309
2020-12-31 09:18:08 WARN  MyThread:30 - 线程数据：310
2020-12-31 09:18:08 WARN  MyThread:30 - 线程数据：311
2020-12-31 09:18:08 WARN  MyThread:30 - 线程数据：312
2020-12-31 09:18:08 WARN  MyThread:30 - 线程数据：313
2020-12-31 09:18:08 WARN  MyThread:30 - 线程数据：314
2020-12-31 09:18:08 WARN  MyThread:30 - 线程数据：315
2020-12-31 09:18:08 WARN  MyThread:30 - 线程数据：316
2020-12-31 09:18:08 WARN  MyThread:30 - 线程数据：317
2020-12-31 09:18:08 WARN  MyThread:30 - 线程数据：318
2020-12-31 09:18:08 WARN  MyThread:30 - 线程数据：319
2020-12-31 09:18:08 WARN  MyThread:30 - 线程数据：320
2020-12-31 09:18:08 WARN  MyThread:30 - 线程数据：321
2020-12-31 09:18:08 WARN  MyThread:30 - 线程数据：322
2020-12-31 09:18:08 WARN  MyThread:30 - 线程数据：323
2020-12-31 09:18:08 WARN  MyThread:30 - 线程数据：324
2020-12-31 09:18:08 WARN  MyThread:30 - 线程数据：325
2020-12-31 09:18:08 WARN  MyThread:30 - 线程数据：326
2020-12-31 09:18:08 WARN  MyThread:30 - 线程数据：327
2020-12-31 09:18:08 WARN  MyThread:30 - 线程数据：328
2020-12-31 09:18:08 WARN  MyThread:30 - 线程数据：329
2020-12-31 09:18:08 WARN  MyThread:30 - 线程数据：330
2020-12-31 09:18:08 WARN  MyThread:30 - 线程数据：331
2020-12-31 09:18:08 WARN  MyThread:30 - 线程数据：332
2020-12-31 09:18:08 WARN  MyThread:30 - 线程数据：333
2020-12-31 09:18:08 WARN  MyThread:30 - 线程数据：334
2020-12-31 09:18:08 WARN  MyThread:30 - 线程数据：335
2020-12-31 09:18:08 WARN  MyThread:30 - 线程数据：336
2020-12-31 09:18:08 WARN  MyThread:30 - 线程数据：337
2020-12-31 09:18:08 WARN  MyThread:30 - 线程数据：338
2020-12-31 09:18:08 WARN  MyThread:30 - 线程数据：339
2020-12-31 09:18:08 WARN  MyThread:30 - 线程数据：340
2020-12-31 09:18:08 WARN  MyThread:30 - 线程数据：341
2020-12-31 09:18:08 WARN  MyThread:30 - 线程数据：342
2020-12-31 09:18:08 WARN  MyThread:30 - 线程数据：343
2020-12-31 09:18:08 WARN  MyThread:30 - 线程数据：344
2020-12-31 09:18:08 WARN  MyThread:30 - 线程数据：345
2020-12-31 09:18:08 WARN  MyThread:30 - 线程数据：346
2020-12-31 09:18:08 WARN  MyThread:30 - 线程数据：347
2020-12-31 09:18:08 WARN  MyThread:30 - 线程数据：348
2020-12-31 09:18:08 WARN  MyThread:30 - 线程数据：349
2020-12-31 09:18:08 WARN  MyThread:30 - 线程数据：350
2020-12-31 09:18:08 WARN  MyThread:30 - 线程数据：351
2020-12-31 09:18:08 WARN  MyThread:30 - 线程数据：352
2020-12-31 09:18:08 WARN  MyThread:30 - 线程数据：353
2020-12-31 09:18:08 WARN  MyThread:30 - 线程数据：354
2020-12-31 09:18:08 WARN  MyThread:30 - 线程数据：355
2020-12-31 09:18:08 WARN  MyThread:30 - 线程数据：356
2020-12-31 09:18:08 WARN  MyThread:30 - 线程数据：357
2020-12-31 09:18:08 WARN  MyThread:30 - 线程数据：358
2020-12-31 09:18:08 WARN  MyThread:30 - 线程数据：359
2020-12-31 09:18:08 WARN  MyThread:30 - 线程数据：360
2020-12-31 09:18:08 WARN  MyThread:30 - 线程数据：361
2020-12-31 09:18:08 WARN  MyThread:30 - 线程数据：362
2020-12-31 09:18:08 WARN  MyThread:30 - 线程数据：363
2020-12-31 09:18:08 WARN  MyThread:30 - 线程数据：364
2020-12-31 09:18:08 WARN  MyThread:30 - 线程数据：365
2020-12-31 09:18:08 WARN  MyThread:30 - 线程数据：366
2020-12-31 09:18:08 WARN  MyThread:30 - 线程数据：367
2020-12-31 09:18:08 WARN  MyThread:30 - 线程数据：368
2020-12-31 09:18:08 WARN  MyThread:30 - 线程数据：369
2020-12-31 09:18:08 WARN  MyThread:30 - 线程数据：370
2020-12-31 09:18:08 WARN  MyThread:30 - 线程数据：371
2020-12-31 09:18:08 WARN  MyThread:30 - 线程数据：372
2020-12-31 09:18:08 WARN  MyThread:30 - 线程数据：373
2020-12-31 09:18:08 WARN  MyThread:30 - 线程数据：374
2020-12-31 09:18:08 WARN  MyThread:30 - 线程数据：375
2020-12-31 09:18:08 WARN  MyThread:30 - 线程数据：376
2020-12-31 09:18:08 WARN  MyThread:30 - 线程数据：377
2020-12-31 09:18:08 WARN  MyThread:30 - 线程数据：378
2020-12-31 09:18:08 WARN  MyThread:30 - 线程数据：379
2020-12-31 09:18:08 WARN  MyThread:30 - 线程数据：380
2020-12-31 09:18:08 WARN  MyThread:30 - 线程数据：381
2020-12-31 09:18:08 WARN  MyThread:30 - 线程数据：382
2020-12-31 09:18:08 WARN  MyThread:30 - 线程数据：383
2020-12-31 09:18:08 WARN  MyThread:30 - 线程数据：384
2020-12-31 09:18:08 WARN  MyThread:30 - 线程数据：385
2020-12-31 09:18:08 WARN  MyThread:30 - 线程数据：386
2020-12-31 09:18:08 WARN  MyThread:30 - 线程数据：387
2020-12-31 09:18:08 WARN  MyThread:30 - 线程数据：388
2020-12-31 09:18:08 WARN  MyThread:30 - 线程数据：389
2020-12-31 09:18:08 WARN  MyThread:30 - 线程数据：390
2020-12-31 09:18:08 WARN  MyThread:30 - 线程数据：391
2020-12-31 09:18:08 WARN  MyThread:30 - 线程数据：392
2020-12-31 09:18:08 WARN  MyThread:30 - 线程数据：393
2020-12-31 09:18:08 WARN  MyThread:30 - 线程数据：394
2020-12-31 09:18:08 WARN  MyThread:30 - 线程数据：395
2020-12-31 09:18:08 WARN  MyThread:30 - 线程数据：396
2020-12-31 09:18:08 WARN  MyThread:30 - 线程数据：397
2020-12-31 09:18:08 WARN  MyThread:30 - 线程数据：398
2020-12-31 09:18:08 WARN  MyThread:30 - 线程数据：399
2020-12-31 09:18:08 WARN  MyThread:30 - 线程数据：400
2020-12-31 09:18:08 WARN  MyThread:30 - 线程数据：401
2020-12-31 09:18:08 WARN  MyThread:30 - 线程数据：402
2020-12-31 09:18:08 WARN  MyThread:30 - 线程数据：403
2020-12-31 09:18:08 WARN  MyThread:30 - 线程数据：404
2020-12-31 09:18:08 WARN  MyThread:30 - 线程数据：405
2020-12-31 09:18:08 WARN  MyThread:30 - 线程数据：406
2020-12-31 09:18:08 WARN  MyThread:30 - 线程数据：407
2020-12-31 09:18:08 WARN  MyThread:30 - 线程数据：408
2020-12-31 09:18:08 WARN  MyThread:30 - 线程数据：409
2020-12-31 09:18:08 WARN  MyThread:30 - 线程数据：410
2020-12-31 09:18:08 WARN  MyThread:30 - 线程数据：411
2020-12-31 09:18:08 WARN  MyThread:30 - 线程数据：412
2020-12-31 09:18:08 WARN  MyThread:30 - 线程数据：413
2020-12-31 09:18:08 WARN  MyThread:30 - 线程数据：414
2020-12-31 09:18:08 WARN  MyThread:30 - 线程数据：415
2020-12-31 09:18:08 WARN  MyThread:30 - 线程数据：416
2020-12-31 09:18:08 WARN  MyThread:30 - 线程数据：417
2020-12-31 09:18:08 WARN  MyThread:30 - 线程数据：418
2020-12-31 09:18:08 WARN  MyThread:30 - 线程数据：419
2020-12-31 09:18:08 WARN  MyThread:30 - 线程数据：420
2020-12-31 09:18:08 WARN  MyThread:30 - 线程数据：421
2020-12-31 09:18:08 WARN  MyThread:30 - 线程数据：422
2020-12-31 09:18:08 WARN  MyThread:30 - 线程数据：423
2020-12-31 09:18:08 WARN  MyThread:30 - 线程数据：424
2020-12-31 09:18:08 WARN  MyThread:30 - 线程数据：425
2020-12-31 09:18:08 WARN  MyThread:30 - 线程数据：426
2020-12-31 09:18:08 WARN  MyThread:30 - 线程数据：427
2020-12-31 09:18:08 WARN  MyThread:30 - 线程数据：428
2020-12-31 09:18:08 WARN  MyThread:30 - 线程数据：429
2020-12-31 09:18:08 WARN  MyThread:30 - 线程数据：430
2020-12-31 09:18:08 WARN  MyThread:30 - 线程数据：431
2020-12-31 09:18:08 WARN  MyThread:30 - 线程数据：432
2020-12-31 09:18:08 WARN  MyThread:30 - 线程数据：433
2020-12-31 09:18:08 WARN  MyThread:30 - 线程数据：434
2020-12-31 09:18:08 WARN  MyThread:30 - 线程数据：435
2020-12-31 09:18:08 WARN  MyThread:30 - 线程数据：436
2020-12-31 09:18:08 WARN  MyThread:30 - 线程数据：437
2020-12-31 09:18:08 WARN  MyThread:30 - 线程数据：438
2020-12-31 09:18:08 WARN  MyThread:30 - 线程数据：439
2020-12-31 09:18:08 WARN  MyThread:30 - 线程数据：440
2020-12-31 09:18:08 WARN  MyThread:30 - 线程数据：441
2020-12-31 09:18:08 WARN  MyThread:30 - 线程数据：442
2020-12-31 09:18:08 WARN  MyThread:30 - 线程数据：443
2020-12-31 09:18:08 WARN  MyThread:30 - 线程数据：444
2020-12-31 09:18:08 WARN  MyThread:30 - 线程数据：445
2020-12-31 09:18:08 WARN  MyThread:30 - 线程数据：446
2020-12-31 09:18:08 WARN  MyThread:30 - 线程数据：447
2020-12-31 09:18:08 WARN  MyThread:30 - 线程数据：448
2020-12-31 09:18:08 WARN  MyThread:30 - 线程数据：449
2020-12-31 09:18:08 WARN  MyThread:30 - 线程数据：450
2020-12-31 09:18:08 WARN  MyThread:30 - 线程数据：451
2020-12-31 09:18:08 WARN  MyThread:30 - 线程数据：452
2020-12-31 09:18:08 WARN  MyThread:30 - 线程数据：453
2020-12-31 09:18:08 WARN  MyThread:30 - 线程数据：454
2020-12-31 09:18:08 WARN  MyThread:30 - 线程数据：455
2020-12-31 09:18:08 WARN  MyThread:30 - 线程数据：456
2020-12-31 09:18:08 WARN  MyThread:30 - 线程数据：457
2020-12-31 09:18:08 WARN  MyThread:30 - 线程数据：458
2020-12-31 09:18:08 WARN  MyThread:30 - 线程数据：459
2020-12-31 09:18:08 WARN  MyThread:30 - 线程数据：460
2020-12-31 09:18:08 WARN  MyThread:30 - 线程数据：461
2020-12-31 09:18:08 WARN  MyThread:30 - 线程数据：462
2020-12-31 09:18:08 WARN  MyThread:30 - 线程数据：463
2020-12-31 09:18:08 WARN  MyThread:30 - 线程数据：464
2020-12-31 09:18:08 WARN  MyThread:30 - 线程数据：465
2020-12-31 09:18:08 WARN  MyThread:30 - 线程数据：466
2020-12-31 09:18:08 WARN  MyThread:30 - 线程数据：467
2020-12-31 09:18:08 WARN  MyThread:30 - 线程数据：468
2020-12-31 09:18:08 WARN  MyThread:30 - 线程数据：469
2020-12-31 09:18:08 WARN  MyThread:30 - 线程数据：470
2020-12-31 09:18:08 WARN  MyThread:30 - 线程数据：471
2020-12-31 09:18:08 WARN  MyThread:30 - 线程数据：472
2020-12-31 09:18:08 WARN  MyThread:30 - 线程数据：473
2020-12-31 09:18:08 WARN  MyThread:30 - 线程数据：474
2020-12-31 09:18:08 WARN  MyThread:30 - 线程数据：475
2020-12-31 09:18:08 WARN  MyThread:30 - 线程数据：476
2020-12-31 09:18:08 WARN  MyThread:30 - 线程数据：477
2020-12-31 09:18:08 WARN  MyThread:30 - 线程数据：478
2020-12-31 09:18:08 WARN  MyThread:30 - 线程数据：479
2020-12-31 09:18:08 WARN  MyThread:30 - 线程数据：480
2020-12-31 09:18:08 WARN  MyThread:30 - 线程数据：481
2020-12-31 09:18:08 WARN  MyThread:30 - 线程数据：482
2020-12-31 09:18:08 WARN  MyThread:30 - 线程数据：483
2020-12-31 09:18:08 WARN  MyThread:30 - 线程数据：484
2020-12-31 09:18:08 WARN  MyThread:30 - 线程数据：485
2020-12-31 09:18:08 WARN  MyThread:30 - 线程数据：486
2020-12-31 09:18:08 WARN  MyThread:30 - 线程数据：487
2020-12-31 09:18:08 WARN  MyThread:30 - 线程数据：488
2020-12-31 09:18:08 WARN  MyThread:30 - 线程数据：489
2020-12-31 09:18:08 WARN  MyThread:30 - 线程数据：490
2020-12-31 09:18:08 WARN  MyThread:30 - 线程数据：491
2020-12-31 09:18:08 WARN  MyThread:30 - 线程数据：492
2020-12-31 09:18:08 WARN  MyThread:30 - 线程数据：493
2020-12-31 09:18:08 WARN  MyThread:30 - 线程数据：494
2020-12-31 09:18:08 WARN  MyThread:30 - 线程数据：495
2020-12-31 09:18:08 WARN  MyThread:30 - 线程数据：496
2020-12-31 09:18:08 WARN  MyThread:30 - 线程数据：497
2020-12-31 09:18:08 WARN  MyThread:30 - 线程数据：498
2020-12-31 09:18:08 WARN  MyThread:30 - 线程数据：499
2020-12-31 09:18:08 WARN  MyThread:30 - 线程数据：500
2020-12-31 09:18:08 WARN  MyThread:30 - 线程数据：501
2020-12-31 09:18:08 WARN  MyThread:30 - 线程数据：502
2020-12-31 09:18:08 WARN  MyThread:30 - 线程数据：503
2020-12-31 09:18:08 WARN  MyThread:30 - 线程数据：504
2020-12-31 09:18:08 WARN  MyThread:30 - 线程数据：505
2020-12-31 09:18:08 WARN  MyThread:30 - 线程数据：506
2020-12-31 09:18:08 WARN  MyThread:30 - 线程数据：507
2020-12-31 09:18:08 WARN  MyThread:30 - 线程数据：508
2020-12-31 09:18:08 WARN  MyThread:30 - 线程数据：509
2020-12-31 09:18:08 WARN  MyThread:30 - 线程数据：510
2020-12-31 09:18:08 WARN  MyThread:30 - 线程数据：511
2020-12-31 09:18:08 WARN  MyThread:30 - 线程数据：512
2020-12-31 09:18:08 WARN  MyThread:30 - 线程数据：513
2020-12-31 09:18:08 WARN  MyThread:30 - 线程数据：514
2020-12-31 09:18:08 WARN  MyThread:30 - 线程数据：515
2020-12-31 09:18:08 WARN  MyThread:30 - 线程数据：516
2020-12-31 09:18:08 WARN  MyThread:30 - 线程数据：517
2020-12-31 09:18:08 WARN  MyThread:30 - 线程数据：518
2020-12-31 09:18:08 WARN  MyThread:30 - 线程数据：519
2020-12-31 09:18:08 WARN  MyThread:30 - 线程数据：520
2020-12-31 09:18:08 WARN  MyThread:30 - 线程数据：521
2020-12-31 09:18:08 WARN  MyThread:30 - 线程数据：522
2020-12-31 09:18:08 WARN  MyThread:30 - 线程数据：523
2020-12-31 09:18:08 WARN  MyThread:30 - 线程数据：524
2020-12-31 09:18:08 WARN  MyThread:30 - 线程数据：525
2020-12-31 09:18:08 WARN  MyThread:30 - 线程数据：526
2020-12-31 09:18:08 WARN  MyThread:30 - 线程数据：527
2020-12-31 09:18:08 WARN  MyThread:30 - 线程数据：528
2020-12-31 09:18:08 WARN  MyThread:30 - 线程数据：529
2020-12-31 09:18:08 WARN  MyThread:30 - 线程数据：530
2020-12-31 09:18:08 WARN  MyThread:30 - 线程数据：531
2020-12-31 09:18:08 WARN  MyThread:30 - 线程数据：532
2020-12-31 09:18:08 WARN  MyThread:30 - 线程数据：533
2020-12-31 09:18:08 WARN  MyThread:30 - 线程数据：534
2020-12-31 09:18:08 WARN  MyThread:30 - 线程数据：535
2020-12-31 09:18:08 WARN  MyThread:30 - 线程数据：536
2020-12-31 09:18:08 WARN  MyThread:30 - 线程数据：537
2020-12-31 09:18:08 WARN  MyThread:30 - 线程数据：538
2020-12-31 09:18:08 WARN  MyThread:30 - 线程数据：539
2020-12-31 09:18:08 WARN  MyThread:30 - 线程数据：540
2020-12-31 09:18:08 WARN  MyThread:30 - 线程数据：541
2020-12-31 09:18:08 WARN  MyThread:30 - 线程数据：542
2020-12-31 09:18:08 WARN  MyThread:30 - 线程数据：543
2020-12-31 09:18:08 WARN  MyThread:30 - 线程数据：544
2020-12-31 09:18:08 WARN  MyThread:30 - 线程数据：545
2020-12-31 09:18:08 WARN  MyThread:30 - 线程数据：546
2020-12-31 09:18:08 WARN  MyThread:30 - 线程数据：547
2020-12-31 09:18:08 WARN  MyThread:30 - 线程数据：548
2020-12-31 09:18:08 WARN  MyThread:30 - 线程数据：549
2020-12-31 09:18:08 WARN  MyThread:30 - 线程数据：550
2020-12-31 09:18:08 WARN  MyThread:30 - 线程数据：551
2020-12-31 09:18:08 WARN  MyThread:30 - 线程数据：552
2020-12-31 09:18:08 WARN  MyThread:30 - 线程数据：553
2020-12-31 09:18:08 WARN  MyThread:30 - 线程数据：554
2020-12-31 09:18:08 WARN  MyThread:30 - 线程数据：555
2020-12-31 09:18:08 WARN  MyThread:30 - 线程数据：556
2020-12-31 09:18:08 WARN  MyThread:30 - 线程数据：557
2020-12-31 09:18:08 WARN  MyThread:30 - 线程数据：558
2020-12-31 09:18:08 WARN  MyThread:30 - 线程数据：559
2020-12-31 09:18:08 WARN  MyThread:30 - 线程数据：560
2020-12-31 09:18:08 WARN  MyThread:30 - 线程数据：561
2020-12-31 09:18:08 WARN  MyThread:30 - 线程数据：562
2020-12-31 09:18:08 WARN  MyThread:30 - 线程数据：563
2020-12-31 09:18:08 WARN  MyThread:30 - 线程数据：564
2020-12-31 09:18:08 WARN  MyThread:30 - 线程数据：565
2020-12-31 09:18:08 WARN  MyThread:30 - 线程数据：566
2020-12-31 09:18:08 WARN  MyThread:30 - 线程数据：567
2020-12-31 09:18:08 WARN  MyThread:30 - 线程数据：568
2020-12-31 09:18:08 WARN  MyThread:30 - 线程数据：569
2020-12-31 09:18:08 WARN  MyThread:30 - 线程数据：570
2020-12-31 09:18:08 WARN  MyThread:30 - 线程数据：571
2020-12-31 09:18:08 WARN  MyThread:30 - 线程数据：572
2020-12-31 09:18:08 WARN  MyThread:30 - 线程数据：573
2020-12-31 09:18:08 WARN  MyThread:30 - 线程数据：574
2020-12-31 09:18:08 WARN  MyThread:30 - 线程数据：575
2020-12-31 09:18:08 WARN  MyThread:30 - 线程数据：576
2020-12-31 09:18:08 WARN  MyThread:30 - 线程数据：577
2020-12-31 09:18:08 WARN  MyThread:30 - 线程数据：578
2020-12-31 09:18:08 WARN  MyThread:30 - 线程数据：579
2020-12-31 09:18:08 WARN  MyThread:30 - 线程数据：580
2020-12-31 09:18:08 WARN  MyThread:30 - 线程数据：581
2020-12-31 09:18:08 WARN  MyThread:30 - 线程数据：582
2020-12-31 09:18:08 WARN  MyThread:30 - 线程数据：583
2020-12-31 09:18:08 WARN  MyThread:30 - 线程数据：584
2020-12-31 09:18:08 WARN  MyThread:30 - 线程数据：585
2020-12-31 09:18:08 WARN  MyThread:30 - 线程数据：586
2020-12-31 09:18:08 WARN  MyThread:30 - 线程数据：587
2020-12-31 09:18:08 WARN  MyThread:30 - 线程数据：588
2020-12-31 09:18:08 WARN  MyThread:30 - 线程数据：589
2020-12-31 09:18:08 WARN  MyThread:30 - 线程数据：590
2020-12-31 09:18:08 WARN  MyThread:30 - 线程数据：591
2020-12-31 09:18:08 WARN  MyThread:30 - 线程数据：592
2020-12-31 09:18:08 WARN  MyThread:30 - 线程数据：593
2020-12-31 09:18:08 WARN  MyThread:30 - 线程数据：594
2020-12-31 09:18:08 WARN  MyThread:30 - 线程数据：595
2020-12-31 09:18:08 WARN  MyThread:30 - 线程数据：596
2020-12-31 09:18:08 WARN  MyThread:30 - 线程数据：597
2020-12-31 09:18:08 WARN  MyThread:30 - 线程数据：598
2020-12-31 09:18:08 WARN  MyThread:30 - 线程数据：599
2020-12-31 09:18:08 WARN  MyThread:30 - 线程数据：600
2020-12-31 09:18:08 WARN  MyThread:30 - 线程数据：601
2020-12-31 09:18:08 WARN  MyThread:30 - 线程数据：602
2020-12-31 09:18:08 WARN  MyThread:30 - 线程数据：603
2020-12-31 09:18:08 WARN  MyThread:30 - 线程数据：604
2020-12-31 09:18:08 WARN  MyThread:30 - 线程数据：605
2020-12-31 09:18:08 WARN  MyThread:30 - 线程数据：606
2020-12-31 09:18:08 WARN  MyThread:30 - 线程数据：607
2020-12-31 09:18:08 WARN  MyThread:30 - 线程数据：608
2020-12-31 09:18:08 WARN  MyThread:30 - 线程数据：609
2020-12-31 09:18:08 WARN  MyThread:30 - 线程数据：610
2020-12-31 09:18:08 WARN  MyThread:30 - 线程数据：611
2020-12-31 09:18:08 INFO  ThreadTest:18 - 主线程数据：160
2020-12-31 09:18:08 INFO  ThreadTest:18 - 主线程数据：161
2020-12-31 09:18:08 INFO  ThreadTest:18 - 主线程数据：162
2020-12-31 09:18:08 INFO  ThreadTest:18 - 主线程数据：163
2020-12-31 09:18:08 WARN  MyThread:30 - 线程数据：612
2020-12-31 09:18:08 INFO  ThreadTest:18 - 主线程数据：164
2020-12-31 09:18:08 WARN  MyThread:30 - 线程数据：613
2020-12-31 09:18:08 WARN  MyThread:30 - 线程数据：614
2020-12-31 09:18:08 WARN  MyThread:30 - 线程数据：615
2020-12-31 09:18:08 WARN  MyThread:30 - 线程数据：616
2020-12-31 09:18:08 WARN  MyThread:30 - 线程数据：617
2020-12-31 09:18:08 WARN  MyThread:30 - 线程数据：618
2020-12-31 09:18:08 WARN  MyThread:30 - 线程数据：619
2020-12-31 09:18:08 WARN  MyThread:30 - 线程数据：620
2020-12-31 09:18:08 WARN  MyThread:30 - 线程数据：621
2020-12-31 09:18:08 WARN  MyThread:30 - 线程数据：622
2020-12-31 09:18:08 WARN  MyThread:30 - 线程数据：623
2020-12-31 09:18:08 WARN  MyThread:30 - 线程数据：624
2020-12-31 09:18:08 WARN  MyThread:30 - 线程数据：625
2020-12-31 09:18:08 WARN  MyThread:30 - 线程数据：626
2020-12-31 09:18:08 WARN  MyThread:30 - 线程数据：627
2020-12-31 09:18:08 WARN  MyThread:30 - 线程数据：628
2020-12-31 09:18:08 WARN  MyThread:30 - 线程数据：629
2020-12-31 09:18:08 WARN  MyThread:30 - 线程数据：630
2020-12-31 09:18:08 WARN  MyThread:30 - 线程数据：631
2020-12-31 09:18:08 WARN  MyThread:30 - 线程数据：632
2020-12-31 09:18:08 WARN  MyThread:30 - 线程数据：633
2020-12-31 09:18:08 WARN  MyThread:30 - 线程数据：634
2020-12-31 09:18:08 WARN  MyThread:30 - 线程数据：635
2020-12-31 09:18:08 WARN  MyThread:30 - 线程数据：636
2020-12-31 09:18:08 WARN  MyThread:30 - 线程数据：637
2020-12-31 09:18:08 WARN  MyThread:30 - 线程数据：638
2020-12-31 09:18:08 WARN  MyThread:30 - 线程数据：639
2020-12-31 09:18:08 WARN  MyThread:30 - 线程数据：640
2020-12-31 09:18:08 WARN  MyThread:30 - 线程数据：641
2020-12-31 09:18:08 WARN  MyThread:30 - 线程数据：642
2020-12-31 09:18:08 WARN  MyThread:30 - 线程数据：643
2020-12-31 09:18:08 WARN  MyThread:30 - 线程数据：644
2020-12-31 09:18:08 WARN  MyThread:30 - 线程数据：645
2020-12-31 09:18:08 WARN  MyThread:30 - 线程数据：646
2020-12-31 09:18:08 WARN  MyThread:30 - 线程数据：647
2020-12-31 09:18:08 WARN  MyThread:30 - 线程数据：648
2020-12-31 09:18:08 WARN  MyThread:30 - 线程数据：649
2020-12-31 09:18:08 WARN  MyThread:30 - 线程数据：650
2020-12-31 09:18:08 WARN  MyThread:30 - 线程数据：651
2020-12-31 09:18:08 WARN  MyThread:30 - 线程数据：652
2020-12-31 09:18:08 WARN  MyThread:30 - 线程数据：653
2020-12-31 09:18:08 WARN  MyThread:30 - 线程数据：654
2020-12-31 09:18:08 WARN  MyThread:30 - 线程数据：655
2020-12-31 09:18:08 WARN  MyThread:30 - 线程数据：656
2020-12-31 09:18:08 WARN  MyThread:30 - 线程数据：657
2020-12-31 09:18:08 WARN  MyThread:30 - 线程数据：658
2020-12-31 09:18:08 WARN  MyThread:30 - 线程数据：659
2020-12-31 09:18:08 WARN  MyThread:30 - 线程数据：660
2020-12-31 09:18:08 WARN  MyThread:30 - 线程数据：661
2020-12-31 09:18:08 WARN  MyThread:30 - 线程数据：662
2020-12-31 09:18:08 WARN  MyThread:30 - 线程数据：663
2020-12-31 09:18:08 WARN  MyThread:30 - 线程数据：664
2020-12-31 09:18:08 WARN  MyThread:30 - 线程数据：665
2020-12-31 09:18:08 WARN  MyThread:30 - 线程数据：666
2020-12-31 09:18:08 WARN  MyThread:30 - 线程数据：667
2020-12-31 09:18:08 WARN  MyThread:30 - 线程数据：668
2020-12-31 09:18:08 WARN  MyThread:30 - 线程数据：669
2020-12-31 09:18:08 WARN  MyThread:30 - 线程数据：670
2020-12-31 09:18:08 WARN  MyThread:30 - 线程数据：671
2020-12-31 09:18:08 WARN  MyThread:30 - 线程数据：672
2020-12-31 09:18:08 INFO  ThreadTest:18 - 主线程数据：165
2020-12-31 09:18:08 WARN  MyThread:30 - 线程数据：673
2020-12-31 09:18:08 WARN  MyThread:30 - 线程数据：674
2020-12-31 09:18:08 WARN  MyThread:30 - 线程数据：675
2020-12-31 09:18:08 WARN  MyThread:30 - 线程数据：676
2020-12-31 09:18:08 WARN  MyThread:30 - 线程数据：677
2020-12-31 09:18:08 WARN  MyThread:30 - 线程数据：678
2020-12-31 09:18:08 WARN  MyThread:30 - 线程数据：679
2020-12-31 09:18:08 WARN  MyThread:30 - 线程数据：680
2020-12-31 09:18:08 WARN  MyThread:30 - 线程数据：681
2020-12-31 09:18:08 WARN  MyThread:30 - 线程数据：682
2020-12-31 09:18:08 WARN  MyThread:30 - 线程数据：683
2020-12-31 09:18:08 WARN  MyThread:30 - 线程数据：684
2020-12-31 09:18:08 WARN  MyThread:30 - 线程数据：685
2020-12-31 09:18:08 WARN  MyThread:30 - 线程数据：686
2020-12-31 09:18:08 WARN  MyThread:30 - 线程数据：687
2020-12-31 09:18:08 WARN  MyThread:30 - 线程数据：688
2020-12-31 09:18:08 WARN  MyThread:30 - 线程数据：689
2020-12-31 09:18:08 WARN  MyThread:30 - 线程数据：690
2020-12-31 09:18:08 WARN  MyThread:30 - 线程数据：691
2020-12-31 09:18:08 WARN  MyThread:30 - 线程数据：692
2020-12-31 09:18:08 WARN  MyThread:30 - 线程数据：693
2020-12-31 09:18:08 WARN  MyThread:30 - 线程数据：694
2020-12-31 09:18:08 WARN  MyThread:30 - 线程数据：695
2020-12-31 09:18:08 WARN  MyThread:30 - 线程数据：696
2020-12-31 09:18:08 WARN  MyThread:30 - 线程数据：697
2020-12-31 09:18:08 WARN  MyThread:30 - 线程数据：698
2020-12-31 09:18:08 WARN  MyThread:30 - 线程数据：699
2020-12-31 09:18:08 WARN  MyThread:30 - 线程数据：700
2020-12-31 09:18:08 WARN  MyThread:30 - 线程数据：701
2020-12-31 09:18:08 WARN  MyThread:30 - 线程数据：702
2020-12-31 09:18:08 WARN  MyThread:30 - 线程数据：703
2020-12-31 09:18:08 WARN  MyThread:30 - 线程数据：704
2020-12-31 09:18:08 WARN  MyThread:30 - 线程数据：705
2020-12-31 09:18:08 WARN  MyThread:30 - 线程数据：706
2020-12-31 09:18:08 WARN  MyThread:30 - 线程数据：707
2020-12-31 09:18:08 WARN  MyThread:30 - 线程数据：708
2020-12-31 09:18:08 WARN  MyThread:30 - 线程数据：709
2020-12-31 09:18:08 WARN  MyThread:30 - 线程数据：710
2020-12-31 09:18:08 WARN  MyThread:30 - 线程数据：711
2020-12-31 09:18:08 WARN  MyThread:30 - 线程数据：712
2020-12-31 09:18:08 WARN  MyThread:30 - 线程数据：713
2020-12-31 09:18:08 WARN  MyThread:30 - 线程数据：714
2020-12-31 09:18:08 WARN  MyThread:30 - 线程数据：715
2020-12-31 09:18:08 WARN  MyThread:30 - 线程数据：716
2020-12-31 09:18:08 WARN  MyThread:30 - 线程数据：717
2020-12-31 09:18:08 INFO  ThreadTest:18 - 主线程数据：166
2020-12-31 09:18:08 WARN  MyThread:30 - 线程数据：718
2020-12-31 09:18:08 INFO  ThreadTest:18 - 主线程数据：167
2020-12-31 09:18:08 WARN  MyThread:30 - 线程数据：719
2020-12-31 09:18:08 WARN  MyThread:30 - 线程数据：720
2020-12-31 09:18:08 INFO  ThreadTest:18 - 主线程数据：168
2020-12-31 09:18:08 WARN  MyThread:30 - 线程数据：721
2020-12-31 09:18:08 WARN  MyThread:30 - 线程数据：722
2020-12-31 09:18:08 WARN  MyThread:30 - 线程数据：723
2020-12-31 09:18:08 WARN  MyThread:30 - 线程数据：724
2020-12-31 09:18:08 WARN  MyThread:30 - 线程数据：725
2020-12-31 09:18:08 WARN  MyThread:30 - 线程数据：726
2020-12-31 09:18:08 WARN  MyThread:30 - 线程数据：727
2020-12-31 09:18:08 WARN  MyThread:30 - 线程数据：728
2020-12-31 09:18:08 WARN  MyThread:30 - 线程数据：729
2020-12-31 09:18:08 WARN  MyThread:30 - 线程数据：730
2020-12-31 09:18:08 WARN  MyThread:30 - 线程数据：731
2020-12-31 09:18:08 WARN  MyThread:30 - 线程数据：732
2020-12-31 09:18:08 WARN  MyThread:30 - 线程数据：733
2020-12-31 09:18:08 WARN  MyThread:30 - 线程数据：734
2020-12-31 09:18:08 WARN  MyThread:30 - 线程数据：735
2020-12-31 09:18:08 WARN  MyThread:30 - 线程数据：736
2020-12-31 09:18:08 WARN  MyThread:30 - 线程数据：737
2020-12-31 09:18:08 WARN  MyThread:30 - 线程数据：738
2020-12-31 09:18:08 WARN  MyThread:30 - 线程数据：739
2020-12-31 09:18:08 WARN  MyThread:30 - 线程数据：740
2020-12-31 09:18:08 WARN  MyThread:30 - 线程数据：741
2020-12-31 09:18:08 WARN  MyThread:30 - 线程数据：742
2020-12-31 09:18:08 WARN  MyThread:30 - 线程数据：743
2020-12-31 09:18:08 WARN  MyThread:30 - 线程数据：744
2020-12-31 09:18:08 INFO  ThreadTest:18 - 主线程数据：169
2020-12-31 09:18:08 WARN  MyThread:30 - 线程数据：745
2020-12-31 09:18:08 WARN  MyThread:30 - 线程数据：746
2020-12-31 09:18:08 WARN  MyThread:30 - 线程数据：747
2020-12-31 09:18:08 WARN  MyThread:30 - 线程数据：748
2020-12-31 09:18:08 WARN  MyThread:30 - 线程数据：749
2020-12-31 09:18:08 WARN  MyThread:30 - 线程数据：750
2020-12-31 09:18:08 WARN  MyThread:30 - 线程数据：751
2020-12-31 09:18:08 WARN  MyThread:30 - 线程数据：752
2020-12-31 09:18:08 WARN  MyThread:30 - 线程数据：753
2020-12-31 09:18:08 WARN  MyThread:30 - 线程数据：754
2020-12-31 09:18:08 WARN  MyThread:30 - 线程数据：755
2020-12-31 09:18:08 WARN  MyThread:30 - 线程数据：756
2020-12-31 09:18:08 WARN  MyThread:30 - 线程数据：757
2020-12-31 09:18:08 WARN  MyThread:30 - 线程数据：758
2020-12-31 09:18:08 WARN  MyThread:30 - 线程数据：759
2020-12-31 09:18:08 WARN  MyThread:30 - 线程数据：760
2020-12-31 09:18:08 WARN  MyThread:30 - 线程数据：761
2020-12-31 09:18:08 WARN  MyThread:30 - 线程数据：762
2020-12-31 09:18:08 WARN  MyThread:30 - 线程数据：763
2020-12-31 09:18:08 WARN  MyThread:30 - 线程数据：764
2020-12-31 09:18:08 WARN  MyThread:30 - 线程数据：765
2020-12-31 09:18:08 WARN  MyThread:30 - 线程数据：766
2020-12-31 09:18:08 WARN  MyThread:30 - 线程数据：767
2020-12-31 09:18:08 WARN  MyThread:30 - 线程数据：768
2020-12-31 09:18:08 WARN  MyThread:30 - 线程数据：769
2020-12-31 09:18:08 WARN  MyThread:30 - 线程数据：770
2020-12-31 09:18:08 WARN  MyThread:30 - 线程数据：771
2020-12-31 09:18:08 WARN  MyThread:30 - 线程数据：772
2020-12-31 09:18:08 WARN  MyThread:30 - 线程数据：773
2020-12-31 09:18:08 WARN  MyThread:30 - 线程数据：774
2020-12-31 09:18:08 WARN  MyThread:30 - 线程数据：775
2020-12-31 09:18:08 WARN  MyThread:30 - 线程数据：776
2020-12-31 09:18:08 WARN  MyThread:30 - 线程数据：777
2020-12-31 09:18:08 WARN  MyThread:30 - 线程数据：778
2020-12-31 09:18:08 WARN  MyThread:30 - 线程数据：779
2020-12-31 09:18:08 WARN  MyThread:30 - 线程数据：780
2020-12-31 09:18:08 WARN  MyThread:30 - 线程数据：781
2020-12-31 09:18:08 WARN  MyThread:30 - 线程数据：782
2020-12-31 09:18:08 WARN  MyThread:30 - 线程数据：783
2020-12-31 09:18:08 WARN  MyThread:30 - 线程数据：784
2020-12-31 09:18:08 WARN  MyThread:30 - 线程数据：785
2020-12-31 09:18:08 WARN  MyThread:30 - 线程数据：786
2020-12-31 09:18:08 WARN  MyThread:30 - 线程数据：787
2020-12-31 09:18:08 WARN  MyThread:30 - 线程数据：788
2020-12-31 09:18:08 WARN  MyThread:30 - 线程数据：789
2020-12-31 09:18:08 WARN  MyThread:30 - 线程数据：790
2020-12-31 09:18:08 WARN  MyThread:30 - 线程数据：791
2020-12-31 09:18:08 WARN  MyThread:30 - 线程数据：792
2020-12-31 09:18:08 WARN  MyThread:30 - 线程数据：793
2020-12-31 09:18:08 WARN  MyThread:30 - 线程数据：794
2020-12-31 09:18:08 WARN  MyThread:30 - 线程数据：795
2020-12-31 09:18:08 WARN  MyThread:30 - 线程数据：796
2020-12-31 09:18:08 WARN  MyThread:30 - 线程数据：797
2020-12-31 09:18:08 WARN  MyThread:30 - 线程数据：798
2020-12-31 09:18:08 WARN  MyThread:30 - 线程数据：799
2020-12-31 09:18:08 WARN  MyThread:30 - 线程数据：800
2020-12-31 09:18:08 WARN  MyThread:30 - 线程数据：801
2020-12-31 09:18:08 WARN  MyThread:30 - 线程数据：802
2020-12-31 09:18:08 WARN  MyThread:30 - 线程数据：803
2020-12-31 09:18:08 WARN  MyThread:30 - 线程数据：804
2020-12-31 09:18:08 WARN  MyThread:30 - 线程数据：805
2020-12-31 09:18:08 WARN  MyThread:30 - 线程数据：806
2020-12-31 09:18:08 WARN  MyThread:30 - 线程数据：807
2020-12-31 09:18:08 WARN  MyThread:30 - 线程数据：808
2020-12-31 09:18:08 WARN  MyThread:30 - 线程数据：809
2020-12-31 09:18:08 WARN  MyThread:30 - 线程数据：810
2020-12-31 09:18:08 WARN  MyThread:30 - 线程数据：811
2020-12-31 09:18:08 WARN  MyThread:30 - 线程数据：812
2020-12-31 09:18:08 WARN  MyThread:30 - 线程数据：813
2020-12-31 09:18:08 WARN  MyThread:30 - 线程数据：814
2020-12-31 09:18:08 WARN  MyThread:30 - 线程数据：815
2020-12-31 09:18:08 WARN  MyThread:30 - 线程数据：816
2020-12-31 09:18:08 WARN  MyThread:30 - 线程数据：817
2020-12-31 09:18:08 WARN  MyThread:30 - 线程数据：818
2020-12-31 09:18:08 WARN  MyThread:30 - 线程数据：819
2020-12-31 09:18:08 WARN  MyThread:30 - 线程数据：820
2020-12-31 09:18:08 WARN  MyThread:30 - 线程数据：821
2020-12-31 09:18:08 WARN  MyThread:30 - 线程数据：822
2020-12-31 09:18:08 WARN  MyThread:30 - 线程数据：823
2020-12-31 09:18:08 WARN  MyThread:30 - 线程数据：824
2020-12-31 09:18:08 WARN  MyThread:30 - 线程数据：825
2020-12-31 09:18:08 WARN  MyThread:30 - 线程数据：826
2020-12-31 09:18:08 WARN  MyThread:30 - 线程数据：827
2020-12-31 09:18:08 WARN  MyThread:30 - 线程数据：828
2020-12-31 09:18:08 WARN  MyThread:30 - 线程数据：829
2020-12-31 09:18:08 WARN  MyThread:30 - 线程数据：830
2020-12-31 09:18:08 WARN  MyThread:30 - 线程数据：831
2020-12-31 09:18:08 WARN  MyThread:30 - 线程数据：832
2020-12-31 09:18:08 WARN  MyThread:30 - 线程数据：833
2020-12-31 09:18:08 WARN  MyThread:30 - 线程数据：834
2020-12-31 09:18:08 WARN  MyThread:30 - 线程数据：835
2020-12-31 09:18:08 WARN  MyThread:30 - 线程数据：836
2020-12-31 09:18:08 WARN  MyThread:30 - 线程数据：837
2020-12-31 09:18:08 WARN  MyThread:30 - 线程数据：838
2020-12-31 09:18:08 WARN  MyThread:30 - 线程数据：839
2020-12-31 09:18:08 WARN  MyThread:30 - 线程数据：840
2020-12-31 09:18:08 WARN  MyThread:30 - 线程数据：841
2020-12-31 09:18:08 WARN  MyThread:30 - 线程数据：842
2020-12-31 09:18:08 WARN  MyThread:30 - 线程数据：843
2020-12-31 09:18:08 WARN  MyThread:30 - 线程数据：844
2020-12-31 09:18:08 WARN  MyThread:30 - 线程数据：845
2020-12-31 09:18:08 WARN  MyThread:30 - 线程数据：846
2020-12-31 09:18:08 WARN  MyThread:30 - 线程数据：847
2020-12-31 09:18:08 WARN  MyThread:30 - 线程数据：848
2020-12-31 09:18:08 WARN  MyThread:30 - 线程数据：849
2020-12-31 09:18:08 WARN  MyThread:30 - 线程数据：850
2020-12-31 09:18:08 WARN  MyThread:30 - 线程数据：851
2020-12-31 09:18:08 WARN  MyThread:30 - 线程数据：852
2020-12-31 09:18:08 WARN  MyThread:30 - 线程数据：853
2020-12-31 09:18:08 WARN  MyThread:30 - 线程数据：854
2020-12-31 09:18:08 WARN  MyThread:30 - 线程数据：855
2020-12-31 09:18:08 WARN  MyThread:30 - 线程数据：856
2020-12-31 09:18:08 WARN  MyThread:30 - 线程数据：857
2020-12-31 09:18:08 WARN  MyThread:30 - 线程数据：858
2020-12-31 09:18:08 WARN  MyThread:30 - 线程数据：859
2020-12-31 09:18:08 WARN  MyThread:30 - 线程数据：860
2020-12-31 09:18:08 WARN  MyThread:30 - 线程数据：861
2020-12-31 09:18:08 WARN  MyThread:30 - 线程数据：862
2020-12-31 09:18:08 WARN  MyThread:30 - 线程数据：863
2020-12-31 09:18:08 WARN  MyThread:30 - 线程数据：864
2020-12-31 09:18:08 WARN  MyThread:30 - 线程数据：865
2020-12-31 09:18:08 WARN  MyThread:30 - 线程数据：866
2020-12-31 09:18:08 WARN  MyThread:30 - 线程数据：867
2020-12-31 09:18:08 WARN  MyThread:30 - 线程数据：868
2020-12-31 09:18:08 WARN  MyThread:30 - 线程数据：869
2020-12-31 09:18:08 WARN  MyThread:30 - 线程数据：870
2020-12-31 09:18:08 WARN  MyThread:30 - 线程数据：871
2020-12-31 09:18:08 WARN  MyThread:30 - 线程数据：872
2020-12-31 09:18:08 WARN  MyThread:30 - 线程数据：873
2020-12-31 09:18:08 INFO  ThreadTest:18 - 主线程数据：170
2020-12-31 09:18:08 WARN  MyThread:30 - 线程数据：874
2020-12-31 09:18:08 WARN  MyThread:30 - 线程数据：875
2020-12-31 09:18:08 WARN  MyThread:30 - 线程数据：876
2020-12-31 09:18:08 INFO  ThreadTest:18 - 主线程数据：171
2020-12-31 09:18:08 WARN  MyThread:30 - 线程数据：877
2020-12-31 09:18:08 INFO  ThreadTest:18 - 主线程数据：172
2020-12-31 09:18:08 WARN  MyThread:30 - 线程数据：878
2020-12-31 09:18:08 INFO  ThreadTest:18 - 主线程数据：173
2020-12-31 09:18:08 WARN  MyThread:30 - 线程数据：879
2020-12-31 09:18:08 INFO  ThreadTest:18 - 主线程数据：174
2020-12-31 09:18:08 WARN  MyThread:30 - 线程数据：880
2020-12-31 09:18:08 INFO  ThreadTest:18 - 主线程数据：175
2020-12-31 09:18:08 WARN  MyThread:30 - 线程数据：881
2020-12-31 09:18:08 INFO  ThreadTest:18 - 主线程数据：176
2020-12-31 09:18:08 WARN  MyThread:30 - 线程数据：882
2020-12-31 09:18:08 INFO  ThreadTest:18 - 主线程数据：177
2020-12-31 09:18:08 WARN  MyThread:30 - 线程数据：883
2020-12-31 09:18:08 INFO  ThreadTest:18 - 主线程数据：178
2020-12-31 09:18:08 WARN  MyThread:30 - 线程数据：884
2020-12-31 09:18:08 INFO  ThreadTest:18 - 主线程数据：179
2020-12-31 09:18:08 WARN  MyThread:30 - 线程数据：885
2020-12-31 09:18:08 INFO  ThreadTest:18 - 主线程数据：180
2020-12-31 09:18:08 WARN  MyThread:30 - 线程数据：886
2020-12-31 09:18:08 INFO  ThreadTest:18 - 主线程数据：181
2020-12-31 09:18:08 WARN  MyThread:30 - 线程数据：887
2020-12-31 09:18:08 INFO  ThreadTest:18 - 主线程数据：182
2020-12-31 09:18:08 WARN  MyThread:30 - 线程数据：888
2020-12-31 09:18:08 INFO  ThreadTest:18 - 主线程数据：183
2020-12-31 09:18:08 WARN  MyThread:30 - 线程数据：889
2020-12-31 09:18:08 INFO  ThreadTest:18 - 主线程数据：184
2020-12-31 09:18:08 WARN  MyThread:30 - 线程数据：890
2020-12-31 09:18:08 INFO  ThreadTest:18 - 主线程数据：185
2020-12-31 09:18:08 WARN  MyThread:30 - 线程数据：891
2020-12-31 09:18:08 WARN  MyThread:30 - 线程数据：892
2020-12-31 09:18:08 WARN  MyThread:30 - 线程数据：893
2020-12-31 09:18:08 WARN  MyThread:30 - 线程数据：894
2020-12-31 09:18:08 WARN  MyThread:30 - 线程数据：895
2020-12-31 09:18:08 WARN  MyThread:30 - 线程数据：896
2020-12-31 09:18:08 WARN  MyThread:30 - 线程数据：897
2020-12-31 09:18:08 WARN  MyThread:30 - 线程数据：898
2020-12-31 09:18:08 WARN  MyThread:30 - 线程数据：899
2020-12-31 09:18:08 WARN  MyThread:30 - 线程数据：900
2020-12-31 09:18:08 WARN  MyThread:30 - 线程数据：901
2020-12-31 09:18:08 WARN  MyThread:30 - 线程数据：902
2020-12-31 09:18:08 WARN  MyThread:30 - 线程数据：903
2020-12-31 09:18:08 WARN  MyThread:30 - 线程数据：904
2020-12-31 09:18:08 WARN  MyThread:30 - 线程数据：905
2020-12-31 09:18:08 WARN  MyThread:30 - 线程数据：906
2020-12-31 09:18:08 WARN  MyThread:30 - 线程数据：907
2020-12-31 09:18:08 WARN  MyThread:30 - 线程数据：908
2020-12-31 09:18:08 WARN  MyThread:30 - 线程数据：909
2020-12-31 09:18:08 WARN  MyThread:30 - 线程数据：910
2020-12-31 09:18:08 WARN  MyThread:30 - 线程数据：911
2020-12-31 09:18:08 WARN  MyThread:30 - 线程数据：912
2020-12-31 09:18:08 WARN  MyThread:30 - 线程数据：913
2020-12-31 09:18:08 WARN  MyThread:30 - 线程数据：914
2020-12-31 09:18:08 WARN  MyThread:30 - 线程数据：915
2020-12-31 09:18:08 WARN  MyThread:30 - 线程数据：916
2020-12-31 09:18:08 WARN  MyThread:30 - 线程数据：917
2020-12-31 09:18:08 WARN  MyThread:30 - 线程数据：918
2020-12-31 09:18:08 WARN  MyThread:30 - 线程数据：919
2020-12-31 09:18:08 WARN  MyThread:30 - 线程数据：920
2020-12-31 09:18:08 WARN  MyThread:30 - 线程数据：921
2020-12-31 09:18:08 WARN  MyThread:30 - 线程数据：922
2020-12-31 09:18:08 WARN  MyThread:30 - 线程数据：923
2020-12-31 09:18:08 WARN  MyThread:30 - 线程数据：924
2020-12-31 09:18:08 WARN  MyThread:30 - 线程数据：925
2020-12-31 09:18:08 WARN  MyThread:30 - 线程数据：926
2020-12-31 09:18:08 WARN  MyThread:30 - 线程数据：927
2020-12-31 09:18:08 WARN  MyThread:30 - 线程数据：928
2020-12-31 09:18:08 WARN  MyThread:30 - 线程数据：929
2020-12-31 09:18:08 WARN  MyThread:30 - 线程数据：930
2020-12-31 09:18:08 WARN  MyThread:30 - 线程数据：931
2020-12-31 09:18:08 WARN  MyThread:30 - 线程数据：932
2020-12-31 09:18:08 WARN  MyThread:30 - 线程数据：933
2020-12-31 09:18:08 WARN  MyThread:30 - 线程数据：934
2020-12-31 09:18:08 WARN  MyThread:30 - 线程数据：935
2020-12-31 09:18:08 WARN  MyThread:30 - 线程数据：936
2020-12-31 09:18:08 WARN  MyThread:30 - 线程数据：937
2020-12-31 09:18:08 WARN  MyThread:30 - 线程数据：938
2020-12-31 09:18:08 WARN  MyThread:30 - 线程数据：939
2020-12-31 09:18:08 WARN  MyThread:30 - 线程数据：940
2020-12-31 09:18:08 WARN  MyThread:30 - 线程数据：941
2020-12-31 09:18:08 WARN  MyThread:30 - 线程数据：942
2020-12-31 09:18:08 WARN  MyThread:30 - 线程数据：943
2020-12-31 09:18:08 WARN  MyThread:30 - 线程数据：944
2020-12-31 09:18:08 WARN  MyThread:30 - 线程数据：945
2020-12-31 09:18:08 WARN  MyThread:30 - 线程数据：946
2020-12-31 09:18:08 WARN  MyThread:30 - 线程数据：947
2020-12-31 09:18:08 WARN  MyThread:30 - 线程数据：948
2020-12-31 09:18:08 WARN  MyThread:30 - 线程数据：949
2020-12-31 09:18:08 WARN  MyThread:30 - 线程数据：950
2020-12-31 09:18:08 WARN  MyThread:30 - 线程数据：951
2020-12-31 09:18:08 WARN  MyThread:30 - 线程数据：952
2020-12-31 09:18:08 WARN  MyThread:30 - 线程数据：953
2020-12-31 09:18:08 WARN  MyThread:30 - 线程数据：954
2020-12-31 09:18:08 WARN  MyThread:30 - 线程数据：955
2020-12-31 09:18:08 WARN  MyThread:30 - 线程数据：956
2020-12-31 09:18:08 WARN  MyThread:30 - 线程数据：957
2020-12-31 09:18:08 WARN  MyThread:30 - 线程数据：958
2020-12-31 09:18:08 WARN  MyThread:30 - 线程数据：959
2020-12-31 09:18:08 WARN  MyThread:30 - 线程数据：960
2020-12-31 09:18:08 WARN  MyThread:30 - 线程数据：961
2020-12-31 09:18:08 WARN  MyThread:30 - 线程数据：962
2020-12-31 09:18:08 WARN  MyThread:30 - 线程数据：963
2020-12-31 09:18:08 WARN  MyThread:30 - 线程数据：964
2020-12-31 09:18:08 WARN  MyThread:30 - 线程数据：965
2020-12-31 09:18:08 WARN  MyThread:30 - 线程数据：966
2020-12-31 09:18:08 WARN  MyThread:30 - 线程数据：967
2020-12-31 09:18:08 WARN  MyThread:30 - 线程数据：968
2020-12-31 09:18:08 WARN  MyThread:30 - 线程数据：969
2020-12-31 09:18:08 WARN  MyThread:30 - 线程数据：970
2020-12-31 09:18:08 WARN  MyThread:30 - 线程数据：971
2020-12-31 09:18:08 WARN  MyThread:30 - 线程数据：972
2020-12-31 09:18:08 WARN  MyThread:30 - 线程数据：973
2020-12-31 09:18:08 WARN  MyThread:30 - 线程数据：974
2020-12-31 09:18:08 WARN  MyThread:30 - 线程数据：975
2020-12-31 09:18:08 WARN  MyThread:30 - 线程数据：976
2020-12-31 09:18:08 WARN  MyThread:30 - 线程数据：977
2020-12-31 09:18:08 WARN  MyThread:30 - 线程数据：978
2020-12-31 09:18:08 WARN  MyThread:30 - 线程数据：979
2020-12-31 09:18:08 WARN  MyThread:30 - 线程数据：980
2020-12-31 09:18:08 WARN  MyThread:30 - 线程数据：981
2020-12-31 09:18:08 WARN  MyThread:30 - 线程数据：982
2020-12-31 09:18:08 WARN  MyThread:30 - 线程数据：983
2020-12-31 09:18:08 WARN  MyThread:30 - 线程数据：984
2020-12-31 09:18:08 WARN  MyThread:30 - 线程数据：985
2020-12-31 09:18:08 WARN  MyThread:30 - 线程数据：986
2020-12-31 09:18:08 WARN  MyThread:30 - 线程数据：987
2020-12-31 09:18:08 WARN  MyThread:30 - 线程数据：988
2020-12-31 09:18:08 WARN  MyThread:30 - 线程数据：989
2020-12-31 09:18:08 WARN  MyThread:30 - 线程数据：990
2020-12-31 09:18:08 WARN  MyThread:30 - 线程数据：991
2020-12-31 09:18:08 WARN  MyThread:30 - 线程数据：992
2020-12-31 09:18:08 WARN  MyThread:30 - 线程数据：993
2020-12-31 09:18:08 WARN  MyThread:30 - 线程数据：994
2020-12-31 09:18:08 WARN  MyThread:30 - 线程数据：995
2020-12-31 09:18:08 WARN  MyThread:30 - 线程数据：996
2020-12-31 09:18:08 WARN  MyThread:30 - 线程数据：997
2020-12-31 09:18:08 WARN  MyThread:30 - 线程数据：998
2020-12-31 09:18:08 WARN  MyThread:30 - 线程数据：999
2020-12-31 09:18:08 INFO  ThreadTest:18 - 主线程数据：186
2020-12-31 09:18:08 INFO  ThreadTest:18 - 主线程数据：187
2020-12-31 09:18:08 INFO  ThreadTest:18 - 主线程数据：188
2020-12-31 09:18:08 INFO  ThreadTest:18 - 主线程数据：189
2020-12-31 09:18:08 INFO  ThreadTest:18 - 主线程数据：190
2020-12-31 09:18:08 INFO  ThreadTest:18 - 主线程数据：191
2020-12-31 09:18:08 INFO  ThreadTest:18 - 主线程数据：192
2020-12-31 09:18:08 INFO  ThreadTest:18 - 主线程数据：193
2020-12-31 09:18:08 INFO  ThreadTest:18 - 主线程数据：194
2020-12-31 09:18:08 INFO  ThreadTest:18 - 主线程数据：195
2020-12-31 09:18:08 INFO  ThreadTest:18 - 主线程数据：196
2020-12-31 09:18:08 INFO  ThreadTest:18 - 主线程数据：197
2020-12-31 09:18:08 INFO  ThreadTest:18 - 主线程数据：198
2020-12-31 09:18:08 INFO  ThreadTest:18 - 主线程数据：199
2020-12-31 09:18:08 INFO  ThreadTest:18 - 主线程数据：200
2020-12-31 09:18:08 INFO  ThreadTest:18 - 主线程数据：201
2020-12-31 09:18:08 INFO  ThreadTest:18 - 主线程数据：202
2020-12-31 09:18:08 INFO  ThreadTest:18 - 主线程数据：203
2020-12-31 09:18:08 INFO  ThreadTest:18 - 主线程数据：204
2020-12-31 09:18:08 INFO  ThreadTest:18 - 主线程数据：205
2020-12-31 09:18:08 INFO  ThreadTest:18 - 主线程数据：206
2020-12-31 09:18:08 INFO  ThreadTest:18 - 主线程数据：207
2020-12-31 09:18:08 INFO  ThreadTest:18 - 主线程数据：208
2020-12-31 09:18:08 INFO  ThreadTest:18 - 主线程数据：209
2020-12-31 09:18:08 INFO  ThreadTest:18 - 主线程数据：210
2020-12-31 09:18:08 INFO  ThreadTest:18 - 主线程数据：211
2020-12-31 09:18:08 INFO  ThreadTest:18 - 主线程数据：212
2020-12-31 09:18:08 INFO  ThreadTest:18 - 主线程数据：213
2020-12-31 09:18:08 INFO  ThreadTest:18 - 主线程数据：214
2020-12-31 09:18:08 INFO  ThreadTest:18 - 主线程数据：215
2020-12-31 09:18:08 INFO  ThreadTest:18 - 主线程数据：216
2020-12-31 09:18:08 INFO  ThreadTest:18 - 主线程数据：217
2020-12-31 09:18:08 INFO  ThreadTest:18 - 主线程数据：218
2020-12-31 09:18:08 INFO  ThreadTest:18 - 主线程数据：219
2020-12-31 09:18:08 INFO  ThreadTest:18 - 主线程数据：220
2020-12-31 09:18:08 INFO  ThreadTest:18 - 主线程数据：221
2020-12-31 09:18:08 INFO  ThreadTest:18 - 主线程数据：222
2020-12-31 09:18:08 INFO  ThreadTest:18 - 主线程数据：223
2020-12-31 09:18:08 INFO  ThreadTest:18 - 主线程数据：224
2020-12-31 09:18:08 INFO  ThreadTest:18 - 主线程数据：225
2020-12-31 09:18:08 INFO  ThreadTest:18 - 主线程数据：226
2020-12-31 09:18:08 INFO  ThreadTest:18 - 主线程数据：227
2020-12-31 09:18:08 INFO  ThreadTest:18 - 主线程数据：228
2020-12-31 09:18:08 INFO  ThreadTest:18 - 主线程数据：229
2020-12-31 09:18:08 INFO  ThreadTest:18 - 主线程数据：230
2020-12-31 09:18:08 INFO  ThreadTest:18 - 主线程数据：231
2020-12-31 09:18:08 INFO  ThreadTest:18 - 主线程数据：232
2020-12-31 09:18:08 INFO  ThreadTest:18 - 主线程数据：233
2020-12-31 09:18:08 INFO  ThreadTest:18 - 主线程数据：234
2020-12-31 09:18:08 INFO  ThreadTest:18 - 主线程数据：235
2020-12-31 09:18:08 INFO  ThreadTest:18 - 主线程数据：236
2020-12-31 09:18:08 INFO  ThreadTest:18 - 主线程数据：237
2020-12-31 09:18:08 INFO  ThreadTest:18 - 主线程数据：238
2020-12-31 09:18:08 INFO  ThreadTest:18 - 主线程数据：239
2020-12-31 09:18:08 INFO  ThreadTest:18 - 主线程数据：240
2020-12-31 09:18:08 INFO  ThreadTest:18 - 主线程数据：241
2020-12-31 09:18:08 INFO  ThreadTest:18 - 主线程数据：242
2020-12-31 09:18:08 INFO  ThreadTest:18 - 主线程数据：243
2020-12-31 09:18:08 INFO  ThreadTest:18 - 主线程数据：244
2020-12-31 09:18:08 INFO  ThreadTest:18 - 主线程数据：245
2020-12-31 09:18:08 INFO  ThreadTest:18 - 主线程数据：246
2020-12-31 09:18:08 INFO  ThreadTest:18 - 主线程数据：247
2020-12-31 09:18:08 INFO  ThreadTest:18 - 主线程数据：248
2020-12-31 09:18:08 INFO  ThreadTest:18 - 主线程数据：249
2020-12-31 09:18:08 INFO  ThreadTest:18 - 主线程数据：250
2020-12-31 09:18:08 INFO  ThreadTest:18 - 主线程数据：251
2020-12-31 09:18:08 INFO  ThreadTest:18 - 主线程数据：252
2020-12-31 09:18:08 INFO  ThreadTest:18 - 主线程数据：253
2020-12-31 09:18:08 INFO  ThreadTest:18 - 主线程数据：254
2020-12-31 09:18:08 INFO  ThreadTest:18 - 主线程数据：255
2020-12-31 09:18:08 INFO  ThreadTest:18 - 主线程数据：256
2020-12-31 09:18:08 INFO  ThreadTest:18 - 主线程数据：257
2020-12-31 09:18:08 INFO  ThreadTest:18 - 主线程数据：258
2020-12-31 09:18:08 INFO  ThreadTest:18 - 主线程数据：259
2020-12-31 09:18:08 INFO  ThreadTest:18 - 主线程数据：260
2020-12-31 09:18:08 INFO  ThreadTest:18 - 主线程数据：261
2020-12-31 09:18:08 INFO  ThreadTest:18 - 主线程数据：262
2020-12-31 09:18:08 INFO  ThreadTest:18 - 主线程数据：263
2020-12-31 09:18:08 INFO  ThreadTest:18 - 主线程数据：264
2020-12-31 09:18:08 INFO  ThreadTest:18 - 主线程数据：265
2020-12-31 09:18:08 INFO  ThreadTest:18 - 主线程数据：266
2020-12-31 09:18:08 INFO  ThreadTest:18 - 主线程数据：267
2020-12-31 09:18:08 INFO  ThreadTest:18 - 主线程数据：268
2020-12-31 09:18:08 INFO  ThreadTest:18 - 主线程数据：269
2020-12-31 09:18:08 INFO  ThreadTest:18 - 主线程数据：270
2020-12-31 09:18:08 INFO  ThreadTest:18 - 主线程数据：271
2020-12-31 09:18:08 INFO  ThreadTest:18 - 主线程数据：272
2020-12-31 09:18:08 INFO  ThreadTest:18 - 主线程数据：273
2020-12-31 09:18:08 INFO  ThreadTest:18 - 主线程数据：274
2020-12-31 09:18:08 INFO  ThreadTest:18 - 主线程数据：275
2020-12-31 09:18:08 INFO  ThreadTest:18 - 主线程数据：276
2020-12-31 09:18:08 INFO  ThreadTest:18 - 主线程数据：277
2020-12-31 09:18:08 INFO  ThreadTest:18 - 主线程数据：278
2020-12-31 09:18:08 INFO  ThreadTest:18 - 主线程数据：279
2020-12-31 09:18:08 INFO  ThreadTest:18 - 主线程数据：280
2020-12-31 09:18:08 INFO  ThreadTest:18 - 主线程数据：281
2020-12-31 09:18:08 INFO  ThreadTest:18 - 主线程数据：282
2020-12-31 09:18:08 INFO  ThreadTest:18 - 主线程数据：283
2020-12-31 09:18:08 INFO  ThreadTest:18 - 主线程数据：284
2020-12-31 09:18:08 INFO  ThreadTest:18 - 主线程数据：285
2020-12-31 09:18:08 INFO  ThreadTest:18 - 主线程数据：286
2020-12-31 09:18:08 INFO  ThreadTest:18 - 主线程数据：287
2020-12-31 09:18:08 INFO  ThreadTest:18 - 主线程数据：288
2020-12-31 09:18:08 INFO  ThreadTest:18 - 主线程数据：289
2020-12-31 09:18:08 INFO  ThreadTest:18 - 主线程数据：290
2020-12-31 09:18:08 INFO  ThreadTest:18 - 主线程数据：291
2020-12-31 09:18:08 INFO  ThreadTest:18 - 主线程数据：292
2020-12-31 09:18:08 INFO  ThreadTest:18 - 主线程数据：293
2020-12-31 09:18:08 INFO  ThreadTest:18 - 主线程数据：294
2020-12-31 09:18:08 INFO  ThreadTest:18 - 主线程数据：295
2020-12-31 09:18:08 INFO  ThreadTest:18 - 主线程数据：296
2020-12-31 09:18:08 INFO  ThreadTest:18 - 主线程数据：297
2020-12-31 09:18:08 INFO  ThreadTest:18 - 主线程数据：298
2020-12-31 09:18:08 INFO  ThreadTest:18 - 主线程数据：299
2020-12-31 09:18:08 INFO  ThreadTest:18 - 主线程数据：300
2020-12-31 09:18:08 INFO  ThreadTest:18 - 主线程数据：301
2020-12-31 09:18:08 INFO  ThreadTest:18 - 主线程数据：302
2020-12-31 09:18:08 INFO  ThreadTest:18 - 主线程数据：303
2020-12-31 09:18:08 INFO  ThreadTest:18 - 主线程数据：304
2020-12-31 09:18:08 INFO  ThreadTest:18 - 主线程数据：305
2020-12-31 09:18:08 INFO  ThreadTest:18 - 主线程数据：306
2020-12-31 09:18:08 INFO  ThreadTest:18 - 主线程数据：307
2020-12-31 09:18:08 INFO  ThreadTest:18 - 主线程数据：308
2020-12-31 09:18:08 INFO  ThreadTest:18 - 主线程数据：309
2020-12-31 09:18:08 INFO  ThreadTest:18 - 主线程数据：310
2020-12-31 09:18:08 INFO  ThreadTest:18 - 主线程数据：311
2020-12-31 09:18:08 INFO  ThreadTest:18 - 主线程数据：312
2020-12-31 09:18:08 INFO  ThreadTest:18 - 主线程数据：313
2020-12-31 09:18:08 INFO  ThreadTest:18 - 主线程数据：314
2020-12-31 09:18:08 INFO  ThreadTest:18 - 主线程数据：315
2020-12-31 09:18:08 INFO  ThreadTest:18 - 主线程数据：316
2020-12-31 09:18:08 INFO  ThreadTest:18 - 主线程数据：317
2020-12-31 09:18:08 INFO  ThreadTest:18 - 主线程数据：318
2020-12-31 09:18:08 INFO  ThreadTest:18 - 主线程数据：319
2020-12-31 09:18:08 INFO  ThreadTest:18 - 主线程数据：320
2020-12-31 09:18:08 INFO  ThreadTest:18 - 主线程数据：321
2020-12-31 09:18:08 INFO  ThreadTest:18 - 主线程数据：322
2020-12-31 09:18:08 INFO  ThreadTest:18 - 主线程数据：323
2020-12-31 09:18:08 INFO  ThreadTest:18 - 主线程数据：324
2020-12-31 09:18:08 INFO  ThreadTest:18 - 主线程数据：325
2020-12-31 09:18:08 INFO  ThreadTest:18 - 主线程数据：326
2020-12-31 09:18:08 INFO  ThreadTest:18 - 主线程数据：327
2020-12-31 09:18:08 INFO  ThreadTest:18 - 主线程数据：328
2020-12-31 09:18:08 INFO  ThreadTest:18 - 主线程数据：329
2020-12-31 09:18:08 INFO  ThreadTest:18 - 主线程数据：330
2020-12-31 09:18:08 INFO  ThreadTest:18 - 主线程数据：331
2020-12-31 09:18:08 INFO  ThreadTest:18 - 主线程数据：332
2020-12-31 09:18:08 INFO  ThreadTest:18 - 主线程数据：333
2020-12-31 09:18:08 INFO  ThreadTest:18 - 主线程数据：334
2020-12-31 09:18:08 INFO  ThreadTest:18 - 主线程数据：335
2020-12-31 09:18:08 INFO  ThreadTest:18 - 主线程数据：336
2020-12-31 09:18:08 INFO  ThreadTest:18 - 主线程数据：337
2020-12-31 09:18:08 INFO  ThreadTest:18 - 主线程数据：338
2020-12-31 09:18:08 INFO  ThreadTest:18 - 主线程数据：339
2020-12-31 09:18:08 INFO  ThreadTest:18 - 主线程数据：340
2020-12-31 09:18:08 INFO  ThreadTest:18 - 主线程数据：341
2020-12-31 09:18:08 INFO  ThreadTest:18 - 主线程数据：342
2020-12-31 09:18:08 INFO  ThreadTest:18 - 主线程数据：343
2020-12-31 09:18:08 INFO  ThreadTest:18 - 主线程数据：344
2020-12-31 09:18:08 INFO  ThreadTest:18 - 主线程数据：345
2020-12-31 09:18:08 INFO  ThreadTest:18 - 主线程数据：346
2020-12-31 09:18:08 INFO  ThreadTest:18 - 主线程数据：347
2020-12-31 09:18:08 INFO  ThreadTest:18 - 主线程数据：348
2020-12-31 09:18:08 INFO  ThreadTest:18 - 主线程数据：349
2020-12-31 09:18:08 INFO  ThreadTest:18 - 主线程数据：350
2020-12-31 09:18:08 INFO  ThreadTest:18 - 主线程数据：351
2020-12-31 09:18:08 INFO  ThreadTest:18 - 主线程数据：352
2020-12-31 09:18:08 INFO  ThreadTest:18 - 主线程数据：353
2020-12-31 09:18:08 INFO  ThreadTest:18 - 主线程数据：354
2020-12-31 09:18:08 INFO  ThreadTest:18 - 主线程数据：355
2020-12-31 09:18:08 INFO  ThreadTest:18 - 主线程数据：356
2020-12-31 09:18:08 INFO  ThreadTest:18 - 主线程数据：357
2020-12-31 09:18:08 INFO  ThreadTest:18 - 主线程数据：358
2020-12-31 09:18:08 INFO  ThreadTest:18 - 主线程数据：359
2020-12-31 09:18:08 INFO  ThreadTest:18 - 主线程数据：360
2020-12-31 09:18:08 INFO  ThreadTest:18 - 主线程数据：361
2020-12-31 09:18:08 INFO  ThreadTest:18 - 主线程数据：362
2020-12-31 09:18:08 INFO  ThreadTest:18 - 主线程数据：363
2020-12-31 09:18:08 INFO  ThreadTest:18 - 主线程数据：364
2020-12-31 09:18:08 INFO  ThreadTest:18 - 主线程数据：365
2020-12-31 09:18:08 INFO  ThreadTest:18 - 主线程数据：366
2020-12-31 09:18:08 INFO  ThreadTest:18 - 主线程数据：367
2020-12-31 09:18:08 INFO  ThreadTest:18 - 主线程数据：368
2020-12-31 09:18:08 INFO  ThreadTest:18 - 主线程数据：369
2020-12-31 09:18:08 INFO  ThreadTest:18 - 主线程数据：370
2020-12-31 09:18:08 INFO  ThreadTest:18 - 主线程数据：371
2020-12-31 09:18:08 INFO  ThreadTest:18 - 主线程数据：372
2020-12-31 09:18:08 INFO  ThreadTest:18 - 主线程数据：373
2020-12-31 09:18:08 INFO  ThreadTest:18 - 主线程数据：374
2020-12-31 09:18:08 INFO  ThreadTest:18 - 主线程数据：375
2020-12-31 09:18:08 INFO  ThreadTest:18 - 主线程数据：376
2020-12-31 09:18:08 INFO  ThreadTest:18 - 主线程数据：377
2020-12-31 09:18:08 INFO  ThreadTest:18 - 主线程数据：378
2020-12-31 09:18:08 INFO  ThreadTest:18 - 主线程数据：379
2020-12-31 09:18:08 INFO  ThreadTest:18 - 主线程数据：380
2020-12-31 09:18:08 INFO  ThreadTest:18 - 主线程数据：381
2020-12-31 09:18:08 INFO  ThreadTest:18 - 主线程数据：382
2020-12-31 09:18:08 INFO  ThreadTest:18 - 主线程数据：383
2020-12-31 09:18:08 INFO  ThreadTest:18 - 主线程数据：384
2020-12-31 09:18:08 INFO  ThreadTest:18 - 主线程数据：385
2020-12-31 09:18:08 INFO  ThreadTest:18 - 主线程数据：386
2020-12-31 09:18:08 INFO  ThreadTest:18 - 主线程数据：387
2020-12-31 09:18:08 INFO  ThreadTest:18 - 主线程数据：388
2020-12-31 09:18:08 INFO  ThreadTest:18 - 主线程数据：389
2020-12-31 09:18:08 INFO  ThreadTest:18 - 主线程数据：390
2020-12-31 09:18:08 INFO  ThreadTest:18 - 主线程数据：391
2020-12-31 09:18:08 INFO  ThreadTest:18 - 主线程数据：392
2020-12-31 09:18:08 INFO  ThreadTest:18 - 主线程数据：393
2020-12-31 09:18:08 INFO  ThreadTest:18 - 主线程数据：394
2020-12-31 09:18:08 INFO  ThreadTest:18 - 主线程数据：395
2020-12-31 09:18:08 INFO  ThreadTest:18 - 主线程数据：396
2020-12-31 09:18:08 INFO  ThreadTest:18 - 主线程数据：397
2020-12-31 09:18:08 INFO  ThreadTest:18 - 主线程数据：398
2020-12-31 09:18:08 INFO  ThreadTest:18 - 主线程数据：399
2020-12-31 09:18:08 INFO  ThreadTest:18 - 主线程数据：400
2020-12-31 09:18:08 INFO  ThreadTest:18 - 主线程数据：401
2020-12-31 09:18:08 INFO  ThreadTest:18 - 主线程数据：402
2020-12-31 09:18:08 INFO  ThreadTest:18 - 主线程数据：403
2020-12-31 09:18:08 INFO  ThreadTest:18 - 主线程数据：404
2020-12-31 09:18:08 INFO  ThreadTest:18 - 主线程数据：405
2020-12-31 09:18:08 INFO  ThreadTest:18 - 主线程数据：406
2020-12-31 09:18:08 INFO  ThreadTest:18 - 主线程数据：407
2020-12-31 09:18:08 INFO  ThreadTest:18 - 主线程数据：408
2020-12-31 09:18:08 INFO  ThreadTest:18 - 主线程数据：409
2020-12-31 09:18:08 INFO  ThreadTest:18 - 主线程数据：410
2020-12-31 09:18:08 INFO  ThreadTest:18 - 主线程数据：411
2020-12-31 09:18:08 INFO  ThreadTest:18 - 主线程数据：412
2020-12-31 09:18:08 INFO  ThreadTest:18 - 主线程数据：413
2020-12-31 09:18:08 INFO  ThreadTest:18 - 主线程数据：414
2020-12-31 09:18:08 INFO  ThreadTest:18 - 主线程数据：415
2020-12-31 09:18:08 INFO  ThreadTest:18 - 主线程数据：416
2020-12-31 09:18:08 INFO  ThreadTest:18 - 主线程数据：417
2020-12-31 09:18:08 INFO  ThreadTest:18 - 主线程数据：418
2020-12-31 09:18:08 INFO  ThreadTest:18 - 主线程数据：419
2020-12-31 09:18:08 INFO  ThreadTest:18 - 主线程数据：420
2020-12-31 09:18:08 INFO  ThreadTest:18 - 主线程数据：421
2020-12-31 09:18:08 INFO  ThreadTest:18 - 主线程数据：422
2020-12-31 09:18:08 INFO  ThreadTest:18 - 主线程数据：423
2020-12-31 09:18:08 INFO  ThreadTest:18 - 主线程数据：424
2020-12-31 09:18:08 INFO  ThreadTest:18 - 主线程数据：425
2020-12-31 09:18:08 INFO  ThreadTest:18 - 主线程数据：426
2020-12-31 09:18:08 INFO  ThreadTest:18 - 主线程数据：427
2020-12-31 09:18:08 INFO  ThreadTest:18 - 主线程数据：428
2020-12-31 09:18:08 INFO  ThreadTest:18 - 主线程数据：429
2020-12-31 09:18:08 INFO  ThreadTest:18 - 主线程数据：430
2020-12-31 09:18:08 INFO  ThreadTest:18 - 主线程数据：431
2020-12-31 09:18:08 INFO  ThreadTest:18 - 主线程数据：432
2020-12-31 09:18:08 INFO  ThreadTest:18 - 主线程数据：433
2020-12-31 09:18:08 INFO  ThreadTest:18 - 主线程数据：434
2020-12-31 09:18:08 INFO  ThreadTest:18 - 主线程数据：435
2020-12-31 09:18:08 INFO  ThreadTest:18 - 主线程数据：436
2020-12-31 09:18:08 INFO  ThreadTest:18 - 主线程数据：437
2020-12-31 09:18:08 INFO  ThreadTest:18 - 主线程数据：438
2020-12-31 09:18:08 INFO  ThreadTest:18 - 主线程数据：439
2020-12-31 09:18:08 INFO  ThreadTest:18 - 主线程数据：440
2020-12-31 09:18:08 INFO  ThreadTest:18 - 主线程数据：441
2020-12-31 09:18:08 INFO  ThreadTest:18 - 主线程数据：442
2020-12-31 09:18:08 INFO  ThreadTest:18 - 主线程数据：443
2020-12-31 09:18:08 INFO  ThreadTest:18 - 主线程数据：444
2020-12-31 09:18:08 INFO  ThreadTest:18 - 主线程数据：445
2020-12-31 09:18:08 INFO  ThreadTest:18 - 主线程数据：446
2020-12-31 09:18:08 INFO  ThreadTest:18 - 主线程数据：447
2020-12-31 09:18:08 INFO  ThreadTest:18 - 主线程数据：448
2020-12-31 09:18:08 INFO  ThreadTest:18 - 主线程数据：449
2020-12-31 09:18:08 INFO  ThreadTest:18 - 主线程数据：450
2020-12-31 09:18:08 INFO  ThreadTest:18 - 主线程数据：451
2020-12-31 09:18:08 INFO  ThreadTest:18 - 主线程数据：452
2020-12-31 09:18:08 INFO  ThreadTest:18 - 主线程数据：453
2020-12-31 09:18:08 INFO  ThreadTest:18 - 主线程数据：454
2020-12-31 09:18:08 INFO  ThreadTest:18 - 主线程数据：455
2020-12-31 09:18:08 INFO  ThreadTest:18 - 主线程数据：456
2020-12-31 09:18:08 INFO  ThreadTest:18 - 主线程数据：457
2020-12-31 09:18:08 INFO  ThreadTest:18 - 主线程数据：458
2020-12-31 09:18:08 INFO  ThreadTest:18 - 主线程数据：459
2020-12-31 09:18:08 INFO  ThreadTest:18 - 主线程数据：460
2020-12-31 09:18:08 INFO  ThreadTest:18 - 主线程数据：461
2020-12-31 09:18:08 INFO  ThreadTest:18 - 主线程数据：462
2020-12-31 09:18:08 INFO  ThreadTest:18 - 主线程数据：463
2020-12-31 09:18:08 INFO  ThreadTest:18 - 主线程数据：464
2020-12-31 09:18:08 INFO  ThreadTest:18 - 主线程数据：465
2020-12-31 09:18:08 INFO  ThreadTest:18 - 主线程数据：466
2020-12-31 09:18:08 INFO  ThreadTest:18 - 主线程数据：467
2020-12-31 09:18:08 INFO  ThreadTest:18 - 主线程数据：468
2020-12-31 09:18:08 INFO  ThreadTest:18 - 主线程数据：469
2020-12-31 09:18:08 INFO  ThreadTest:18 - 主线程数据：470
2020-12-31 09:18:08 INFO  ThreadTest:18 - 主线程数据：471
2020-12-31 09:18:08 INFO  ThreadTest:18 - 主线程数据：472
2020-12-31 09:18:08 INFO  ThreadTest:18 - 主线程数据：473
2020-12-31 09:18:08 INFO  ThreadTest:18 - 主线程数据：474
2020-12-31 09:18:08 INFO  ThreadTest:18 - 主线程数据：475
2020-12-31 09:18:08 INFO  ThreadTest:18 - 主线程数据：476
2020-12-31 09:18:08 INFO  ThreadTest:18 - 主线程数据：477
2020-12-31 09:18:08 INFO  ThreadTest:18 - 主线程数据：478
2020-12-31 09:18:08 INFO  ThreadTest:18 - 主线程数据：479
2020-12-31 09:18:08 INFO  ThreadTest:18 - 主线程数据：480
2020-12-31 09:18:08 INFO  ThreadTest:18 - 主线程数据：481
2020-12-31 09:18:08 INFO  ThreadTest:18 - 主线程数据：482
2020-12-31 09:18:08 INFO  ThreadTest:18 - 主线程数据：483
2020-12-31 09:18:08 INFO  ThreadTest:18 - 主线程数据：484
2020-12-31 09:18:08 INFO  ThreadTest:18 - 主线程数据：485
2020-12-31 09:18:08 INFO  ThreadTest:18 - 主线程数据：486
2020-12-31 09:18:08 INFO  ThreadTest:18 - 主线程数据：487
2020-12-31 09:18:08 INFO  ThreadTest:18 - 主线程数据：488
2020-12-31 09:18:08 INFO  ThreadTest:18 - 主线程数据：489
2020-12-31 09:18:08 INFO  ThreadTest:18 - 主线程数据：490
2020-12-31 09:18:08 INFO  ThreadTest:18 - 主线程数据：491
2020-12-31 09:18:08 INFO  ThreadTest:18 - 主线程数据：492
2020-12-31 09:18:08 INFO  ThreadTest:18 - 主线程数据：493
2020-12-31 09:18:08 INFO  ThreadTest:18 - 主线程数据：494
2020-12-31 09:18:08 INFO  ThreadTest:18 - 主线程数据：495
2020-12-31 09:18:08 INFO  ThreadTest:18 - 主线程数据：496
2020-12-31 09:18:08 INFO  ThreadTest:18 - 主线程数据：497
2020-12-31 09:18:08 INFO  ThreadTest:18 - 主线程数据：498
2020-12-31 09:18:08 INFO  ThreadTest:18 - 主线程数据：499
2020-12-31 09:25:02 DEBUG MyThread:50 - 分支线程数据：0
2020-12-31 09:25:02 DEBUG MyThread:50 - 分支线程数据：1
2020-12-31 09:25:02 DEBUG MyThread:50 - 分支线程数据：2
2020-12-31 09:25:02 DEBUG MyThread:50 - 分支线程数据：3
2020-12-31 09:25:02 DEBUG MyThread:50 - 分支线程数据：4
2020-12-31 09:25:02 DEBUG MyThread:50 - 分支线程数据：5
2020-12-31 09:25:02 DEBUG MyThread:50 - 分支线程数据：6
2020-12-31 09:25:02 DEBUG MyThread:50 - 分支线程数据：7
2020-12-31 09:25:02 DEBUG MyThread:50 - 分支线程数据：8
2020-12-31 09:25:02 DEBUG MyThread:50 - 分支线程数据：9
2020-12-31 09:25:02 DEBUG MyThread:50 - 分支线程数据：10
2020-12-31 09:25:02 DEBUG MyThread:50 - 分支线程数据：11
2020-12-31 09:25:02 DEBUG MyThread:50 - 分支线程数据：12
2020-12-31 09:25:02 DEBUG MyThread:50 - 分支线程数据：13
2020-12-31 09:25:02 DEBUG MyThread:50 - 分支线程数据：14
2020-12-31 09:25:02 DEBUG MyThread:50 - 分支线程数据：15
2020-12-31 09:25:02 DEBUG MyThread:50 - 分支线程数据：16
2020-12-31 09:25:02 DEBUG MyThread:50 - 分支线程数据：17
2020-12-31 09:25:02 DEBUG MyThread:50 - 分支线程数据：18
2020-12-31 09:25:02 DEBUG MyThread:50 - 分支线程数据：19
2020-12-31 09:25:02 DEBUG MyThread:50 - 分支线程数据：20
2020-12-31 09:25:02 DEBUG MyThread:50 - 分支线程数据：21
2020-12-31 09:25:02 DEBUG MyThread:50 - 分支线程数据：22
2020-12-31 09:25:02 DEBUG MyThread:50 - 分支线程数据：23
2020-12-31 09:25:02 DEBUG MyThread:50 - 分支线程数据：24
2020-12-31 09:25:02 DEBUG MyThread:50 - 分支线程数据：25
2020-12-31 09:25:02 DEBUG MyThread:50 - 分支线程数据：26
2020-12-31 09:25:02 DEBUG MyThread:50 - 分支线程数据：27
2020-12-31 09:25:02 DEBUG MyThread:50 - 分支线程数据：28
2020-12-31 09:25:02 DEBUG MyThread:50 - 分支线程数据：29
2020-12-31 09:25:02 INFO  ThreadTest:23 - 主线程数据：0
2020-12-31 09:25:02 DEBUG MyThread:50 - 分支线程数据：30
2020-12-31 09:25:02 WARN  MyThread:36 - 分支线程数据：0
2020-12-31 09:25:02 WARN  MyThread:36 - 分支线程数据：1
2020-12-31 09:25:02 DEBUG MyThread:50 - 分支线程数据：31
2020-12-31 09:25:02 INFO  ThreadTest:23 - 主线程数据：1
2020-12-31 09:25:02 DEBUG MyThread:50 - 分支线程数据：32
2020-12-31 09:25:02 WARN  MyThread:36 - 分支线程数据：2
2020-12-31 09:25:02 WARN  MyThread:36 - 分支线程数据：3
2020-12-31 09:25:02 WARN  MyThread:36 - 分支线程数据：4
2020-12-31 09:25:02 WARN  MyThread:36 - 分支线程数据：5
2020-12-31 09:25:02 WARN  MyThread:36 - 分支线程数据：6
2020-12-31 09:25:02 WARN  MyThread:36 - 分支线程数据：7
2020-12-31 09:25:02 DEBUG MyThread:50 - 分支线程数据：33
2020-12-31 09:25:02 DEBUG MyThread:50 - 分支线程数据：34
2020-12-31 09:25:02 DEBUG MyThread:50 - 分支线程数据：35
2020-12-31 09:25:02 DEBUG MyThread:50 - 分支线程数据：36
2020-12-31 09:25:02 DEBUG MyThread:50 - 分支线程数据：37
2020-12-31 09:25:02 INFO  ThreadTest:23 - 主线程数据：2
2020-12-31 09:25:02 DEBUG MyThread:50 - 分支线程数据：38
2020-12-31 09:25:02 DEBUG MyThread:50 - 分支线程数据：39
2020-12-31 09:25:02 DEBUG MyThread:50 - 分支线程数据：40
2020-12-31 09:25:02 DEBUG MyThread:50 - 分支线程数据：41
2020-12-31 09:25:02 DEBUG MyThread:50 - 分支线程数据：42
2020-12-31 09:25:02 DEBUG MyThread:50 - 分支线程数据：43
2020-12-31 09:25:02 DEBUG MyThread:50 - 分支线程数据：44
2020-12-31 09:25:02 DEBUG MyThread:50 - 分支线程数据：45
2020-12-31 09:25:02 DEBUG MyThread:50 - 分支线程数据：46
2020-12-31 09:25:02 DEBUG MyThread:50 - 分支线程数据：47
2020-12-31 09:25:02 DEBUG MyThread:50 - 分支线程数据：48
2020-12-31 09:25:02 WARN  MyThread:36 - 分支线程数据：8
2020-12-31 09:25:02 DEBUG MyThread:50 - 分支线程数据：49
2020-12-31 09:25:02 INFO  ThreadTest:23 - 主线程数据：3
2020-12-31 09:25:02 DEBUG MyThread:50 - 分支线程数据：50
2020-12-31 09:25:02 DEBUG MyThread:50 - 分支线程数据：51
2020-12-31 09:25:02 DEBUG MyThread:50 - 分支线程数据：52
2020-12-31 09:25:02 DEBUG MyThread:50 - 分支线程数据：53
2020-12-31 09:25:02 DEBUG MyThread:50 - 分支线程数据：54
2020-12-31 09:25:02 DEBUG MyThread:50 - 分支线程数据：55
2020-12-31 09:25:02 DEBUG MyThread:50 - 分支线程数据：56
2020-12-31 09:25:02 DEBUG MyThread:50 - 分支线程数据：57
2020-12-31 09:25:02 DEBUG MyThread:50 - 分支线程数据：58
2020-12-31 09:25:02 DEBUG MyThread:50 - 分支线程数据：59
2020-12-31 09:25:02 DEBUG MyThread:50 - 分支线程数据：60
2020-12-31 09:25:02 DEBUG MyThread:50 - 分支线程数据：61
2020-12-31 09:25:02 DEBUG MyThread:50 - 分支线程数据：62
2020-12-31 09:25:02 DEBUG MyThread:50 - 分支线程数据：63
2020-12-31 09:25:02 DEBUG MyThread:50 - 分支线程数据：64
2020-12-31 09:25:02 DEBUG MyThread:50 - 分支线程数据：65
2020-12-31 09:25:02 DEBUG MyThread:50 - 分支线程数据：66
2020-12-31 09:25:02 DEBUG MyThread:50 - 分支线程数据：67
2020-12-31 09:25:02 DEBUG MyThread:50 - 分支线程数据：68
2020-12-31 09:25:02 DEBUG MyThread:50 - 分支线程数据：69
2020-12-31 09:25:02 DEBUG MyThread:50 - 分支线程数据：70
2020-12-31 09:25:02 DEBUG MyThread:50 - 分支线程数据：71
2020-12-31 09:25:02 DEBUG MyThread:50 - 分支线程数据：72
2020-12-31 09:25:02 WARN  MyThread:36 - 分支线程数据：9
2020-12-31 09:25:02 WARN  MyThread:36 - 分支线程数据：10
2020-12-31 09:25:02 WARN  MyThread:36 - 分支线程数据：11
2020-12-31 09:25:02 WARN  MyThread:36 - 分支线程数据：12
2020-12-31 09:25:02 WARN  MyThread:36 - 分支线程数据：13
2020-12-31 09:25:02 WARN  MyThread:36 - 分支线程数据：14
2020-12-31 09:25:02 DEBUG MyThread:50 - 分支线程数据：73
2020-12-31 09:25:02 INFO  ThreadTest:23 - 主线程数据：4
2020-12-31 09:25:02 DEBUG MyThread:50 - 分支线程数据：74
2020-12-31 09:25:02 WARN  MyThread:36 - 分支线程数据：15
2020-12-31 09:25:02 DEBUG MyThread:50 - 分支线程数据：75
2020-12-31 09:25:02 INFO  ThreadTest:23 - 主线程数据：5
2020-12-31 09:25:02 INFO  ThreadTest:23 - 主线程数据：6
2020-12-31 09:25:02 WARN  MyThread:36 - 分支线程数据：16
2020-12-31 09:25:02 WARN  MyThread:36 - 分支线程数据：17
2020-12-31 09:25:02 INFO  ThreadTest:23 - 主线程数据：7
2020-12-31 09:25:02 WARN  MyThread:36 - 分支线程数据：18
2020-12-31 09:25:02 INFO  ThreadTest:23 - 主线程数据：8
2020-12-31 09:25:02 INFO  ThreadTest:23 - 主线程数据：9
2020-12-31 09:25:02 INFO  ThreadTest:23 - 主线程数据：10
2020-12-31 09:25:02 INFO  ThreadTest:23 - 主线程数据：11
2020-12-31 09:25:02 INFO  ThreadTest:23 - 主线程数据：12
2020-12-31 09:25:02 INFO  ThreadTest:23 - 主线程数据：13
2020-12-31 09:25:02 INFO  ThreadTest:23 - 主线程数据：14
2020-12-31 09:25:02 INFO  ThreadTest:23 - 主线程数据：15
2020-12-31 09:25:02 DEBUG MyThread:50 - 分支线程数据：76
2020-12-31 09:25:02 WARN  MyThread:36 - 分支线程数据：19
2020-12-31 09:25:02 DEBUG MyThread:50 - 分支线程数据：77
2020-12-31 09:25:02 INFO  ThreadTest:23 - 主线程数据：16
2020-12-31 09:25:02 DEBUG MyThread:50 - 分支线程数据：78
2020-12-31 09:25:02 WARN  MyThread:36 - 分支线程数据：20
2020-12-31 09:25:02 DEBUG MyThread:50 - 分支线程数据：79
2020-12-31 09:25:02 DEBUG MyThread:50 - 分支线程数据：80
2020-12-31 09:25:02 DEBUG MyThread:50 - 分支线程数据：81
2020-12-31 09:25:02 DEBUG MyThread:50 - 分支线程数据：82
2020-12-31 09:25:02 DEBUG MyThread:50 - 分支线程数据：83
2020-12-31 09:25:02 DEBUG MyThread:50 - 分支线程数据：84
2020-12-31 09:25:02 INFO  ThreadTest:23 - 主线程数据：17
2020-12-31 09:25:02 DEBUG MyThread:50 - 分支线程数据：85
2020-12-31 09:25:02 WARN  MyThread:36 - 分支线程数据：21
2020-12-31 09:25:02 DEBUG MyThread:50 - 分支线程数据：86
2020-12-31 09:25:02 INFO  ThreadTest:23 - 主线程数据：18
2020-12-31 09:25:02 DEBUG MyThread:50 - 分支线程数据：87
2020-12-31 09:25:02 WARN  MyThread:36 - 分支线程数据：22
2020-12-31 09:25:02 DEBUG MyThread:50 - 分支线程数据：88
2020-12-31 09:25:02 INFO  ThreadTest:23 - 主线程数据：19
2020-12-31 09:25:02 DEBUG MyThread:50 - 分支线程数据：89
2020-12-31 09:25:02 WARN  MyThread:36 - 分支线程数据：23
2020-12-31 09:25:02 DEBUG MyThread:50 - 分支线程数据：90
2020-12-31 09:25:02 INFO  ThreadTest:23 - 主线程数据：20
2020-12-31 09:25:02 DEBUG MyThread:50 - 分支线程数据：91
2020-12-31 09:25:02 WARN  MyThread:36 - 分支线程数据：24
2020-12-31 09:25:02 DEBUG MyThread:50 - 分支线程数据：92
2020-12-31 09:25:02 INFO  ThreadTest:23 - 主线程数据：21
2020-12-31 09:25:02 DEBUG MyThread:50 - 分支线程数据：93
2020-12-31 09:25:02 WARN  MyThread:36 - 分支线程数据：25
2020-12-31 09:25:02 DEBUG MyThread:50 - 分支线程数据：94
2020-12-31 09:25:02 INFO  ThreadTest:23 - 主线程数据：22
2020-12-31 09:25:02 DEBUG MyThread:50 - 分支线程数据：95
2020-12-31 09:25:02 WARN  MyThread:36 - 分支线程数据：26
2020-12-31 09:25:02 DEBUG MyThread:50 - 分支线程数据：96
2020-12-31 09:25:02 DEBUG MyThread:50 - 分支线程数据：97
2020-12-31 09:25:02 DEBUG MyThread:50 - 分支线程数据：98
2020-12-31 09:25:02 DEBUG MyThread:50 - 分支线程数据：99
2020-12-31 09:25:02 DEBUG MyThread:50 - 分支线程数据：100
2020-12-31 09:25:02 DEBUG MyThread:50 - 分支线程数据：101
2020-12-31 09:25:02 DEBUG MyThread:50 - 分支线程数据：102
2020-12-31 09:25:02 DEBUG MyThread:50 - 分支线程数据：103
2020-12-31 09:25:02 DEBUG MyThread:50 - 分支线程数据：104
2020-12-31 09:25:02 DEBUG MyThread:50 - 分支线程数据：105
2020-12-31 09:25:02 DEBUG MyThread:50 - 分支线程数据：106
2020-12-31 09:25:02 DEBUG MyThread:50 - 分支线程数据：107
2020-12-31 09:25:02 DEBUG MyThread:50 - 分支线程数据：108
2020-12-31 09:25:02 DEBUG MyThread:50 - 分支线程数据：109
2020-12-31 09:25:02 DEBUG MyThread:50 - 分支线程数据：110
2020-12-31 09:25:02 INFO  ThreadTest:23 - 主线程数据：23
2020-12-31 09:25:02 INFO  ThreadTest:23 - 主线程数据：24
2020-12-31 09:25:02 DEBUG MyThread:50 - 分支线程数据：111
2020-12-31 09:25:02 WARN  MyThread:36 - 分支线程数据：27
2020-12-31 09:25:02 DEBUG MyThread:50 - 分支线程数据：112
2020-12-31 09:25:02 INFO  ThreadTest:23 - 主线程数据：25
2020-12-31 09:25:02 DEBUG MyThread:50 - 分支线程数据：113
2020-12-31 09:25:02 WARN  MyThread:36 - 分支线程数据：28
2020-12-31 09:25:02 DEBUG MyThread:50 - 分支线程数据：114
2020-12-31 09:25:02 INFO  ThreadTest:23 - 主线程数据：26
2020-12-31 09:25:02 DEBUG MyThread:50 - 分支线程数据：115
2020-12-31 09:25:02 WARN  MyThread:36 - 分支线程数据：29
2020-12-31 09:25:02 DEBUG MyThread:50 - 分支线程数据：116
2020-12-31 09:25:02 INFO  ThreadTest:23 - 主线程数据：27
2020-12-31 09:25:02 DEBUG MyThread:50 - 分支线程数据：117
2020-12-31 09:25:02 WARN  MyThread:36 - 分支线程数据：30
2020-12-31 09:25:02 WARN  MyThread:36 - 分支线程数据：31
2020-12-31 09:25:02 WARN  MyThread:36 - 分支线程数据：32
2020-12-31 09:25:02 DEBUG MyThread:50 - 分支线程数据：118
2020-12-31 09:25:02 DEBUG MyThread:50 - 分支线程数据：119
2020-12-31 09:25:02 DEBUG MyThread:50 - 分支线程数据：120
2020-12-31 09:25:02 DEBUG MyThread:50 - 分支线程数据：121
2020-12-31 09:25:02 DEBUG MyThread:50 - 分支线程数据：122
2020-12-31 09:25:02 DEBUG MyThread:50 - 分支线程数据：123
2020-12-31 09:25:02 DEBUG MyThread:50 - 分支线程数据：124
2020-12-31 09:25:02 INFO  ThreadTest:23 - 主线程数据：28
2020-12-31 09:25:02 INFO  ThreadTest:23 - 主线程数据：29
2020-12-31 09:25:02 INFO  ThreadTest:23 - 主线程数据：30
2020-12-31 09:25:02 INFO  ThreadTest:23 - 主线程数据：31
2020-12-31 09:25:02 INFO  ThreadTest:23 - 主线程数据：32
2020-12-31 09:25:02 INFO  ThreadTest:23 - 主线程数据：33
2020-12-31 09:25:02 INFO  ThreadTest:23 - 主线程数据：34
2020-12-31 09:25:02 INFO  ThreadTest:23 - 主线程数据：35
2020-12-31 09:25:02 INFO  ThreadTest:23 - 主线程数据：36
2020-12-31 09:25:02 INFO  ThreadTest:23 - 主线程数据：37
2020-12-31 09:25:02 INFO  ThreadTest:23 - 主线程数据：38
2020-12-31 09:25:02 INFO  ThreadTest:23 - 主线程数据：39
2020-12-31 09:25:02 INFO  ThreadTest:23 - 主线程数据：40
2020-12-31 09:25:02 DEBUG MyThread:50 - 分支线程数据：125
2020-12-31 09:25:02 WARN  MyThread:36 - 分支线程数据：33
2020-12-31 09:25:02 DEBUG MyThread:50 - 分支线程数据：126
2020-12-31 09:25:02 INFO  ThreadTest:23 - 主线程数据：41
2020-12-31 09:25:02 DEBUG MyThread:50 - 分支线程数据：127
2020-12-31 09:25:02 WARN  MyThread:36 - 分支线程数据：34
2020-12-31 09:25:02 DEBUG MyThread:50 - 分支线程数据：128
2020-12-31 09:25:02 INFO  ThreadTest:23 - 主线程数据：42
2020-12-31 09:25:02 INFO  ThreadTest:23 - 主线程数据：43
2020-12-31 09:25:02 INFO  ThreadTest:23 - 主线程数据：44
2020-12-31 09:25:02 DEBUG MyThread:50 - 分支线程数据：129
2020-12-31 09:25:02 DEBUG MyThread:50 - 分支线程数据：130
2020-12-31 09:25:02 DEBUG MyThread:50 - 分支线程数据：131
2020-12-31 09:25:02 DEBUG MyThread:50 - 分支线程数据：132
2020-12-31 09:25:02 DEBUG MyThread:50 - 分支线程数据：133
2020-12-31 09:25:02 DEBUG MyThread:50 - 分支线程数据：134
2020-12-31 09:25:02 DEBUG MyThread:50 - 分支线程数据：135
2020-12-31 09:25:02 DEBUG MyThread:50 - 分支线程数据：136
2020-12-31 09:25:02 DEBUG MyThread:50 - 分支线程数据：137
2020-12-31 09:25:02 DEBUG MyThread:50 - 分支线程数据：138
2020-12-31 09:25:02 DEBUG MyThread:50 - 分支线程数据：139
2020-12-31 09:25:02 DEBUG MyThread:50 - 分支线程数据：140
2020-12-31 09:25:02 DEBUG MyThread:50 - 分支线程数据：141
2020-12-31 09:25:02 DEBUG MyThread:50 - 分支线程数据：142
2020-12-31 09:25:02 DEBUG MyThread:50 - 分支线程数据：143
2020-12-31 09:25:02 DEBUG MyThread:50 - 分支线程数据：144
2020-12-31 09:25:02 DEBUG MyThread:50 - 分支线程数据：145
2020-12-31 09:25:02 DEBUG MyThread:50 - 分支线程数据：146
2020-12-31 09:25:02 DEBUG MyThread:50 - 分支线程数据：147
2020-12-31 09:25:02 DEBUG MyThread:50 - 分支线程数据：148
2020-12-31 09:25:02 DEBUG MyThread:50 - 分支线程数据：149
2020-12-31 09:25:02 DEBUG MyThread:50 - 分支线程数据：150
2020-12-31 09:25:02 WARN  MyThread:36 - 分支线程数据：35
2020-12-31 09:25:02 DEBUG MyThread:50 - 分支线程数据：151
2020-12-31 09:25:02 INFO  ThreadTest:23 - 主线程数据：45
2020-12-31 09:25:02 DEBUG MyThread:50 - 分支线程数据：152
2020-12-31 09:25:02 WARN  MyThread:36 - 分支线程数据：36
2020-12-31 09:25:02 WARN  MyThread:36 - 分支线程数据：37
2020-12-31 09:25:02 WARN  MyThread:36 - 分支线程数据：38
2020-12-31 09:25:02 DEBUG MyThread:50 - 分支线程数据：153
2020-12-31 09:25:02 INFO  ThreadTest:23 - 主线程数据：46
2020-12-31 09:25:02 DEBUG MyThread:50 - 分支线程数据：154
2020-12-31 09:25:02 WARN  MyThread:36 - 分支线程数据：39
2020-12-31 09:25:02 DEBUG MyThread:50 - 分支线程数据：155
2020-12-31 09:25:02 INFO  ThreadTest:23 - 主线程数据：47
2020-12-31 09:25:02 DEBUG MyThread:50 - 分支线程数据：156
2020-12-31 09:25:02 WARN  MyThread:36 - 分支线程数据：40
2020-12-31 09:25:02 WARN  MyThread:36 - 分支线程数据：41
2020-12-31 09:25:02 WARN  MyThread:36 - 分支线程数据：42
2020-12-31 09:25:02 WARN  MyThread:36 - 分支线程数据：43
2020-12-31 09:25:02 DEBUG MyThread:50 - 分支线程数据：157
2020-12-31 09:25:02 DEBUG MyThread:50 - 分支线程数据：158
2020-12-31 09:25:02 DEBUG MyThread:50 - 分支线程数据：159
2020-12-31 09:25:02 INFO  ThreadTest:23 - 主线程数据：48
2020-12-31 09:25:02 INFO  ThreadTest:23 - 主线程数据：49
2020-12-31 09:25:02 INFO  ThreadTest:23 - 主线程数据：50
2020-12-31 09:25:02 INFO  ThreadTest:23 - 主线程数据：51
2020-12-31 09:25:02 INFO  ThreadTest:23 - 主线程数据：52
2020-12-31 09:25:02 INFO  ThreadTest:23 - 主线程数据：53
2020-12-31 09:25:02 INFO  ThreadTest:23 - 主线程数据：54
2020-12-31 09:25:02 INFO  ThreadTest:23 - 主线程数据：55
2020-12-31 09:25:02 INFO  ThreadTest:23 - 主线程数据：56
2020-12-31 09:25:02 INFO  ThreadTest:23 - 主线程数据：57
2020-12-31 09:25:02 INFO  ThreadTest:23 - 主线程数据：58
2020-12-31 09:25:02 INFO  ThreadTest:23 - 主线程数据：59
2020-12-31 09:25:02 INFO  ThreadTest:23 - 主线程数据：60
2020-12-31 09:25:02 DEBUG MyThread:50 - 分支线程数据：160
2020-12-31 09:25:02 DEBUG MyThread:50 - 分支线程数据：161
2020-12-31 09:25:02 DEBUG MyThread:50 - 分支线程数据：162
2020-12-31 09:25:02 DEBUG MyThread:50 - 分支线程数据：163
2020-12-31 09:25:02 DEBUG MyThread:50 - 分支线程数据：164
2020-12-31 09:25:02 WARN  MyThread:36 - 分支线程数据：44
2020-12-31 09:25:02 DEBUG MyThread:50 - 分支线程数据：165
2020-12-31 09:25:02 INFO  ThreadTest:23 - 主线程数据：61
2020-12-31 09:25:02 INFO  ThreadTest:23 - 主线程数据：62
2020-12-31 09:25:02 DEBUG MyThread:50 - 分支线程数据：166
2020-12-31 09:25:02 WARN  MyThread:36 - 分支线程数据：45
2020-12-31 09:25:02 DEBUG MyThread:50 - 分支线程数据：167
2020-12-31 09:25:02 INFO  ThreadTest:23 - 主线程数据：63
2020-12-31 09:25:02 DEBUG MyThread:50 - 分支线程数据：168
2020-12-31 09:25:02 WARN  MyThread:36 - 分支线程数据：46
2020-12-31 09:25:02 DEBUG MyThread:50 - 分支线程数据：169
2020-12-31 09:25:02 INFO  ThreadTest:23 - 主线程数据：64
2020-12-31 09:25:02 DEBUG MyThread:50 - 分支线程数据：170
2020-12-31 09:25:02 WARN  MyThread:36 - 分支线程数据：47
2020-12-31 09:25:02 WARN  MyThread:36 - 分支线程数据：48
2020-12-31 09:25:02 WARN  MyThread:36 - 分支线程数据：49
2020-12-31 09:25:02 WARN  MyThread:36 - 分支线程数据：50
2020-12-31 09:25:02 DEBUG MyThread:50 - 分支线程数据：171
2020-12-31 09:25:02 DEBUG MyThread:50 - 分支线程数据：172
2020-12-31 09:25:02 DEBUG MyThread:50 - 分支线程数据：173
2020-12-31 09:25:02 INFO  ThreadTest:23 - 主线程数据：65
2020-12-31 09:25:02 INFO  ThreadTest:23 - 主线程数据：66
2020-12-31 09:25:02 INFO  ThreadTest:23 - 主线程数据：67
2020-12-31 09:25:02 INFO  ThreadTest:23 - 主线程数据：68
2020-12-31 09:25:02 INFO  ThreadTest:23 - 主线程数据：69
2020-12-31 09:25:02 DEBUG MyThread:50 - 分支线程数据：174
2020-12-31 09:25:02 WARN  MyThread:36 - 分支线程数据：51
2020-12-31 09:25:02 DEBUG MyThread:50 - 分支线程数据：175
2020-12-31 09:25:02 INFO  ThreadTest:23 - 主线程数据：70
2020-12-31 09:25:02 DEBUG MyThread:50 - 分支线程数据：176
2020-12-31 09:25:02 DEBUG MyThread:50 - 分支线程数据：177
2020-12-31 09:25:02 DEBUG MyThread:50 - 分支线程数据：178
2020-12-31 09:25:02 WARN  MyThread:36 - 分支线程数据：52
2020-12-31 09:25:02 WARN  MyThread:36 - 分支线程数据：53
2020-12-31 09:25:02 WARN  MyThread:36 - 分支线程数据：54
2020-12-31 09:25:02 WARN  MyThread:36 - 分支线程数据：55
2020-12-31 09:25:02 WARN  MyThread:36 - 分支线程数据：56
2020-12-31 09:25:02 DEBUG MyThread:50 - 分支线程数据：179
2020-12-31 09:25:02 INFO  ThreadTest:23 - 主线程数据：71
2020-12-31 09:25:02 DEBUG MyThread:50 - 分支线程数据：180
2020-12-31 09:25:02 WARN  MyThread:36 - 分支线程数据：57
2020-12-31 09:25:02 DEBUG MyThread:50 - 分支线程数据：181
2020-12-31 09:25:02 INFO  ThreadTest:23 - 主线程数据：72
2020-12-31 09:25:02 DEBUG MyThread:50 - 分支线程数据：182
2020-12-31 09:25:02 WARN  MyThread:36 - 分支线程数据：58
2020-12-31 09:25:02 DEBUG MyThread:50 - 分支线程数据：183
2020-12-31 09:25:02 INFO  ThreadTest:23 - 主线程数据：73
2020-12-31 09:25:02 INFO  ThreadTest:23 - 主线程数据：74
2020-12-31 09:25:02 DEBUG MyThread:50 - 分支线程数据：184
2020-12-31 09:25:02 DEBUG MyThread:50 - 分支线程数据：185
2020-12-31 09:25:02 DEBUG MyThread:50 - 分支线程数据：186
2020-12-31 09:25:02 DEBUG MyThread:50 - 分支线程数据：187
2020-12-31 09:25:02 DEBUG MyThread:50 - 分支线程数据：188
2020-12-31 09:25:02 DEBUG MyThread:50 - 分支线程数据：189
2020-12-31 09:25:02 DEBUG MyThread:50 - 分支线程数据：190
2020-12-31 09:25:02 DEBUG MyThread:50 - 分支线程数据：191
2020-12-31 09:25:02 DEBUG MyThread:50 - 分支线程数据：192
2020-12-31 09:25:02 DEBUG MyThread:50 - 分支线程数据：193
2020-12-31 09:25:02 DEBUG MyThread:50 - 分支线程数据：194
2020-12-31 09:25:02 DEBUG MyThread:50 - 分支线程数据：195
2020-12-31 09:25:02 DEBUG MyThread:50 - 分支线程数据：196
2020-12-31 09:25:02 DEBUG MyThread:50 - 分支线程数据：197
2020-12-31 09:25:02 DEBUG MyThread:50 - 分支线程数据：198
2020-12-31 09:25:02 DEBUG MyThread:50 - 分支线程数据：199
2020-12-31 09:25:02 DEBUG MyThread:50 - 分支线程数据：200
2020-12-31 09:25:02 DEBUG MyThread:50 - 分支线程数据：201
2020-12-31 09:25:02 DEBUG MyThread:50 - 分支线程数据：202
2020-12-31 09:25:02 DEBUG MyThread:50 - 分支线程数据：203
2020-12-31 09:25:02 DEBUG MyThread:50 - 分支线程数据：204
2020-12-31 09:25:02 DEBUG MyThread:50 - 分支线程数据：205
2020-12-31 09:25:02 DEBUG MyThread:50 - 分支线程数据：206
2020-12-31 09:25:02 DEBUG MyThread:50 - 分支线程数据：207
2020-12-31 09:25:02 DEBUG MyThread:50 - 分支线程数据：208
2020-12-31 09:25:02 DEBUG MyThread:50 - 分支线程数据：209
2020-12-31 09:25:02 DEBUG MyThread:50 - 分支线程数据：210
2020-12-31 09:25:02 DEBUG MyThread:50 - 分支线程数据：211
2020-12-31 09:25:02 DEBUG MyThread:50 - 分支线程数据：212
2020-12-31 09:25:02 DEBUG MyThread:50 - 分支线程数据：213
2020-12-31 09:25:02 DEBUG MyThread:50 - 分支线程数据：214
2020-12-31 09:25:02 DEBUG MyThread:50 - 分支线程数据：215
2020-12-31 09:25:02 DEBUG MyThread:50 - 分支线程数据：216
2020-12-31 09:25:02 DEBUG MyThread:50 - 分支线程数据：217
2020-12-31 09:25:02 DEBUG MyThread:50 - 分支线程数据：218
2020-12-31 09:25:02 DEBUG MyThread:50 - 分支线程数据：219
2020-12-31 09:25:02 DEBUG MyThread:50 - 分支线程数据：220
2020-12-31 09:25:02 DEBUG MyThread:50 - 分支线程数据：221
2020-12-31 09:25:02 DEBUG MyThread:50 - 分支线程数据：222
2020-12-31 09:25:02 DEBUG MyThread:50 - 分支线程数据：223
2020-12-31 09:25:02 DEBUG MyThread:50 - 分支线程数据：224
2020-12-31 09:25:02 DEBUG MyThread:50 - 分支线程数据：225
2020-12-31 09:25:02 DEBUG MyThread:50 - 分支线程数据：226
2020-12-31 09:25:02 WARN  MyThread:36 - 分支线程数据：59
2020-12-31 09:25:02 DEBUG MyThread:50 - 分支线程数据：227
2020-12-31 09:25:02 INFO  ThreadTest:23 - 主线程数据：75
2020-12-31 09:25:02 DEBUG MyThread:50 - 分支线程数据：228
2020-12-31 09:25:02 WARN  MyThread:36 - 分支线程数据：60
2020-12-31 09:25:02 DEBUG MyThread:50 - 分支线程数据：229
2020-12-31 09:25:02 INFO  ThreadTest:23 - 主线程数据：76
2020-12-31 09:25:02 DEBUG MyThread:50 - 分支线程数据：230
2020-12-31 09:25:02 WARN  MyThread:36 - 分支线程数据：61
2020-12-31 09:25:02 DEBUG MyThread:50 - 分支线程数据：231
2020-12-31 09:25:02 INFO  ThreadTest:23 - 主线程数据：77
2020-12-31 09:25:02 DEBUG MyThread:50 - 分支线程数据：232
2020-12-31 09:25:02 WARN  MyThread:36 - 分支线程数据：62
2020-12-31 09:25:02 WARN  MyThread:36 - 分支线程数据：63
2020-12-31 09:25:02 WARN  MyThread:36 - 分支线程数据：64
2020-12-31 09:25:02 DEBUG MyThread:50 - 分支线程数据：233
2020-12-31 09:25:02 DEBUG MyThread:50 - 分支线程数据：234
2020-12-31 09:25:02 INFO  ThreadTest:23 - 主线程数据：78
2020-12-31 09:25:02 DEBUG MyThread:50 - 分支线程数据：235
2020-12-31 09:25:02 WARN  MyThread:36 - 分支线程数据：65
2020-12-31 09:25:02 DEBUG MyThread:50 - 分支线程数据：236
2020-12-31 09:25:02 INFO  ThreadTest:23 - 主线程数据：79
2020-12-31 09:25:02 INFO  ThreadTest:23 - 主线程数据：80
2020-12-31 09:25:02 DEBUG MyThread:50 - 分支线程数据：237
2020-12-31 09:25:02 DEBUG MyThread:50 - 分支线程数据：238
2020-12-31 09:25:02 DEBUG MyThread:50 - 分支线程数据：239
2020-12-31 09:25:02 DEBUG MyThread:50 - 分支线程数据：240
2020-12-31 09:25:02 DEBUG MyThread:50 - 分支线程数据：241
2020-12-31 09:25:02 DEBUG MyThread:50 - 分支线程数据：242
2020-12-31 09:25:02 DEBUG MyThread:50 - 分支线程数据：243
2020-12-31 09:25:02 DEBUG MyThread:50 - 分支线程数据：244
2020-12-31 09:25:02 DEBUG MyThread:50 - 分支线程数据：245
2020-12-31 09:25:02 DEBUG MyThread:50 - 分支线程数据：246
2020-12-31 09:25:02 DEBUG MyThread:50 - 分支线程数据：247
2020-12-31 09:25:02 DEBUG MyThread:50 - 分支线程数据：248
2020-12-31 09:25:02 DEBUG MyThread:50 - 分支线程数据：249
2020-12-31 09:25:02 DEBUG MyThread:50 - 分支线程数据：250
2020-12-31 09:25:02 DEBUG MyThread:50 - 分支线程数据：251
2020-12-31 09:25:02 DEBUG MyThread:50 - 分支线程数据：252
2020-12-31 09:25:02 DEBUG MyThread:50 - 分支线程数据：253
2020-12-31 09:25:02 DEBUG MyThread:50 - 分支线程数据：254
2020-12-31 09:25:02 DEBUG MyThread:50 - 分支线程数据：255
2020-12-31 09:25:02 DEBUG MyThread:50 - 分支线程数据：256
2020-12-31 09:25:02 DEBUG MyThread:50 - 分支线程数据：257
2020-12-31 09:25:02 DEBUG MyThread:50 - 分支线程数据：258
2020-12-31 09:25:02 DEBUG MyThread:50 - 分支线程数据：259
2020-12-31 09:25:02 DEBUG MyThread:50 - 分支线程数据：260
2020-12-31 09:25:02 DEBUG MyThread:50 - 分支线程数据：261
2020-12-31 09:25:02 DEBUG MyThread:50 - 分支线程数据：262
2020-12-31 09:25:02 DEBUG MyThread:50 - 分支线程数据：263
2020-12-31 09:25:02 DEBUG MyThread:50 - 分支线程数据：264
2020-12-31 09:25:02 DEBUG MyThread:50 - 分支线程数据：265
2020-12-31 09:25:02 DEBUG MyThread:50 - 分支线程数据：266
2020-12-31 09:25:02 DEBUG MyThread:50 - 分支线程数据：267
2020-12-31 09:25:02 DEBUG MyThread:50 - 分支线程数据：268
2020-12-31 09:25:02 DEBUG MyThread:50 - 分支线程数据：269
2020-12-31 09:25:02 DEBUG MyThread:50 - 分支线程数据：270
2020-12-31 09:25:02 DEBUG MyThread:50 - 分支线程数据：271
2020-12-31 09:25:02 DEBUG MyThread:50 - 分支线程数据：272
2020-12-31 09:25:02 DEBUG MyThread:50 - 分支线程数据：273
2020-12-31 09:25:02 DEBUG MyThread:50 - 分支线程数据：274
2020-12-31 09:25:02 DEBUG MyThread:50 - 分支线程数据：275
2020-12-31 09:25:02 DEBUG MyThread:50 - 分支线程数据：276
2020-12-31 09:25:02 DEBUG MyThread:50 - 分支线程数据：277
2020-12-31 09:25:02 DEBUG MyThread:50 - 分支线程数据：278
2020-12-31 09:25:02 DEBUG MyThread:50 - 分支线程数据：279
2020-12-31 09:25:02 DEBUG MyThread:50 - 分支线程数据：280
2020-12-31 09:25:02 DEBUG MyThread:50 - 分支线程数据：281
2020-12-31 09:25:02 DEBUG MyThread:50 - 分支线程数据：282
2020-12-31 09:25:02 DEBUG MyThread:50 - 分支线程数据：283
2020-12-31 09:25:02 DEBUG MyThread:50 - 分支线程数据：284
2020-12-31 09:25:02 DEBUG MyThread:50 - 分支线程数据：285
2020-12-31 09:25:02 DEBUG MyThread:50 - 分支线程数据：286
2020-12-31 09:25:02 DEBUG MyThread:50 - 分支线程数据：287
2020-12-31 09:25:02 DEBUG MyThread:50 - 分支线程数据：288
2020-12-31 09:25:02 DEBUG MyThread:50 - 分支线程数据：289
2020-12-31 09:25:02 DEBUG MyThread:50 - 分支线程数据：290
2020-12-31 09:25:02 DEBUG MyThread:50 - 分支线程数据：291
2020-12-31 09:25:02 DEBUG MyThread:50 - 分支线程数据：292
2020-12-31 09:25:02 DEBUG MyThread:50 - 分支线程数据：293
2020-12-31 09:25:02 DEBUG MyThread:50 - 分支线程数据：294
2020-12-31 09:25:02 DEBUG MyThread:50 - 分支线程数据：295
2020-12-31 09:25:02 DEBUG MyThread:50 - 分支线程数据：296
2020-12-31 09:25:02 DEBUG MyThread:50 - 分支线程数据：297
2020-12-31 09:25:02 DEBUG MyThread:50 - 分支线程数据：298
2020-12-31 09:25:02 DEBUG MyThread:50 - 分支线程数据：299
2020-12-31 09:25:02 DEBUG MyThread:50 - 分支线程数据：300
2020-12-31 09:25:02 DEBUG MyThread:50 - 分支线程数据：301
2020-12-31 09:25:02 DEBUG MyThread:50 - 分支线程数据：302
2020-12-31 09:25:02 DEBUG MyThread:50 - 分支线程数据：303
2020-12-31 09:25:02 DEBUG MyThread:50 - 分支线程数据：304
2020-12-31 09:25:02 DEBUG MyThread:50 - 分支线程数据：305
2020-12-31 09:25:02 DEBUG MyThread:50 - 分支线程数据：306
2020-12-31 09:25:02 DEBUG MyThread:50 - 分支线程数据：307
2020-12-31 09:25:02 DEBUG MyThread:50 - 分支线程数据：308
2020-12-31 09:25:02 DEBUG MyThread:50 - 分支线程数据：309
2020-12-31 09:25:02 DEBUG MyThread:50 - 分支线程数据：310
2020-12-31 09:25:02 DEBUG MyThread:50 - 分支线程数据：311
2020-12-31 09:25:02 DEBUG MyThread:50 - 分支线程数据：312
2020-12-31 09:25:02 DEBUG MyThread:50 - 分支线程数据：313
2020-12-31 09:25:02 DEBUG MyThread:50 - 分支线程数据：314
2020-12-31 09:25:02 DEBUG MyThread:50 - 分支线程数据：315
2020-12-31 09:25:02 DEBUG MyThread:50 - 分支线程数据：316
2020-12-31 09:25:02 DEBUG MyThread:50 - 分支线程数据：317
2020-12-31 09:25:02 DEBUG MyThread:50 - 分支线程数据：318
2020-12-31 09:25:02 DEBUG MyThread:50 - 分支线程数据：319
2020-12-31 09:25:02 DEBUG MyThread:50 - 分支线程数据：320
2020-12-31 09:25:02 DEBUG MyThread:50 - 分支线程数据：321
2020-12-31 09:25:02 DEBUG MyThread:50 - 分支线程数据：322
2020-12-31 09:25:02 DEBUG MyThread:50 - 分支线程数据：323
2020-12-31 09:25:02 DEBUG MyThread:50 - 分支线程数据：324
2020-12-31 09:25:02 DEBUG MyThread:50 - 分支线程数据：325
2020-12-31 09:25:02 DEBUG MyThread:50 - 分支线程数据：326
2020-12-31 09:25:02 DEBUG MyThread:50 - 分支线程数据：327
2020-12-31 09:25:02 DEBUG MyThread:50 - 分支线程数据：328
2020-12-31 09:25:02 DEBUG MyThread:50 - 分支线程数据：329
2020-12-31 09:25:02 DEBUG MyThread:50 - 分支线程数据：330
2020-12-31 09:25:02 DEBUG MyThread:50 - 分支线程数据：331
2020-12-31 09:25:02 DEBUG MyThread:50 - 分支线程数据：332
2020-12-31 09:25:02 DEBUG MyThread:50 - 分支线程数据：333
2020-12-31 09:25:02 DEBUG MyThread:50 - 分支线程数据：334
2020-12-31 09:25:02 DEBUG MyThread:50 - 分支线程数据：335
2020-12-31 09:25:02 DEBUG MyThread:50 - 分支线程数据：336
2020-12-31 09:25:02 DEBUG MyThread:50 - 分支线程数据：337
2020-12-31 09:25:02 DEBUG MyThread:50 - 分支线程数据：338
2020-12-31 09:25:02 DEBUG MyThread:50 - 分支线程数据：339
2020-12-31 09:25:02 DEBUG MyThread:50 - 分支线程数据：340
2020-12-31 09:25:02 DEBUG MyThread:50 - 分支线程数据：341
2020-12-31 09:25:02 DEBUG MyThread:50 - 分支线程数据：342
2020-12-31 09:25:02 DEBUG MyThread:50 - 分支线程数据：343
2020-12-31 09:25:02 DEBUG MyThread:50 - 分支线程数据：344
2020-12-31 09:25:02 DEBUG MyThread:50 - 分支线程数据：345
2020-12-31 09:25:02 DEBUG MyThread:50 - 分支线程数据：346
2020-12-31 09:25:02 DEBUG MyThread:50 - 分支线程数据：347
2020-12-31 09:25:02 DEBUG MyThread:50 - 分支线程数据：348
2020-12-31 09:25:02 DEBUG MyThread:50 - 分支线程数据：349
2020-12-31 09:25:02 DEBUG MyThread:50 - 分支线程数据：350
2020-12-31 09:25:02 DEBUG MyThread:50 - 分支线程数据：351
2020-12-31 09:25:02 DEBUG MyThread:50 - 分支线程数据：352
2020-12-31 09:25:02 DEBUG MyThread:50 - 分支线程数据：353
2020-12-31 09:25:02 DEBUG MyThread:50 - 分支线程数据：354
2020-12-31 09:25:02 DEBUG MyThread:50 - 分支线程数据：355
2020-12-31 09:25:02 DEBUG MyThread:50 - 分支线程数据：356
2020-12-31 09:25:02 DEBUG MyThread:50 - 分支线程数据：357
2020-12-31 09:25:02 DEBUG MyThread:50 - 分支线程数据：358
2020-12-31 09:25:02 DEBUG MyThread:50 - 分支线程数据：359
2020-12-31 09:25:02 DEBUG MyThread:50 - 分支线程数据：360
2020-12-31 09:25:02 DEBUG MyThread:50 - 分支线程数据：361
2020-12-31 09:25:02 DEBUG MyThread:50 - 分支线程数据：362
2020-12-31 09:25:02 DEBUG MyThread:50 - 分支线程数据：363
2020-12-31 09:25:02 DEBUG MyThread:50 - 分支线程数据：364
2020-12-31 09:25:02 DEBUG MyThread:50 - 分支线程数据：365
2020-12-31 09:25:02 DEBUG MyThread:50 - 分支线程数据：366
2020-12-31 09:25:02 DEBUG MyThread:50 - 分支线程数据：367
2020-12-31 09:25:02 DEBUG MyThread:50 - 分支线程数据：368
2020-12-31 09:25:02 DEBUG MyThread:50 - 分支线程数据：369
2020-12-31 09:25:02 DEBUG MyThread:50 - 分支线程数据：370
2020-12-31 09:25:02 DEBUG MyThread:50 - 分支线程数据：371
2020-12-31 09:25:02 DEBUG MyThread:50 - 分支线程数据：372
2020-12-31 09:25:02 WARN  MyThread:36 - 分支线程数据：66
2020-12-31 09:25:02 WARN  MyThread:36 - 分支线程数据：67
2020-12-31 09:25:02 WARN  MyThread:36 - 分支线程数据：68
2020-12-31 09:25:02 WARN  MyThread:36 - 分支线程数据：69
2020-12-31 09:25:02 WARN  MyThread:36 - 分支线程数据：70
2020-12-31 09:25:02 WARN  MyThread:36 - 分支线程数据：71
2020-12-31 09:25:02 WARN  MyThread:36 - 分支线程数据：72
2020-12-31 09:25:02 WARN  MyThread:36 - 分支线程数据：73
2020-12-31 09:25:02 WARN  MyThread:36 - 分支线程数据：74
2020-12-31 09:25:02 WARN  MyThread:36 - 分支线程数据：75
2020-12-31 09:25:02 WARN  MyThread:36 - 分支线程数据：76
2020-12-31 09:25:02 WARN  MyThread:36 - 分支线程数据：77
2020-12-31 09:25:02 WARN  MyThread:36 - 分支线程数据：78
2020-12-31 09:25:02 WARN  MyThread:36 - 分支线程数据：79
2020-12-31 09:25:02 WARN  MyThread:36 - 分支线程数据：80
2020-12-31 09:25:02 WARN  MyThread:36 - 分支线程数据：81
2020-12-31 09:25:02 WARN  MyThread:36 - 分支线程数据：82
2020-12-31 09:25:02 WARN  MyThread:36 - 分支线程数据：83
2020-12-31 09:25:02 WARN  MyThread:36 - 分支线程数据：84
2020-12-31 09:25:02 WARN  MyThread:36 - 分支线程数据：85
2020-12-31 09:25:02 WARN  MyThread:36 - 分支线程数据：86
2020-12-31 09:25:02 WARN  MyThread:36 - 分支线程数据：87
2020-12-31 09:25:02 WARN  MyThread:36 - 分支线程数据：88
2020-12-31 09:25:02 WARN  MyThread:36 - 分支线程数据：89
2020-12-31 09:25:02 WARN  MyThread:36 - 分支线程数据：90
2020-12-31 09:25:02 WARN  MyThread:36 - 分支线程数据：91
2020-12-31 09:25:02 WARN  MyThread:36 - 分支线程数据：92
2020-12-31 09:25:02 WARN  MyThread:36 - 分支线程数据：93
2020-12-31 09:25:02 WARN  MyThread:36 - 分支线程数据：94
2020-12-31 09:25:02 WARN  MyThread:36 - 分支线程数据：95
2020-12-31 09:25:02 WARN  MyThread:36 - 分支线程数据：96
2020-12-31 09:25:02 WARN  MyThread:36 - 分支线程数据：97
2020-12-31 09:25:02 WARN  MyThread:36 - 分支线程数据：98
2020-12-31 09:25:02 WARN  MyThread:36 - 分支线程数据：99
2020-12-31 09:25:02 WARN  MyThread:36 - 分支线程数据：100
2020-12-31 09:25:02 WARN  MyThread:36 - 分支线程数据：101
2020-12-31 09:25:02 WARN  MyThread:36 - 分支线程数据：102
2020-12-31 09:25:02 WARN  MyThread:36 - 分支线程数据：103
2020-12-31 09:25:02 WARN  MyThread:36 - 分支线程数据：104
2020-12-31 09:25:02 WARN  MyThread:36 - 分支线程数据：105
2020-12-31 09:25:02 WARN  MyThread:36 - 分支线程数据：106
2020-12-31 09:25:02 WARN  MyThread:36 - 分支线程数据：107
2020-12-31 09:25:02 WARN  MyThread:36 - 分支线程数据：108
2020-12-31 09:25:02 WARN  MyThread:36 - 分支线程数据：109
2020-12-31 09:25:02 WARN  MyThread:36 - 分支线程数据：110
2020-12-31 09:25:02 WARN  MyThread:36 - 分支线程数据：111
2020-12-31 09:25:02 WARN  MyThread:36 - 分支线程数据：112
2020-12-31 09:25:02 WARN  MyThread:36 - 分支线程数据：113
2020-12-31 09:25:02 WARN  MyThread:36 - 分支线程数据：114
2020-12-31 09:25:02 WARN  MyThread:36 - 分支线程数据：115
2020-12-31 09:25:02 WARN  MyThread:36 - 分支线程数据：116
2020-12-31 09:25:02 WARN  MyThread:36 - 分支线程数据：117
2020-12-31 09:25:02 WARN  MyThread:36 - 分支线程数据：118
2020-12-31 09:25:02 WARN  MyThread:36 - 分支线程数据：119
2020-12-31 09:25:02 WARN  MyThread:36 - 分支线程数据：120
2020-12-31 09:25:02 WARN  MyThread:36 - 分支线程数据：121
2020-12-31 09:25:02 WARN  MyThread:36 - 分支线程数据：122
2020-12-31 09:25:02 WARN  MyThread:36 - 分支线程数据：123
2020-12-31 09:25:02 WARN  MyThread:36 - 分支线程数据：124
2020-12-31 09:25:02 WARN  MyThread:36 - 分支线程数据：125
2020-12-31 09:25:02 WARN  MyThread:36 - 分支线程数据：126
2020-12-31 09:25:02 WARN  MyThread:36 - 分支线程数据：127
2020-12-31 09:25:02 WARN  MyThread:36 - 分支线程数据：128
2020-12-31 09:25:02 WARN  MyThread:36 - 分支线程数据：129
2020-12-31 09:25:02 WARN  MyThread:36 - 分支线程数据：130
2020-12-31 09:25:02 WARN  MyThread:36 - 分支线程数据：131
2020-12-31 09:25:02 WARN  MyThread:36 - 分支线程数据：132
2020-12-31 09:25:02 WARN  MyThread:36 - 分支线程数据：133
2020-12-31 09:25:02 WARN  MyThread:36 - 分支线程数据：134
2020-12-31 09:25:02 WARN  MyThread:36 - 分支线程数据：135
2020-12-31 09:25:02 WARN  MyThread:36 - 分支线程数据：136
2020-12-31 09:25:02 WARN  MyThread:36 - 分支线程数据：137
2020-12-31 09:25:02 WARN  MyThread:36 - 分支线程数据：138
2020-12-31 09:25:02 WARN  MyThread:36 - 分支线程数据：139
2020-12-31 09:25:02 WARN  MyThread:36 - 分支线程数据：140
2020-12-31 09:25:02 WARN  MyThread:36 - 分支线程数据：141
2020-12-31 09:25:02 WARN  MyThread:36 - 分支线程数据：142
2020-12-31 09:25:02 WARN  MyThread:36 - 分支线程数据：143
2020-12-31 09:25:02 WARN  MyThread:36 - 分支线程数据：144
2020-12-31 09:25:02 WARN  MyThread:36 - 分支线程数据：145
2020-12-31 09:25:02 WARN  MyThread:36 - 分支线程数据：146
2020-12-31 09:25:02 WARN  MyThread:36 - 分支线程数据：147
2020-12-31 09:25:02 WARN  MyThread:36 - 分支线程数据：148
2020-12-31 09:25:02 WARN  MyThread:36 - 分支线程数据：149
2020-12-31 09:25:02 WARN  MyThread:36 - 分支线程数据：150
2020-12-31 09:25:02 WARN  MyThread:36 - 分支线程数据：151
2020-12-31 09:25:02 WARN  MyThread:36 - 分支线程数据：152
2020-12-31 09:25:02 WARN  MyThread:36 - 分支线程数据：153
2020-12-31 09:25:02 WARN  MyThread:36 - 分支线程数据：154
2020-12-31 09:25:02 WARN  MyThread:36 - 分支线程数据：155
2020-12-31 09:25:02 WARN  MyThread:36 - 分支线程数据：156
2020-12-31 09:25:02 WARN  MyThread:36 - 分支线程数据：157
2020-12-31 09:25:02 WARN  MyThread:36 - 分支线程数据：158
2020-12-31 09:25:02 WARN  MyThread:36 - 分支线程数据：159
2020-12-31 09:25:02 WARN  MyThread:36 - 分支线程数据：160
2020-12-31 09:25:02 WARN  MyThread:36 - 分支线程数据：161
2020-12-31 09:25:02 WARN  MyThread:36 - 分支线程数据：162
2020-12-31 09:25:02 WARN  MyThread:36 - 分支线程数据：163
2020-12-31 09:25:02 WARN  MyThread:36 - 分支线程数据：164
2020-12-31 09:25:02 WARN  MyThread:36 - 分支线程数据：165
2020-12-31 09:25:02 WARN  MyThread:36 - 分支线程数据：166
2020-12-31 09:25:02 WARN  MyThread:36 - 分支线程数据：167
2020-12-31 09:25:02 WARN  MyThread:36 - 分支线程数据：168
2020-12-31 09:25:02 WARN  MyThread:36 - 分支线程数据：169
2020-12-31 09:25:02 WARN  MyThread:36 - 分支线程数据：170
2020-12-31 09:25:02 WARN  MyThread:36 - 分支线程数据：171
2020-12-31 09:25:02 WARN  MyThread:36 - 分支线程数据：172
2020-12-31 09:25:02 WARN  MyThread:36 - 分支线程数据：173
2020-12-31 09:25:02 WARN  MyThread:36 - 分支线程数据：174
2020-12-31 09:25:02 WARN  MyThread:36 - 分支线程数据：175
2020-12-31 09:25:02 WARN  MyThread:36 - 分支线程数据：176
2020-12-31 09:25:02 WARN  MyThread:36 - 分支线程数据：177
2020-12-31 09:25:02 WARN  MyThread:36 - 分支线程数据：178
2020-12-31 09:25:02 WARN  MyThread:36 - 分支线程数据：179
2020-12-31 09:25:02 WARN  MyThread:36 - 分支线程数据：180
2020-12-31 09:25:02 WARN  MyThread:36 - 分支线程数据：181
2020-12-31 09:25:02 WARN  MyThread:36 - 分支线程数据：182
2020-12-31 09:25:02 WARN  MyThread:36 - 分支线程数据：183
2020-12-31 09:25:02 WARN  MyThread:36 - 分支线程数据：184
2020-12-31 09:25:02 WARN  MyThread:36 - 分支线程数据：185
2020-12-31 09:25:02 WARN  MyThread:36 - 分支线程数据：186
2020-12-31 09:25:02 WARN  MyThread:36 - 分支线程数据：187
2020-12-31 09:25:02 WARN  MyThread:36 - 分支线程数据：188
2020-12-31 09:25:02 WARN  MyThread:36 - 分支线程数据：189
2020-12-31 09:25:02 WARN  MyThread:36 - 分支线程数据：190
2020-12-31 09:25:02 WARN  MyThread:36 - 分支线程数据：191
2020-12-31 09:25:02 WARN  MyThread:36 - 分支线程数据：192
2020-12-31 09:25:02 WARN  MyThread:36 - 分支线程数据：193
2020-12-31 09:25:02 WARN  MyThread:36 - 分支线程数据：194
2020-12-31 09:25:02 WARN  MyThread:36 - 分支线程数据：195
2020-12-31 09:25:02 WARN  MyThread:36 - 分支线程数据：196
2020-12-31 09:25:02 WARN  MyThread:36 - 分支线程数据：197
2020-12-31 09:25:02 WARN  MyThread:36 - 分支线程数据：198
2020-12-31 09:25:02 WARN  MyThread:36 - 分支线程数据：199
2020-12-31 09:25:02 WARN  MyThread:36 - 分支线程数据：200
2020-12-31 09:25:02 WARN  MyThread:36 - 分支线程数据：201
2020-12-31 09:25:02 WARN  MyThread:36 - 分支线程数据：202
2020-12-31 09:25:02 WARN  MyThread:36 - 分支线程数据：203
2020-12-31 09:25:02 WARN  MyThread:36 - 分支线程数据：204
2020-12-31 09:25:02 WARN  MyThread:36 - 分支线程数据：205
2020-12-31 09:25:02 WARN  MyThread:36 - 分支线程数据：206
2020-12-31 09:25:02 WARN  MyThread:36 - 分支线程数据：207
2020-12-31 09:25:02 WARN  MyThread:36 - 分支线程数据：208
2020-12-31 09:25:02 WARN  MyThread:36 - 分支线程数据：209
2020-12-31 09:25:02 WARN  MyThread:36 - 分支线程数据：210
2020-12-31 09:25:02 WARN  MyThread:36 - 分支线程数据：211
2020-12-31 09:25:02 WARN  MyThread:36 - 分支线程数据：212
2020-12-31 09:25:02 WARN  MyThread:36 - 分支线程数据：213
2020-12-31 09:25:02 WARN  MyThread:36 - 分支线程数据：214
2020-12-31 09:25:02 WARN  MyThread:36 - 分支线程数据：215
2020-12-31 09:25:02 WARN  MyThread:36 - 分支线程数据：216
2020-12-31 09:25:02 WARN  MyThread:36 - 分支线程数据：217
2020-12-31 09:25:02 WARN  MyThread:36 - 分支线程数据：218
2020-12-31 09:25:02 WARN  MyThread:36 - 分支线程数据：219
2020-12-31 09:25:02 WARN  MyThread:36 - 分支线程数据：220
2020-12-31 09:25:02 WARN  MyThread:36 - 分支线程数据：221
2020-12-31 09:25:02 WARN  MyThread:36 - 分支线程数据：222
2020-12-31 09:25:02 WARN  MyThread:36 - 分支线程数据：223
2020-12-31 09:25:02 WARN  MyThread:36 - 分支线程数据：224
2020-12-31 09:25:02 WARN  MyThread:36 - 分支线程数据：225
2020-12-31 09:25:02 WARN  MyThread:36 - 分支线程数据：226
2020-12-31 09:25:02 WARN  MyThread:36 - 分支线程数据：227
2020-12-31 09:25:02 WARN  MyThread:36 - 分支线程数据：228
2020-12-31 09:25:02 WARN  MyThread:36 - 分支线程数据：229
2020-12-31 09:25:02 WARN  MyThread:36 - 分支线程数据：230
2020-12-31 09:25:02 WARN  MyThread:36 - 分支线程数据：231
2020-12-31 09:25:02 WARN  MyThread:36 - 分支线程数据：232
2020-12-31 09:25:02 WARN  MyThread:36 - 分支线程数据：233
2020-12-31 09:25:02 WARN  MyThread:36 - 分支线程数据：234
2020-12-31 09:25:02 WARN  MyThread:36 - 分支线程数据：235
2020-12-31 09:25:02 DEBUG MyThread:50 - 分支线程数据：373
2020-12-31 09:25:02 INFO  ThreadTest:23 - 主线程数据：81
2020-12-31 09:25:02 INFO  ThreadTest:23 - 主线程数据：82
2020-12-31 09:25:02 INFO  ThreadTest:23 - 主线程数据：83
2020-12-31 09:25:02 INFO  ThreadTest:23 - 主线程数据：84
2020-12-31 09:25:02 INFO  ThreadTest:23 - 主线程数据：85
2020-12-31 09:25:02 INFO  ThreadTest:23 - 主线程数据：86
2020-12-31 09:25:02 INFO  ThreadTest:23 - 主线程数据：87
2020-12-31 09:25:02 DEBUG MyThread:50 - 分支线程数据：374
2020-12-31 09:25:02 DEBUG MyThread:50 - 分支线程数据：375
2020-12-31 09:25:02 DEBUG MyThread:50 - 分支线程数据：376
2020-12-31 09:25:02 DEBUG MyThread:50 - 分支线程数据：377
2020-12-31 09:25:02 DEBUG MyThread:50 - 分支线程数据：378
2020-12-31 09:25:02 DEBUG MyThread:50 - 分支线程数据：379
2020-12-31 09:25:02 DEBUG MyThread:50 - 分支线程数据：380
2020-12-31 09:25:02 DEBUG MyThread:50 - 分支线程数据：381
2020-12-31 09:25:02 DEBUG MyThread:50 - 分支线程数据：382
2020-12-31 09:25:02 DEBUG MyThread:50 - 分支线程数据：383
2020-12-31 09:25:02 DEBUG MyThread:50 - 分支线程数据：384
2020-12-31 09:25:02 DEBUG MyThread:50 - 分支线程数据：385
2020-12-31 09:25:02 DEBUG MyThread:50 - 分支线程数据：386
2020-12-31 09:25:02 DEBUG MyThread:50 - 分支线程数据：387
2020-12-31 09:25:02 DEBUG MyThread:50 - 分支线程数据：388
2020-12-31 09:25:02 DEBUG MyThread:50 - 分支线程数据：389
2020-12-31 09:25:02 DEBUG MyThread:50 - 分支线程数据：390
2020-12-31 09:25:02 DEBUG MyThread:50 - 分支线程数据：391
2020-12-31 09:25:02 DEBUG MyThread:50 - 分支线程数据：392
2020-12-31 09:25:02 DEBUG MyThread:50 - 分支线程数据：393
2020-12-31 09:25:02 DEBUG MyThread:50 - 分支线程数据：394
2020-12-31 09:25:02 DEBUG MyThread:50 - 分支线程数据：395
2020-12-31 09:25:02 DEBUG MyThread:50 - 分支线程数据：396
2020-12-31 09:25:02 DEBUG MyThread:50 - 分支线程数据：397
2020-12-31 09:25:02 DEBUG MyThread:50 - 分支线程数据：398
2020-12-31 09:25:02 DEBUG MyThread:50 - 分支线程数据：399
2020-12-31 09:25:02 DEBUG MyThread:50 - 分支线程数据：400
2020-12-31 09:25:02 DEBUG MyThread:50 - 分支线程数据：401
2020-12-31 09:25:02 DEBUG MyThread:50 - 分支线程数据：402
2020-12-31 09:25:02 DEBUG MyThread:50 - 分支线程数据：403
2020-12-31 09:25:02 DEBUG MyThread:50 - 分支线程数据：404
2020-12-31 09:25:02 DEBUG MyThread:50 - 分支线程数据：405
2020-12-31 09:25:02 DEBUG MyThread:50 - 分支线程数据：406
2020-12-31 09:25:02 DEBUG MyThread:50 - 分支线程数据：407
2020-12-31 09:25:02 DEBUG MyThread:50 - 分支线程数据：408
2020-12-31 09:25:02 DEBUG MyThread:50 - 分支线程数据：409
2020-12-31 09:25:02 DEBUG MyThread:50 - 分支线程数据：410
2020-12-31 09:25:02 DEBUG MyThread:50 - 分支线程数据：411
2020-12-31 09:25:02 DEBUG MyThread:50 - 分支线程数据：412
2020-12-31 09:25:02 DEBUG MyThread:50 - 分支线程数据：413
2020-12-31 09:25:02 DEBUG MyThread:50 - 分支线程数据：414
2020-12-31 09:25:02 DEBUG MyThread:50 - 分支线程数据：415
2020-12-31 09:25:02 DEBUG MyThread:50 - 分支线程数据：416
2020-12-31 09:25:02 DEBUG MyThread:50 - 分支线程数据：417
2020-12-31 09:25:02 DEBUG MyThread:50 - 分支线程数据：418
2020-12-31 09:25:02 DEBUG MyThread:50 - 分支线程数据：419
2020-12-31 09:25:02 DEBUG MyThread:50 - 分支线程数据：420
2020-12-31 09:25:02 DEBUG MyThread:50 - 分支线程数据：421
2020-12-31 09:25:02 DEBUG MyThread:50 - 分支线程数据：422
2020-12-31 09:25:02 DEBUG MyThread:50 - 分支线程数据：423
2020-12-31 09:25:02 DEBUG MyThread:50 - 分支线程数据：424
2020-12-31 09:25:02 DEBUG MyThread:50 - 分支线程数据：425
2020-12-31 09:25:02 DEBUG MyThread:50 - 分支线程数据：426
2020-12-31 09:25:02 DEBUG MyThread:50 - 分支线程数据：427
2020-12-31 09:25:02 DEBUG MyThread:50 - 分支线程数据：428
2020-12-31 09:25:02 DEBUG MyThread:50 - 分支线程数据：429
2020-12-31 09:25:02 DEBUG MyThread:50 - 分支线程数据：430
2020-12-31 09:25:02 DEBUG MyThread:50 - 分支线程数据：431
2020-12-31 09:25:02 DEBUG MyThread:50 - 分支线程数据：432
2020-12-31 09:25:02 DEBUG MyThread:50 - 分支线程数据：433
2020-12-31 09:25:02 DEBUG MyThread:50 - 分支线程数据：434
2020-12-31 09:25:02 DEBUG MyThread:50 - 分支线程数据：435
2020-12-31 09:25:02 DEBUG MyThread:50 - 分支线程数据：436
2020-12-31 09:25:02 DEBUG MyThread:50 - 分支线程数据：437
2020-12-31 09:25:02 DEBUG MyThread:50 - 分支线程数据：438
2020-12-31 09:25:02 DEBUG MyThread:50 - 分支线程数据：439
2020-12-31 09:25:02 DEBUG MyThread:50 - 分支线程数据：440
2020-12-31 09:25:02 DEBUG MyThread:50 - 分支线程数据：441
2020-12-31 09:25:02 DEBUG MyThread:50 - 分支线程数据：442
2020-12-31 09:25:02 DEBUG MyThread:50 - 分支线程数据：443
2020-12-31 09:25:02 DEBUG MyThread:50 - 分支线程数据：444
2020-12-31 09:25:02 DEBUG MyThread:50 - 分支线程数据：445
2020-12-31 09:25:02 DEBUG MyThread:50 - 分支线程数据：446
2020-12-31 09:25:02 DEBUG MyThread:50 - 分支线程数据：447
2020-12-31 09:25:02 DEBUG MyThread:50 - 分支线程数据：448
2020-12-31 09:25:02 DEBUG MyThread:50 - 分支线程数据：449
2020-12-31 09:25:02 DEBUG MyThread:50 - 分支线程数据：450
2020-12-31 09:25:02 DEBUG MyThread:50 - 分支线程数据：451
2020-12-31 09:25:02 DEBUG MyThread:50 - 分支线程数据：452
2020-12-31 09:25:02 DEBUG MyThread:50 - 分支线程数据：453
2020-12-31 09:25:02 DEBUG MyThread:50 - 分支线程数据：454
2020-12-31 09:25:02 DEBUG MyThread:50 - 分支线程数据：455
2020-12-31 09:25:02 DEBUG MyThread:50 - 分支线程数据：456
2020-12-31 09:25:02 DEBUG MyThread:50 - 分支线程数据：457
2020-12-31 09:25:02 DEBUG MyThread:50 - 分支线程数据：458
2020-12-31 09:25:02 DEBUG MyThread:50 - 分支线程数据：459
2020-12-31 09:25:02 DEBUG MyThread:50 - 分支线程数据：460
2020-12-31 09:25:02 DEBUG MyThread:50 - 分支线程数据：461
2020-12-31 09:25:02 DEBUG MyThread:50 - 分支线程数据：462
2020-12-31 09:25:02 DEBUG MyThread:50 - 分支线程数据：463
2020-12-31 09:25:02 DEBUG MyThread:50 - 分支线程数据：464
2020-12-31 09:25:02 DEBUG MyThread:50 - 分支线程数据：465
2020-12-31 09:25:02 DEBUG MyThread:50 - 分支线程数据：466
2020-12-31 09:25:02 DEBUG MyThread:50 - 分支线程数据：467
2020-12-31 09:25:02 DEBUG MyThread:50 - 分支线程数据：468
2020-12-31 09:25:02 DEBUG MyThread:50 - 分支线程数据：469
2020-12-31 09:25:02 DEBUG MyThread:50 - 分支线程数据：470
2020-12-31 09:25:02 DEBUG MyThread:50 - 分支线程数据：471
2020-12-31 09:25:02 DEBUG MyThread:50 - 分支线程数据：472
2020-12-31 09:25:02 DEBUG MyThread:50 - 分支线程数据：473
2020-12-31 09:25:02 DEBUG MyThread:50 - 分支线程数据：474
2020-12-31 09:25:02 DEBUG MyThread:50 - 分支线程数据：475
2020-12-31 09:25:02 DEBUG MyThread:50 - 分支线程数据：476
2020-12-31 09:25:02 DEBUG MyThread:50 - 分支线程数据：477
2020-12-31 09:25:02 DEBUG MyThread:50 - 分支线程数据：478
2020-12-31 09:25:02 DEBUG MyThread:50 - 分支线程数据：479
2020-12-31 09:25:02 DEBUG MyThread:50 - 分支线程数据：480
2020-12-31 09:25:02 DEBUG MyThread:50 - 分支线程数据：481
2020-12-31 09:25:02 DEBUG MyThread:50 - 分支线程数据：482
2020-12-31 09:25:02 DEBUG MyThread:50 - 分支线程数据：483
2020-12-31 09:25:02 DEBUG MyThread:50 - 分支线程数据：484
2020-12-31 09:25:02 DEBUG MyThread:50 - 分支线程数据：485
2020-12-31 09:25:02 DEBUG MyThread:50 - 分支线程数据：486
2020-12-31 09:25:02 DEBUG MyThread:50 - 分支线程数据：487
2020-12-31 09:25:02 WARN  MyThread:36 - 分支线程数据：236
2020-12-31 09:25:02 DEBUG MyThread:50 - 分支线程数据：488
2020-12-31 09:25:02 DEBUG MyThread:50 - 分支线程数据：489
2020-12-31 09:25:02 DEBUG MyThread:50 - 分支线程数据：490
2020-12-31 09:25:02 DEBUG MyThread:50 - 分支线程数据：491
2020-12-31 09:25:02 DEBUG MyThread:50 - 分支线程数据：492
2020-12-31 09:25:02 DEBUG MyThread:50 - 分支线程数据：493
2020-12-31 09:25:02 DEBUG MyThread:50 - 分支线程数据：494
2020-12-31 09:25:02 DEBUG MyThread:50 - 分支线程数据：495
2020-12-31 09:25:02 DEBUG MyThread:50 - 分支线程数据：496
2020-12-31 09:25:02 INFO  ThreadTest:23 - 主线程数据：88
2020-12-31 09:25:02 DEBUG MyThread:50 - 分支线程数据：497
2020-12-31 09:25:02 DEBUG MyThread:50 - 分支线程数据：498
2020-12-31 09:25:02 DEBUG MyThread:50 - 分支线程数据：499
2020-12-31 09:25:02 DEBUG MyThread:50 - 分支线程数据：500
2020-12-31 09:25:02 DEBUG MyThread:50 - 分支线程数据：501
2020-12-31 09:25:02 DEBUG MyThread:50 - 分支线程数据：502
2020-12-31 09:25:02 DEBUG MyThread:50 - 分支线程数据：503
2020-12-31 09:25:02 DEBUG MyThread:50 - 分支线程数据：504
2020-12-31 09:25:02 DEBUG MyThread:50 - 分支线程数据：505
2020-12-31 09:25:02 DEBUG MyThread:50 - 分支线程数据：506
2020-12-31 09:25:02 DEBUG MyThread:50 - 分支线程数据：507
2020-12-31 09:25:02 DEBUG MyThread:50 - 分支线程数据：508
2020-12-31 09:25:02 DEBUG MyThread:50 - 分支线程数据：509
2020-12-31 09:25:02 DEBUG MyThread:50 - 分支线程数据：510
2020-12-31 09:25:02 DEBUG MyThread:50 - 分支线程数据：511
2020-12-31 09:25:02 DEBUG MyThread:50 - 分支线程数据：512
2020-12-31 09:25:02 DEBUG MyThread:50 - 分支线程数据：513
2020-12-31 09:25:02 DEBUG MyThread:50 - 分支线程数据：514
2020-12-31 09:25:02 DEBUG MyThread:50 - 分支线程数据：515
2020-12-31 09:25:02 DEBUG MyThread:50 - 分支线程数据：516
2020-12-31 09:25:02 DEBUG MyThread:50 - 分支线程数据：517
2020-12-31 09:25:02 DEBUG MyThread:50 - 分支线程数据：518
2020-12-31 09:25:02 DEBUG MyThread:50 - 分支线程数据：519
2020-12-31 09:25:02 DEBUG MyThread:50 - 分支线程数据：520
2020-12-31 09:25:02 DEBUG MyThread:50 - 分支线程数据：521
2020-12-31 09:25:02 DEBUG MyThread:50 - 分支线程数据：522
2020-12-31 09:25:02 DEBUG MyThread:50 - 分支线程数据：523
2020-12-31 09:25:02 DEBUG MyThread:50 - 分支线程数据：524
2020-12-31 09:25:02 DEBUG MyThread:50 - 分支线程数据：525
2020-12-31 09:25:02 DEBUG MyThread:50 - 分支线程数据：526
2020-12-31 09:25:02 DEBUG MyThread:50 - 分支线程数据：527
2020-12-31 09:25:02 DEBUG MyThread:50 - 分支线程数据：528
2020-12-31 09:25:02 DEBUG MyThread:50 - 分支线程数据：529
2020-12-31 09:25:02 DEBUG MyThread:50 - 分支线程数据：530
2020-12-31 09:25:02 DEBUG MyThread:50 - 分支线程数据：531
2020-12-31 09:25:02 DEBUG MyThread:50 - 分支线程数据：532
2020-12-31 09:25:02 DEBUG MyThread:50 - 分支线程数据：533
2020-12-31 09:25:02 DEBUG MyThread:50 - 分支线程数据：534
2020-12-31 09:25:02 DEBUG MyThread:50 - 分支线程数据：535
2020-12-31 09:25:02 DEBUG MyThread:50 - 分支线程数据：536
2020-12-31 09:25:02 DEBUG MyThread:50 - 分支线程数据：537
2020-12-31 09:25:02 DEBUG MyThread:50 - 分支线程数据：538
2020-12-31 09:25:02 DEBUG MyThread:50 - 分支线程数据：539
2020-12-31 09:25:02 DEBUG MyThread:50 - 分支线程数据：540
2020-12-31 09:25:02 DEBUG MyThread:50 - 分支线程数据：541
2020-12-31 09:25:02 DEBUG MyThread:50 - 分支线程数据：542
2020-12-31 09:25:02 DEBUG MyThread:50 - 分支线程数据：543
2020-12-31 09:25:02 DEBUG MyThread:50 - 分支线程数据：544
2020-12-31 09:25:02 DEBUG MyThread:50 - 分支线程数据：545
2020-12-31 09:25:02 DEBUG MyThread:50 - 分支线程数据：546
2020-12-31 09:25:02 DEBUG MyThread:50 - 分支线程数据：547
2020-12-31 09:25:02 DEBUG MyThread:50 - 分支线程数据：548
2020-12-31 09:25:02 DEBUG MyThread:50 - 分支线程数据：549
2020-12-31 09:25:02 DEBUG MyThread:50 - 分支线程数据：550
2020-12-31 09:25:02 DEBUG MyThread:50 - 分支线程数据：551
2020-12-31 09:25:02 DEBUG MyThread:50 - 分支线程数据：552
2020-12-31 09:25:02 DEBUG MyThread:50 - 分支线程数据：553
2020-12-31 09:25:02 DEBUG MyThread:50 - 分支线程数据：554
2020-12-31 09:25:02 DEBUG MyThread:50 - 分支线程数据：555
2020-12-31 09:25:02 DEBUG MyThread:50 - 分支线程数据：556
2020-12-31 09:25:02 DEBUG MyThread:50 - 分支线程数据：557
2020-12-31 09:25:02 DEBUG MyThread:50 - 分支线程数据：558
2020-12-31 09:25:02 DEBUG MyThread:50 - 分支线程数据：559
2020-12-31 09:25:02 DEBUG MyThread:50 - 分支线程数据：560
2020-12-31 09:25:02 DEBUG MyThread:50 - 分支线程数据：561
2020-12-31 09:25:02 DEBUG MyThread:50 - 分支线程数据：562
2020-12-31 09:25:02 DEBUG MyThread:50 - 分支线程数据：563
2020-12-31 09:25:02 DEBUG MyThread:50 - 分支线程数据：564
2020-12-31 09:25:02 DEBUG MyThread:50 - 分支线程数据：565
2020-12-31 09:25:02 DEBUG MyThread:50 - 分支线程数据：566
2020-12-31 09:25:02 DEBUG MyThread:50 - 分支线程数据：567
2020-12-31 09:25:02 DEBUG MyThread:50 - 分支线程数据：568
2020-12-31 09:25:02 DEBUG MyThread:50 - 分支线程数据：569
2020-12-31 09:25:02 DEBUG MyThread:50 - 分支线程数据：570
2020-12-31 09:25:02 DEBUG MyThread:50 - 分支线程数据：571
2020-12-31 09:25:02 DEBUG MyThread:50 - 分支线程数据：572
2020-12-31 09:25:02 DEBUG MyThread:50 - 分支线程数据：573
2020-12-31 09:25:02 DEBUG MyThread:50 - 分支线程数据：574
2020-12-31 09:25:02 DEBUG MyThread:50 - 分支线程数据：575
2020-12-31 09:25:02 DEBUG MyThread:50 - 分支线程数据：576
2020-12-31 09:25:02 DEBUG MyThread:50 - 分支线程数据：577
2020-12-31 09:25:02 DEBUG MyThread:50 - 分支线程数据：578
2020-12-31 09:25:02 DEBUG MyThread:50 - 分支线程数据：579
2020-12-31 09:25:02 DEBUG MyThread:50 - 分支线程数据：580
2020-12-31 09:25:02 DEBUG MyThread:50 - 分支线程数据：581
2020-12-31 09:25:02 DEBUG MyThread:50 - 分支线程数据：582
2020-12-31 09:25:02 DEBUG MyThread:50 - 分支线程数据：583
2020-12-31 09:25:02 WARN  MyThread:36 - 分支线程数据：237
2020-12-31 09:25:02 DEBUG MyThread:50 - 分支线程数据：584
2020-12-31 09:25:02 DEBUG MyThread:50 - 分支线程数据：585
2020-12-31 09:25:02 DEBUG MyThread:50 - 分支线程数据：586
2020-12-31 09:25:02 DEBUG MyThread:50 - 分支线程数据：587
2020-12-31 09:25:02 DEBUG MyThread:50 - 分支线程数据：588
2020-12-31 09:25:02 DEBUG MyThread:50 - 分支线程数据：589
2020-12-31 09:25:02 DEBUG MyThread:50 - 分支线程数据：590
2020-12-31 09:25:02 DEBUG MyThread:50 - 分支线程数据：591
2020-12-31 09:25:02 DEBUG MyThread:50 - 分支线程数据：592
2020-12-31 09:25:02 DEBUG MyThread:50 - 分支线程数据：593
2020-12-31 09:25:02 DEBUG MyThread:50 - 分支线程数据：594
2020-12-31 09:25:02 DEBUG MyThread:50 - 分支线程数据：595
2020-12-31 09:25:02 DEBUG MyThread:50 - 分支线程数据：596
2020-12-31 09:25:02 DEBUG MyThread:50 - 分支线程数据：597
2020-12-31 09:25:02 DEBUG MyThread:50 - 分支线程数据：598
2020-12-31 09:25:02 DEBUG MyThread:50 - 分支线程数据：599
2020-12-31 09:25:02 DEBUG MyThread:50 - 分支线程数据：600
2020-12-31 09:25:02 DEBUG MyThread:50 - 分支线程数据：601
2020-12-31 09:25:02 DEBUG MyThread:50 - 分支线程数据：602
2020-12-31 09:25:02 DEBUG MyThread:50 - 分支线程数据：603
2020-12-31 09:25:02 DEBUG MyThread:50 - 分支线程数据：604
2020-12-31 09:25:02 DEBUG MyThread:50 - 分支线程数据：605
2020-12-31 09:25:02 DEBUG MyThread:50 - 分支线程数据：606
2020-12-31 09:25:02 DEBUG MyThread:50 - 分支线程数据：607
2020-12-31 09:25:02 DEBUG MyThread:50 - 分支线程数据：608
2020-12-31 09:25:02 DEBUG MyThread:50 - 分支线程数据：609
2020-12-31 09:25:02 DEBUG MyThread:50 - 分支线程数据：610
2020-12-31 09:25:02 DEBUG MyThread:50 - 分支线程数据：611
2020-12-31 09:25:02 DEBUG MyThread:50 - 分支线程数据：612
2020-12-31 09:25:02 DEBUG MyThread:50 - 分支线程数据：613
2020-12-31 09:25:02 DEBUG MyThread:50 - 分支线程数据：614
2020-12-31 09:25:02 DEBUG MyThread:50 - 分支线程数据：615
2020-12-31 09:25:02 DEBUG MyThread:50 - 分支线程数据：616
2020-12-31 09:25:02 DEBUG MyThread:50 - 分支线程数据：617
2020-12-31 09:25:02 DEBUG MyThread:50 - 分支线程数据：618
2020-12-31 09:25:02 DEBUG MyThread:50 - 分支线程数据：619
2020-12-31 09:25:02 DEBUG MyThread:50 - 分支线程数据：620
2020-12-31 09:25:02 DEBUG MyThread:50 - 分支线程数据：621
2020-12-31 09:25:02 DEBUG MyThread:50 - 分支线程数据：622
2020-12-31 09:25:02 DEBUG MyThread:50 - 分支线程数据：623
2020-12-31 09:25:02 DEBUG MyThread:50 - 分支线程数据：624
2020-12-31 09:25:02 DEBUG MyThread:50 - 分支线程数据：625
2020-12-31 09:25:02 DEBUG MyThread:50 - 分支线程数据：626
2020-12-31 09:25:02 DEBUG MyThread:50 - 分支线程数据：627
2020-12-31 09:25:02 DEBUG MyThread:50 - 分支线程数据：628
2020-12-31 09:25:02 DEBUG MyThread:50 - 分支线程数据：629
2020-12-31 09:25:02 DEBUG MyThread:50 - 分支线程数据：630
2020-12-31 09:25:02 DEBUG MyThread:50 - 分支线程数据：631
2020-12-31 09:25:02 DEBUG MyThread:50 - 分支线程数据：632
2020-12-31 09:25:02 DEBUG MyThread:50 - 分支线程数据：633
2020-12-31 09:25:02 DEBUG MyThread:50 - 分支线程数据：634
2020-12-31 09:25:02 DEBUG MyThread:50 - 分支线程数据：635
2020-12-31 09:25:02 DEBUG MyThread:50 - 分支线程数据：636
2020-12-31 09:25:02 DEBUG MyThread:50 - 分支线程数据：637
2020-12-31 09:25:02 DEBUG MyThread:50 - 分支线程数据：638
2020-12-31 09:25:02 DEBUG MyThread:50 - 分支线程数据：639
2020-12-31 09:25:02 DEBUG MyThread:50 - 分支线程数据：640
2020-12-31 09:25:02 DEBUG MyThread:50 - 分支线程数据：641
2020-12-31 09:25:02 DEBUG MyThread:50 - 分支线程数据：642
2020-12-31 09:25:02 DEBUG MyThread:50 - 分支线程数据：643
2020-12-31 09:25:02 DEBUG MyThread:50 - 分支线程数据：644
2020-12-31 09:25:02 DEBUG MyThread:50 - 分支线程数据：645
2020-12-31 09:25:02 DEBUG MyThread:50 - 分支线程数据：646
2020-12-31 09:25:02 DEBUG MyThread:50 - 分支线程数据：647
2020-12-31 09:25:02 DEBUG MyThread:50 - 分支线程数据：648
2020-12-31 09:25:02 DEBUG MyThread:50 - 分支线程数据：649
2020-12-31 09:25:02 DEBUG MyThread:50 - 分支线程数据：650
2020-12-31 09:25:02 DEBUG MyThread:50 - 分支线程数据：651
2020-12-31 09:25:02 DEBUG MyThread:50 - 分支线程数据：652
2020-12-31 09:25:02 DEBUG MyThread:50 - 分支线程数据：653
2020-12-31 09:25:02 DEBUG MyThread:50 - 分支线程数据：654
2020-12-31 09:25:02 DEBUG MyThread:50 - 分支线程数据：655
2020-12-31 09:25:02 DEBUG MyThread:50 - 分支线程数据：656
2020-12-31 09:25:02 DEBUG MyThread:50 - 分支线程数据：657
2020-12-31 09:25:02 DEBUG MyThread:50 - 分支线程数据：658
2020-12-31 09:25:02 DEBUG MyThread:50 - 分支线程数据：659
2020-12-31 09:25:02 DEBUG MyThread:50 - 分支线程数据：660
2020-12-31 09:25:02 DEBUG MyThread:50 - 分支线程数据：661
2020-12-31 09:25:02 DEBUG MyThread:50 - 分支线程数据：662
2020-12-31 09:25:02 DEBUG MyThread:50 - 分支线程数据：663
2020-12-31 09:25:02 DEBUG MyThread:50 - 分支线程数据：664
2020-12-31 09:25:02 DEBUG MyThread:50 - 分支线程数据：665
2020-12-31 09:25:02 DEBUG MyThread:50 - 分支线程数据：666
2020-12-31 09:25:02 DEBUG MyThread:50 - 分支线程数据：667
2020-12-31 09:25:02 DEBUG MyThread:50 - 分支线程数据：668
2020-12-31 09:25:02 DEBUG MyThread:50 - 分支线程数据：669
2020-12-31 09:25:02 DEBUG MyThread:50 - 分支线程数据：670
2020-12-31 09:25:02 DEBUG MyThread:50 - 分支线程数据：671
2020-12-31 09:25:02 DEBUG MyThread:50 - 分支线程数据：672
2020-12-31 09:25:02 DEBUG MyThread:50 - 分支线程数据：673
2020-12-31 09:25:02 DEBUG MyThread:50 - 分支线程数据：674
2020-12-31 09:25:02 DEBUG MyThread:50 - 分支线程数据：675
2020-12-31 09:25:02 DEBUG MyThread:50 - 分支线程数据：676
2020-12-31 09:25:02 DEBUG MyThread:50 - 分支线程数据：677
2020-12-31 09:25:02 DEBUG MyThread:50 - 分支线程数据：678
2020-12-31 09:25:02 DEBUG MyThread:50 - 分支线程数据：679
2020-12-31 09:25:02 DEBUG MyThread:50 - 分支线程数据：680
2020-12-31 09:25:02 DEBUG MyThread:50 - 分支线程数据：681
2020-12-31 09:25:02 DEBUG MyThread:50 - 分支线程数据：682
2020-12-31 09:25:02 DEBUG MyThread:50 - 分支线程数据：683
2020-12-31 09:25:02 DEBUG MyThread:50 - 分支线程数据：684
2020-12-31 09:25:02 DEBUG MyThread:50 - 分支线程数据：685
2020-12-31 09:25:02 DEBUG MyThread:50 - 分支线程数据：686
2020-12-31 09:25:02 DEBUG MyThread:50 - 分支线程数据：687
2020-12-31 09:25:02 DEBUG MyThread:50 - 分支线程数据：688
2020-12-31 09:25:02 DEBUG MyThread:50 - 分支线程数据：689
2020-12-31 09:25:02 DEBUG MyThread:50 - 分支线程数据：690
2020-12-31 09:25:02 DEBUG MyThread:50 - 分支线程数据：691
2020-12-31 09:25:02 DEBUG MyThread:50 - 分支线程数据：692
2020-12-31 09:25:02 INFO  ThreadTest:23 - 主线程数据：89
2020-12-31 09:25:02 DEBUG MyThread:50 - 分支线程数据：693
2020-12-31 09:25:02 DEBUG MyThread:50 - 分支线程数据：694
2020-12-31 09:25:02 DEBUG MyThread:50 - 分支线程数据：695
2020-12-31 09:25:02 DEBUG MyThread:50 - 分支线程数据：696
2020-12-31 09:25:02 DEBUG MyThread:50 - 分支线程数据：697
2020-12-31 09:25:02 DEBUG MyThread:50 - 分支线程数据：698
2020-12-31 09:25:02 DEBUG MyThread:50 - 分支线程数据：699
2020-12-31 09:25:02 DEBUG MyThread:50 - 分支线程数据：700
2020-12-31 09:25:02 DEBUG MyThread:50 - 分支线程数据：701
2020-12-31 09:25:02 DEBUG MyThread:50 - 分支线程数据：702
2020-12-31 09:25:02 DEBUG MyThread:50 - 分支线程数据：703
2020-12-31 09:25:02 DEBUG MyThread:50 - 分支线程数据：704
2020-12-31 09:25:02 DEBUG MyThread:50 - 分支线程数据：705
2020-12-31 09:25:02 DEBUG MyThread:50 - 分支线程数据：706
2020-12-31 09:25:02 DEBUG MyThread:50 - 分支线程数据：707
2020-12-31 09:25:02 DEBUG MyThread:50 - 分支线程数据：708
2020-12-31 09:25:02 DEBUG MyThread:50 - 分支线程数据：709
2020-12-31 09:25:02 DEBUG MyThread:50 - 分支线程数据：710
2020-12-31 09:25:02 DEBUG MyThread:50 - 分支线程数据：711
2020-12-31 09:25:02 WARN  MyThread:36 - 分支线程数据：238
2020-12-31 09:25:02 DEBUG MyThread:50 - 分支线程数据：712
2020-12-31 09:25:02 DEBUG MyThread:50 - 分支线程数据：713
2020-12-31 09:25:02 DEBUG MyThread:50 - 分支线程数据：714
2020-12-31 09:25:02 DEBUG MyThread:50 - 分支线程数据：715
2020-12-31 09:25:02 DEBUG MyThread:50 - 分支线程数据：716
2020-12-31 09:25:02 DEBUG MyThread:50 - 分支线程数据：717
2020-12-31 09:25:02 DEBUG MyThread:50 - 分支线程数据：718
2020-12-31 09:25:02 DEBUG MyThread:50 - 分支线程数据：719
2020-12-31 09:25:02 DEBUG MyThread:50 - 分支线程数据：720
2020-12-31 09:25:02 DEBUG MyThread:50 - 分支线程数据：721
2020-12-31 09:25:02 INFO  ThreadTest:23 - 主线程数据：90
2020-12-31 09:25:02 INFO  ThreadTest:23 - 主线程数据：91
2020-12-31 09:25:02 INFO  ThreadTest:23 - 主线程数据：92
2020-12-31 09:25:02 INFO  ThreadTest:23 - 主线程数据：93
2020-12-31 09:25:02 INFO  ThreadTest:23 - 主线程数据：94
2020-12-31 09:25:02 INFO  ThreadTest:23 - 主线程数据：95
2020-12-31 09:25:02 INFO  ThreadTest:23 - 主线程数据：96
2020-12-31 09:25:02 INFO  ThreadTest:23 - 主线程数据：97
2020-12-31 09:25:02 INFO  ThreadTest:23 - 主线程数据：98
2020-12-31 09:25:02 DEBUG MyThread:50 - 分支线程数据：722
2020-12-31 09:25:02 WARN  MyThread:36 - 分支线程数据：239
2020-12-31 09:25:02 DEBUG MyThread:50 - 分支线程数据：723
2020-12-31 09:25:02 DEBUG MyThread:50 - 分支线程数据：724
2020-12-31 09:25:02 DEBUG MyThread:50 - 分支线程数据：725
2020-12-31 09:25:02 DEBUG MyThread:50 - 分支线程数据：726
2020-12-31 09:25:02 DEBUG MyThread:50 - 分支线程数据：727
2020-12-31 09:25:02 DEBUG MyThread:50 - 分支线程数据：728
2020-12-31 09:25:02 DEBUG MyThread:50 - 分支线程数据：729
2020-12-31 09:25:02 INFO  ThreadTest:23 - 主线程数据：99
2020-12-31 09:25:02 DEBUG MyThread:50 - 分支线程数据：730
2020-12-31 09:25:02 DEBUG MyThread:50 - 分支线程数据：731
2020-12-31 09:25:02 DEBUG MyThread:50 - 分支线程数据：732
2020-12-31 09:25:02 DEBUG MyThread:50 - 分支线程数据：733
2020-12-31 09:25:02 DEBUG MyThread:50 - 分支线程数据：734
2020-12-31 09:25:02 DEBUG MyThread:50 - 分支线程数据：735
2020-12-31 09:25:02 DEBUG MyThread:50 - 分支线程数据：736
2020-12-31 09:25:02 DEBUG MyThread:50 - 分支线程数据：737
2020-12-31 09:25:02 DEBUG MyThread:50 - 分支线程数据：738
2020-12-31 09:25:02 DEBUG MyThread:50 - 分支线程数据：739
2020-12-31 09:25:02 DEBUG MyThread:50 - 分支线程数据：740
2020-12-31 09:25:02 DEBUG MyThread:50 - 分支线程数据：741
2020-12-31 09:25:02 DEBUG MyThread:50 - 分支线程数据：742
2020-12-31 09:25:02 DEBUG MyThread:50 - 分支线程数据：743
2020-12-31 09:25:02 DEBUG MyThread:50 - 分支线程数据：744
2020-12-31 09:25:02 DEBUG MyThread:50 - 分支线程数据：745
2020-12-31 09:25:02 DEBUG MyThread:50 - 分支线程数据：746
2020-12-31 09:25:02 DEBUG MyThread:50 - 分支线程数据：747
2020-12-31 09:25:02 DEBUG MyThread:50 - 分支线程数据：748
2020-12-31 09:25:02 DEBUG MyThread:50 - 分支线程数据：749
2020-12-31 09:25:02 DEBUG MyThread:50 - 分支线程数据：750
2020-12-31 09:25:02 DEBUG MyThread:50 - 分支线程数据：751
2020-12-31 09:25:02 DEBUG MyThread:50 - 分支线程数据：752
2020-12-31 09:25:02 DEBUG MyThread:50 - 分支线程数据：753
2020-12-31 09:25:02 DEBUG MyThread:50 - 分支线程数据：754
2020-12-31 09:25:02 DEBUG MyThread:50 - 分支线程数据：755
2020-12-31 09:25:02 DEBUG MyThread:50 - 分支线程数据：756
2020-12-31 09:25:02 DEBUG MyThread:50 - 分支线程数据：757
2020-12-31 09:25:02 DEBUG MyThread:50 - 分支线程数据：758
2020-12-31 09:25:02 DEBUG MyThread:50 - 分支线程数据：759
2020-12-31 09:25:02 DEBUG MyThread:50 - 分支线程数据：760
2020-12-31 09:25:02 DEBUG MyThread:50 - 分支线程数据：761
2020-12-31 09:25:02 DEBUG MyThread:50 - 分支线程数据：762
2020-12-31 09:25:02 DEBUG MyThread:50 - 分支线程数据：763
2020-12-31 09:25:02 DEBUG MyThread:50 - 分支线程数据：764
2020-12-31 09:25:02 DEBUG MyThread:50 - 分支线程数据：765
2020-12-31 09:25:02 DEBUG MyThread:50 - 分支线程数据：766
2020-12-31 09:25:02 DEBUG MyThread:50 - 分支线程数据：767
2020-12-31 09:25:02 DEBUG MyThread:50 - 分支线程数据：768
2020-12-31 09:25:02 DEBUG MyThread:50 - 分支线程数据：769
2020-12-31 09:25:02 DEBUG MyThread:50 - 分支线程数据：770
2020-12-31 09:25:02 DEBUG MyThread:50 - 分支线程数据：771
2020-12-31 09:25:02 DEBUG MyThread:50 - 分支线程数据：772
2020-12-31 09:25:02 DEBUG MyThread:50 - 分支线程数据：773
2020-12-31 09:25:02 DEBUG MyThread:50 - 分支线程数据：774
2020-12-31 09:25:02 DEBUG MyThread:50 - 分支线程数据：775
2020-12-31 09:25:02 DEBUG MyThread:50 - 分支线程数据：776
2020-12-31 09:25:02 DEBUG MyThread:50 - 分支线程数据：777
2020-12-31 09:25:02 DEBUG MyThread:50 - 分支线程数据：778
2020-12-31 09:25:02 DEBUG MyThread:50 - 分支线程数据：779
2020-12-31 09:25:02 DEBUG MyThread:50 - 分支线程数据：780
2020-12-31 09:25:02 DEBUG MyThread:50 - 分支线程数据：781
2020-12-31 09:25:02 DEBUG MyThread:50 - 分支线程数据：782
2020-12-31 09:25:02 DEBUG MyThread:50 - 分支线程数据：783
2020-12-31 09:25:02 DEBUG MyThread:50 - 分支线程数据：784
2020-12-31 09:25:02 DEBUG MyThread:50 - 分支线程数据：785
2020-12-31 09:25:02 DEBUG MyThread:50 - 分支线程数据：786
2020-12-31 09:25:02 DEBUG MyThread:50 - 分支线程数据：787
2020-12-31 09:25:02 DEBUG MyThread:50 - 分支线程数据：788
2020-12-31 09:25:02 DEBUG MyThread:50 - 分支线程数据：789
2020-12-31 09:25:02 DEBUG MyThread:50 - 分支线程数据：790
2020-12-31 09:25:02 DEBUG MyThread:50 - 分支线程数据：791
2020-12-31 09:25:02 DEBUG MyThread:50 - 分支线程数据：792
2020-12-31 09:25:02 DEBUG MyThread:50 - 分支线程数据：793
2020-12-31 09:25:02 DEBUG MyThread:50 - 分支线程数据：794
2020-12-31 09:25:02 DEBUG MyThread:50 - 分支线程数据：795
2020-12-31 09:25:02 DEBUG MyThread:50 - 分支线程数据：796
2020-12-31 09:25:02 DEBUG MyThread:50 - 分支线程数据：797
2020-12-31 09:25:02 DEBUG MyThread:50 - 分支线程数据：798
2020-12-31 09:25:02 DEBUG MyThread:50 - 分支线程数据：799
2020-12-31 09:25:02 DEBUG MyThread:50 - 分支线程数据：800
2020-12-31 09:25:02 DEBUG MyThread:50 - 分支线程数据：801
2020-12-31 09:25:02 DEBUG MyThread:50 - 分支线程数据：802
2020-12-31 09:25:02 DEBUG MyThread:50 - 分支线程数据：803
2020-12-31 09:25:02 WARN  MyThread:36 - 分支线程数据：240
2020-12-31 09:25:02 DEBUG MyThread:50 - 分支线程数据：804
2020-12-31 09:25:02 DEBUG MyThread:50 - 分支线程数据：805
2020-12-31 09:25:02 DEBUG MyThread:50 - 分支线程数据：806
2020-12-31 09:25:02 DEBUG MyThread:50 - 分支线程数据：807
2020-12-31 09:25:02 DEBUG MyThread:50 - 分支线程数据：808
2020-12-31 09:25:02 DEBUG MyThread:50 - 分支线程数据：809
2020-12-31 09:25:02 DEBUG MyThread:50 - 分支线程数据：810
2020-12-31 09:25:02 DEBUG MyThread:50 - 分支线程数据：811
2020-12-31 09:25:02 DEBUG MyThread:50 - 分支线程数据：812
2020-12-31 09:25:02 DEBUG MyThread:50 - 分支线程数据：813
2020-12-31 09:25:02 DEBUG MyThread:50 - 分支线程数据：814
2020-12-31 09:25:02 DEBUG MyThread:50 - 分支线程数据：815
2020-12-31 09:25:02 DEBUG MyThread:50 - 分支线程数据：816
2020-12-31 09:25:02 DEBUG MyThread:50 - 分支线程数据：817
2020-12-31 09:25:02 DEBUG MyThread:50 - 分支线程数据：818
2020-12-31 09:25:02 DEBUG MyThread:50 - 分支线程数据：819
2020-12-31 09:25:02 DEBUG MyThread:50 - 分支线程数据：820
2020-12-31 09:25:02 DEBUG MyThread:50 - 分支线程数据：821
2020-12-31 09:25:02 DEBUG MyThread:50 - 分支线程数据：822
2020-12-31 09:25:02 DEBUG MyThread:50 - 分支线程数据：823
2020-12-31 09:25:02 INFO  ThreadTest:23 - 主线程数据：100
2020-12-31 09:25:02 DEBUG MyThread:50 - 分支线程数据：824
2020-12-31 09:25:02 DEBUG MyThread:50 - 分支线程数据：825
2020-12-31 09:25:02 DEBUG MyThread:50 - 分支线程数据：826
2020-12-31 09:25:02 DEBUG MyThread:50 - 分支线程数据：827
2020-12-31 09:25:02 DEBUG MyThread:50 - 分支线程数据：828
2020-12-31 09:25:02 DEBUG MyThread:50 - 分支线程数据：829
2020-12-31 09:25:02 DEBUG MyThread:50 - 分支线程数据：830
2020-12-31 09:25:02 DEBUG MyThread:50 - 分支线程数据：831
2020-12-31 09:25:02 DEBUG MyThread:50 - 分支线程数据：832
2020-12-31 09:25:02 DEBUG MyThread:50 - 分支线程数据：833
2020-12-31 09:25:02 DEBUG MyThread:50 - 分支线程数据：834
2020-12-31 09:25:02 DEBUG MyThread:50 - 分支线程数据：835
2020-12-31 09:25:02 DEBUG MyThread:50 - 分支线程数据：836
2020-12-31 09:25:02 DEBUG MyThread:50 - 分支线程数据：837
2020-12-31 09:25:02 DEBUG MyThread:50 - 分支线程数据：838
2020-12-31 09:25:02 DEBUG MyThread:50 - 分支线程数据：839
2020-12-31 09:25:02 DEBUG MyThread:50 - 分支线程数据：840
2020-12-31 09:25:02 DEBUG MyThread:50 - 分支线程数据：841
2020-12-31 09:25:02 DEBUG MyThread:50 - 分支线程数据：842
2020-12-31 09:25:02 DEBUG MyThread:50 - 分支线程数据：843
2020-12-31 09:25:02 DEBUG MyThread:50 - 分支线程数据：844
2020-12-31 09:25:02 DEBUG MyThread:50 - 分支线程数据：845
2020-12-31 09:25:02 DEBUG MyThread:50 - 分支线程数据：846
2020-12-31 09:25:02 DEBUG MyThread:50 - 分支线程数据：847
2020-12-31 09:25:02 DEBUG MyThread:50 - 分支线程数据：848
2020-12-31 09:25:02 DEBUG MyThread:50 - 分支线程数据：849
2020-12-31 09:25:02 DEBUG MyThread:50 - 分支线程数据：850
2020-12-31 09:25:02 DEBUG MyThread:50 - 分支线程数据：851
2020-12-31 09:25:02 DEBUG MyThread:50 - 分支线程数据：852
2020-12-31 09:25:02 DEBUG MyThread:50 - 分支线程数据：853
2020-12-31 09:25:02 DEBUG MyThread:50 - 分支线程数据：854
2020-12-31 09:25:02 DEBUG MyThread:50 - 分支线程数据：855
2020-12-31 09:25:02 DEBUG MyThread:50 - 分支线程数据：856
2020-12-31 09:25:02 DEBUG MyThread:50 - 分支线程数据：857
2020-12-31 09:25:02 DEBUG MyThread:50 - 分支线程数据：858
2020-12-31 09:25:02 DEBUG MyThread:50 - 分支线程数据：859
2020-12-31 09:25:02 DEBUG MyThread:50 - 分支线程数据：860
2020-12-31 09:25:02 DEBUG MyThread:50 - 分支线程数据：861
2020-12-31 09:25:02 DEBUG MyThread:50 - 分支线程数据：862
2020-12-31 09:25:02 DEBUG MyThread:50 - 分支线程数据：863
2020-12-31 09:25:02 DEBUG MyThread:50 - 分支线程数据：864
2020-12-31 09:25:02 DEBUG MyThread:50 - 分支线程数据：865
2020-12-31 09:25:02 WARN  MyThread:36 - 分支线程数据：241
2020-12-31 09:25:02 DEBUG MyThread:50 - 分支线程数据：866
2020-12-31 09:25:02 INFO  ThreadTest:23 - 主线程数据：101
2020-12-31 09:25:02 DEBUG MyThread:50 - 分支线程数据：867
2020-12-31 09:25:02 WARN  MyThread:36 - 分支线程数据：242
2020-12-31 09:25:02 DEBUG MyThread:50 - 分支线程数据：868
2020-12-31 09:25:02 INFO  ThreadTest:23 - 主线程数据：102
2020-12-31 09:25:02 DEBUG MyThread:50 - 分支线程数据：869
2020-12-31 09:25:02 WARN  MyThread:36 - 分支线程数据：243
2020-12-31 09:25:02 DEBUG MyThread:50 - 分支线程数据：870
2020-12-31 09:25:02 INFO  ThreadTest:23 - 主线程数据：103
2020-12-31 09:25:02 DEBUG MyThread:50 - 分支线程数据：871
2020-12-31 09:25:02 WARN  MyThread:36 - 分支线程数据：244
2020-12-31 09:25:02 DEBUG MyThread:50 - 分支线程数据：872
2020-12-31 09:25:02 INFO  ThreadTest:23 - 主线程数据：104
2020-12-31 09:25:02 DEBUG MyThread:50 - 分支线程数据：873
2020-12-31 09:25:02 WARN  MyThread:36 - 分支线程数据：245
2020-12-31 09:25:02 DEBUG MyThread:50 - 分支线程数据：874
2020-12-31 09:25:02 DEBUG MyThread:50 - 分支线程数据：875
2020-12-31 09:25:02 INFO  ThreadTest:23 - 主线程数据：105
2020-12-31 09:25:02 DEBUG MyThread:50 - 分支线程数据：876
2020-12-31 09:25:02 WARN  MyThread:36 - 分支线程数据：246
2020-12-31 09:25:02 DEBUG MyThread:50 - 分支线程数据：877
2020-12-31 09:25:02 INFO  ThreadTest:23 - 主线程数据：106
2020-12-31 09:25:02 DEBUG MyThread:50 - 分支线程数据：878
2020-12-31 09:25:02 WARN  MyThread:36 - 分支线程数据：247
2020-12-31 09:25:02 DEBUG MyThread:50 - 分支线程数据：879
2020-12-31 09:25:02 INFO  ThreadTest:23 - 主线程数据：107
2020-12-31 09:25:02 DEBUG MyThread:50 - 分支线程数据：880
2020-12-31 09:25:02 WARN  MyThread:36 - 分支线程数据：248
2020-12-31 09:25:02 WARN  MyThread:36 - 分支线程数据：249
2020-12-31 09:25:02 WARN  MyThread:36 - 分支线程数据：250
2020-12-31 09:25:02 WARN  MyThread:36 - 分支线程数据：251
2020-12-31 09:25:02 WARN  MyThread:36 - 分支线程数据：252
2020-12-31 09:25:02 WARN  MyThread:36 - 分支线程数据：253
2020-12-31 09:25:02 WARN  MyThread:36 - 分支线程数据：254
2020-12-31 09:25:02 WARN  MyThread:36 - 分支线程数据：255
2020-12-31 09:25:02 WARN  MyThread:36 - 分支线程数据：256
2020-12-31 09:25:02 WARN  MyThread:36 - 分支线程数据：257
2020-12-31 09:25:02 WARN  MyThread:36 - 分支线程数据：258
2020-12-31 09:25:02 WARN  MyThread:36 - 分支线程数据：259
2020-12-31 09:25:02 WARN  MyThread:36 - 分支线程数据：260
2020-12-31 09:25:02 WARN  MyThread:36 - 分支线程数据：261
2020-12-31 09:25:02 WARN  MyThread:36 - 分支线程数据：262
2020-12-31 09:25:02 WARN  MyThread:36 - 分支线程数据：263
2020-12-31 09:25:02 WARN  MyThread:36 - 分支线程数据：264
2020-12-31 09:25:02 DEBUG MyThread:50 - 分支线程数据：881
2020-12-31 09:25:02 INFO  ThreadTest:23 - 主线程数据：108
2020-12-31 09:25:02 DEBUG MyThread:50 - 分支线程数据：882
2020-12-31 09:25:02 WARN  MyThread:36 - 分支线程数据：265
2020-12-31 09:25:02 DEBUG MyThread:50 - 分支线程数据：883
2020-12-31 09:25:02 INFO  ThreadTest:23 - 主线程数据：109
2020-12-31 09:25:02 DEBUG MyThread:50 - 分支线程数据：884
2020-12-31 09:25:02 DEBUG MyThread:50 - 分支线程数据：885
2020-12-31 09:25:02 INFO  ThreadTest:23 - 主线程数据：110
2020-12-31 09:25:02 WARN  MyThread:36 - 分支线程数据：266
2020-12-31 09:25:02 WARN  MyThread:36 - 分支线程数据：267
2020-12-31 09:25:02 WARN  MyThread:36 - 分支线程数据：268
2020-12-31 09:25:02 WARN  MyThread:36 - 分支线程数据：269
2020-12-31 09:25:02 WARN  MyThread:36 - 分支线程数据：270
2020-12-31 09:25:02 WARN  MyThread:36 - 分支线程数据：271
2020-12-31 09:25:02 WARN  MyThread:36 - 分支线程数据：272
2020-12-31 09:25:02 WARN  MyThread:36 - 分支线程数据：273
2020-12-31 09:25:02 WARN  MyThread:36 - 分支线程数据：274
2020-12-31 09:25:02 WARN  MyThread:36 - 分支线程数据：275
2020-12-31 09:25:02 WARN  MyThread:36 - 分支线程数据：276
2020-12-31 09:25:02 WARN  MyThread:36 - 分支线程数据：277
2020-12-31 09:25:02 WARN  MyThread:36 - 分支线程数据：278
2020-12-31 09:25:02 WARN  MyThread:36 - 分支线程数据：279
2020-12-31 09:25:02 WARN  MyThread:36 - 分支线程数据：280
2020-12-31 09:25:02 WARN  MyThread:36 - 分支线程数据：281
2020-12-31 09:25:02 WARN  MyThread:36 - 分支线程数据：282
2020-12-31 09:25:02 WARN  MyThread:36 - 分支线程数据：283
2020-12-31 09:25:02 WARN  MyThread:36 - 分支线程数据：284
2020-12-31 09:25:02 WARN  MyThread:36 - 分支线程数据：285
2020-12-31 09:25:02 WARN  MyThread:36 - 分支线程数据：286
2020-12-31 09:25:02 WARN  MyThread:36 - 分支线程数据：287
2020-12-31 09:25:02 WARN  MyThread:36 - 分支线程数据：288
2020-12-31 09:25:02 WARN  MyThread:36 - 分支线程数据：289
2020-12-31 09:25:02 WARN  MyThread:36 - 分支线程数据：290
2020-12-31 09:25:02 WARN  MyThread:36 - 分支线程数据：291
2020-12-31 09:25:02 WARN  MyThread:36 - 分支线程数据：292
2020-12-31 09:25:02 WARN  MyThread:36 - 分支线程数据：293
2020-12-31 09:25:02 WARN  MyThread:36 - 分支线程数据：294
2020-12-31 09:25:02 WARN  MyThread:36 - 分支线程数据：295
2020-12-31 09:25:02 WARN  MyThread:36 - 分支线程数据：296
2020-12-31 09:25:02 WARN  MyThread:36 - 分支线程数据：297
2020-12-31 09:25:02 WARN  MyThread:36 - 分支线程数据：298
2020-12-31 09:25:02 WARN  MyThread:36 - 分支线程数据：299
2020-12-31 09:25:02 WARN  MyThread:36 - 分支线程数据：300
2020-12-31 09:25:02 WARN  MyThread:36 - 分支线程数据：301
2020-12-31 09:25:02 WARN  MyThread:36 - 分支线程数据：302
2020-12-31 09:25:02 WARN  MyThread:36 - 分支线程数据：303
2020-12-31 09:25:02 WARN  MyThread:36 - 分支线程数据：304
2020-12-31 09:25:02 WARN  MyThread:36 - 分支线程数据：305
2020-12-31 09:25:02 WARN  MyThread:36 - 分支线程数据：306
2020-12-31 09:25:02 WARN  MyThread:36 - 分支线程数据：307
2020-12-31 09:25:02 WARN  MyThread:36 - 分支线程数据：308
2020-12-31 09:25:02 WARN  MyThread:36 - 分支线程数据：309
2020-12-31 09:25:02 WARN  MyThread:36 - 分支线程数据：310
2020-12-31 09:25:02 WARN  MyThread:36 - 分支线程数据：311
2020-12-31 09:25:02 WARN  MyThread:36 - 分支线程数据：312
2020-12-31 09:25:02 WARN  MyThread:36 - 分支线程数据：313
2020-12-31 09:25:02 WARN  MyThread:36 - 分支线程数据：314
2020-12-31 09:25:02 WARN  MyThread:36 - 分支线程数据：315
2020-12-31 09:25:02 WARN  MyThread:36 - 分支线程数据：316
2020-12-31 09:25:02 WARN  MyThread:36 - 分支线程数据：317
2020-12-31 09:25:02 WARN  MyThread:36 - 分支线程数据：318
2020-12-31 09:25:02 WARN  MyThread:36 - 分支线程数据：319
2020-12-31 09:25:02 WARN  MyThread:36 - 分支线程数据：320
2020-12-31 09:25:02 WARN  MyThread:36 - 分支线程数据：321
2020-12-31 09:25:02 WARN  MyThread:36 - 分支线程数据：322
2020-12-31 09:25:02 WARN  MyThread:36 - 分支线程数据：323
2020-12-31 09:25:02 WARN  MyThread:36 - 分支线程数据：324
2020-12-31 09:25:02 WARN  MyThread:36 - 分支线程数据：325
2020-12-31 09:25:02 WARN  MyThread:36 - 分支线程数据：326
2020-12-31 09:25:02 WARN  MyThread:36 - 分支线程数据：327
2020-12-31 09:25:02 WARN  MyThread:36 - 分支线程数据：328
2020-12-31 09:25:02 WARN  MyThread:36 - 分支线程数据：329
2020-12-31 09:25:02 WARN  MyThread:36 - 分支线程数据：330
2020-12-31 09:25:02 WARN  MyThread:36 - 分支线程数据：331
2020-12-31 09:25:02 WARN  MyThread:36 - 分支线程数据：332
2020-12-31 09:25:02 WARN  MyThread:36 - 分支线程数据：333
2020-12-31 09:25:02 WARN  MyThread:36 - 分支线程数据：334
2020-12-31 09:25:02 WARN  MyThread:36 - 分支线程数据：335
2020-12-31 09:25:02 WARN  MyThread:36 - 分支线程数据：336
2020-12-31 09:25:02 WARN  MyThread:36 - 分支线程数据：337
2020-12-31 09:25:02 WARN  MyThread:36 - 分支线程数据：338
2020-12-31 09:25:02 WARN  MyThread:36 - 分支线程数据：339
2020-12-31 09:25:02 WARN  MyThread:36 - 分支线程数据：340
2020-12-31 09:25:02 WARN  MyThread:36 - 分支线程数据：341
2020-12-31 09:25:02 WARN  MyThread:36 - 分支线程数据：342
2020-12-31 09:25:02 WARN  MyThread:36 - 分支线程数据：343
2020-12-31 09:25:02 WARN  MyThread:36 - 分支线程数据：344
2020-12-31 09:25:02 WARN  MyThread:36 - 分支线程数据：345
2020-12-31 09:25:02 WARN  MyThread:36 - 分支线程数据：346
2020-12-31 09:25:02 WARN  MyThread:36 - 分支线程数据：347
2020-12-31 09:25:02 WARN  MyThread:36 - 分支线程数据：348
2020-12-31 09:25:02 WARN  MyThread:36 - 分支线程数据：349
2020-12-31 09:25:02 WARN  MyThread:36 - 分支线程数据：350
2020-12-31 09:25:02 WARN  MyThread:36 - 分支线程数据：351
2020-12-31 09:25:02 WARN  MyThread:36 - 分支线程数据：352
2020-12-31 09:25:02 WARN  MyThread:36 - 分支线程数据：353
2020-12-31 09:25:02 WARN  MyThread:36 - 分支线程数据：354
2020-12-31 09:25:02 WARN  MyThread:36 - 分支线程数据：355
2020-12-31 09:25:02 WARN  MyThread:36 - 分支线程数据：356
2020-12-31 09:25:02 WARN  MyThread:36 - 分支线程数据：357
2020-12-31 09:25:02 WARN  MyThread:36 - 分支线程数据：358
2020-12-31 09:25:02 WARN  MyThread:36 - 分支线程数据：359
2020-12-31 09:25:02 WARN  MyThread:36 - 分支线程数据：360
2020-12-31 09:25:02 WARN  MyThread:36 - 分支线程数据：361
2020-12-31 09:25:02 WARN  MyThread:36 - 分支线程数据：362
2020-12-31 09:25:02 WARN  MyThread:36 - 分支线程数据：363
2020-12-31 09:25:02 WARN  MyThread:36 - 分支线程数据：364
2020-12-31 09:25:02 WARN  MyThread:36 - 分支线程数据：365
2020-12-31 09:25:02 WARN  MyThread:36 - 分支线程数据：366
2020-12-31 09:25:02 WARN  MyThread:36 - 分支线程数据：367
2020-12-31 09:25:02 WARN  MyThread:36 - 分支线程数据：368
2020-12-31 09:25:02 WARN  MyThread:36 - 分支线程数据：369
2020-12-31 09:25:02 WARN  MyThread:36 - 分支线程数据：370
2020-12-31 09:25:02 WARN  MyThread:36 - 分支线程数据：371
2020-12-31 09:25:02 WARN  MyThread:36 - 分支线程数据：372
2020-12-31 09:25:02 WARN  MyThread:36 - 分支线程数据：373
2020-12-31 09:25:02 WARN  MyThread:36 - 分支线程数据：374
2020-12-31 09:25:02 WARN  MyThread:36 - 分支线程数据：375
2020-12-31 09:25:02 WARN  MyThread:36 - 分支线程数据：376
2020-12-31 09:25:02 WARN  MyThread:36 - 分支线程数据：377
2020-12-31 09:25:02 WARN  MyThread:36 - 分支线程数据：378
2020-12-31 09:25:02 WARN  MyThread:36 - 分支线程数据：379
2020-12-31 09:25:02 WARN  MyThread:36 - 分支线程数据：380
2020-12-31 09:25:02 WARN  MyThread:36 - 分支线程数据：381
2020-12-31 09:25:02 WARN  MyThread:36 - 分支线程数据：382
2020-12-31 09:25:02 WARN  MyThread:36 - 分支线程数据：383
2020-12-31 09:25:02 WARN  MyThread:36 - 分支线程数据：384
2020-12-31 09:25:02 WARN  MyThread:36 - 分支线程数据：385
2020-12-31 09:25:02 WARN  MyThread:36 - 分支线程数据：386
2020-12-31 09:25:02 WARN  MyThread:36 - 分支线程数据：387
2020-12-31 09:25:02 WARN  MyThread:36 - 分支线程数据：388
2020-12-31 09:25:02 WARN  MyThread:36 - 分支线程数据：389
2020-12-31 09:25:02 WARN  MyThread:36 - 分支线程数据：390
2020-12-31 09:25:02 WARN  MyThread:36 - 分支线程数据：391
2020-12-31 09:25:02 WARN  MyThread:36 - 分支线程数据：392
2020-12-31 09:25:02 WARN  MyThread:36 - 分支线程数据：393
2020-12-31 09:25:02 WARN  MyThread:36 - 分支线程数据：394
2020-12-31 09:25:02 WARN  MyThread:36 - 分支线程数据：395
2020-12-31 09:25:02 WARN  MyThread:36 - 分支线程数据：396
2020-12-31 09:25:02 WARN  MyThread:36 - 分支线程数据：397
2020-12-31 09:25:02 WARN  MyThread:36 - 分支线程数据：398
2020-12-31 09:25:02 WARN  MyThread:36 - 分支线程数据：399
2020-12-31 09:25:02 WARN  MyThread:36 - 分支线程数据：400
2020-12-31 09:25:02 WARN  MyThread:36 - 分支线程数据：401
2020-12-31 09:25:02 WARN  MyThread:36 - 分支线程数据：402
2020-12-31 09:25:02 WARN  MyThread:36 - 分支线程数据：403
2020-12-31 09:25:02 WARN  MyThread:36 - 分支线程数据：404
2020-12-31 09:25:02 WARN  MyThread:36 - 分支线程数据：405
2020-12-31 09:25:02 WARN  MyThread:36 - 分支线程数据：406
2020-12-31 09:25:02 WARN  MyThread:36 - 分支线程数据：407
2020-12-31 09:25:02 WARN  MyThread:36 - 分支线程数据：408
2020-12-31 09:25:02 WARN  MyThread:36 - 分支线程数据：409
2020-12-31 09:25:02 WARN  MyThread:36 - 分支线程数据：410
2020-12-31 09:25:02 WARN  MyThread:36 - 分支线程数据：411
2020-12-31 09:25:02 WARN  MyThread:36 - 分支线程数据：412
2020-12-31 09:25:02 WARN  MyThread:36 - 分支线程数据：413
2020-12-31 09:25:02 WARN  MyThread:36 - 分支线程数据：414
2020-12-31 09:25:02 WARN  MyThread:36 - 分支线程数据：415
2020-12-31 09:25:02 WARN  MyThread:36 - 分支线程数据：416
2020-12-31 09:25:02 WARN  MyThread:36 - 分支线程数据：417
2020-12-31 09:25:02 WARN  MyThread:36 - 分支线程数据：418
2020-12-31 09:25:02 WARN  MyThread:36 - 分支线程数据：419
2020-12-31 09:25:02 WARN  MyThread:36 - 分支线程数据：420
2020-12-31 09:25:02 WARN  MyThread:36 - 分支线程数据：421
2020-12-31 09:25:02 WARN  MyThread:36 - 分支线程数据：422
2020-12-31 09:25:02 WARN  MyThread:36 - 分支线程数据：423
2020-12-31 09:25:02 WARN  MyThread:36 - 分支线程数据：424
2020-12-31 09:25:02 WARN  MyThread:36 - 分支线程数据：425
2020-12-31 09:25:02 WARN  MyThread:36 - 分支线程数据：426
2020-12-31 09:25:02 WARN  MyThread:36 - 分支线程数据：427
2020-12-31 09:25:02 WARN  MyThread:36 - 分支线程数据：428
2020-12-31 09:25:02 WARN  MyThread:36 - 分支线程数据：429
2020-12-31 09:25:02 WARN  MyThread:36 - 分支线程数据：430
2020-12-31 09:25:02 WARN  MyThread:36 - 分支线程数据：431
2020-12-31 09:25:02 WARN  MyThread:36 - 分支线程数据：432
2020-12-31 09:25:02 WARN  MyThread:36 - 分支线程数据：433
2020-12-31 09:25:02 WARN  MyThread:36 - 分支线程数据：434
2020-12-31 09:25:02 WARN  MyThread:36 - 分支线程数据：435
2020-12-31 09:25:02 WARN  MyThread:36 - 分支线程数据：436
2020-12-31 09:25:02 WARN  MyThread:36 - 分支线程数据：437
2020-12-31 09:25:02 WARN  MyThread:36 - 分支线程数据：438
2020-12-31 09:25:02 WARN  MyThread:36 - 分支线程数据：439
2020-12-31 09:25:02 WARN  MyThread:36 - 分支线程数据：440
2020-12-31 09:25:02 WARN  MyThread:36 - 分支线程数据：441
2020-12-31 09:25:02 WARN  MyThread:36 - 分支线程数据：442
2020-12-31 09:25:02 WARN  MyThread:36 - 分支线程数据：443
2020-12-31 09:25:02 WARN  MyThread:36 - 分支线程数据：444
2020-12-31 09:25:02 WARN  MyThread:36 - 分支线程数据：445
2020-12-31 09:25:02 WARN  MyThread:36 - 分支线程数据：446
2020-12-31 09:25:02 WARN  MyThread:36 - 分支线程数据：447
2020-12-31 09:25:02 WARN  MyThread:36 - 分支线程数据：448
2020-12-31 09:25:02 WARN  MyThread:36 - 分支线程数据：449
2020-12-31 09:25:02 WARN  MyThread:36 - 分支线程数据：450
2020-12-31 09:25:02 WARN  MyThread:36 - 分支线程数据：451
2020-12-31 09:25:02 WARN  MyThread:36 - 分支线程数据：452
2020-12-31 09:25:02 WARN  MyThread:36 - 分支线程数据：453
2020-12-31 09:25:02 WARN  MyThread:36 - 分支线程数据：454
2020-12-31 09:25:02 WARN  MyThread:36 - 分支线程数据：455
2020-12-31 09:25:02 WARN  MyThread:36 - 分支线程数据：456
2020-12-31 09:25:02 WARN  MyThread:36 - 分支线程数据：457
2020-12-31 09:25:02 WARN  MyThread:36 - 分支线程数据：458
2020-12-31 09:25:02 WARN  MyThread:36 - 分支线程数据：459
2020-12-31 09:25:02 WARN  MyThread:36 - 分支线程数据：460
2020-12-31 09:25:02 WARN  MyThread:36 - 分支线程数据：461
2020-12-31 09:25:02 WARN  MyThread:36 - 分支线程数据：462
2020-12-31 09:25:02 WARN  MyThread:36 - 分支线程数据：463
2020-12-31 09:25:02 WARN  MyThread:36 - 分支线程数据：464
2020-12-31 09:25:02 WARN  MyThread:36 - 分支线程数据：465
2020-12-31 09:25:02 WARN  MyThread:36 - 分支线程数据：466
2020-12-31 09:25:02 WARN  MyThread:36 - 分支线程数据：467
2020-12-31 09:25:02 WARN  MyThread:36 - 分支线程数据：468
2020-12-31 09:25:02 WARN  MyThread:36 - 分支线程数据：469
2020-12-31 09:25:02 WARN  MyThread:36 - 分支线程数据：470
2020-12-31 09:25:02 WARN  MyThread:36 - 分支线程数据：471
2020-12-31 09:25:02 WARN  MyThread:36 - 分支线程数据：472
2020-12-31 09:25:02 WARN  MyThread:36 - 分支线程数据：473
2020-12-31 09:25:02 WARN  MyThread:36 - 分支线程数据：474
2020-12-31 09:25:02 WARN  MyThread:36 - 分支线程数据：475
2020-12-31 09:25:02 WARN  MyThread:36 - 分支线程数据：476
2020-12-31 09:25:02 WARN  MyThread:36 - 分支线程数据：477
2020-12-31 09:25:02 WARN  MyThread:36 - 分支线程数据：478
2020-12-31 09:25:02 WARN  MyThread:36 - 分支线程数据：479
2020-12-31 09:25:02 WARN  MyThread:36 - 分支线程数据：480
2020-12-31 09:25:02 WARN  MyThread:36 - 分支线程数据：481
2020-12-31 09:25:02 WARN  MyThread:36 - 分支线程数据：482
2020-12-31 09:25:02 WARN  MyThread:36 - 分支线程数据：483
2020-12-31 09:25:02 WARN  MyThread:36 - 分支线程数据：484
2020-12-31 09:25:02 WARN  MyThread:36 - 分支线程数据：485
2020-12-31 09:25:02 WARN  MyThread:36 - 分支线程数据：486
2020-12-31 09:25:02 WARN  MyThread:36 - 分支线程数据：487
2020-12-31 09:25:02 WARN  MyThread:36 - 分支线程数据：488
2020-12-31 09:25:02 WARN  MyThread:36 - 分支线程数据：489
2020-12-31 09:25:02 WARN  MyThread:36 - 分支线程数据：490
2020-12-31 09:25:02 WARN  MyThread:36 - 分支线程数据：491
2020-12-31 09:25:02 WARN  MyThread:36 - 分支线程数据：492
2020-12-31 09:25:02 WARN  MyThread:36 - 分支线程数据：493
2020-12-31 09:25:02 WARN  MyThread:36 - 分支线程数据：494
2020-12-31 09:25:02 WARN  MyThread:36 - 分支线程数据：495
2020-12-31 09:25:02 WARN  MyThread:36 - 分支线程数据：496
2020-12-31 09:25:02 WARN  MyThread:36 - 分支线程数据：497
2020-12-31 09:25:02 WARN  MyThread:36 - 分支线程数据：498
2020-12-31 09:25:02 WARN  MyThread:36 - 分支线程数据：499
2020-12-31 09:25:02 WARN  MyThread:36 - 分支线程数据：500
2020-12-31 09:25:02 WARN  MyThread:36 - 分支线程数据：501
2020-12-31 09:25:02 WARN  MyThread:36 - 分支线程数据：502
2020-12-31 09:25:02 WARN  MyThread:36 - 分支线程数据：503
2020-12-31 09:25:02 WARN  MyThread:36 - 分支线程数据：504
2020-12-31 09:25:02 WARN  MyThread:36 - 分支线程数据：505
2020-12-31 09:25:02 WARN  MyThread:36 - 分支线程数据：506
2020-12-31 09:25:02 WARN  MyThread:36 - 分支线程数据：507
2020-12-31 09:25:02 WARN  MyThread:36 - 分支线程数据：508
2020-12-31 09:25:02 WARN  MyThread:36 - 分支线程数据：509
2020-12-31 09:25:02 WARN  MyThread:36 - 分支线程数据：510
2020-12-31 09:25:02 WARN  MyThread:36 - 分支线程数据：511
2020-12-31 09:25:02 WARN  MyThread:36 - 分支线程数据：512
2020-12-31 09:25:02 WARN  MyThread:36 - 分支线程数据：513
2020-12-31 09:25:02 WARN  MyThread:36 - 分支线程数据：514
2020-12-31 09:25:02 WARN  MyThread:36 - 分支线程数据：515
2020-12-31 09:25:02 WARN  MyThread:36 - 分支线程数据：516
2020-12-31 09:25:02 WARN  MyThread:36 - 分支线程数据：517
2020-12-31 09:25:02 WARN  MyThread:36 - 分支线程数据：518
2020-12-31 09:25:02 WARN  MyThread:36 - 分支线程数据：519
2020-12-31 09:25:02 WARN  MyThread:36 - 分支线程数据：520
2020-12-31 09:25:02 WARN  MyThread:36 - 分支线程数据：521
2020-12-31 09:25:02 WARN  MyThread:36 - 分支线程数据：522
2020-12-31 09:25:02 WARN  MyThread:36 - 分支线程数据：523
2020-12-31 09:25:02 WARN  MyThread:36 - 分支线程数据：524
2020-12-31 09:25:02 WARN  MyThread:36 - 分支线程数据：525
2020-12-31 09:25:02 WARN  MyThread:36 - 分支线程数据：526
2020-12-31 09:25:02 WARN  MyThread:36 - 分支线程数据：527
2020-12-31 09:25:02 WARN  MyThread:36 - 分支线程数据：528
2020-12-31 09:25:02 WARN  MyThread:36 - 分支线程数据：529
2020-12-31 09:25:02 WARN  MyThread:36 - 分支线程数据：530
2020-12-31 09:25:02 WARN  MyThread:36 - 分支线程数据：531
2020-12-31 09:25:02 WARN  MyThread:36 - 分支线程数据：532
2020-12-31 09:25:02 WARN  MyThread:36 - 分支线程数据：533
2020-12-31 09:25:02 WARN  MyThread:36 - 分支线程数据：534
2020-12-31 09:25:02 WARN  MyThread:36 - 分支线程数据：535
2020-12-31 09:25:02 WARN  MyThread:36 - 分支线程数据：536
2020-12-31 09:25:02 WARN  MyThread:36 - 分支线程数据：537
2020-12-31 09:25:02 WARN  MyThread:36 - 分支线程数据：538
2020-12-31 09:25:02 WARN  MyThread:36 - 分支线程数据：539
2020-12-31 09:25:02 WARN  MyThread:36 - 分支线程数据：540
2020-12-31 09:25:02 WARN  MyThread:36 - 分支线程数据：541
2020-12-31 09:25:02 WARN  MyThread:36 - 分支线程数据：542
2020-12-31 09:25:02 WARN  MyThread:36 - 分支线程数据：543
2020-12-31 09:25:02 WARN  MyThread:36 - 分支线程数据：544
2020-12-31 09:25:02 WARN  MyThread:36 - 分支线程数据：545
2020-12-31 09:25:02 WARN  MyThread:36 - 分支线程数据：546
2020-12-31 09:25:02 WARN  MyThread:36 - 分支线程数据：547
2020-12-31 09:25:02 WARN  MyThread:36 - 分支线程数据：548
2020-12-31 09:25:02 WARN  MyThread:36 - 分支线程数据：549
2020-12-31 09:25:02 WARN  MyThread:36 - 分支线程数据：550
2020-12-31 09:25:02 WARN  MyThread:36 - 分支线程数据：551
2020-12-31 09:25:02 WARN  MyThread:36 - 分支线程数据：552
2020-12-31 09:25:02 WARN  MyThread:36 - 分支线程数据：553
2020-12-31 09:25:02 WARN  MyThread:36 - 分支线程数据：554
2020-12-31 09:25:02 WARN  MyThread:36 - 分支线程数据：555
2020-12-31 09:25:02 WARN  MyThread:36 - 分支线程数据：556
2020-12-31 09:25:02 WARN  MyThread:36 - 分支线程数据：557
2020-12-31 09:25:02 WARN  MyThread:36 - 分支线程数据：558
2020-12-31 09:25:02 WARN  MyThread:36 - 分支线程数据：559
2020-12-31 09:25:02 WARN  MyThread:36 - 分支线程数据：560
2020-12-31 09:25:02 WARN  MyThread:36 - 分支线程数据：561
2020-12-31 09:25:02 WARN  MyThread:36 - 分支线程数据：562
2020-12-31 09:25:02 WARN  MyThread:36 - 分支线程数据：563
2020-12-31 09:25:02 WARN  MyThread:36 - 分支线程数据：564
2020-12-31 09:25:02 WARN  MyThread:36 - 分支线程数据：565
2020-12-31 09:25:02 WARN  MyThread:36 - 分支线程数据：566
2020-12-31 09:25:02 WARN  MyThread:36 - 分支线程数据：567
2020-12-31 09:25:02 WARN  MyThread:36 - 分支线程数据：568
2020-12-31 09:25:02 WARN  MyThread:36 - 分支线程数据：569
2020-12-31 09:25:02 WARN  MyThread:36 - 分支线程数据：570
2020-12-31 09:25:02 WARN  MyThread:36 - 分支线程数据：571
2020-12-31 09:25:02 WARN  MyThread:36 - 分支线程数据：572
2020-12-31 09:25:02 WARN  MyThread:36 - 分支线程数据：573
2020-12-31 09:25:02 WARN  MyThread:36 - 分支线程数据：574
2020-12-31 09:25:02 WARN  MyThread:36 - 分支线程数据：575
2020-12-31 09:25:02 WARN  MyThread:36 - 分支线程数据：576
2020-12-31 09:25:02 WARN  MyThread:36 - 分支线程数据：577
2020-12-31 09:25:02 WARN  MyThread:36 - 分支线程数据：578
2020-12-31 09:25:02 WARN  MyThread:36 - 分支线程数据：579
2020-12-31 09:25:02 WARN  MyThread:36 - 分支线程数据：580
2020-12-31 09:25:02 WARN  MyThread:36 - 分支线程数据：581
2020-12-31 09:25:02 WARN  MyThread:36 - 分支线程数据：582
2020-12-31 09:25:02 WARN  MyThread:36 - 分支线程数据：583
2020-12-31 09:25:02 WARN  MyThread:36 - 分支线程数据：584
2020-12-31 09:25:02 WARN  MyThread:36 - 分支线程数据：585
2020-12-31 09:25:02 WARN  MyThread:36 - 分支线程数据：586
2020-12-31 09:25:02 WARN  MyThread:36 - 分支线程数据：587
2020-12-31 09:25:02 WARN  MyThread:36 - 分支线程数据：588
2020-12-31 09:25:02 WARN  MyThread:36 - 分支线程数据：589
2020-12-31 09:25:02 WARN  MyThread:36 - 分支线程数据：590
2020-12-31 09:25:02 WARN  MyThread:36 - 分支线程数据：591
2020-12-31 09:25:02 WARN  MyThread:36 - 分支线程数据：592
2020-12-31 09:25:02 WARN  MyThread:36 - 分支线程数据：593
2020-12-31 09:25:02 WARN  MyThread:36 - 分支线程数据：594
2020-12-31 09:25:02 WARN  MyThread:36 - 分支线程数据：595
2020-12-31 09:25:02 WARN  MyThread:36 - 分支线程数据：596
2020-12-31 09:25:02 WARN  MyThread:36 - 分支线程数据：597
2020-12-31 09:25:02 WARN  MyThread:36 - 分支线程数据：598
2020-12-31 09:25:02 WARN  MyThread:36 - 分支线程数据：599
2020-12-31 09:25:02 WARN  MyThread:36 - 分支线程数据：600
2020-12-31 09:25:02 WARN  MyThread:36 - 分支线程数据：601
2020-12-31 09:25:02 WARN  MyThread:36 - 分支线程数据：602
2020-12-31 09:25:02 WARN  MyThread:36 - 分支线程数据：603
2020-12-31 09:25:02 WARN  MyThread:36 - 分支线程数据：604
2020-12-31 09:25:02 WARN  MyThread:36 - 分支线程数据：605
2020-12-31 09:25:02 WARN  MyThread:36 - 分支线程数据：606
2020-12-31 09:25:02 WARN  MyThread:36 - 分支线程数据：607
2020-12-31 09:25:02 WARN  MyThread:36 - 分支线程数据：608
2020-12-31 09:25:02 WARN  MyThread:36 - 分支线程数据：609
2020-12-31 09:25:02 WARN  MyThread:36 - 分支线程数据：610
2020-12-31 09:25:02 WARN  MyThread:36 - 分支线程数据：611
2020-12-31 09:25:02 WARN  MyThread:36 - 分支线程数据：612
2020-12-31 09:25:02 WARN  MyThread:36 - 分支线程数据：613
2020-12-31 09:25:02 WARN  MyThread:36 - 分支线程数据：614
2020-12-31 09:25:02 WARN  MyThread:36 - 分支线程数据：615
2020-12-31 09:25:02 WARN  MyThread:36 - 分支线程数据：616
2020-12-31 09:25:02 WARN  MyThread:36 - 分支线程数据：617
2020-12-31 09:25:02 WARN  MyThread:36 - 分支线程数据：618
2020-12-31 09:25:02 WARN  MyThread:36 - 分支线程数据：619
2020-12-31 09:25:02 WARN  MyThread:36 - 分支线程数据：620
2020-12-31 09:25:02 WARN  MyThread:36 - 分支线程数据：621
2020-12-31 09:25:02 WARN  MyThread:36 - 分支线程数据：622
2020-12-31 09:25:02 WARN  MyThread:36 - 分支线程数据：623
2020-12-31 09:25:02 WARN  MyThread:36 - 分支线程数据：624
2020-12-31 09:25:02 WARN  MyThread:36 - 分支线程数据：625
2020-12-31 09:25:02 WARN  MyThread:36 - 分支线程数据：626
2020-12-31 09:25:02 WARN  MyThread:36 - 分支线程数据：627
2020-12-31 09:25:02 WARN  MyThread:36 - 分支线程数据：628
2020-12-31 09:25:02 WARN  MyThread:36 - 分支线程数据：629
2020-12-31 09:25:02 WARN  MyThread:36 - 分支线程数据：630
2020-12-31 09:25:02 WARN  MyThread:36 - 分支线程数据：631
2020-12-31 09:25:02 WARN  MyThread:36 - 分支线程数据：632
2020-12-31 09:25:02 WARN  MyThread:36 - 分支线程数据：633
2020-12-31 09:25:02 WARN  MyThread:36 - 分支线程数据：634
2020-12-31 09:25:02 WARN  MyThread:36 - 分支线程数据：635
2020-12-31 09:25:02 WARN  MyThread:36 - 分支线程数据：636
2020-12-31 09:25:02 WARN  MyThread:36 - 分支线程数据：637
2020-12-31 09:25:02 WARN  MyThread:36 - 分支线程数据：638
2020-12-31 09:25:02 WARN  MyThread:36 - 分支线程数据：639
2020-12-31 09:25:02 WARN  MyThread:36 - 分支线程数据：640
2020-12-31 09:25:02 WARN  MyThread:36 - 分支线程数据：641
2020-12-31 09:25:02 WARN  MyThread:36 - 分支线程数据：642
2020-12-31 09:25:02 WARN  MyThread:36 - 分支线程数据：643
2020-12-31 09:25:02 WARN  MyThread:36 - 分支线程数据：644
2020-12-31 09:25:02 WARN  MyThread:36 - 分支线程数据：645
2020-12-31 09:25:02 WARN  MyThread:36 - 分支线程数据：646
2020-12-31 09:25:02 WARN  MyThread:36 - 分支线程数据：647
2020-12-31 09:25:02 WARN  MyThread:36 - 分支线程数据：648
2020-12-31 09:25:02 WARN  MyThread:36 - 分支线程数据：649
2020-12-31 09:25:02 WARN  MyThread:36 - 分支线程数据：650
2020-12-31 09:25:02 WARN  MyThread:36 - 分支线程数据：651
2020-12-31 09:25:02 WARN  MyThread:36 - 分支线程数据：652
2020-12-31 09:25:02 WARN  MyThread:36 - 分支线程数据：653
2020-12-31 09:25:02 WARN  MyThread:36 - 分支线程数据：654
2020-12-31 09:25:02 WARN  MyThread:36 - 分支线程数据：655
2020-12-31 09:25:02 WARN  MyThread:36 - 分支线程数据：656
2020-12-31 09:25:02 WARN  MyThread:36 - 分支线程数据：657
2020-12-31 09:25:02 WARN  MyThread:36 - 分支线程数据：658
2020-12-31 09:25:02 WARN  MyThread:36 - 分支线程数据：659
2020-12-31 09:25:02 WARN  MyThread:36 - 分支线程数据：660
2020-12-31 09:25:02 WARN  MyThread:36 - 分支线程数据：661
2020-12-31 09:25:02 WARN  MyThread:36 - 分支线程数据：662
2020-12-31 09:25:02 WARN  MyThread:36 - 分支线程数据：663
2020-12-31 09:25:02 WARN  MyThread:36 - 分支线程数据：664
2020-12-31 09:25:02 WARN  MyThread:36 - 分支线程数据：665
2020-12-31 09:25:02 WARN  MyThread:36 - 分支线程数据：666
2020-12-31 09:25:02 WARN  MyThread:36 - 分支线程数据：667
2020-12-31 09:25:02 WARN  MyThread:36 - 分支线程数据：668
2020-12-31 09:25:02 WARN  MyThread:36 - 分支线程数据：669
2020-12-31 09:25:02 WARN  MyThread:36 - 分支线程数据：670
2020-12-31 09:25:02 WARN  MyThread:36 - 分支线程数据：671
2020-12-31 09:25:02 WARN  MyThread:36 - 分支线程数据：672
2020-12-31 09:25:02 WARN  MyThread:36 - 分支线程数据：673
2020-12-31 09:25:02 WARN  MyThread:36 - 分支线程数据：674
2020-12-31 09:25:02 WARN  MyThread:36 - 分支线程数据：675
2020-12-31 09:25:02 WARN  MyThread:36 - 分支线程数据：676
2020-12-31 09:25:02 WARN  MyThread:36 - 分支线程数据：677
2020-12-31 09:25:02 WARN  MyThread:36 - 分支线程数据：678
2020-12-31 09:25:02 WARN  MyThread:36 - 分支线程数据：679
2020-12-31 09:25:02 WARN  MyThread:36 - 分支线程数据：680
2020-12-31 09:25:02 WARN  MyThread:36 - 分支线程数据：681
2020-12-31 09:25:02 WARN  MyThread:36 - 分支线程数据：682
2020-12-31 09:25:02 WARN  MyThread:36 - 分支线程数据：683
2020-12-31 09:25:02 WARN  MyThread:36 - 分支线程数据：684
2020-12-31 09:25:02 WARN  MyThread:36 - 分支线程数据：685
2020-12-31 09:25:02 WARN  MyThread:36 - 分支线程数据：686
2020-12-31 09:25:02 WARN  MyThread:36 - 分支线程数据：687
2020-12-31 09:25:02 WARN  MyThread:36 - 分支线程数据：688
2020-12-31 09:25:02 WARN  MyThread:36 - 分支线程数据：689
2020-12-31 09:25:02 WARN  MyThread:36 - 分支线程数据：690
2020-12-31 09:25:02 WARN  MyThread:36 - 分支线程数据：691
2020-12-31 09:25:02 WARN  MyThread:36 - 分支线程数据：692
2020-12-31 09:25:02 WARN  MyThread:36 - 分支线程数据：693
2020-12-31 09:25:02 WARN  MyThread:36 - 分支线程数据：694
2020-12-31 09:25:02 WARN  MyThread:36 - 分支线程数据：695
2020-12-31 09:25:02 WARN  MyThread:36 - 分支线程数据：696
2020-12-31 09:25:02 WARN  MyThread:36 - 分支线程数据：697
2020-12-31 09:25:02 WARN  MyThread:36 - 分支线程数据：698
2020-12-31 09:25:02 WARN  MyThread:36 - 分支线程数据：699
2020-12-31 09:25:02 WARN  MyThread:36 - 分支线程数据：700
2020-12-31 09:25:02 WARN  MyThread:36 - 分支线程数据：701
2020-12-31 09:25:02 WARN  MyThread:36 - 分支线程数据：702
2020-12-31 09:25:02 WARN  MyThread:36 - 分支线程数据：703
2020-12-31 09:25:02 WARN  MyThread:36 - 分支线程数据：704
2020-12-31 09:25:02 WARN  MyThread:36 - 分支线程数据：705
2020-12-31 09:25:02 WARN  MyThread:36 - 分支线程数据：706
2020-12-31 09:25:02 WARN  MyThread:36 - 分支线程数据：707
2020-12-31 09:25:02 WARN  MyThread:36 - 分支线程数据：708
2020-12-31 09:25:02 WARN  MyThread:36 - 分支线程数据：709
2020-12-31 09:25:02 WARN  MyThread:36 - 分支线程数据：710
2020-12-31 09:25:02 WARN  MyThread:36 - 分支线程数据：711
2020-12-31 09:25:02 WARN  MyThread:36 - 分支线程数据：712
2020-12-31 09:25:02 WARN  MyThread:36 - 分支线程数据：713
2020-12-31 09:25:02 WARN  MyThread:36 - 分支线程数据：714
2020-12-31 09:25:02 WARN  MyThread:36 - 分支线程数据：715
2020-12-31 09:25:02 WARN  MyThread:36 - 分支线程数据：716
2020-12-31 09:25:02 WARN  MyThread:36 - 分支线程数据：717
2020-12-31 09:25:02 WARN  MyThread:36 - 分支线程数据：718
2020-12-31 09:25:02 WARN  MyThread:36 - 分支线程数据：719
2020-12-31 09:25:02 WARN  MyThread:36 - 分支线程数据：720
2020-12-31 09:25:02 WARN  MyThread:36 - 分支线程数据：721
2020-12-31 09:25:02 WARN  MyThread:36 - 分支线程数据：722
2020-12-31 09:25:02 WARN  MyThread:36 - 分支线程数据：723
2020-12-31 09:25:02 WARN  MyThread:36 - 分支线程数据：724
2020-12-31 09:25:02 WARN  MyThread:36 - 分支线程数据：725
2020-12-31 09:25:02 WARN  MyThread:36 - 分支线程数据：726
2020-12-31 09:25:02 WARN  MyThread:36 - 分支线程数据：727
2020-12-31 09:25:02 WARN  MyThread:36 - 分支线程数据：728
2020-12-31 09:25:02 WARN  MyThread:36 - 分支线程数据：729
2020-12-31 09:25:02 WARN  MyThread:36 - 分支线程数据：730
2020-12-31 09:25:02 WARN  MyThread:36 - 分支线程数据：731
2020-12-31 09:25:02 WARN  MyThread:36 - 分支线程数据：732
2020-12-31 09:25:02 WARN  MyThread:36 - 分支线程数据：733
2020-12-31 09:25:02 WARN  MyThread:36 - 分支线程数据：734
2020-12-31 09:25:02 WARN  MyThread:36 - 分支线程数据：735
2020-12-31 09:25:02 WARN  MyThread:36 - 分支线程数据：736
2020-12-31 09:25:02 WARN  MyThread:36 - 分支线程数据：737
2020-12-31 09:25:02 WARN  MyThread:36 - 分支线程数据：738
2020-12-31 09:25:02 WARN  MyThread:36 - 分支线程数据：739
2020-12-31 09:25:02 WARN  MyThread:36 - 分支线程数据：740
2020-12-31 09:25:02 WARN  MyThread:36 - 分支线程数据：741
2020-12-31 09:25:02 WARN  MyThread:36 - 分支线程数据：742
2020-12-31 09:25:02 WARN  MyThread:36 - 分支线程数据：743
2020-12-31 09:25:02 WARN  MyThread:36 - 分支线程数据：744
2020-12-31 09:25:02 WARN  MyThread:36 - 分支线程数据：745
2020-12-31 09:25:02 WARN  MyThread:36 - 分支线程数据：746
2020-12-31 09:25:02 WARN  MyThread:36 - 分支线程数据：747
2020-12-31 09:25:02 WARN  MyThread:36 - 分支线程数据：748
2020-12-31 09:25:02 WARN  MyThread:36 - 分支线程数据：749
2020-12-31 09:25:02 WARN  MyThread:36 - 分支线程数据：750
2020-12-31 09:25:02 WARN  MyThread:36 - 分支线程数据：751
2020-12-31 09:25:02 WARN  MyThread:36 - 分支线程数据：752
2020-12-31 09:25:02 WARN  MyThread:36 - 分支线程数据：753
2020-12-31 09:25:02 WARN  MyThread:36 - 分支线程数据：754
2020-12-31 09:25:02 WARN  MyThread:36 - 分支线程数据：755
2020-12-31 09:25:02 WARN  MyThread:36 - 分支线程数据：756
2020-12-31 09:25:02 WARN  MyThread:36 - 分支线程数据：757
2020-12-31 09:25:02 WARN  MyThread:36 - 分支线程数据：758
2020-12-31 09:25:02 WARN  MyThread:36 - 分支线程数据：759
2020-12-31 09:25:02 WARN  MyThread:36 - 分支线程数据：760
2020-12-31 09:25:02 WARN  MyThread:36 - 分支线程数据：761
2020-12-31 09:25:02 WARN  MyThread:36 - 分支线程数据：762
2020-12-31 09:25:02 WARN  MyThread:36 - 分支线程数据：763
2020-12-31 09:25:02 WARN  MyThread:36 - 分支线程数据：764
2020-12-31 09:25:02 WARN  MyThread:36 - 分支线程数据：765
2020-12-31 09:25:02 WARN  MyThread:36 - 分支线程数据：766
2020-12-31 09:25:02 WARN  MyThread:36 - 分支线程数据：767
2020-12-31 09:25:02 WARN  MyThread:36 - 分支线程数据：768
2020-12-31 09:25:02 WARN  MyThread:36 - 分支线程数据：769
2020-12-31 09:25:02 WARN  MyThread:36 - 分支线程数据：770
2020-12-31 09:25:02 WARN  MyThread:36 - 分支线程数据：771
2020-12-31 09:25:02 WARN  MyThread:36 - 分支线程数据：772
2020-12-31 09:25:02 WARN  MyThread:36 - 分支线程数据：773
2020-12-31 09:25:02 WARN  MyThread:36 - 分支线程数据：774
2020-12-31 09:25:02 WARN  MyThread:36 - 分支线程数据：775
2020-12-31 09:25:02 WARN  MyThread:36 - 分支线程数据：776
2020-12-31 09:25:02 WARN  MyThread:36 - 分支线程数据：777
2020-12-31 09:25:02 WARN  MyThread:36 - 分支线程数据：778
2020-12-31 09:25:02 WARN  MyThread:36 - 分支线程数据：779
2020-12-31 09:25:02 WARN  MyThread:36 - 分支线程数据：780
2020-12-31 09:25:02 WARN  MyThread:36 - 分支线程数据：781
2020-12-31 09:25:02 WARN  MyThread:36 - 分支线程数据：782
2020-12-31 09:25:02 WARN  MyThread:36 - 分支线程数据：783
2020-12-31 09:25:02 WARN  MyThread:36 - 分支线程数据：784
2020-12-31 09:25:02 WARN  MyThread:36 - 分支线程数据：785
2020-12-31 09:25:02 WARN  MyThread:36 - 分支线程数据：786
2020-12-31 09:25:02 WARN  MyThread:36 - 分支线程数据：787
2020-12-31 09:25:02 WARN  MyThread:36 - 分支线程数据：788
2020-12-31 09:25:02 WARN  MyThread:36 - 分支线程数据：789
2020-12-31 09:25:02 WARN  MyThread:36 - 分支线程数据：790
2020-12-31 09:25:02 WARN  MyThread:36 - 分支线程数据：791
2020-12-31 09:25:02 WARN  MyThread:36 - 分支线程数据：792
2020-12-31 09:25:02 WARN  MyThread:36 - 分支线程数据：793
2020-12-31 09:25:02 WARN  MyThread:36 - 分支线程数据：794
2020-12-31 09:25:02 WARN  MyThread:36 - 分支线程数据：795
2020-12-31 09:25:02 WARN  MyThread:36 - 分支线程数据：796
2020-12-31 09:25:02 WARN  MyThread:36 - 分支线程数据：797
2020-12-31 09:25:02 WARN  MyThread:36 - 分支线程数据：798
2020-12-31 09:25:02 WARN  MyThread:36 - 分支线程数据：799
2020-12-31 09:25:02 WARN  MyThread:36 - 分支线程数据：800
2020-12-31 09:25:02 WARN  MyThread:36 - 分支线程数据：801
2020-12-31 09:25:02 WARN  MyThread:36 - 分支线程数据：802
2020-12-31 09:25:02 WARN  MyThread:36 - 分支线程数据：803
2020-12-31 09:25:02 WARN  MyThread:36 - 分支线程数据：804
2020-12-31 09:25:02 WARN  MyThread:36 - 分支线程数据：805
2020-12-31 09:25:02 WARN  MyThread:36 - 分支线程数据：806
2020-12-31 09:25:02 WARN  MyThread:36 - 分支线程数据：807
2020-12-31 09:25:02 WARN  MyThread:36 - 分支线程数据：808
2020-12-31 09:25:02 WARN  MyThread:36 - 分支线程数据：809
2020-12-31 09:25:02 WARN  MyThread:36 - 分支线程数据：810
2020-12-31 09:25:02 WARN  MyThread:36 - 分支线程数据：811
2020-12-31 09:25:02 WARN  MyThread:36 - 分支线程数据：812
2020-12-31 09:25:02 WARN  MyThread:36 - 分支线程数据：813
2020-12-31 09:25:02 WARN  MyThread:36 - 分支线程数据：814
2020-12-31 09:25:02 WARN  MyThread:36 - 分支线程数据：815
2020-12-31 09:25:02 WARN  MyThread:36 - 分支线程数据：816
2020-12-31 09:25:02 WARN  MyThread:36 - 分支线程数据：817
2020-12-31 09:25:02 WARN  MyThread:36 - 分支线程数据：818
2020-12-31 09:25:02 WARN  MyThread:36 - 分支线程数据：819
2020-12-31 09:25:02 WARN  MyThread:36 - 分支线程数据：820
2020-12-31 09:25:02 WARN  MyThread:36 - 分支线程数据：821
2020-12-31 09:25:02 WARN  MyThread:36 - 分支线程数据：822
2020-12-31 09:25:02 WARN  MyThread:36 - 分支线程数据：823
2020-12-31 09:25:02 WARN  MyThread:36 - 分支线程数据：824
2020-12-31 09:25:02 WARN  MyThread:36 - 分支线程数据：825
2020-12-31 09:25:02 WARN  MyThread:36 - 分支线程数据：826
2020-12-31 09:25:02 WARN  MyThread:36 - 分支线程数据：827
2020-12-31 09:25:02 WARN  MyThread:36 - 分支线程数据：828
2020-12-31 09:25:02 WARN  MyThread:36 - 分支线程数据：829
2020-12-31 09:25:02 WARN  MyThread:36 - 分支线程数据：830
2020-12-31 09:25:02 WARN  MyThread:36 - 分支线程数据：831
2020-12-31 09:25:02 WARN  MyThread:36 - 分支线程数据：832
2020-12-31 09:25:02 WARN  MyThread:36 - 分支线程数据：833
2020-12-31 09:25:02 WARN  MyThread:36 - 分支线程数据：834
2020-12-31 09:25:02 WARN  MyThread:36 - 分支线程数据：835
2020-12-31 09:25:02 WARN  MyThread:36 - 分支线程数据：836
2020-12-31 09:25:02 WARN  MyThread:36 - 分支线程数据：837
2020-12-31 09:25:02 WARN  MyThread:36 - 分支线程数据：838
2020-12-31 09:25:02 WARN  MyThread:36 - 分支线程数据：839
2020-12-31 09:25:02 WARN  MyThread:36 - 分支线程数据：840
2020-12-31 09:25:02 WARN  MyThread:36 - 分支线程数据：841
2020-12-31 09:25:02 WARN  MyThread:36 - 分支线程数据：842
2020-12-31 09:25:02 WARN  MyThread:36 - 分支线程数据：843
2020-12-31 09:25:02 WARN  MyThread:36 - 分支线程数据：844
2020-12-31 09:25:02 WARN  MyThread:36 - 分支线程数据：845
2020-12-31 09:25:02 WARN  MyThread:36 - 分支线程数据：846
2020-12-31 09:25:02 WARN  MyThread:36 - 分支线程数据：847
2020-12-31 09:25:02 WARN  MyThread:36 - 分支线程数据：848
2020-12-31 09:25:02 WARN  MyThread:36 - 分支线程数据：849
2020-12-31 09:25:02 WARN  MyThread:36 - 分支线程数据：850
2020-12-31 09:25:02 WARN  MyThread:36 - 分支线程数据：851
2020-12-31 09:25:02 WARN  MyThread:36 - 分支线程数据：852
2020-12-31 09:25:02 WARN  MyThread:36 - 分支线程数据：853
2020-12-31 09:25:02 WARN  MyThread:36 - 分支线程数据：854
2020-12-31 09:25:02 WARN  MyThread:36 - 分支线程数据：855
2020-12-31 09:25:02 WARN  MyThread:36 - 分支线程数据：856
2020-12-31 09:25:02 WARN  MyThread:36 - 分支线程数据：857
2020-12-31 09:25:02 WARN  MyThread:36 - 分支线程数据：858
2020-12-31 09:25:02 WARN  MyThread:36 - 分支线程数据：859
2020-12-31 09:25:02 WARN  MyThread:36 - 分支线程数据：860
2020-12-31 09:25:02 WARN  MyThread:36 - 分支线程数据：861
2020-12-31 09:25:02 WARN  MyThread:36 - 分支线程数据：862
2020-12-31 09:25:02 WARN  MyThread:36 - 分支线程数据：863
2020-12-31 09:25:02 WARN  MyThread:36 - 分支线程数据：864
2020-12-31 09:25:02 WARN  MyThread:36 - 分支线程数据：865
2020-12-31 09:25:02 WARN  MyThread:36 - 分支线程数据：866
2020-12-31 09:25:02 WARN  MyThread:36 - 分支线程数据：867
2020-12-31 09:25:02 WARN  MyThread:36 - 分支线程数据：868
2020-12-31 09:25:02 WARN  MyThread:36 - 分支线程数据：869
2020-12-31 09:25:02 WARN  MyThread:36 - 分支线程数据：870
2020-12-31 09:25:02 WARN  MyThread:36 - 分支线程数据：871
2020-12-31 09:25:02 WARN  MyThread:36 - 分支线程数据：872
2020-12-31 09:25:02 WARN  MyThread:36 - 分支线程数据：873
2020-12-31 09:25:02 WARN  MyThread:36 - 分支线程数据：874
2020-12-31 09:25:02 WARN  MyThread:36 - 分支线程数据：875
2020-12-31 09:25:02 WARN  MyThread:36 - 分支线程数据：876
2020-12-31 09:25:02 WARN  MyThread:36 - 分支线程数据：877
2020-12-31 09:25:02 WARN  MyThread:36 - 分支线程数据：878
2020-12-31 09:25:02 WARN  MyThread:36 - 分支线程数据：879
2020-12-31 09:25:02 WARN  MyThread:36 - 分支线程数据：880
2020-12-31 09:25:02 WARN  MyThread:36 - 分支线程数据：881
2020-12-31 09:25:02 WARN  MyThread:36 - 分支线程数据：882
2020-12-31 09:25:02 WARN  MyThread:36 - 分支线程数据：883
2020-12-31 09:25:02 WARN  MyThread:36 - 分支线程数据：884
2020-12-31 09:25:02 WARN  MyThread:36 - 分支线程数据：885
2020-12-31 09:25:02 WARN  MyThread:36 - 分支线程数据：886
2020-12-31 09:25:02 WARN  MyThread:36 - 分支线程数据：887
2020-12-31 09:25:02 WARN  MyThread:36 - 分支线程数据：888
2020-12-31 09:25:02 WARN  MyThread:36 - 分支线程数据：889
2020-12-31 09:25:02 WARN  MyThread:36 - 分支线程数据：890
2020-12-31 09:25:02 WARN  MyThread:36 - 分支线程数据：891
2020-12-31 09:25:02 WARN  MyThread:36 - 分支线程数据：892
2020-12-31 09:25:02 WARN  MyThread:36 - 分支线程数据：893
2020-12-31 09:25:02 WARN  MyThread:36 - 分支线程数据：894
2020-12-31 09:25:02 WARN  MyThread:36 - 分支线程数据：895
2020-12-31 09:25:02 WARN  MyThread:36 - 分支线程数据：896
2020-12-31 09:25:02 WARN  MyThread:36 - 分支线程数据：897
2020-12-31 09:25:02 WARN  MyThread:36 - 分支线程数据：898
2020-12-31 09:25:02 WARN  MyThread:36 - 分支线程数据：899
2020-12-31 09:25:02 WARN  MyThread:36 - 分支线程数据：900
2020-12-31 09:25:02 WARN  MyThread:36 - 分支线程数据：901
2020-12-31 09:25:02 WARN  MyThread:36 - 分支线程数据：902
2020-12-31 09:25:02 WARN  MyThread:36 - 分支线程数据：903
2020-12-31 09:25:02 WARN  MyThread:36 - 分支线程数据：904
2020-12-31 09:25:02 WARN  MyThread:36 - 分支线程数据：905
2020-12-31 09:25:02 WARN  MyThread:36 - 分支线程数据：906
2020-12-31 09:25:02 WARN  MyThread:36 - 分支线程数据：907
2020-12-31 09:25:02 WARN  MyThread:36 - 分支线程数据：908
2020-12-31 09:25:02 WARN  MyThread:36 - 分支线程数据：909
2020-12-31 09:25:02 WARN  MyThread:36 - 分支线程数据：910
2020-12-31 09:25:02 WARN  MyThread:36 - 分支线程数据：911
2020-12-31 09:25:02 WARN  MyThread:36 - 分支线程数据：912
2020-12-31 09:25:02 WARN  MyThread:36 - 分支线程数据：913
2020-12-31 09:25:02 WARN  MyThread:36 - 分支线程数据：914
2020-12-31 09:25:02 WARN  MyThread:36 - 分支线程数据：915
2020-12-31 09:25:02 WARN  MyThread:36 - 分支线程数据：916
2020-12-31 09:25:02 WARN  MyThread:36 - 分支线程数据：917
2020-12-31 09:25:02 WARN  MyThread:36 - 分支线程数据：918
2020-12-31 09:25:02 WARN  MyThread:36 - 分支线程数据：919
2020-12-31 09:25:02 WARN  MyThread:36 - 分支线程数据：920
2020-12-31 09:25:02 WARN  MyThread:36 - 分支线程数据：921
2020-12-31 09:25:02 WARN  MyThread:36 - 分支线程数据：922
2020-12-31 09:25:02 WARN  MyThread:36 - 分支线程数据：923
2020-12-31 09:25:02 WARN  MyThread:36 - 分支线程数据：924
2020-12-31 09:25:02 WARN  MyThread:36 - 分支线程数据：925
2020-12-31 09:25:02 WARN  MyThread:36 - 分支线程数据：926
2020-12-31 09:25:02 WARN  MyThread:36 - 分支线程数据：927
2020-12-31 09:25:02 WARN  MyThread:36 - 分支线程数据：928
2020-12-31 09:25:02 WARN  MyThread:36 - 分支线程数据：929
2020-12-31 09:25:02 WARN  MyThread:36 - 分支线程数据：930
2020-12-31 09:25:02 WARN  MyThread:36 - 分支线程数据：931
2020-12-31 09:25:02 WARN  MyThread:36 - 分支线程数据：932
2020-12-31 09:25:02 WARN  MyThread:36 - 分支线程数据：933
2020-12-31 09:25:02 WARN  MyThread:36 - 分支线程数据：934
2020-12-31 09:25:02 WARN  MyThread:36 - 分支线程数据：935
2020-12-31 09:25:02 WARN  MyThread:36 - 分支线程数据：936
2020-12-31 09:25:02 WARN  MyThread:36 - 分支线程数据：937
2020-12-31 09:25:02 WARN  MyThread:36 - 分支线程数据：938
2020-12-31 09:25:02 WARN  MyThread:36 - 分支线程数据：939
2020-12-31 09:25:02 WARN  MyThread:36 - 分支线程数据：940
2020-12-31 09:25:02 WARN  MyThread:36 - 分支线程数据：941
2020-12-31 09:25:02 WARN  MyThread:36 - 分支线程数据：942
2020-12-31 09:25:02 WARN  MyThread:36 - 分支线程数据：943
2020-12-31 09:25:02 WARN  MyThread:36 - 分支线程数据：944
2020-12-31 09:25:02 WARN  MyThread:36 - 分支线程数据：945
2020-12-31 09:25:02 WARN  MyThread:36 - 分支线程数据：946
2020-12-31 09:25:02 WARN  MyThread:36 - 分支线程数据：947
2020-12-31 09:25:02 WARN  MyThread:36 - 分支线程数据：948
2020-12-31 09:25:02 WARN  MyThread:36 - 分支线程数据：949
2020-12-31 09:25:02 WARN  MyThread:36 - 分支线程数据：950
2020-12-31 09:25:02 WARN  MyThread:36 - 分支线程数据：951
2020-12-31 09:25:02 WARN  MyThread:36 - 分支线程数据：952
2020-12-31 09:25:02 WARN  MyThread:36 - 分支线程数据：953
2020-12-31 09:25:02 WARN  MyThread:36 - 分支线程数据：954
2020-12-31 09:25:02 WARN  MyThread:36 - 分支线程数据：955
2020-12-31 09:25:02 WARN  MyThread:36 - 分支线程数据：956
2020-12-31 09:25:02 WARN  MyThread:36 - 分支线程数据：957
2020-12-31 09:25:02 WARN  MyThread:36 - 分支线程数据：958
2020-12-31 09:25:02 WARN  MyThread:36 - 分支线程数据：959
2020-12-31 09:25:02 WARN  MyThread:36 - 分支线程数据：960
2020-12-31 09:25:02 WARN  MyThread:36 - 分支线程数据：961
2020-12-31 09:25:02 WARN  MyThread:36 - 分支线程数据：962
2020-12-31 09:25:02 WARN  MyThread:36 - 分支线程数据：963
2020-12-31 09:25:02 WARN  MyThread:36 - 分支线程数据：964
2020-12-31 09:25:02 WARN  MyThread:36 - 分支线程数据：965
2020-12-31 09:25:02 WARN  MyThread:36 - 分支线程数据：966
2020-12-31 09:25:02 WARN  MyThread:36 - 分支线程数据：967
2020-12-31 09:25:02 WARN  MyThread:36 - 分支线程数据：968
2020-12-31 09:25:02 WARN  MyThread:36 - 分支线程数据：969
2020-12-31 09:25:02 WARN  MyThread:36 - 分支线程数据：970
2020-12-31 09:25:02 WARN  MyThread:36 - 分支线程数据：971
2020-12-31 09:25:02 WARN  MyThread:36 - 分支线程数据：972
2020-12-31 09:25:02 WARN  MyThread:36 - 分支线程数据：973
2020-12-31 09:25:02 WARN  MyThread:36 - 分支线程数据：974
2020-12-31 09:25:02 WARN  MyThread:36 - 分支线程数据：975
2020-12-31 09:25:02 WARN  MyThread:36 - 分支线程数据：976
2020-12-31 09:25:02 WARN  MyThread:36 - 分支线程数据：977
2020-12-31 09:25:02 WARN  MyThread:36 - 分支线程数据：978
2020-12-31 09:25:02 WARN  MyThread:36 - 分支线程数据：979
2020-12-31 09:25:02 WARN  MyThread:36 - 分支线程数据：980
2020-12-31 09:25:02 WARN  MyThread:36 - 分支线程数据：981
2020-12-31 09:25:02 WARN  MyThread:36 - 分支线程数据：982
2020-12-31 09:25:02 WARN  MyThread:36 - 分支线程数据：983
2020-12-31 09:25:02 WARN  MyThread:36 - 分支线程数据：984
2020-12-31 09:25:02 WARN  MyThread:36 - 分支线程数据：985
2020-12-31 09:25:02 WARN  MyThread:36 - 分支线程数据：986
2020-12-31 09:25:02 WARN  MyThread:36 - 分支线程数据：987
2020-12-31 09:25:02 WARN  MyThread:36 - 分支线程数据：988
2020-12-31 09:25:02 WARN  MyThread:36 - 分支线程数据：989
2020-12-31 09:25:02 WARN  MyThread:36 - 分支线程数据：990
2020-12-31 09:25:02 WARN  MyThread:36 - 分支线程数据：991
2020-12-31 09:25:02 WARN  MyThread:36 - 分支线程数据：992
2020-12-31 09:25:02 WARN  MyThread:36 - 分支线程数据：993
2020-12-31 09:25:02 WARN  MyThread:36 - 分支线程数据：994
2020-12-31 09:25:02 WARN  MyThread:36 - 分支线程数据：995
2020-12-31 09:25:02 WARN  MyThread:36 - 分支线程数据：996
2020-12-31 09:25:02 WARN  MyThread:36 - 分支线程数据：997
2020-12-31 09:25:02 WARN  MyThread:36 - 分支线程数据：998
2020-12-31 09:25:02 WARN  MyThread:36 - 分支线程数据：999
2020-12-31 09:25:02 INFO  ThreadTest:23 - 主线程数据：111
2020-12-31 09:25:02 INFO  ThreadTest:23 - 主线程数据：112
2020-12-31 09:25:02 INFO  ThreadTest:23 - 主线程数据：113
2020-12-31 09:25:02 INFO  ThreadTest:23 - 主线程数据：114
2020-12-31 09:25:02 INFO  ThreadTest:23 - 主线程数据：115
2020-12-31 09:25:02 INFO  ThreadTest:23 - 主线程数据：116
2020-12-31 09:25:02 INFO  ThreadTest:23 - 主线程数据：117
2020-12-31 09:25:02 INFO  ThreadTest:23 - 主线程数据：118
2020-12-31 09:25:02 INFO  ThreadTest:23 - 主线程数据：119
2020-12-31 09:25:02 INFO  ThreadTest:23 - 主线程数据：120
2020-12-31 09:25:02 INFO  ThreadTest:23 - 主线程数据：121
2020-12-31 09:25:02 INFO  ThreadTest:23 - 主线程数据：122
2020-12-31 09:25:02 INFO  ThreadTest:23 - 主线程数据：123
2020-12-31 09:25:02 INFO  ThreadTest:23 - 主线程数据：124
2020-12-31 09:25:02 INFO  ThreadTest:23 - 主线程数据：125
2020-12-31 09:25:02 INFO  ThreadTest:23 - 主线程数据：126
2020-12-31 09:25:02 INFO  ThreadTest:23 - 主线程数据：127
2020-12-31 09:25:02 INFO  ThreadTest:23 - 主线程数据：128
2020-12-31 09:25:02 INFO  ThreadTest:23 - 主线程数据：129
2020-12-31 09:25:02 INFO  ThreadTest:23 - 主线程数据：130
2020-12-31 09:25:02 INFO  ThreadTest:23 - 主线程数据：131
2020-12-31 09:25:02 INFO  ThreadTest:23 - 主线程数据：132
2020-12-31 09:25:02 INFO  ThreadTest:23 - 主线程数据：133
2020-12-31 09:25:02 INFO  ThreadTest:23 - 主线程数据：134
2020-12-31 09:25:02 INFO  ThreadTest:23 - 主线程数据：135
2020-12-31 09:25:02 INFO  ThreadTest:23 - 主线程数据：136
2020-12-31 09:25:02 INFO  ThreadTest:23 - 主线程数据：137
2020-12-31 09:25:02 INFO  ThreadTest:23 - 主线程数据：138
2020-12-31 09:25:02 INFO  ThreadTest:23 - 主线程数据：139
2020-12-31 09:25:02 INFO  ThreadTest:23 - 主线程数据：140
2020-12-31 09:25:02 INFO  ThreadTest:23 - 主线程数据：141
2020-12-31 09:25:02 INFO  ThreadTest:23 - 主线程数据：142
2020-12-31 09:25:02 INFO  ThreadTest:23 - 主线程数据：143
2020-12-31 09:25:02 INFO  ThreadTest:23 - 主线程数据：144
2020-12-31 09:25:02 INFO  ThreadTest:23 - 主线程数据：145
2020-12-31 09:25:02 INFO  ThreadTest:23 - 主线程数据：146
2020-12-31 09:25:02 INFO  ThreadTest:23 - 主线程数据：147
2020-12-31 09:25:02 INFO  ThreadTest:23 - 主线程数据：148
2020-12-31 09:25:02 INFO  ThreadTest:23 - 主线程数据：149
2020-12-31 09:25:02 INFO  ThreadTest:23 - 主线程数据：150
2020-12-31 09:25:02 INFO  ThreadTest:23 - 主线程数据：151
2020-12-31 09:25:02 INFO  ThreadTest:23 - 主线程数据：152
2020-12-31 09:25:02 INFO  ThreadTest:23 - 主线程数据：153
2020-12-31 09:25:02 INFO  ThreadTest:23 - 主线程数据：154
2020-12-31 09:25:02 INFO  ThreadTest:23 - 主线程数据：155
2020-12-31 09:25:02 INFO  ThreadTest:23 - 主线程数据：156
2020-12-31 09:25:02 INFO  ThreadTest:23 - 主线程数据：157
2020-12-31 09:25:02 INFO  ThreadTest:23 - 主线程数据：158
2020-12-31 09:25:02 INFO  ThreadTest:23 - 主线程数据：159
2020-12-31 09:25:02 INFO  ThreadTest:23 - 主线程数据：160
2020-12-31 09:25:02 INFO  ThreadTest:23 - 主线程数据：161
2020-12-31 09:25:02 INFO  ThreadTest:23 - 主线程数据：162
2020-12-31 09:25:02 INFO  ThreadTest:23 - 主线程数据：163
2020-12-31 09:25:02 INFO  ThreadTest:23 - 主线程数据：164
2020-12-31 09:25:02 INFO  ThreadTest:23 - 主线程数据：165
2020-12-31 09:25:02 INFO  ThreadTest:23 - 主线程数据：166
2020-12-31 09:25:02 INFO  ThreadTest:23 - 主线程数据：167
2020-12-31 09:25:02 INFO  ThreadTest:23 - 主线程数据：168
2020-12-31 09:25:02 INFO  ThreadTest:23 - 主线程数据：169
2020-12-31 09:25:02 INFO  ThreadTest:23 - 主线程数据：170
2020-12-31 09:25:02 INFO  ThreadTest:23 - 主线程数据：171
2020-12-31 09:25:02 INFO  ThreadTest:23 - 主线程数据：172
2020-12-31 09:25:02 INFO  ThreadTest:23 - 主线程数据：173
2020-12-31 09:25:02 INFO  ThreadTest:23 - 主线程数据：174
2020-12-31 09:25:02 INFO  ThreadTest:23 - 主线程数据：175
2020-12-31 09:25:02 INFO  ThreadTest:23 - 主线程数据：176
2020-12-31 09:25:02 INFO  ThreadTest:23 - 主线程数据：177
2020-12-31 09:25:02 INFO  ThreadTest:23 - 主线程数据：178
2020-12-31 09:25:02 INFO  ThreadTest:23 - 主线程数据：179
2020-12-31 09:25:02 INFO  ThreadTest:23 - 主线程数据：180
2020-12-31 09:25:02 INFO  ThreadTest:23 - 主线程数据：181
2020-12-31 09:25:02 INFO  ThreadTest:23 - 主线程数据：182
2020-12-31 09:25:02 INFO  ThreadTest:23 - 主线程数据：183
2020-12-31 09:25:02 INFO  ThreadTest:23 - 主线程数据：184
2020-12-31 09:25:02 INFO  ThreadTest:23 - 主线程数据：185
2020-12-31 09:25:02 INFO  ThreadTest:23 - 主线程数据：186
2020-12-31 09:25:02 INFO  ThreadTest:23 - 主线程数据：187
2020-12-31 09:25:02 INFO  ThreadTest:23 - 主线程数据：188
2020-12-31 09:25:02 INFO  ThreadTest:23 - 主线程数据：189
2020-12-31 09:25:02 INFO  ThreadTest:23 - 主线程数据：190
2020-12-31 09:25:02 INFO  ThreadTest:23 - 主线程数据：191
2020-12-31 09:25:02 INFO  ThreadTest:23 - 主线程数据：192
2020-12-31 09:25:02 INFO  ThreadTest:23 - 主线程数据：193
2020-12-31 09:25:02 INFO  ThreadTest:23 - 主线程数据：194
2020-12-31 09:25:02 INFO  ThreadTest:23 - 主线程数据：195
2020-12-31 09:25:02 INFO  ThreadTest:23 - 主线程数据：196
2020-12-31 09:25:02 INFO  ThreadTest:23 - 主线程数据：197
2020-12-31 09:25:02 INFO  ThreadTest:23 - 主线程数据：198
2020-12-31 09:25:02 INFO  ThreadTest:23 - 主线程数据：199
2020-12-31 09:25:02 INFO  ThreadTest:23 - 主线程数据：200
2020-12-31 09:25:02 INFO  ThreadTest:23 - 主线程数据：201
2020-12-31 09:25:02 INFO  ThreadTest:23 - 主线程数据：202
2020-12-31 09:25:02 INFO  ThreadTest:23 - 主线程数据：203
2020-12-31 09:25:02 INFO  ThreadTest:23 - 主线程数据：204
2020-12-31 09:25:02 INFO  ThreadTest:23 - 主线程数据：205
2020-12-31 09:25:02 INFO  ThreadTest:23 - 主线程数据：206
2020-12-31 09:25:02 INFO  ThreadTest:23 - 主线程数据：207
2020-12-31 09:25:02 INFO  ThreadTest:23 - 主线程数据：208
2020-12-31 09:25:02 INFO  ThreadTest:23 - 主线程数据：209
2020-12-31 09:25:02 INFO  ThreadTest:23 - 主线程数据：210
2020-12-31 09:25:02 INFO  ThreadTest:23 - 主线程数据：211
2020-12-31 09:25:02 INFO  ThreadTest:23 - 主线程数据：212
2020-12-31 09:25:02 INFO  ThreadTest:23 - 主线程数据：213
2020-12-31 09:25:02 INFO  ThreadTest:23 - 主线程数据：214
2020-12-31 09:25:02 INFO  ThreadTest:23 - 主线程数据：215
2020-12-31 09:25:02 INFO  ThreadTest:23 - 主线程数据：216
2020-12-31 09:25:02 INFO  ThreadTest:23 - 主线程数据：217
2020-12-31 09:25:02 INFO  ThreadTest:23 - 主线程数据：218
2020-12-31 09:25:02 INFO  ThreadTest:23 - 主线程数据：219
2020-12-31 09:25:02 INFO  ThreadTest:23 - 主线程数据：220
2020-12-31 09:25:02 INFO  ThreadTest:23 - 主线程数据：221
2020-12-31 09:25:02 INFO  ThreadTest:23 - 主线程数据：222
2020-12-31 09:25:02 INFO  ThreadTest:23 - 主线程数据：223
2020-12-31 09:25:02 INFO  ThreadTest:23 - 主线程数据：224
2020-12-31 09:25:02 INFO  ThreadTest:23 - 主线程数据：225
2020-12-31 09:25:02 INFO  ThreadTest:23 - 主线程数据：226
2020-12-31 09:25:02 INFO  ThreadTest:23 - 主线程数据：227
2020-12-31 09:25:02 INFO  ThreadTest:23 - 主线程数据：228
2020-12-31 09:25:02 INFO  ThreadTest:23 - 主线程数据：229
2020-12-31 09:25:02 INFO  ThreadTest:23 - 主线程数据：230
2020-12-31 09:25:02 INFO  ThreadTest:23 - 主线程数据：231
2020-12-31 09:25:02 INFO  ThreadTest:23 - 主线程数据：232
2020-12-31 09:25:02 INFO  ThreadTest:23 - 主线程数据：233
2020-12-31 09:25:02 INFO  ThreadTest:23 - 主线程数据：234
2020-12-31 09:25:02 INFO  ThreadTest:23 - 主线程数据：235
2020-12-31 09:25:02 INFO  ThreadTest:23 - 主线程数据：236
2020-12-31 09:25:02 INFO  ThreadTest:23 - 主线程数据：237
2020-12-31 09:25:02 INFO  ThreadTest:23 - 主线程数据：238
2020-12-31 09:25:02 INFO  ThreadTest:23 - 主线程数据：239
2020-12-31 09:25:02 INFO  ThreadTest:23 - 主线程数据：240
2020-12-31 09:25:02 INFO  ThreadTest:23 - 主线程数据：241
2020-12-31 09:25:02 INFO  ThreadTest:23 - 主线程数据：242
2020-12-31 09:25:02 INFO  ThreadTest:23 - 主线程数据：243
2020-12-31 09:25:02 INFO  ThreadTest:23 - 主线程数据：244
2020-12-31 09:25:02 INFO  ThreadTest:23 - 主线程数据：245
2020-12-31 09:25:02 INFO  ThreadTest:23 - 主线程数据：246
2020-12-31 09:25:02 INFO  ThreadTest:23 - 主线程数据：247
2020-12-31 09:25:02 INFO  ThreadTest:23 - 主线程数据：248
2020-12-31 09:25:02 INFO  ThreadTest:23 - 主线程数据：249
2020-12-31 09:25:02 INFO  ThreadTest:23 - 主线程数据：250
2020-12-31 09:25:02 INFO  ThreadTest:23 - 主线程数据：251
2020-12-31 09:25:02 INFO  ThreadTest:23 - 主线程数据：252
2020-12-31 09:25:02 INFO  ThreadTest:23 - 主线程数据：253
2020-12-31 09:25:02 INFO  ThreadTest:23 - 主线程数据：254
2020-12-31 09:25:02 INFO  ThreadTest:23 - 主线程数据：255
2020-12-31 09:25:02 INFO  ThreadTest:23 - 主线程数据：256
2020-12-31 09:25:02 INFO  ThreadTest:23 - 主线程数据：257
2020-12-31 09:25:02 INFO  ThreadTest:23 - 主线程数据：258
2020-12-31 09:25:02 INFO  ThreadTest:23 - 主线程数据：259
2020-12-31 09:25:02 INFO  ThreadTest:23 - 主线程数据：260
2020-12-31 09:25:02 INFO  ThreadTest:23 - 主线程数据：261
2020-12-31 09:25:02 INFO  ThreadTest:23 - 主线程数据：262
2020-12-31 09:25:02 INFO  ThreadTest:23 - 主线程数据：263
2020-12-31 09:25:02 INFO  ThreadTest:23 - 主线程数据：264
2020-12-31 09:25:02 INFO  ThreadTest:23 - 主线程数据：265
2020-12-31 09:25:02 INFO  ThreadTest:23 - 主线程数据：266
2020-12-31 09:25:02 INFO  ThreadTest:23 - 主线程数据：267
2020-12-31 09:25:02 INFO  ThreadTest:23 - 主线程数据：268
2020-12-31 09:25:02 INFO  ThreadTest:23 - 主线程数据：269
2020-12-31 09:25:02 INFO  ThreadTest:23 - 主线程数据：270
2020-12-31 09:25:02 INFO  ThreadTest:23 - 主线程数据：271
2020-12-31 09:25:02 INFO  ThreadTest:23 - 主线程数据：272
2020-12-31 09:25:02 INFO  ThreadTest:23 - 主线程数据：273
2020-12-31 09:25:02 INFO  ThreadTest:23 - 主线程数据：274
2020-12-31 09:25:02 INFO  ThreadTest:23 - 主线程数据：275
2020-12-31 09:25:02 INFO  ThreadTest:23 - 主线程数据：276
2020-12-31 09:25:02 INFO  ThreadTest:23 - 主线程数据：277
2020-12-31 09:25:02 INFO  ThreadTest:23 - 主线程数据：278
2020-12-31 09:25:02 INFO  ThreadTest:23 - 主线程数据：279
2020-12-31 09:25:02 INFO  ThreadTest:23 - 主线程数据：280
2020-12-31 09:25:02 INFO  ThreadTest:23 - 主线程数据：281
2020-12-31 09:25:02 INFO  ThreadTest:23 - 主线程数据：282
2020-12-31 09:25:02 INFO  ThreadTest:23 - 主线程数据：283
2020-12-31 09:25:02 INFO  ThreadTest:23 - 主线程数据：284
2020-12-31 09:25:02 INFO  ThreadTest:23 - 主线程数据：285
2020-12-31 09:25:02 INFO  ThreadTest:23 - 主线程数据：286
2020-12-31 09:25:02 INFO  ThreadTest:23 - 主线程数据：287
2020-12-31 09:25:02 INFO  ThreadTest:23 - 主线程数据：288
2020-12-31 09:25:02 INFO  ThreadTest:23 - 主线程数据：289
2020-12-31 09:25:02 INFO  ThreadTest:23 - 主线程数据：290
2020-12-31 09:25:02 INFO  ThreadTest:23 - 主线程数据：291
2020-12-31 09:25:02 INFO  ThreadTest:23 - 主线程数据：292
2020-12-31 09:25:02 INFO  ThreadTest:23 - 主线程数据：293
2020-12-31 09:25:02 INFO  ThreadTest:23 - 主线程数据：294
2020-12-31 09:25:02 INFO  ThreadTest:23 - 主线程数据：295
2020-12-31 09:25:02 INFO  ThreadTest:23 - 主线程数据：296
2020-12-31 09:25:02 INFO  ThreadTest:23 - 主线程数据：297
2020-12-31 09:25:02 INFO  ThreadTest:23 - 主线程数据：298
2020-12-31 09:25:02 INFO  ThreadTest:23 - 主线程数据：299
2020-12-31 09:25:02 INFO  ThreadTest:23 - 主线程数据：300
2020-12-31 09:25:02 INFO  ThreadTest:23 - 主线程数据：301
2020-12-31 09:25:02 INFO  ThreadTest:23 - 主线程数据：302
2020-12-31 09:25:02 INFO  ThreadTest:23 - 主线程数据：303
2020-12-31 09:25:02 INFO  ThreadTest:23 - 主线程数据：304
2020-12-31 09:25:02 INFO  ThreadTest:23 - 主线程数据：305
2020-12-31 09:25:02 INFO  ThreadTest:23 - 主线程数据：306
2020-12-31 09:25:02 INFO  ThreadTest:23 - 主线程数据：307
2020-12-31 09:25:02 INFO  ThreadTest:23 - 主线程数据：308
2020-12-31 09:25:02 INFO  ThreadTest:23 - 主线程数据：309
2020-12-31 09:25:02 INFO  ThreadTest:23 - 主线程数据：310
2020-12-31 09:25:02 INFO  ThreadTest:23 - 主线程数据：311
2020-12-31 09:25:02 INFO  ThreadTest:23 - 主线程数据：312
2020-12-31 09:25:02 INFO  ThreadTest:23 - 主线程数据：313
2020-12-31 09:25:02 INFO  ThreadTest:23 - 主线程数据：314
2020-12-31 09:25:02 INFO  ThreadTest:23 - 主线程数据：315
2020-12-31 09:25:02 INFO  ThreadTest:23 - 主线程数据：316
2020-12-31 09:25:02 INFO  ThreadTest:23 - 主线程数据：317
2020-12-31 09:25:02 INFO  ThreadTest:23 - 主线程数据：318
2020-12-31 09:25:02 INFO  ThreadTest:23 - 主线程数据：319
2020-12-31 09:25:02 INFO  ThreadTest:23 - 主线程数据：320
2020-12-31 09:25:02 INFO  ThreadTest:23 - 主线程数据：321
2020-12-31 09:25:02 INFO  ThreadTest:23 - 主线程数据：322
2020-12-31 09:25:02 INFO  ThreadTest:23 - 主线程数据：323
2020-12-31 09:25:02 INFO  ThreadTest:23 - 主线程数据：324
2020-12-31 09:25:02 INFO  ThreadTest:23 - 主线程数据：325
2020-12-31 09:25:02 INFO  ThreadTest:23 - 主线程数据：326
2020-12-31 09:25:02 INFO  ThreadTest:23 - 主线程数据：327
2020-12-31 09:25:02 INFO  ThreadTest:23 - 主线程数据：328
2020-12-31 09:25:02 INFO  ThreadTest:23 - 主线程数据：329
2020-12-31 09:25:02 INFO  ThreadTest:23 - 主线程数据：330
2020-12-31 09:25:02 INFO  ThreadTest:23 - 主线程数据：331
2020-12-31 09:25:02 INFO  ThreadTest:23 - 主线程数据：332
2020-12-31 09:25:02 INFO  ThreadTest:23 - 主线程数据：333
2020-12-31 09:25:02 INFO  ThreadTest:23 - 主线程数据：334
2020-12-31 09:25:02 INFO  ThreadTest:23 - 主线程数据：335
2020-12-31 09:25:02 INFO  ThreadTest:23 - 主线程数据：336
2020-12-31 09:25:02 INFO  ThreadTest:23 - 主线程数据：337
2020-12-31 09:25:02 INFO  ThreadTest:23 - 主线程数据：338
2020-12-31 09:25:02 INFO  ThreadTest:23 - 主线程数据：339
2020-12-31 09:25:02 INFO  ThreadTest:23 - 主线程数据：340
2020-12-31 09:25:02 INFO  ThreadTest:23 - 主线程数据：341
2020-12-31 09:25:02 INFO  ThreadTest:23 - 主线程数据：342
2020-12-31 09:25:02 INFO  ThreadTest:23 - 主线程数据：343
2020-12-31 09:25:02 INFO  ThreadTest:23 - 主线程数据：344
2020-12-31 09:25:02 INFO  ThreadTest:23 - 主线程数据：345
2020-12-31 09:25:02 INFO  ThreadTest:23 - 主线程数据：346
2020-12-31 09:25:02 INFO  ThreadTest:23 - 主线程数据：347
2020-12-31 09:25:02 INFO  ThreadTest:23 - 主线程数据：348
2020-12-31 09:25:02 INFO  ThreadTest:23 - 主线程数据：349
2020-12-31 09:25:02 INFO  ThreadTest:23 - 主线程数据：350
2020-12-31 09:25:02 INFO  ThreadTest:23 - 主线程数据：351
2020-12-31 09:25:02 INFO  ThreadTest:23 - 主线程数据：352
2020-12-31 09:25:02 INFO  ThreadTest:23 - 主线程数据：353
2020-12-31 09:25:02 INFO  ThreadTest:23 - 主线程数据：354
2020-12-31 09:25:02 INFO  ThreadTest:23 - 主线程数据：355
2020-12-31 09:25:02 INFO  ThreadTest:23 - 主线程数据：356
2020-12-31 09:25:02 INFO  ThreadTest:23 - 主线程数据：357
2020-12-31 09:25:02 INFO  ThreadTest:23 - 主线程数据：358
2020-12-31 09:25:02 INFO  ThreadTest:23 - 主线程数据：359
2020-12-31 09:25:02 INFO  ThreadTest:23 - 主线程数据：360
2020-12-31 09:25:02 INFO  ThreadTest:23 - 主线程数据：361
2020-12-31 09:25:02 INFO  ThreadTest:23 - 主线程数据：362
2020-12-31 09:25:02 INFO  ThreadTest:23 - 主线程数据：363
2020-12-31 09:25:02 INFO  ThreadTest:23 - 主线程数据：364
2020-12-31 09:25:02 INFO  ThreadTest:23 - 主线程数据：365
2020-12-31 09:25:02 INFO  ThreadTest:23 - 主线程数据：366
2020-12-31 09:25:02 INFO  ThreadTest:23 - 主线程数据：367
2020-12-31 09:25:02 INFO  ThreadTest:23 - 主线程数据：368
2020-12-31 09:25:02 INFO  ThreadTest:23 - 主线程数据：369
2020-12-31 09:25:02 INFO  ThreadTest:23 - 主线程数据：370
2020-12-31 09:25:02 INFO  ThreadTest:23 - 主线程数据：371
2020-12-31 09:25:02 INFO  ThreadTest:23 - 主线程数据：372
2020-12-31 09:25:02 INFO  ThreadTest:23 - 主线程数据：373
2020-12-31 09:25:02 INFO  ThreadTest:23 - 主线程数据：374
2020-12-31 09:25:02 INFO  ThreadTest:23 - 主线程数据：375
2020-12-31 09:25:02 INFO  ThreadTest:23 - 主线程数据：376
2020-12-31 09:25:02 INFO  ThreadTest:23 - 主线程数据：377
2020-12-31 09:25:02 INFO  ThreadTest:23 - 主线程数据：378
2020-12-31 09:25:02 INFO  ThreadTest:23 - 主线程数据：379
2020-12-31 09:25:02 INFO  ThreadTest:23 - 主线程数据：380
2020-12-31 09:25:02 INFO  ThreadTest:23 - 主线程数据：381
2020-12-31 09:25:02 INFO  ThreadTest:23 - 主线程数据：382
2020-12-31 09:25:02 INFO  ThreadTest:23 - 主线程数据：383
2020-12-31 09:25:02 INFO  ThreadTest:23 - 主线程数据：384
2020-12-31 09:25:02 INFO  ThreadTest:23 - 主线程数据：385
2020-12-31 09:25:02 INFO  ThreadTest:23 - 主线程数据：386
2020-12-31 09:25:02 INFO  ThreadTest:23 - 主线程数据：387
2020-12-31 09:25:02 INFO  ThreadTest:23 - 主线程数据：388
2020-12-31 09:25:02 INFO  ThreadTest:23 - 主线程数据：389
2020-12-31 09:25:02 INFO  ThreadTest:23 - 主线程数据：390
2020-12-31 09:25:02 INFO  ThreadTest:23 - 主线程数据：391
2020-12-31 09:25:02 INFO  ThreadTest:23 - 主线程数据：392
2020-12-31 09:25:02 INFO  ThreadTest:23 - 主线程数据：393
2020-12-31 09:25:02 INFO  ThreadTest:23 - 主线程数据：394
2020-12-31 09:25:02 INFO  ThreadTest:23 - 主线程数据：395
2020-12-31 09:25:02 INFO  ThreadTest:23 - 主线程数据：396
2020-12-31 09:25:02 INFO  ThreadTest:23 - 主线程数据：397
2020-12-31 09:25:02 INFO  ThreadTest:23 - 主线程数据：398
2020-12-31 09:25:02 INFO  ThreadTest:23 - 主线程数据：399
2020-12-31 09:25:02 INFO  ThreadTest:23 - 主线程数据：400
2020-12-31 09:25:02 INFO  ThreadTest:23 - 主线程数据：401
2020-12-31 09:25:02 INFO  ThreadTest:23 - 主线程数据：402
2020-12-31 09:25:02 INFO  ThreadTest:23 - 主线程数据：403
2020-12-31 09:25:02 INFO  ThreadTest:23 - 主线程数据：404
2020-12-31 09:25:02 INFO  ThreadTest:23 - 主线程数据：405
2020-12-31 09:25:02 INFO  ThreadTest:23 - 主线程数据：406
2020-12-31 09:25:02 INFO  ThreadTest:23 - 主线程数据：407
2020-12-31 09:25:02 INFO  ThreadTest:23 - 主线程数据：408
2020-12-31 09:25:02 INFO  ThreadTest:23 - 主线程数据：409
2020-12-31 09:25:02 INFO  ThreadTest:23 - 主线程数据：410
2020-12-31 09:25:02 INFO  ThreadTest:23 - 主线程数据：411
2020-12-31 09:25:02 INFO  ThreadTest:23 - 主线程数据：412
2020-12-31 09:25:02 INFO  ThreadTest:23 - 主线程数据：413
2020-12-31 09:25:02 INFO  ThreadTest:23 - 主线程数据：414
2020-12-31 09:25:02 INFO  ThreadTest:23 - 主线程数据：415
2020-12-31 09:25:02 INFO  ThreadTest:23 - 主线程数据：416
2020-12-31 09:25:02 INFO  ThreadTest:23 - 主线程数据：417
2020-12-31 09:25:02 INFO  ThreadTest:23 - 主线程数据：418
2020-12-31 09:25:02 INFO  ThreadTest:23 - 主线程数据：419
2020-12-31 09:25:02 INFO  ThreadTest:23 - 主线程数据：420
2020-12-31 09:25:02 INFO  ThreadTest:23 - 主线程数据：421
2020-12-31 09:25:02 INFO  ThreadTest:23 - 主线程数据：422
2020-12-31 09:25:02 INFO  ThreadTest:23 - 主线程数据：423
2020-12-31 09:25:02 INFO  ThreadTest:23 - 主线程数据：424
2020-12-31 09:25:02 INFO  ThreadTest:23 - 主线程数据：425
2020-12-31 09:25:02 INFO  ThreadTest:23 - 主线程数据：426
2020-12-31 09:25:02 INFO  ThreadTest:23 - 主线程数据：427
2020-12-31 09:25:02 INFO  ThreadTest:23 - 主线程数据：428
2020-12-31 09:25:02 INFO  ThreadTest:23 - 主线程数据：429
2020-12-31 09:25:02 INFO  ThreadTest:23 - 主线程数据：430
2020-12-31 09:25:02 INFO  ThreadTest:23 - 主线程数据：431
2020-12-31 09:25:02 INFO  ThreadTest:23 - 主线程数据：432
2020-12-31 09:25:02 INFO  ThreadTest:23 - 主线程数据：433
2020-12-31 09:25:02 INFO  ThreadTest:23 - 主线程数据：434
2020-12-31 09:25:02 INFO  ThreadTest:23 - 主线程数据：435
2020-12-31 09:25:02 INFO  ThreadTest:23 - 主线程数据：436
2020-12-31 09:25:02 INFO  ThreadTest:23 - 主线程数据：437
2020-12-31 09:25:02 INFO  ThreadTest:23 - 主线程数据：438
2020-12-31 09:25:02 INFO  ThreadTest:23 - 主线程数据：439
2020-12-31 09:25:02 INFO  ThreadTest:23 - 主线程数据：440
2020-12-31 09:25:02 INFO  ThreadTest:23 - 主线程数据：441
2020-12-31 09:25:02 INFO  ThreadTest:23 - 主线程数据：442
2020-12-31 09:25:02 INFO  ThreadTest:23 - 主线程数据：443
2020-12-31 09:25:02 INFO  ThreadTest:23 - 主线程数据：444
2020-12-31 09:25:02 INFO  ThreadTest:23 - 主线程数据：445
2020-12-31 09:25:02 INFO  ThreadTest:23 - 主线程数据：446
2020-12-31 09:25:02 INFO  ThreadTest:23 - 主线程数据：447
2020-12-31 09:25:02 INFO  ThreadTest:23 - 主线程数据：448
2020-12-31 09:25:02 INFO  ThreadTest:23 - 主线程数据：449
2020-12-31 09:25:02 INFO  ThreadTest:23 - 主线程数据：450
2020-12-31 09:25:02 INFO  ThreadTest:23 - 主线程数据：451
2020-12-31 09:25:02 INFO  ThreadTest:23 - 主线程数据：452
2020-12-31 09:25:02 INFO  ThreadTest:23 - 主线程数据：453
2020-12-31 09:25:02 INFO  ThreadTest:23 - 主线程数据：454
2020-12-31 09:25:02 INFO  ThreadTest:23 - 主线程数据：455
2020-12-31 09:25:02 INFO  ThreadTest:23 - 主线程数据：456
2020-12-31 09:25:02 INFO  ThreadTest:23 - 主线程数据：457
2020-12-31 09:25:02 INFO  ThreadTest:23 - 主线程数据：458
2020-12-31 09:25:02 INFO  ThreadTest:23 - 主线程数据：459
2020-12-31 09:25:02 INFO  ThreadTest:23 - 主线程数据：460
2020-12-31 09:25:02 INFO  ThreadTest:23 - 主线程数据：461
2020-12-31 09:25:02 INFO  ThreadTest:23 - 主线程数据：462
2020-12-31 09:25:02 INFO  ThreadTest:23 - 主线程数据：463
2020-12-31 09:25:02 INFO  ThreadTest:23 - 主线程数据：464
2020-12-31 09:25:02 INFO  ThreadTest:23 - 主线程数据：465
2020-12-31 09:25:02 INFO  ThreadTest:23 - 主线程数据：466
2020-12-31 09:25:02 INFO  ThreadTest:23 - 主线程数据：467
2020-12-31 09:25:02 INFO  ThreadTest:23 - 主线程数据：468
2020-12-31 09:25:02 INFO  ThreadTest:23 - 主线程数据：469
2020-12-31 09:25:02 INFO  ThreadTest:23 - 主线程数据：470
2020-12-31 09:25:02 INFO  ThreadTest:23 - 主线程数据：471
2020-12-31 09:25:02 INFO  ThreadTest:23 - 主线程数据：472
2020-12-31 09:25:02 INFO  ThreadTest:23 - 主线程数据：473
2020-12-31 09:25:02 INFO  ThreadTest:23 - 主线程数据：474
2020-12-31 09:25:02 INFO  ThreadTest:23 - 主线程数据：475
2020-12-31 09:25:02 INFO  ThreadTest:23 - 主线程数据：476
2020-12-31 09:25:02 INFO  ThreadTest:23 - 主线程数据：477
2020-12-31 09:25:02 INFO  ThreadTest:23 - 主线程数据：478
2020-12-31 09:25:02 INFO  ThreadTest:23 - 主线程数据：479
2020-12-31 09:25:02 INFO  ThreadTest:23 - 主线程数据：480
2020-12-31 09:25:02 INFO  ThreadTest:23 - 主线程数据：481
2020-12-31 09:25:02 INFO  ThreadTest:23 - 主线程数据：482
2020-12-31 09:25:02 INFO  ThreadTest:23 - 主线程数据：483
2020-12-31 09:25:02 INFO  ThreadTest:23 - 主线程数据：484
2020-12-31 09:25:02 INFO  ThreadTest:23 - 主线程数据：485
2020-12-31 09:25:02 INFO  ThreadTest:23 - 主线程数据：486
2020-12-31 09:25:02 INFO  ThreadTest:23 - 主线程数据：487
2020-12-31 09:25:02 INFO  ThreadTest:23 - 主线程数据：488
2020-12-31 09:25:02 INFO  ThreadTest:23 - 主线程数据：489
2020-12-31 09:25:02 INFO  ThreadTest:23 - 主线程数据：490
2020-12-31 09:25:02 INFO  ThreadTest:23 - 主线程数据：491
2020-12-31 09:25:02 INFO  ThreadTest:23 - 主线程数据：492
2020-12-31 09:25:02 INFO  ThreadTest:23 - 主线程数据：493
2020-12-31 09:25:02 INFO  ThreadTest:23 - 主线程数据：494
2020-12-31 09:25:02 INFO  ThreadTest:23 - 主线程数据：495
2020-12-31 09:25:02 INFO  ThreadTest:23 - 主线程数据：496
2020-12-31 09:25:02 INFO  ThreadTest:23 - 主线程数据：497
2020-12-31 09:25:02 INFO  ThreadTest:23 - 主线程数据：498
2020-12-31 09:25:02 INFO  ThreadTest:23 - 主线程数据：499
2020-12-31 09:25:02 DEBUG MyThread:50 - 分支线程数据：886
2020-12-31 09:25:02 DEBUG MyThread:50 - 分支线程数据：887
2020-12-31 09:25:02 DEBUG MyThread:50 - 分支线程数据：888
2020-12-31 09:25:02 DEBUG MyThread:50 - 分支线程数据：889
2020-12-31 09:25:02 DEBUG MyThread:50 - 分支线程数据：890
2020-12-31 09:25:02 DEBUG MyThread:50 - 分支线程数据：891
2020-12-31 09:25:02 DEBUG MyThread:50 - 分支线程数据：892
2020-12-31 09:25:02 DEBUG MyThread:50 - 分支线程数据：893
2020-12-31 09:25:02 DEBUG MyThread:50 - 分支线程数据：894
2020-12-31 09:25:02 DEBUG MyThread:50 - 分支线程数据：895
2020-12-31 09:25:02 DEBUG MyThread:50 - 分支线程数据：896
2020-12-31 09:25:02 DEBUG MyThread:50 - 分支线程数据：897
2020-12-31 09:25:02 DEBUG MyThread:50 - 分支线程数据：898
2020-12-31 09:25:02 DEBUG MyThread:50 - 分支线程数据：899
2020-12-31 09:25:02 DEBUG MyThread:50 - 分支线程数据：900
2020-12-31 09:25:02 DEBUG MyThread:50 - 分支线程数据：901
2020-12-31 09:25:02 DEBUG MyThread:50 - 分支线程数据：902
2020-12-31 09:25:02 DEBUG MyThread:50 - 分支线程数据：903
2020-12-31 09:25:02 DEBUG MyThread:50 - 分支线程数据：904
2020-12-31 09:25:02 DEBUG MyThread:50 - 分支线程数据：905
2020-12-31 09:25:02 DEBUG MyThread:50 - 分支线程数据：906
2020-12-31 09:25:02 DEBUG MyThread:50 - 分支线程数据：907
2020-12-31 09:25:02 DEBUG MyThread:50 - 分支线程数据：908
2020-12-31 09:25:02 DEBUG MyThread:50 - 分支线程数据：909
2020-12-31 09:25:02 DEBUG MyThread:50 - 分支线程数据：910
2020-12-31 09:25:02 DEBUG MyThread:50 - 分支线程数据：911
2020-12-31 09:25:02 DEBUG MyThread:50 - 分支线程数据：912
2020-12-31 09:25:02 DEBUG MyThread:50 - 分支线程数据：913
2020-12-31 09:25:02 DEBUG MyThread:50 - 分支线程数据：914
2020-12-31 09:25:02 DEBUG MyThread:50 - 分支线程数据：915
2020-12-31 09:25:02 DEBUG MyThread:50 - 分支线程数据：916
2020-12-31 09:25:02 DEBUG MyThread:50 - 分支线程数据：917
2020-12-31 09:25:02 DEBUG MyThread:50 - 分支线程数据：918
2020-12-31 09:25:02 DEBUG MyThread:50 - 分支线程数据：919
2020-12-31 09:25:02 DEBUG MyThread:50 - 分支线程数据：920
2020-12-31 09:25:02 DEBUG MyThread:50 - 分支线程数据：921
2020-12-31 09:25:02 DEBUG MyThread:50 - 分支线程数据：922
2020-12-31 09:25:02 DEBUG MyThread:50 - 分支线程数据：923
2020-12-31 09:25:02 DEBUG MyThread:50 - 分支线程数据：924
2020-12-31 09:25:02 DEBUG MyThread:50 - 分支线程数据：925
2020-12-31 09:25:02 DEBUG MyThread:50 - 分支线程数据：926
2020-12-31 09:25:02 DEBUG MyThread:50 - 分支线程数据：927
2020-12-31 09:25:02 DEBUG MyThread:50 - 分支线程数据：928
2020-12-31 09:25:02 DEBUG MyThread:50 - 分支线程数据：929
2020-12-31 09:25:02 DEBUG MyThread:50 - 分支线程数据：930
2020-12-31 09:25:02 DEBUG MyThread:50 - 分支线程数据：931
2020-12-31 09:25:02 DEBUG MyThread:50 - 分支线程数据：932
2020-12-31 09:25:02 DEBUG MyThread:50 - 分支线程数据：933
2020-12-31 09:25:02 DEBUG MyThread:50 - 分支线程数据：934
2020-12-31 09:25:02 DEBUG MyThread:50 - 分支线程数据：935
2020-12-31 09:25:02 DEBUG MyThread:50 - 分支线程数据：936
2020-12-31 09:25:02 DEBUG MyThread:50 - 分支线程数据：937
2020-12-31 09:25:02 DEBUG MyThread:50 - 分支线程数据：938
2020-12-31 09:25:02 DEBUG MyThread:50 - 分支线程数据：939
2020-12-31 09:25:02 DEBUG MyThread:50 - 分支线程数据：940
2020-12-31 09:25:02 DEBUG MyThread:50 - 分支线程数据：941
2020-12-31 09:25:02 DEBUG MyThread:50 - 分支线程数据：942
2020-12-31 09:25:02 DEBUG MyThread:50 - 分支线程数据：943
2020-12-31 09:25:02 DEBUG MyThread:50 - 分支线程数据：944
2020-12-31 09:25:02 DEBUG MyThread:50 - 分支线程数据：945
2020-12-31 09:25:02 DEBUG MyThread:50 - 分支线程数据：946
2020-12-31 09:25:02 DEBUG MyThread:50 - 分支线程数据：947
2020-12-31 09:25:02 DEBUG MyThread:50 - 分支线程数据：948
2020-12-31 09:25:02 DEBUG MyThread:50 - 分支线程数据：949
2020-12-31 09:25:02 DEBUG MyThread:50 - 分支线程数据：950
2020-12-31 09:25:02 DEBUG MyThread:50 - 分支线程数据：951
2020-12-31 09:25:02 DEBUG MyThread:50 - 分支线程数据：952
2020-12-31 09:25:02 DEBUG MyThread:50 - 分支线程数据：953
2020-12-31 09:25:02 DEBUG MyThread:50 - 分支线程数据：954
2020-12-31 09:25:02 DEBUG MyThread:50 - 分支线程数据：955
2020-12-31 09:25:02 DEBUG MyThread:50 - 分支线程数据：956
2020-12-31 09:25:02 DEBUG MyThread:50 - 分支线程数据：957
2020-12-31 09:25:02 DEBUG MyThread:50 - 分支线程数据：958
2020-12-31 09:25:02 DEBUG MyThread:50 - 分支线程数据：959
2020-12-31 09:25:02 DEBUG MyThread:50 - 分支线程数据：960
2020-12-31 09:25:02 DEBUG MyThread:50 - 分支线程数据：961
2020-12-31 09:25:02 DEBUG MyThread:50 - 分支线程数据：962
2020-12-31 09:25:02 DEBUG MyThread:50 - 分支线程数据：963
2020-12-31 09:25:02 DEBUG MyThread:50 - 分支线程数据：964
2020-12-31 09:25:02 DEBUG MyThread:50 - 分支线程数据：965
2020-12-31 09:25:02 DEBUG MyThread:50 - 分支线程数据：966
2020-12-31 09:25:02 DEBUG MyThread:50 - 分支线程数据：967
2020-12-31 09:25:02 DEBUG MyThread:50 - 分支线程数据：968
2020-12-31 09:25:02 DEBUG MyThread:50 - 分支线程数据：969
2020-12-31 09:25:02 DEBUG MyThread:50 - 分支线程数据：970
2020-12-31 09:25:02 DEBUG MyThread:50 - 分支线程数据：971
2020-12-31 09:25:02 DEBUG MyThread:50 - 分支线程数据：972
2020-12-31 09:25:02 DEBUG MyThread:50 - 分支线程数据：973
2020-12-31 09:25:02 DEBUG MyThread:50 - 分支线程数据：974
2020-12-31 09:25:02 DEBUG MyThread:50 - 分支线程数据：975
2020-12-31 09:25:02 DEBUG MyThread:50 - 分支线程数据：976
2020-12-31 09:25:02 DEBUG MyThread:50 - 分支线程数据：977
2020-12-31 09:25:02 DEBUG MyThread:50 - 分支线程数据：978
2020-12-31 09:25:02 DEBUG MyThread:50 - 分支线程数据：979
2020-12-31 09:25:02 DEBUG MyThread:50 - 分支线程数据：980
2020-12-31 09:25:02 DEBUG MyThread:50 - 分支线程数据：981
2020-12-31 09:25:02 DEBUG MyThread:50 - 分支线程数据：982
2020-12-31 09:25:02 DEBUG MyThread:50 - 分支线程数据：983
2020-12-31 09:25:02 DEBUG MyThread:50 - 分支线程数据：984
2020-12-31 09:25:02 DEBUG MyThread:50 - 分支线程数据：985
2020-12-31 09:25:02 DEBUG MyThread:50 - 分支线程数据：986
2020-12-31 09:25:02 DEBUG MyThread:50 - 分支线程数据：987
2020-12-31 09:25:02 DEBUG MyThread:50 - 分支线程数据：988
2020-12-31 09:25:02 DEBUG MyThread:50 - 分支线程数据：989
2020-12-31 09:25:02 DEBUG MyThread:50 - 分支线程数据：990
2020-12-31 09:25:02 DEBUG MyThread:50 - 分支线程数据：991
2020-12-31 09:25:02 DEBUG MyThread:50 - 分支线程数据：992
2020-12-31 09:25:02 DEBUG MyThread:50 - 分支线程数据：993
2020-12-31 09:25:02 DEBUG MyThread:50 - 分支线程数据：994
2020-12-31 09:25:02 DEBUG MyThread:50 - 分支线程数据：995
2020-12-31 09:25:02 DEBUG MyThread:50 - 分支线程数据：996
2020-12-31 09:25:02 DEBUG MyThread:50 - 分支线程数据：997
2020-12-31 09:25:02 DEBUG MyThread:50 - 分支线程数据：998
2020-12-31 09:25:02 DEBUG MyThread:50 - 分支线程数据：999
2020-12-31 09:34:28 INFO  ThreadTest:23 - 主线程数据：0
2020-12-31 09:34:28 INFO  ThreadTest:23 - 主线程数据：1
2020-12-31 09:34:28 INFO  ThreadTest:23 - 主线程数据：2
2020-12-31 09:34:28 INFO  ThreadTest:23 - 主线程数据：3
2020-12-31 09:34:28 INFO  ThreadTest:23 - 主线程数据：4
2020-12-31 09:34:28 INFO  ThreadTest:23 - 主线程数据：5
2020-12-31 09:34:28 INFO  ThreadTest:23 - 主线程数据：6
2020-12-31 09:34:28 INFO  ThreadTest:23 - 主线程数据：7
2020-12-31 09:34:28 INFO  ThreadTest:23 - 主线程数据：8
2020-12-31 09:34:28 INFO  ThreadTest:23 - 主线程数据：9
2020-12-31 09:34:28 INFO  ThreadTest:23 - 主线程数据：10
2020-12-31 09:34:28 INFO  ThreadTest:23 - 主线程数据：11
2020-12-31 09:34:28 INFO  ThreadTest:23 - 主线程数据：12
2020-12-31 09:34:28 INFO  ThreadTest:23 - 主线程数据：13
2020-12-31 09:34:28 INFO  ThreadTest:23 - 主线程数据：14
2020-12-31 09:34:28 INFO  ThreadTest:23 - 主线程数据：15
2020-12-31 09:34:28 INFO  ThreadTest:23 - 主线程数据：16
2020-12-31 09:34:28 INFO  ThreadTest:23 - 主线程数据：17
2020-12-31 09:34:28 INFO  ThreadTest:23 - 主线程数据：18
2020-12-31 09:34:28 INFO  ThreadTest:23 - 主线程数据：19
2020-12-31 09:34:28 WARN  ThreadTest:36 - 分支线程数据：0
2020-12-31 09:34:28 DEBUG ThreadTest:51 - 分支线程数据：0
2020-12-31 09:34:28 INFO  ThreadTest:23 - 主线程数据：20
2020-12-31 09:34:28 DEBUG ThreadTest:51 - 分支线程数据：1
2020-12-31 09:34:28 WARN  ThreadTest:36 - 分支线程数据：1
2020-12-31 09:34:28 DEBUG ThreadTest:51 - 分支线程数据：2
2020-12-31 09:34:28 INFO  ThreadTest:23 - 主线程数据：21
2020-12-31 09:34:28 DEBUG ThreadTest:51 - 分支线程数据：3
2020-12-31 09:34:28 DEBUG ThreadTest:51 - 分支线程数据：4
2020-12-31 09:34:28 WARN  ThreadTest:36 - 分支线程数据：2
2020-12-31 09:34:28 DEBUG ThreadTest:51 - 分支线程数据：5
2020-12-31 09:34:28 INFO  ThreadTest:23 - 主线程数据：22
2020-12-31 09:34:28 DEBUG ThreadTest:51 - 分支线程数据：6
2020-12-31 09:34:28 WARN  ThreadTest:36 - 分支线程数据：3
2020-12-31 09:34:28 WARN  ThreadTest:36 - 分支线程数据：4
2020-12-31 09:34:28 WARN  ThreadTest:36 - 分支线程数据：5
2020-12-31 09:34:28 WARN  ThreadTest:36 - 分支线程数据：6
2020-12-31 09:34:28 WARN  ThreadTest:36 - 分支线程数据：7
2020-12-31 09:34:28 DEBUG ThreadTest:51 - 分支线程数据：7
2020-12-31 09:34:28 INFO  ThreadTest:23 - 主线程数据：23
2020-12-31 09:34:28 DEBUG ThreadTest:51 - 分支线程数据：8
2020-12-31 09:34:28 DEBUG ThreadTest:51 - 分支线程数据：9
2020-12-31 09:34:28 WARN  ThreadTest:36 - 分支线程数据：8
2020-12-31 09:34:28 DEBUG ThreadTest:51 - 分支线程数据：10
2020-12-31 09:34:28 DEBUG ThreadTest:51 - 分支线程数据：11
2020-12-31 09:34:28 DEBUG ThreadTest:51 - 分支线程数据：12
2020-12-31 09:34:28 DEBUG ThreadTest:51 - 分支线程数据：13
2020-12-31 09:34:28 DEBUG ThreadTest:51 - 分支线程数据：14
2020-12-31 09:34:28 DEBUG ThreadTest:51 - 分支线程数据：15
2020-12-31 09:34:28 DEBUG ThreadTest:51 - 分支线程数据：16
2020-12-31 09:34:28 DEBUG ThreadTest:51 - 分支线程数据：17
2020-12-31 09:34:28 INFO  ThreadTest:23 - 主线程数据：24
2020-12-31 09:34:28 INFO  ThreadTest:23 - 主线程数据：25
2020-12-31 09:34:28 DEBUG ThreadTest:51 - 分支线程数据：18
2020-12-31 09:34:28 WARN  ThreadTest:36 - 分支线程数据：9
2020-12-31 09:34:28 DEBUG ThreadTest:51 - 分支线程数据：19
2020-12-31 09:34:28 INFO  ThreadTest:23 - 主线程数据：26
2020-12-31 09:34:28 DEBUG ThreadTest:51 - 分支线程数据：20
2020-12-31 09:34:28 WARN  ThreadTest:36 - 分支线程数据：10
2020-12-31 09:34:28 DEBUG ThreadTest:51 - 分支线程数据：21
2020-12-31 09:34:28 DEBUG ThreadTest:51 - 分支线程数据：22
2020-12-31 09:34:28 INFO  ThreadTest:23 - 主线程数据：27
2020-12-31 09:34:28 DEBUG ThreadTest:51 - 分支线程数据：23
2020-12-31 09:34:28 DEBUG ThreadTest:51 - 分支线程数据：24
2020-12-31 09:34:28 DEBUG ThreadTest:51 - 分支线程数据：25
2020-12-31 09:34:28 DEBUG ThreadTest:51 - 分支线程数据：26
2020-12-31 09:34:28 DEBUG ThreadTest:51 - 分支线程数据：27
2020-12-31 09:34:28 DEBUG ThreadTest:51 - 分支线程数据：28
2020-12-31 09:34:28 DEBUG ThreadTest:51 - 分支线程数据：29
2020-12-31 09:34:28 DEBUG ThreadTest:51 - 分支线程数据：30
2020-12-31 09:34:28 DEBUG ThreadTest:51 - 分支线程数据：31
2020-12-31 09:34:28 WARN  ThreadTest:36 - 分支线程数据：11
2020-12-31 09:34:28 WARN  ThreadTest:36 - 分支线程数据：12
2020-12-31 09:34:28 WARN  ThreadTest:36 - 分支线程数据：13
2020-12-31 09:34:28 WARN  ThreadTest:36 - 分支线程数据：14
2020-12-31 09:34:28 WARN  ThreadTest:36 - 分支线程数据：15
2020-12-31 09:34:28 WARN  ThreadTest:36 - 分支线程数据：16
2020-12-31 09:34:28 WARN  ThreadTest:36 - 分支线程数据：17
2020-12-31 09:34:28 WARN  ThreadTest:36 - 分支线程数据：18
2020-12-31 09:34:28 WARN  ThreadTest:36 - 分支线程数据：19
2020-12-31 09:34:28 DEBUG ThreadTest:51 - 分支线程数据：32
2020-12-31 09:34:28 DEBUG ThreadTest:51 - 分支线程数据：33
2020-12-31 09:34:28 INFO  ThreadTest:23 - 主线程数据：28
2020-12-31 09:34:28 INFO  ThreadTest:23 - 主线程数据：29
2020-12-31 09:34:28 INFO  ThreadTest:23 - 主线程数据：30
2020-12-31 09:34:28 INFO  ThreadTest:23 - 主线程数据：31
2020-12-31 09:34:28 INFO  ThreadTest:23 - 主线程数据：32
2020-12-31 09:34:28 INFO  ThreadTest:23 - 主线程数据：33
2020-12-31 09:34:28 DEBUG ThreadTest:51 - 分支线程数据：34
2020-12-31 09:34:28 WARN  ThreadTest:36 - 分支线程数据：20
2020-12-31 09:34:28 WARN  ThreadTest:36 - 分支线程数据：21
2020-12-31 09:34:28 DEBUG ThreadTest:51 - 分支线程数据：35
2020-12-31 09:34:28 DEBUG ThreadTest:51 - 分支线程数据：36
2020-12-31 09:34:28 INFO  ThreadTest:23 - 主线程数据：34
2020-12-31 09:34:28 INFO  ThreadTest:23 - 主线程数据：35
2020-12-31 09:34:28 DEBUG ThreadTest:51 - 分支线程数据：37
2020-12-31 09:34:28 DEBUG ThreadTest:51 - 分支线程数据：38
2020-12-31 09:34:28 DEBUG ThreadTest:51 - 分支线程数据：39
2020-12-31 09:34:28 DEBUG ThreadTest:51 - 分支线程数据：40
2020-12-31 09:34:28 WARN  ThreadTest:36 - 分支线程数据：22
2020-12-31 09:34:28 WARN  ThreadTest:36 - 分支线程数据：23
2020-12-31 09:34:28 DEBUG ThreadTest:51 - 分支线程数据：41
2020-12-31 09:34:28 INFO  ThreadTest:23 - 主线程数据：36
2020-12-31 09:34:28 INFO  ThreadTest:23 - 主线程数据：37
2020-12-31 09:34:28 INFO  ThreadTest:23 - 主线程数据：38
2020-12-31 09:34:28 INFO  ThreadTest:23 - 主线程数据：39
2020-12-31 09:34:28 INFO  ThreadTest:23 - 主线程数据：40
2020-12-31 09:34:28 INFO  ThreadTest:23 - 主线程数据：41
2020-12-31 09:34:28 INFO  ThreadTest:23 - 主线程数据：42
2020-12-31 09:34:28 INFO  ThreadTest:23 - 主线程数据：43
2020-12-31 09:34:28 INFO  ThreadTest:23 - 主线程数据：44
2020-12-31 09:34:28 INFO  ThreadTest:23 - 主线程数据：45
2020-12-31 09:34:28 INFO  ThreadTest:23 - 主线程数据：46
2020-12-31 09:34:28 INFO  ThreadTest:23 - 主线程数据：47
2020-12-31 09:34:28 INFO  ThreadTest:23 - 主线程数据：48
2020-12-31 09:34:28 INFO  ThreadTest:23 - 主线程数据：49
2020-12-31 09:34:28 INFO  ThreadTest:23 - 主线程数据：50
2020-12-31 09:34:28 INFO  ThreadTest:23 - 主线程数据：51
2020-12-31 09:34:28 INFO  ThreadTest:23 - 主线程数据：52
2020-12-31 09:34:28 INFO  ThreadTest:23 - 主线程数据：53
2020-12-31 09:34:28 INFO  ThreadTest:23 - 主线程数据：54
2020-12-31 09:34:28 INFO  ThreadTest:23 - 主线程数据：55
2020-12-31 09:34:28 INFO  ThreadTest:23 - 主线程数据：56
2020-12-31 09:34:28 INFO  ThreadTest:23 - 主线程数据：57
2020-12-31 09:34:28 INFO  ThreadTest:23 - 主线程数据：58
2020-12-31 09:34:28 INFO  ThreadTest:23 - 主线程数据：59
2020-12-31 09:34:28 INFO  ThreadTest:23 - 主线程数据：60
2020-12-31 09:34:28 INFO  ThreadTest:23 - 主线程数据：61
2020-12-31 09:34:28 INFO  ThreadTest:23 - 主线程数据：62
2020-12-31 09:34:28 INFO  ThreadTest:23 - 主线程数据：63
2020-12-31 09:34:28 INFO  ThreadTest:23 - 主线程数据：64
2020-12-31 09:34:28 DEBUG ThreadTest:51 - 分支线程数据：42
2020-12-31 09:34:28 INFO  ThreadTest:23 - 主线程数据：65
2020-12-31 09:34:28 WARN  ThreadTest:36 - 分支线程数据：24
2020-12-31 09:34:28 INFO  ThreadTest:23 - 主线程数据：66
2020-12-31 09:34:28 DEBUG ThreadTest:51 - 分支线程数据：43
2020-12-31 09:34:28 INFO  ThreadTest:23 - 主线程数据：67
2020-12-31 09:34:28 WARN  ThreadTest:36 - 分支线程数据：25
2020-12-31 09:34:28 INFO  ThreadTest:23 - 主线程数据：68
2020-12-31 09:34:28 DEBUG ThreadTest:51 - 分支线程数据：44
2020-12-31 09:34:28 INFO  ThreadTest:23 - 主线程数据：69
2020-12-31 09:34:28 INFO  ThreadTest:23 - 主线程数据：70
2020-12-31 09:34:28 WARN  ThreadTest:36 - 分支线程数据：26
2020-12-31 09:34:28 INFO  ThreadTest:23 - 主线程数据：71
2020-12-31 09:34:28 INFO  ThreadTest:23 - 主线程数据：72
2020-12-31 09:34:28 INFO  ThreadTest:23 - 主线程数据：73
2020-12-31 09:34:28 DEBUG ThreadTest:51 - 分支线程数据：45
2020-12-31 09:34:28 WARN  ThreadTest:36 - 分支线程数据：27
2020-12-31 09:34:28 WARN  ThreadTest:36 - 分支线程数据：28
2020-12-31 09:34:28 WARN  ThreadTest:36 - 分支线程数据：29
2020-12-31 09:34:28 WARN  ThreadTest:36 - 分支线程数据：30
2020-12-31 09:34:28 WARN  ThreadTest:36 - 分支线程数据：31
2020-12-31 09:34:28 WARN  ThreadTest:36 - 分支线程数据：32
2020-12-31 09:34:28 WARN  ThreadTest:36 - 分支线程数据：33
2020-12-31 09:34:28 WARN  ThreadTest:36 - 分支线程数据：34
2020-12-31 09:34:28 WARN  ThreadTest:36 - 分支线程数据：35
2020-12-31 09:34:28 WARN  ThreadTest:36 - 分支线程数据：36
2020-12-31 09:34:28 WARN  ThreadTest:36 - 分支线程数据：37
2020-12-31 09:34:28 WARN  ThreadTest:36 - 分支线程数据：38
2020-12-31 09:34:28 WARN  ThreadTest:36 - 分支线程数据：39
2020-12-31 09:34:28 WARN  ThreadTest:36 - 分支线程数据：40
2020-12-31 09:34:28 WARN  ThreadTest:36 - 分支线程数据：41
2020-12-31 09:34:28 WARN  ThreadTest:36 - 分支线程数据：42
2020-12-31 09:34:28 WARN  ThreadTest:36 - 分支线程数据：43
2020-12-31 09:34:28 WARN  ThreadTest:36 - 分支线程数据：44
2020-12-31 09:34:28 WARN  ThreadTest:36 - 分支线程数据：45
2020-12-31 09:34:28 WARN  ThreadTest:36 - 分支线程数据：46
2020-12-31 09:34:28 WARN  ThreadTest:36 - 分支线程数据：47
2020-12-31 09:34:28 WARN  ThreadTest:36 - 分支线程数据：48
2020-12-31 09:34:28 WARN  ThreadTest:36 - 分支线程数据：49
2020-12-31 09:34:28 WARN  ThreadTest:36 - 分支线程数据：50
2020-12-31 09:34:28 WARN  ThreadTest:36 - 分支线程数据：51
2020-12-31 09:34:28 WARN  ThreadTest:36 - 分支线程数据：52
2020-12-31 09:34:28 WARN  ThreadTest:36 - 分支线程数据：53
2020-12-31 09:34:28 DEBUG ThreadTest:51 - 分支线程数据：46
2020-12-31 09:34:28 WARN  ThreadTest:36 - 分支线程数据：54
2020-12-31 09:34:28 WARN  ThreadTest:36 - 分支线程数据：55
2020-12-31 09:34:28 WARN  ThreadTest:36 - 分支线程数据：56
2020-12-31 09:34:28 WARN  ThreadTest:36 - 分支线程数据：57
2020-12-31 09:34:28 INFO  ThreadTest:23 - 主线程数据：74
2020-12-31 09:34:28 INFO  ThreadTest:23 - 主线程数据：75
2020-12-31 09:34:28 WARN  ThreadTest:36 - 分支线程数据：58
2020-12-31 09:34:28 WARN  ThreadTest:36 - 分支线程数据：59
2020-12-31 09:34:28 WARN  ThreadTest:36 - 分支线程数据：60
2020-12-31 09:34:28 WARN  ThreadTest:36 - 分支线程数据：61
2020-12-31 09:34:28 WARN  ThreadTest:36 - 分支线程数据：62
2020-12-31 09:34:28 WARN  ThreadTest:36 - 分支线程数据：63
2020-12-31 09:34:28 WARN  ThreadTest:36 - 分支线程数据：64
2020-12-31 09:34:28 WARN  ThreadTest:36 - 分支线程数据：65
2020-12-31 09:34:28 WARN  ThreadTest:36 - 分支线程数据：66
2020-12-31 09:34:28 WARN  ThreadTest:36 - 分支线程数据：67
2020-12-31 09:34:28 WARN  ThreadTest:36 - 分支线程数据：68
2020-12-31 09:34:28 WARN  ThreadTest:36 - 分支线程数据：69
2020-12-31 09:34:28 WARN  ThreadTest:36 - 分支线程数据：70
2020-12-31 09:34:28 WARN  ThreadTest:36 - 分支线程数据：71
2020-12-31 09:34:28 WARN  ThreadTest:36 - 分支线程数据：72
2020-12-31 09:34:28 WARN  ThreadTest:36 - 分支线程数据：73
2020-12-31 09:34:28 WARN  ThreadTest:36 - 分支线程数据：74
2020-12-31 09:34:28 WARN  ThreadTest:36 - 分支线程数据：75
2020-12-31 09:34:28 WARN  ThreadTest:36 - 分支线程数据：76
2020-12-31 09:34:28 WARN  ThreadTest:36 - 分支线程数据：77
2020-12-31 09:34:28 WARN  ThreadTest:36 - 分支线程数据：78
2020-12-31 09:34:28 DEBUG ThreadTest:51 - 分支线程数据：47
2020-12-31 09:34:28 DEBUG ThreadTest:51 - 分支线程数据：48
2020-12-31 09:34:28 DEBUG ThreadTest:51 - 分支线程数据：49
2020-12-31 09:34:28 DEBUG ThreadTest:51 - 分支线程数据：50
2020-12-31 09:34:28 DEBUG ThreadTest:51 - 分支线程数据：51
2020-12-31 09:34:28 DEBUG ThreadTest:51 - 分支线程数据：52
2020-12-31 09:34:28 DEBUG ThreadTest:51 - 分支线程数据：53
2020-12-31 09:34:28 DEBUG ThreadTest:51 - 分支线程数据：54
2020-12-31 09:34:28 DEBUG ThreadTest:51 - 分支线程数据：55
2020-12-31 09:34:28 DEBUG ThreadTest:51 - 分支线程数据：56
2020-12-31 09:34:28 DEBUG ThreadTest:51 - 分支线程数据：57
2020-12-31 09:34:28 DEBUG ThreadTest:51 - 分支线程数据：58
2020-12-31 09:34:28 DEBUG ThreadTest:51 - 分支线程数据：59
2020-12-31 09:34:28 DEBUG ThreadTest:51 - 分支线程数据：60
2020-12-31 09:34:28 DEBUG ThreadTest:51 - 分支线程数据：61
2020-12-31 09:34:28 DEBUG ThreadTest:51 - 分支线程数据：62
2020-12-31 09:34:28 DEBUG ThreadTest:51 - 分支线程数据：63
2020-12-31 09:34:28 DEBUG ThreadTest:51 - 分支线程数据：64
2020-12-31 09:34:28 DEBUG ThreadTest:51 - 分支线程数据：65
2020-12-31 09:34:28 DEBUG ThreadTest:51 - 分支线程数据：66
2020-12-31 09:34:28 DEBUG ThreadTest:51 - 分支线程数据：67
2020-12-31 09:34:28 DEBUG ThreadTest:51 - 分支线程数据：68
2020-12-31 09:34:28 DEBUG ThreadTest:51 - 分支线程数据：69
2020-12-31 09:34:28 DEBUG ThreadTest:51 - 分支线程数据：70
2020-12-31 09:34:28 DEBUG ThreadTest:51 - 分支线程数据：71
2020-12-31 09:34:28 WARN  ThreadTest:36 - 分支线程数据：79
2020-12-31 09:34:28 INFO  ThreadTest:23 - 主线程数据：76
2020-12-31 09:34:28 INFO  ThreadTest:23 - 主线程数据：77
2020-12-31 09:34:28 INFO  ThreadTest:23 - 主线程数据：78
2020-12-31 09:34:28 INFO  ThreadTest:23 - 主线程数据：79
2020-12-31 09:34:28 INFO  ThreadTest:23 - 主线程数据：80
2020-12-31 09:34:28 INFO  ThreadTest:23 - 主线程数据：81
2020-12-31 09:34:28 INFO  ThreadTest:23 - 主线程数据：82
2020-12-31 09:34:28 INFO  ThreadTest:23 - 主线程数据：83
2020-12-31 09:34:28 WARN  ThreadTest:36 - 分支线程数据：80
2020-12-31 09:34:28 WARN  ThreadTest:36 - 分支线程数据：81
2020-12-31 09:34:28 WARN  ThreadTest:36 - 分支线程数据：82
2020-12-31 09:34:28 WARN  ThreadTest:36 - 分支线程数据：83
2020-12-31 09:34:28 DEBUG ThreadTest:51 - 分支线程数据：72
2020-12-31 09:34:28 DEBUG ThreadTest:51 - 分支线程数据：73
2020-12-31 09:34:28 DEBUG ThreadTest:51 - 分支线程数据：74
2020-12-31 09:34:28 DEBUG ThreadTest:51 - 分支线程数据：75
2020-12-31 09:34:28 DEBUG ThreadTest:51 - 分支线程数据：76
2020-12-31 09:34:28 DEBUG ThreadTest:51 - 分支线程数据：77
2020-12-31 09:34:28 WARN  ThreadTest:36 - 分支线程数据：84
2020-12-31 09:34:28 WARN  ThreadTest:36 - 分支线程数据：85
2020-12-31 09:34:28 WARN  ThreadTest:36 - 分支线程数据：86
2020-12-31 09:34:28 DEBUG ThreadTest:51 - 分支线程数据：78
2020-12-31 09:34:28 DEBUG ThreadTest:51 - 分支线程数据：79
2020-12-31 09:34:28 DEBUG ThreadTest:51 - 分支线程数据：80
2020-12-31 09:34:28 INFO  ThreadTest:23 - 主线程数据：84
2020-12-31 09:34:28 INFO  ThreadTest:23 - 主线程数据：85
2020-12-31 09:34:28 INFO  ThreadTest:23 - 主线程数据：86
2020-12-31 09:34:28 INFO  ThreadTest:23 - 主线程数据：87
2020-12-31 09:34:28 INFO  ThreadTest:23 - 主线程数据：88
2020-12-31 09:34:28 INFO  ThreadTest:23 - 主线程数据：89
2020-12-31 09:34:28 INFO  ThreadTest:23 - 主线程数据：90
2020-12-31 09:34:28 INFO  ThreadTest:23 - 主线程数据：91
2020-12-31 09:34:28 INFO  ThreadTest:23 - 主线程数据：92
2020-12-31 09:34:28 INFO  ThreadTest:23 - 主线程数据：93
2020-12-31 09:34:28 INFO  ThreadTest:23 - 主线程数据：94
2020-12-31 09:34:28 INFO  ThreadTest:23 - 主线程数据：95
2020-12-31 09:34:28 INFO  ThreadTest:23 - 主线程数据：96
2020-12-31 09:34:28 INFO  ThreadTest:23 - 主线程数据：97
2020-12-31 09:34:28 DEBUG ThreadTest:51 - 分支线程数据：81
2020-12-31 09:34:28 DEBUG ThreadTest:51 - 分支线程数据：82
2020-12-31 09:34:28 DEBUG ThreadTest:51 - 分支线程数据：83
2020-12-31 09:34:28 DEBUG ThreadTest:51 - 分支线程数据：84
2020-12-31 09:34:28 DEBUG ThreadTest:51 - 分支线程数据：85
2020-12-31 09:34:28 DEBUG ThreadTest:51 - 分支线程数据：86
2020-12-31 09:34:28 DEBUG ThreadTest:51 - 分支线程数据：87
2020-12-31 09:34:28 DEBUG ThreadTest:51 - 分支线程数据：88
2020-12-31 09:34:28 DEBUG ThreadTest:51 - 分支线程数据：89
2020-12-31 09:34:28 DEBUG ThreadTest:51 - 分支线程数据：90
2020-12-31 09:34:28 DEBUG ThreadTest:51 - 分支线程数据：91
2020-12-31 09:34:28 DEBUG ThreadTest:51 - 分支线程数据：92
2020-12-31 09:34:28 DEBUG ThreadTest:51 - 分支线程数据：93
2020-12-31 09:34:28 DEBUG ThreadTest:51 - 分支线程数据：94
2020-12-31 09:34:28 DEBUG ThreadTest:51 - 分支线程数据：95
2020-12-31 09:34:28 DEBUG ThreadTest:51 - 分支线程数据：96
2020-12-31 09:34:28 DEBUG ThreadTest:51 - 分支线程数据：97
2020-12-31 09:34:28 DEBUG ThreadTest:51 - 分支线程数据：98
2020-12-31 09:34:28 DEBUG ThreadTest:51 - 分支线程数据：99
2020-12-31 09:34:28 WARN  ThreadTest:36 - 分支线程数据：87
2020-12-31 09:34:28 WARN  ThreadTest:36 - 分支线程数据：88
2020-12-31 09:34:28 WARN  ThreadTest:36 - 分支线程数据：89
2020-12-31 09:34:28 WARN  ThreadTest:36 - 分支线程数据：90
2020-12-31 09:34:28 WARN  ThreadTest:36 - 分支线程数据：91
2020-12-31 09:34:28 WARN  ThreadTest:36 - 分支线程数据：92
2020-12-31 09:34:28 WARN  ThreadTest:36 - 分支线程数据：93
2020-12-31 09:34:28 WARN  ThreadTest:36 - 分支线程数据：94
2020-12-31 09:34:28 WARN  ThreadTest:36 - 分支线程数据：95
2020-12-31 09:34:28 WARN  ThreadTest:36 - 分支线程数据：96
2020-12-31 09:34:28 WARN  ThreadTest:36 - 分支线程数据：97
2020-12-31 09:34:28 WARN  ThreadTest:36 - 分支线程数据：98
2020-12-31 09:34:28 WARN  ThreadTest:36 - 分支线程数据：99
2020-12-31 09:34:28 INFO  ThreadTest:23 - 主线程数据：98
2020-12-31 09:34:28 INFO  ThreadTest:23 - 主线程数据：99
2020-12-31 11:17:27 WARN  ThreadTest:36 - 分支线程数据：0
2020-12-31 11:17:27 DEBUG ThreadTest:51 - 分支线程数据：0
2020-12-31 11:17:27 DEBUG ThreadTest:51 - 分支线程数据：1
2020-12-31 11:17:27 INFO  ThreadTest:23 - 主线程数据：0
2020-12-31 11:17:27 DEBUG ThreadTest:51 - 分支线程数据：2
2020-12-31 11:17:27 DEBUG ThreadTest:51 - 分支线程数据：3
2020-12-31 11:17:27 DEBUG ThreadTest:51 - 分支线程数据：4
2020-12-31 11:17:27 DEBUG ThreadTest:51 - 分支线程数据：5
2020-12-31 11:17:27 DEBUG ThreadTest:51 - 分支线程数据：6
2020-12-31 11:17:27 WARN  ThreadTest:36 - 分支线程数据：1
2020-12-31 11:17:27 DEBUG ThreadTest:51 - 分支线程数据：7
2020-12-31 11:17:27 INFO  ThreadTest:23 - 主线程数据：1
2020-12-31 11:17:27 DEBUG ThreadTest:51 - 分支线程数据：8
2020-12-31 11:17:27 WARN  ThreadTest:36 - 分支线程数据：2
2020-12-31 11:17:27 WARN  ThreadTest:36 - 分支线程数据：3
2020-12-31 11:17:27 WARN  ThreadTest:36 - 分支线程数据：4
2020-12-31 11:17:27 DEBUG ThreadTest:51 - 分支线程数据：9
2020-12-31 11:17:27 INFO  ThreadTest:23 - 主线程数据：2
2020-12-31 11:17:27 DEBUG ThreadTest:51 - 分支线程数据：10
2020-12-31 11:17:27 WARN  ThreadTest:36 - 分支线程数据：5
2020-12-31 11:17:27 DEBUG ThreadTest:51 - 分支线程数据：11
2020-12-31 11:17:27 INFO  ThreadTest:23 - 主线程数据：3
2020-12-31 11:17:27 DEBUG ThreadTest:51 - 分支线程数据：12
2020-12-31 11:17:27 WARN  ThreadTest:36 - 分支线程数据：6
2020-12-31 11:17:27 WARN  ThreadTest:36 - 分支线程数据：7
2020-12-31 11:17:27 DEBUG ThreadTest:51 - 分支线程数据：13
2020-12-31 11:17:27 INFO  ThreadTest:23 - 主线程数据：4
2020-12-31 11:17:27 INFO  ThreadTest:23 - 主线程数据：5
2020-12-31 11:17:27 DEBUG ThreadTest:51 - 分支线程数据：14
2020-12-31 11:17:27 WARN  ThreadTest:36 - 分支线程数据：8
2020-12-31 11:17:27 DEBUG ThreadTest:51 - 分支线程数据：15
2020-12-31 11:17:27 INFO  ThreadTest:23 - 主线程数据：6
2020-12-31 11:17:27 DEBUG ThreadTest:51 - 分支线程数据：16
2020-12-31 11:17:27 WARN  ThreadTest:36 - 分支线程数据：9
2020-12-31 11:17:27 WARN  ThreadTest:36 - 分支线程数据：10
2020-12-31 11:17:27 DEBUG ThreadTest:51 - 分支线程数据：17
2020-12-31 11:17:27 INFO  ThreadTest:23 - 主线程数据：7
2020-12-31 11:17:27 DEBUG ThreadTest:51 - 分支线程数据：18
2020-12-31 11:17:27 WARN  ThreadTest:36 - 分支线程数据：11
2020-12-31 11:17:27 WARN  ThreadTest:36 - 分支线程数据：12
2020-12-31 11:17:27 WARN  ThreadTest:36 - 分支线程数据：13
2020-12-31 11:17:27 WARN  ThreadTest:36 - 分支线程数据：14
2020-12-31 11:17:27 DEBUG ThreadTest:51 - 分支线程数据：19
2020-12-31 11:17:27 INFO  ThreadTest:23 - 主线程数据：8
2020-12-31 11:17:27 DEBUG ThreadTest:51 - 分支线程数据：20
2020-12-31 11:17:27 WARN  ThreadTest:36 - 分支线程数据：15
2020-12-31 11:17:27 WARN  ThreadTest:36 - 分支线程数据：16
2020-12-31 11:17:27 DEBUG ThreadTest:51 - 分支线程数据：21
2020-12-31 11:17:27 INFO  ThreadTest:23 - 主线程数据：9
2020-12-31 11:17:27 DEBUG ThreadTest:51 - 分支线程数据：22
2020-12-31 11:17:27 DEBUG ThreadTest:51 - 分支线程数据：23
2020-12-31 11:17:27 WARN  ThreadTest:36 - 分支线程数据：17
2020-12-31 11:17:27 DEBUG ThreadTest:51 - 分支线程数据：24
2020-12-31 11:17:27 INFO  ThreadTest:23 - 主线程数据：10
2020-12-31 11:17:27 DEBUG ThreadTest:51 - 分支线程数据：25
2020-12-31 11:17:27 DEBUG ThreadTest:51 - 分支线程数据：26
2020-12-31 11:17:27 DEBUG ThreadTest:51 - 分支线程数据：27
2020-12-31 11:17:27 WARN  ThreadTest:36 - 分支线程数据：18
2020-12-31 11:17:27 DEBUG ThreadTest:51 - 分支线程数据：28
2020-12-31 11:17:27 INFO  ThreadTest:23 - 主线程数据：11
2020-12-31 11:17:27 DEBUG ThreadTest:51 - 分支线程数据：29
2020-12-31 11:17:27 WARN  ThreadTest:36 - 分支线程数据：19
2020-12-31 11:17:27 DEBUG ThreadTest:51 - 分支线程数据：30
2020-12-31 11:17:27 DEBUG ThreadTest:51 - 分支线程数据：31
2020-12-31 11:17:27 INFO  ThreadTest:23 - 主线程数据：12
2020-12-31 11:17:27 INFO  ThreadTest:23 - 主线程数据：13
2020-12-31 11:17:27 INFO  ThreadTest:23 - 主线程数据：14
2020-12-31 11:17:27 INFO  ThreadTest:23 - 主线程数据：15
2020-12-31 11:17:27 INFO  ThreadTest:23 - 主线程数据：16
2020-12-31 11:17:27 INFO  ThreadTest:23 - 主线程数据：17
2020-12-31 11:17:27 INFO  ThreadTest:23 - 主线程数据：18
2020-12-31 11:17:27 INFO  ThreadTest:23 - 主线程数据：19
2020-12-31 11:17:27 INFO  ThreadTest:23 - 主线程数据：20
2020-12-31 11:17:27 INFO  ThreadTest:23 - 主线程数据：21
2020-12-31 11:17:27 INFO  ThreadTest:23 - 主线程数据：22
2020-12-31 11:17:27 INFO  ThreadTest:23 - 主线程数据：23
2020-12-31 11:17:27 INFO  ThreadTest:23 - 主线程数据：24
2020-12-31 11:17:27 INFO  ThreadTest:23 - 主线程数据：25
2020-12-31 11:17:27 INFO  ThreadTest:23 - 主线程数据：26
2020-12-31 11:17:27 INFO  ThreadTest:23 - 主线程数据：27
2020-12-31 11:17:27 INFO  ThreadTest:23 - 主线程数据：28
2020-12-31 11:17:27 INFO  ThreadTest:23 - 主线程数据：29
2020-12-31 11:17:27 INFO  ThreadTest:23 - 主线程数据：30
2020-12-31 11:17:27 INFO  ThreadTest:23 - 主线程数据：31
2020-12-31 11:17:27 INFO  ThreadTest:23 - 主线程数据：32
2020-12-31 11:17:27 INFO  ThreadTest:23 - 主线程数据：33
2020-12-31 11:17:27 INFO  ThreadTest:23 - 主线程数据：34
2020-12-31 11:17:27 INFO  ThreadTest:23 - 主线程数据：35
2020-12-31 11:17:27 INFO  ThreadTest:23 - 主线程数据：36
2020-12-31 11:17:27 DEBUG ThreadTest:51 - 分支线程数据：32
2020-12-31 11:17:27 WARN  ThreadTest:36 - 分支线程数据：20
2020-12-31 11:17:27 WARN  ThreadTest:36 - 分支线程数据：21
2020-12-31 11:17:27 DEBUG ThreadTest:51 - 分支线程数据：33
2020-12-31 11:17:27 DEBUG ThreadTest:51 - 分支线程数据：34
2020-12-31 11:17:27 DEBUG ThreadTest:51 - 分支线程数据：35
2020-12-31 11:17:27 DEBUG ThreadTest:51 - 分支线程数据：36
2020-12-31 11:17:27 DEBUG ThreadTest:51 - 分支线程数据：37
2020-12-31 11:17:27 INFO  ThreadTest:23 - 主线程数据：37
2020-12-31 11:17:27 DEBUG ThreadTest:51 - 分支线程数据：38
2020-12-31 11:17:27 WARN  ThreadTest:36 - 分支线程数据：22
2020-12-31 11:17:27 DEBUG ThreadTest:51 - 分支线程数据：39
2020-12-31 11:17:27 INFO  ThreadTest:23 - 主线程数据：38
2020-12-31 11:17:27 DEBUG ThreadTest:51 - 分支线程数据：40
2020-12-31 11:17:27 WARN  ThreadTest:36 - 分支线程数据：23
2020-12-31 11:17:27 WARN  ThreadTest:36 - 分支线程数据：24
2020-12-31 11:17:27 WARN  ThreadTest:36 - 分支线程数据：25
2020-12-31 11:17:27 WARN  ThreadTest:36 - 分支线程数据：26
2020-12-31 11:17:27 WARN  ThreadTest:36 - 分支线程数据：27
2020-12-31 11:17:27 WARN  ThreadTest:36 - 分支线程数据：28
2020-12-31 11:17:27 WARN  ThreadTest:36 - 分支线程数据：29
2020-12-31 11:17:27 WARN  ThreadTest:36 - 分支线程数据：30
2020-12-31 11:17:27 WARN  ThreadTest:36 - 分支线程数据：31
2020-12-31 11:17:27 WARN  ThreadTest:36 - 分支线程数据：32
2020-12-31 11:17:27 WARN  ThreadTest:36 - 分支线程数据：33
2020-12-31 11:17:27 WARN  ThreadTest:36 - 分支线程数据：34
2020-12-31 11:17:27 WARN  ThreadTest:36 - 分支线程数据：35
2020-12-31 11:17:27 WARN  ThreadTest:36 - 分支线程数据：36
2020-12-31 11:17:27 DEBUG ThreadTest:51 - 分支线程数据：41
2020-12-31 11:17:27 DEBUG ThreadTest:51 - 分支线程数据：42
2020-12-31 11:17:27 INFO  ThreadTest:23 - 主线程数据：39
2020-12-31 11:17:27 DEBUG ThreadTest:51 - 分支线程数据：43
2020-12-31 11:17:27 WARN  ThreadTest:36 - 分支线程数据：37
2020-12-31 11:17:27 DEBUG ThreadTest:51 - 分支线程数据：44
2020-12-31 11:17:27 INFO  ThreadTest:23 - 主线程数据：40
2020-12-31 11:17:27 DEBUG ThreadTest:51 - 分支线程数据：45
2020-12-31 11:17:27 WARN  ThreadTest:36 - 分支线程数据：38
2020-12-31 11:17:27 DEBUG ThreadTest:51 - 分支线程数据：46
2020-12-31 11:17:27 INFO  ThreadTest:23 - 主线程数据：41
2020-12-31 11:17:27 DEBUG ThreadTest:51 - 分支线程数据：47
2020-12-31 11:17:27 WARN  ThreadTest:36 - 分支线程数据：39
2020-12-31 11:17:27 DEBUG ThreadTest:51 - 分支线程数据：48
2020-12-31 11:17:27 DEBUG ThreadTest:51 - 分支线程数据：49
2020-12-31 11:17:27 INFO  ThreadTest:23 - 主线程数据：42
2020-12-31 11:17:27 DEBUG ThreadTest:51 - 分支线程数据：50
2020-12-31 11:17:27 WARN  ThreadTest:36 - 分支线程数据：40
2020-12-31 11:17:27 WARN  ThreadTest:36 - 分支线程数据：41
2020-12-31 11:17:27 DEBUG ThreadTest:51 - 分支线程数据：51
2020-12-31 11:17:27 INFO  ThreadTest:23 - 主线程数据：43
2020-12-31 11:17:27 INFO  ThreadTest:23 - 主线程数据：44
2020-12-31 11:17:27 INFO  ThreadTest:23 - 主线程数据：45
2020-12-31 11:17:27 INFO  ThreadTest:23 - 主线程数据：46
2020-12-31 11:17:27 INFO  ThreadTest:23 - 主线程数据：47
2020-12-31 11:17:27 INFO  ThreadTest:23 - 主线程数据：48
2020-12-31 11:17:27 INFO  ThreadTest:23 - 主线程数据：49
2020-12-31 11:17:27 INFO  ThreadTest:23 - 主线程数据：50
2020-12-31 11:17:27 INFO  ThreadTest:23 - 主线程数据：51
2020-12-31 11:17:27 DEBUG ThreadTest:51 - 分支线程数据：52
2020-12-31 11:17:27 DEBUG ThreadTest:51 - 分支线程数据：53
2020-12-31 11:17:27 DEBUG ThreadTest:51 - 分支线程数据：54
2020-12-31 11:17:27 DEBUG ThreadTest:51 - 分支线程数据：55
2020-12-31 11:17:27 DEBUG ThreadTest:51 - 分支线程数据：56
2020-12-31 11:17:27 DEBUG ThreadTest:51 - 分支线程数据：57
2020-12-31 11:17:27 DEBUG ThreadTest:51 - 分支线程数据：58
2020-12-31 11:17:27 DEBUG ThreadTest:51 - 分支线程数据：59
2020-12-31 11:17:27 DEBUG ThreadTest:51 - 分支线程数据：60
2020-12-31 11:17:27 DEBUG ThreadTest:51 - 分支线程数据：61
2020-12-31 11:17:27 DEBUG ThreadTest:51 - 分支线程数据：62
2020-12-31 11:17:27 DEBUG ThreadTest:51 - 分支线程数据：63
2020-12-31 11:17:27 DEBUG ThreadTest:51 - 分支线程数据：64
2020-12-31 11:17:27 DEBUG ThreadTest:51 - 分支线程数据：65
2020-12-31 11:17:27 DEBUG ThreadTest:51 - 分支线程数据：66
2020-12-31 11:17:27 DEBUG ThreadTest:51 - 分支线程数据：67
2020-12-31 11:17:27 WARN  ThreadTest:36 - 分支线程数据：42
2020-12-31 11:17:27 DEBUG ThreadTest:51 - 分支线程数据：68
2020-12-31 11:17:27 INFO  ThreadTest:23 - 主线程数据：52
2020-12-31 11:17:27 INFO  ThreadTest:23 - 主线程数据：53
2020-12-31 11:17:27 DEBUG ThreadTest:51 - 分支线程数据：69
2020-12-31 11:17:27 WARN  ThreadTest:36 - 分支线程数据：43
2020-12-31 11:17:27 WARN  ThreadTest:36 - 分支线程数据：44
2020-12-31 11:17:27 WARN  ThreadTest:36 - 分支线程数据：45
2020-12-31 11:17:27 WARN  ThreadTest:36 - 分支线程数据：46
2020-12-31 11:17:27 WARN  ThreadTest:36 - 分支线程数据：47
2020-12-31 11:17:27 DEBUG ThreadTest:51 - 分支线程数据：70
2020-12-31 11:17:27 DEBUG ThreadTest:51 - 分支线程数据：71
2020-12-31 11:17:27 DEBUG ThreadTest:51 - 分支线程数据：72
2020-12-31 11:17:27 DEBUG ThreadTest:51 - 分支线程数据：73
2020-12-31 11:17:27 DEBUG ThreadTest:51 - 分支线程数据：74
2020-12-31 11:17:27 DEBUG ThreadTest:51 - 分支线程数据：75
2020-12-31 11:17:27 DEBUG ThreadTest:51 - 分支线程数据：76
2020-12-31 11:17:27 INFO  ThreadTest:23 - 主线程数据：54
2020-12-31 11:17:27 INFO  ThreadTest:23 - 主线程数据：55
2020-12-31 11:17:27 INFO  ThreadTest:23 - 主线程数据：56
2020-12-31 11:17:27 INFO  ThreadTest:23 - 主线程数据：57
2020-12-31 11:17:27 INFO  ThreadTest:23 - 主线程数据：58
2020-12-31 11:17:27 DEBUG ThreadTest:51 - 分支线程数据：77
2020-12-31 11:17:27 DEBUG ThreadTest:51 - 分支线程数据：78
2020-12-31 11:17:27 DEBUG ThreadTest:51 - 分支线程数据：79
2020-12-31 11:17:27 DEBUG ThreadTest:51 - 分支线程数据：80
2020-12-31 11:17:27 DEBUG ThreadTest:51 - 分支线程数据：81
2020-12-31 11:17:27 DEBUG ThreadTest:51 - 分支线程数据：82
2020-12-31 11:17:27 DEBUG ThreadTest:51 - 分支线程数据：83
2020-12-31 11:17:27 DEBUG ThreadTest:51 - 分支线程数据：84
2020-12-31 11:17:27 DEBUG ThreadTest:51 - 分支线程数据：85
2020-12-31 11:17:27 DEBUG ThreadTest:51 - 分支线程数据：86
2020-12-31 11:17:27 DEBUG ThreadTest:51 - 分支线程数据：87
2020-12-31 11:17:27 WARN  ThreadTest:36 - 分支线程数据：48
2020-12-31 11:17:27 WARN  ThreadTest:36 - 分支线程数据：49
2020-12-31 11:17:27 DEBUG ThreadTest:51 - 分支线程数据：88
2020-12-31 11:17:27 INFO  ThreadTest:23 - 主线程数据：59
2020-12-31 11:17:27 DEBUG ThreadTest:51 - 分支线程数据：89
2020-12-31 11:17:27 DEBUG ThreadTest:51 - 分支线程数据：90
2020-12-31 11:17:27 DEBUG ThreadTest:51 - 分支线程数据：91
2020-12-31 11:17:27 DEBUG ThreadTest:51 - 分支线程数据：92
2020-12-31 11:17:27 DEBUG ThreadTest:51 - 分支线程数据：93
2020-12-31 11:17:27 DEBUG ThreadTest:51 - 分支线程数据：94
2020-12-31 11:17:27 DEBUG ThreadTest:51 - 分支线程数据：95
2020-12-31 11:17:27 WARN  ThreadTest:36 - 分支线程数据：50
2020-12-31 11:17:27 WARN  ThreadTest:36 - 分支线程数据：51
2020-12-31 11:17:27 WARN  ThreadTest:36 - 分支线程数据：52
2020-12-31 11:17:27 WARN  ThreadTest:36 - 分支线程数据：53
2020-12-31 11:17:27 WARN  ThreadTest:36 - 分支线程数据：54
2020-12-31 11:17:27 WARN  ThreadTest:36 - 分支线程数据：55
2020-12-31 11:17:27 WARN  ThreadTest:36 - 分支线程数据：56
2020-12-31 11:17:27 WARN  ThreadTest:36 - 分支线程数据：57
2020-12-31 11:17:27 WARN  ThreadTest:36 - 分支线程数据：58
2020-12-31 11:17:27 WARN  ThreadTest:36 - 分支线程数据：59
2020-12-31 11:17:27 WARN  ThreadTest:36 - 分支线程数据：60
2020-12-31 11:17:27 WARN  ThreadTest:36 - 分支线程数据：61
2020-12-31 11:17:27 WARN  ThreadTest:36 - 分支线程数据：62
2020-12-31 11:17:27 WARN  ThreadTest:36 - 分支线程数据：63
2020-12-31 11:17:27 WARN  ThreadTest:36 - 分支线程数据：64
2020-12-31 11:17:27 DEBUG ThreadTest:51 - 分支线程数据：96
2020-12-31 11:17:27 DEBUG ThreadTest:51 - 分支线程数据：97
2020-12-31 11:17:27 DEBUG ThreadTest:51 - 分支线程数据：98
2020-12-31 11:17:27 INFO  ThreadTest:23 - 主线程数据：60
2020-12-31 11:17:27 DEBUG ThreadTest:51 - 分支线程数据：99
2020-12-31 11:17:27 WARN  ThreadTest:36 - 分支线程数据：65
2020-12-31 11:17:27 WARN  ThreadTest:36 - 分支线程数据：66
2020-12-31 11:17:27 INFO  ThreadTest:23 - 主线程数据：61
2020-12-31 11:17:27 INFO  ThreadTest:23 - 主线程数据：62
2020-12-31 11:17:27 INFO  ThreadTest:23 - 主线程数据：63
2020-12-31 11:17:27 INFO  ThreadTest:23 - 主线程数据：64
2020-12-31 11:17:27 INFO  ThreadTest:23 - 主线程数据：65
2020-12-31 11:17:27 INFO  ThreadTest:23 - 主线程数据：66
2020-12-31 11:17:27 INFO  ThreadTest:23 - 主线程数据：67
2020-12-31 11:17:27 WARN  ThreadTest:36 - 分支线程数据：67
2020-12-31 11:17:27 INFO  ThreadTest:23 - 主线程数据：68
2020-12-31 11:17:27 WARN  ThreadTest:36 - 分支线程数据：68
2020-12-31 11:17:27 INFO  ThreadTest:23 - 主线程数据：69
2020-12-31 11:17:27 WARN  ThreadTest:36 - 分支线程数据：69
2020-12-31 11:17:27 INFO  ThreadTest:23 - 主线程数据：70
2020-12-31 11:17:27 WARN  ThreadTest:36 - 分支线程数据：70
2020-12-31 11:17:27 INFO  ThreadTest:23 - 主线程数据：71
2020-12-31 11:17:27 WARN  ThreadTest:36 - 分支线程数据：71
2020-12-31 11:17:27 INFO  ThreadTest:23 - 主线程数据：72
2020-12-31 11:17:27 WARN  ThreadTest:36 - 分支线程数据：72
2020-12-31 11:17:27 INFO  ThreadTest:23 - 主线程数据：73
2020-12-31 11:17:27 WARN  ThreadTest:36 - 分支线程数据：73
2020-12-31 11:17:27 INFO  ThreadTest:23 - 主线程数据：74
2020-12-31 11:17:27 WARN  ThreadTest:36 - 分支线程数据：74
2020-12-31 11:17:27 INFO  ThreadTest:23 - 主线程数据：75
2020-12-31 11:17:27 WARN  ThreadTest:36 - 分支线程数据：75
2020-12-31 11:17:27 INFO  ThreadTest:23 - 主线程数据：76
2020-12-31 11:17:27 WARN  ThreadTest:36 - 分支线程数据：76
2020-12-31 11:17:27 INFO  ThreadTest:23 - 主线程数据：77
2020-12-31 11:17:27 WARN  ThreadTest:36 - 分支线程数据：77
2020-12-31 11:17:27 INFO  ThreadTest:23 - 主线程数据：78
2020-12-31 11:17:27 INFO  ThreadTest:23 - 主线程数据：79
2020-12-31 11:17:27 WARN  ThreadTest:36 - 分支线程数据：78
2020-12-31 11:17:27 INFO  ThreadTest:23 - 主线程数据：80
2020-12-31 11:17:27 WARN  ThreadTest:36 - 分支线程数据：79
2020-12-31 11:17:27 INFO  ThreadTest:23 - 主线程数据：81
2020-12-31 11:17:27 WARN  ThreadTest:36 - 分支线程数据：80
2020-12-31 11:17:27 INFO  ThreadTest:23 - 主线程数据：82
2020-12-31 11:17:27 WARN  ThreadTest:36 - 分支线程数据：81
2020-12-31 11:17:27 INFO  ThreadTest:23 - 主线程数据：83
2020-12-31 11:17:27 WARN  ThreadTest:36 - 分支线程数据：82
2020-12-31 11:17:27 WARN  ThreadTest:36 - 分支线程数据：83
2020-12-31 11:17:27 WARN  ThreadTest:36 - 分支线程数据：84
2020-12-31 11:17:27 WARN  ThreadTest:36 - 分支线程数据：85
2020-12-31 11:17:27 WARN  ThreadTest:36 - 分支线程数据：86
2020-12-31 11:17:27 WARN  ThreadTest:36 - 分支线程数据：87
2020-12-31 11:17:27 INFO  ThreadTest:23 - 主线程数据：84
2020-12-31 11:17:27 WARN  ThreadTest:36 - 分支线程数据：88
2020-12-31 11:17:27 INFO  ThreadTest:23 - 主线程数据：85
2020-12-31 11:17:27 WARN  ThreadTest:36 - 分支线程数据：89
2020-12-31 11:17:27 INFO  ThreadTest:23 - 主线程数据：86
2020-12-31 11:17:27 WARN  ThreadTest:36 - 分支线程数据：90
2020-12-31 11:17:27 INFO  ThreadTest:23 - 主线程数据：87
2020-12-31 11:17:27 WARN  ThreadTest:36 - 分支线程数据：91
2020-12-31 11:17:27 INFO  ThreadTest:23 - 主线程数据：88
2020-12-31 11:17:27 WARN  ThreadTest:36 - 分支线程数据：92
2020-12-31 11:17:27 INFO  ThreadTest:23 - 主线程数据：89
2020-12-31 11:17:27 WARN  ThreadTest:36 - 分支线程数据：93
2020-12-31 11:17:27 INFO  ThreadTest:23 - 主线程数据：90
2020-12-31 11:17:27 WARN  ThreadTest:36 - 分支线程数据：94
2020-12-31 11:17:27 INFO  ThreadTest:23 - 主线程数据：91
2020-12-31 11:17:27 WARN  ThreadTest:36 - 分支线程数据：95
2020-12-31 11:17:27 INFO  ThreadTest:23 - 主线程数据：92
2020-12-31 11:17:27 INFO  ThreadTest:23 - 主线程数据：93
2020-12-31 11:17:27 INFO  ThreadTest:23 - 主线程数据：94
2020-12-31 11:17:27 WARN  ThreadTest:36 - 分支线程数据：96
2020-12-31 11:17:27 INFO  ThreadTest:23 - 主线程数据：95
2020-12-31 11:17:27 WARN  ThreadTest:36 - 分支线程数据：97
2020-12-31 11:17:27 INFO  ThreadTest:23 - 主线程数据：96
2020-12-31 11:17:27 WARN  ThreadTest:36 - 分支线程数据：98
2020-12-31 11:17:27 INFO  ThreadTest:23 - 主线程数据：97
2020-12-31 11:17:27 WARN  ThreadTest:36 - 分支线程数据：99
2020-12-31 11:17:27 INFO  ThreadTest:23 - 主线程数据：98
2020-12-31 11:17:27 INFO  ThreadTest:23 - 主线程数据：99
2020-12-31 11:17:37 DEBUG Log4jTest:20 - log4j 日志测试
2020-12-31 11:17:37 INFO  Log4jTest:21 - log4j 日志测试
2020-12-31 11:17:37 WARN  Log4jTest:22 - log4j 日志测试
2020-12-31 11:17:37 ERROR Log4jTest:23 - log4j 日志测试
2021-01-08 11:40:31 INFO  ThreadTest:23 - 主线程数据：0
2021-01-08 11:40:31 DEBUG ThreadTest:51 - 分支线程数据：0
2021-01-08 11:40:31 WARN  ThreadTest:36 - 分支线程数据：0
2021-01-08 11:40:31 DEBUG ThreadTest:51 - 分支线程数据：1
2021-01-08 11:40:31 DEBUG ThreadTest:51 - 分支线程数据：2
2021-01-08 11:40:31 DEBUG ThreadTest:51 - 分支线程数据：3
2021-01-08 11:40:31 DEBUG ThreadTest:51 - 分支线程数据：4
2021-01-08 11:40:31 INFO  ThreadTest:23 - 主线程数据：1
2021-01-08 11:40:31 DEBUG ThreadTest:51 - 分支线程数据：5
2021-01-08 11:40:31 DEBUG ThreadTest:51 - 分支线程数据：6
2021-01-08 11:40:31 WARN  ThreadTest:36 - 分支线程数据：1
2021-01-08 11:40:31 WARN  ThreadTest:36 - 分支线程数据：2
2021-01-08 11:40:31 DEBUG ThreadTest:51 - 分支线程数据：7
2021-01-08 11:40:31 DEBUG ThreadTest:51 - 分支线程数据：8
2021-01-08 11:40:31 DEBUG ThreadTest:51 - 分支线程数据：9
2021-01-08 11:40:31 DEBUG ThreadTest:51 - 分支线程数据：10
2021-01-08 11:40:31 INFO  ThreadTest:23 - 主线程数据：2
2021-01-08 11:40:31 DEBUG ThreadTest:51 - 分支线程数据：11
2021-01-08 11:40:31 DEBUG ThreadTest:51 - 分支线程数据：12
2021-01-08 11:40:31 DEBUG ThreadTest:51 - 分支线程数据：13
2021-01-08 11:40:31 DEBUG ThreadTest:51 - 分支线程数据：14
2021-01-08 11:40:31 DEBUG ThreadTest:51 - 分支线程数据：15
2021-01-08 11:40:31 DEBUG ThreadTest:51 - 分支线程数据：16
2021-01-08 11:40:31 DEBUG ThreadTest:51 - 分支线程数据：17
2021-01-08 11:40:31 DEBUG ThreadTest:51 - 分支线程数据：18
2021-01-08 11:40:31 DEBUG ThreadTest:51 - 分支线程数据：19
2021-01-08 11:40:31 DEBUG ThreadTest:51 - 分支线程数据：20
2021-01-08 11:40:31 DEBUG ThreadTest:51 - 分支线程数据：21
2021-01-08 11:40:31 DEBUG ThreadTest:51 - 分支线程数据：22
2021-01-08 11:40:31 DEBUG ThreadTest:51 - 分支线程数据：23
2021-01-08 11:40:31 DEBUG ThreadTest:51 - 分支线程数据：24
2021-01-08 11:40:31 DEBUG ThreadTest:51 - 分支线程数据：25
2021-01-08 11:40:31 DEBUG ThreadTest:51 - 分支线程数据：26
2021-01-08 11:40:31 DEBUG ThreadTest:51 - 分支线程数据：27
2021-01-08 11:40:31 DEBUG ThreadTest:51 - 分支线程数据：28
2021-01-08 11:40:31 WARN  ThreadTest:36 - 分支线程数据：3
2021-01-08 11:40:31 DEBUG ThreadTest:51 - 分支线程数据：29
2021-01-08 11:40:31 DEBUG ThreadTest:51 - 分支线程数据：30
2021-01-08 11:40:31 DEBUG ThreadTest:51 - 分支线程数据：31
2021-01-08 11:40:31 INFO  ThreadTest:23 - 主线程数据：3
2021-01-08 11:40:31 INFO  ThreadTest:23 - 主线程数据：4
2021-01-08 11:40:31 INFO  ThreadTest:23 - 主线程数据：5
2021-01-08 11:40:31 INFO  ThreadTest:23 - 主线程数据：6
2021-01-08 11:40:31 INFO  ThreadTest:23 - 主线程数据：7
2021-01-08 11:40:31 INFO  ThreadTest:23 - 主线程数据：8
2021-01-08 11:40:31 DEBUG ThreadTest:51 - 分支线程数据：32
2021-01-08 11:40:31 WARN  ThreadTest:36 - 分支线程数据：4
2021-01-08 11:40:31 DEBUG ThreadTest:51 - 分支线程数据：33
2021-01-08 11:40:31 DEBUG ThreadTest:51 - 分支线程数据：34
2021-01-08 11:40:31 DEBUG ThreadTest:51 - 分支线程数据：35
2021-01-08 11:40:31 DEBUG ThreadTest:51 - 分支线程数据：36
2021-01-08 11:40:31 DEBUG ThreadTest:51 - 分支线程数据：37
2021-01-08 11:40:31 DEBUG ThreadTest:51 - 分支线程数据：38
2021-01-08 11:40:31 DEBUG ThreadTest:51 - 分支线程数据：39
2021-01-08 11:40:31 DEBUG ThreadTest:51 - 分支线程数据：40
2021-01-08 11:40:31 DEBUG ThreadTest:51 - 分支线程数据：41
2021-01-08 11:40:31 DEBUG ThreadTest:51 - 分支线程数据：42
2021-01-08 11:40:31 INFO  ThreadTest:23 - 主线程数据：9
2021-01-08 11:40:31 INFO  ThreadTest:23 - 主线程数据：10
2021-01-08 11:40:31 INFO  ThreadTest:23 - 主线程数据：11
2021-01-08 11:40:31 INFO  ThreadTest:23 - 主线程数据：12
2021-01-08 11:40:31 INFO  ThreadTest:23 - 主线程数据：13
2021-01-08 11:40:31 INFO  ThreadTest:23 - 主线程数据：14
2021-01-08 11:40:31 INFO  ThreadTest:23 - 主线程数据：15
2021-01-08 11:40:31 INFO  ThreadTest:23 - 主线程数据：16
2021-01-08 11:40:31 DEBUG ThreadTest:51 - 分支线程数据：43
2021-01-08 11:40:31 DEBUG ThreadTest:51 - 分支线程数据：44
2021-01-08 11:40:31 DEBUG ThreadTest:51 - 分支线程数据：45
2021-01-08 11:40:31 DEBUG ThreadTest:51 - 分支线程数据：46
2021-01-08 11:40:31 DEBUG ThreadTest:51 - 分支线程数据：47
2021-01-08 11:40:31 DEBUG ThreadTest:51 - 分支线程数据：48
2021-01-08 11:40:31 DEBUG ThreadTest:51 - 分支线程数据：49
2021-01-08 11:40:31 DEBUG ThreadTest:51 - 分支线程数据：50
2021-01-08 11:40:31 DEBUG ThreadTest:51 - 分支线程数据：51
2021-01-08 11:40:31 DEBUG ThreadTest:51 - 分支线程数据：52
2021-01-08 11:40:31 DEBUG ThreadTest:51 - 分支线程数据：53
2021-01-08 11:40:31 DEBUG ThreadTest:51 - 分支线程数据：54
2021-01-08 11:40:31 DEBUG ThreadTest:51 - 分支线程数据：55
2021-01-08 11:40:31 DEBUG ThreadTest:51 - 分支线程数据：56
2021-01-08 11:40:31 DEBUG ThreadTest:51 - 分支线程数据：57
2021-01-08 11:40:31 DEBUG ThreadTest:51 - 分支线程数据：58
2021-01-08 11:40:31 DEBUG ThreadTest:51 - 分支线程数据：59
2021-01-08 11:40:31 DEBUG ThreadTest:51 - 分支线程数据：60
2021-01-08 11:40:31 DEBUG ThreadTest:51 - 分支线程数据：61
2021-01-08 11:40:31 DEBUG ThreadTest:51 - 分支线程数据：62
2021-01-08 11:40:31 DEBUG ThreadTest:51 - 分支线程数据：63
2021-01-08 11:40:31 DEBUG ThreadTest:51 - 分支线程数据：64
2021-01-08 11:40:31 DEBUG ThreadTest:51 - 分支线程数据：65
2021-01-08 11:40:31 DEBUG ThreadTest:51 - 分支线程数据：66
2021-01-08 11:40:31 DEBUG ThreadTest:51 - 分支线程数据：67
2021-01-08 11:40:31 DEBUG ThreadTest:51 - 分支线程数据：68
2021-01-08 11:40:31 DEBUG ThreadTest:51 - 分支线程数据：69
2021-01-08 11:40:31 DEBUG ThreadTest:51 - 分支线程数据：70
2021-01-08 11:40:31 DEBUG ThreadTest:51 - 分支线程数据：71
2021-01-08 11:40:31 DEBUG ThreadTest:51 - 分支线程数据：72
2021-01-08 11:40:31 DEBUG ThreadTest:51 - 分支线程数据：73
2021-01-08 11:40:31 DEBUG ThreadTest:51 - 分支线程数据：74
2021-01-08 11:40:31 DEBUG ThreadTest:51 - 分支线程数据：75
2021-01-08 11:40:31 DEBUG ThreadTest:51 - 分支线程数据：76
2021-01-08 11:40:31 DEBUG ThreadTest:51 - 分支线程数据：77
2021-01-08 11:40:31 DEBUG ThreadTest:51 - 分支线程数据：78
2021-01-08 11:40:31 WARN  ThreadTest:36 - 分支线程数据：5
2021-01-08 11:40:31 DEBUG ThreadTest:51 - 分支线程数据：79
2021-01-08 11:40:31 DEBUG ThreadTest:51 - 分支线程数据：80
2021-01-08 11:40:31 DEBUG ThreadTest:51 - 分支线程数据：81
2021-01-08 11:40:31 DEBUG ThreadTest:51 - 分支线程数据：82
2021-01-08 11:40:31 DEBUG ThreadTest:51 - 分支线程数据：83
2021-01-08 11:40:31 DEBUG ThreadTest:51 - 分支线程数据：84
2021-01-08 11:40:31 DEBUG ThreadTest:51 - 分支线程数据：85
2021-01-08 11:40:31 DEBUG ThreadTest:51 - 分支线程数据：86
2021-01-08 11:40:31 DEBUG ThreadTest:51 - 分支线程数据：87
2021-01-08 11:40:31 DEBUG ThreadTest:51 - 分支线程数据：88
2021-01-08 11:40:31 DEBUG ThreadTest:51 - 分支线程数据：89
2021-01-08 11:40:31 DEBUG ThreadTest:51 - 分支线程数据：90
2021-01-08 11:40:31 DEBUG ThreadTest:51 - 分支线程数据：91
2021-01-08 11:40:31 DEBUG ThreadTest:51 - 分支线程数据：92
2021-01-08 11:40:31 DEBUG ThreadTest:51 - 分支线程数据：93
2021-01-08 11:40:31 DEBUG ThreadTest:51 - 分支线程数据：94
2021-01-08 11:40:31 DEBUG ThreadTest:51 - 分支线程数据：95
2021-01-08 11:40:31 DEBUG ThreadTest:51 - 分支线程数据：96
2021-01-08 11:40:31 DEBUG ThreadTest:51 - 分支线程数据：97
2021-01-08 11:40:31 DEBUG ThreadTest:51 - 分支线程数据：98
2021-01-08 11:40:31 DEBUG ThreadTest:51 - 分支线程数据：99
2021-01-08 11:40:31 INFO  ThreadTest:23 - 主线程数据：17
2021-01-08 11:40:31 INFO  ThreadTest:23 - 主线程数据：18
2021-01-08 11:40:31 INFO  ThreadTest:23 - 主线程数据：19
2021-01-08 11:40:31 INFO  ThreadTest:23 - 主线程数据：20
2021-01-08 11:40:31 INFO  ThreadTest:23 - 主线程数据：21
2021-01-08 11:40:31 INFO  ThreadTest:23 - 主线程数据：22
2021-01-08 11:40:31 INFO  ThreadTest:23 - 主线程数据：23
2021-01-08 11:40:31 WARN  ThreadTest:36 - 分支线程数据：6
2021-01-08 11:40:31 WARN  ThreadTest:36 - 分支线程数据：7
2021-01-08 11:40:31 WARN  ThreadTest:36 - 分支线程数据：8
2021-01-08 11:40:31 WARN  ThreadTest:36 - 分支线程数据：9
2021-01-08 11:40:31 WARN  ThreadTest:36 - 分支线程数据：10
2021-01-08 11:40:31 WARN  ThreadTest:36 - 分支线程数据：11
2021-01-08 11:40:31 WARN  ThreadTest:36 - 分支线程数据：12
2021-01-08 11:40:31 WARN  ThreadTest:36 - 分支线程数据：13
2021-01-08 11:40:31 INFO  ThreadTest:23 - 主线程数据：24
2021-01-08 11:40:31 INFO  ThreadTest:23 - 主线程数据：25
2021-01-08 11:40:31 WARN  ThreadTest:36 - 分支线程数据：14
2021-01-08 11:40:31 WARN  ThreadTest:36 - 分支线程数据：15
2021-01-08 11:40:31 WARN  ThreadTest:36 - 分支线程数据：16
2021-01-08 11:40:31 WARN  ThreadTest:36 - 分支线程数据：17
2021-01-08 11:40:31 WARN  ThreadTest:36 - 分支线程数据：18
2021-01-08 11:40:31 INFO  ThreadTest:23 - 主线程数据：26
2021-01-08 11:40:31 INFO  ThreadTest:23 - 主线程数据：27
2021-01-08 11:40:31 WARN  ThreadTest:36 - 分支线程数据：19
2021-01-08 11:40:31 WARN  ThreadTest:36 - 分支线程数据：20
2021-01-08 11:40:31 WARN  ThreadTest:36 - 分支线程数据：21
2021-01-08 11:40:31 WARN  ThreadTest:36 - 分支线程数据：22
2021-01-08 11:40:31 WARN  ThreadTest:36 - 分支线程数据：23
2021-01-08 11:40:31 WARN  ThreadTest:36 - 分支线程数据：24
2021-01-08 11:40:31 WARN  ThreadTest:36 - 分支线程数据：25
2021-01-08 11:40:31 WARN  ThreadTest:36 - 分支线程数据：26
2021-01-08 11:40:31 WARN  ThreadTest:36 - 分支线程数据：27
2021-01-08 11:40:31 WARN  ThreadTest:36 - 分支线程数据：28
2021-01-08 11:40:31 WARN  ThreadTest:36 - 分支线程数据：29
2021-01-08 11:40:31 WARN  ThreadTest:36 - 分支线程数据：30
2021-01-08 11:40:31 WARN  ThreadTest:36 - 分支线程数据：31
2021-01-08 11:40:31 WARN  ThreadTest:36 - 分支线程数据：32
2021-01-08 11:40:31 WARN  ThreadTest:36 - 分支线程数据：33
2021-01-08 11:40:31 INFO  ThreadTest:23 - 主线程数据：28
2021-01-08 11:40:31 INFO  ThreadTest:23 - 主线程数据：29
2021-01-08 11:40:31 INFO  ThreadTest:23 - 主线程数据：30
2021-01-08 11:40:31 INFO  ThreadTest:23 - 主线程数据：31
2021-01-08 11:40:31 INFO  ThreadTest:23 - 主线程数据：32
2021-01-08 11:40:31 INFO  ThreadTest:23 - 主线程数据：33
2021-01-08 11:40:31 INFO  ThreadTest:23 - 主线程数据：34
2021-01-08 11:40:31 INFO  ThreadTest:23 - 主线程数据：35
2021-01-08 11:40:31 INFO  ThreadTest:23 - 主线程数据：36
2021-01-08 11:40:31 WARN  ThreadTest:36 - 分支线程数据：34
2021-01-08 11:40:31 INFO  ThreadTest:23 - 主线程数据：37
2021-01-08 11:40:31 WARN  ThreadTest:36 - 分支线程数据：35
2021-01-08 11:40:31 INFO  ThreadTest:23 - 主线程数据：38
2021-01-08 11:40:31 WARN  ThreadTest:36 - 分支线程数据：36
2021-01-08 11:40:31 INFO  ThreadTest:23 - 主线程数据：39
2021-01-08 11:40:31 WARN  ThreadTest:36 - 分支线程数据：37
2021-01-08 11:40:31 WARN  ThreadTest:36 - 分支线程数据：38
2021-01-08 11:40:31 WARN  ThreadTest:36 - 分支线程数据：39
2021-01-08 11:40:31 WARN  ThreadTest:36 - 分支线程数据：40
2021-01-08 11:40:31 INFO  ThreadTest:23 - 主线程数据：40
2021-01-08 11:40:31 WARN  ThreadTest:36 - 分支线程数据：41
2021-01-08 11:40:31 INFO  ThreadTest:23 - 主线程数据：41
2021-01-08 11:40:31 INFO  ThreadTest:23 - 主线程数据：42
2021-01-08 11:40:31 INFO  ThreadTest:23 - 主线程数据：43
2021-01-08 11:40:31 INFO  ThreadTest:23 - 主线程数据：44
2021-01-08 11:40:31 INFO  ThreadTest:23 - 主线程数据：45
2021-01-08 11:40:31 INFO  ThreadTest:23 - 主线程数据：46
2021-01-08 11:40:31 INFO  ThreadTest:23 - 主线程数据：47
2021-01-08 11:40:31 INFO  ThreadTest:23 - 主线程数据：48
2021-01-08 11:40:31 INFO  ThreadTest:23 - 主线程数据：49
2021-01-08 11:40:31 INFO  ThreadTest:23 - 主线程数据：50
2021-01-08 11:40:31 INFO  ThreadTest:23 - 主线程数据：51
2021-01-08 11:40:31 INFO  ThreadTest:23 - 主线程数据：52
2021-01-08 11:40:31 INFO  ThreadTest:23 - 主线程数据：53
2021-01-08 11:40:31 INFO  ThreadTest:23 - 主线程数据：54
2021-01-08 11:40:31 INFO  ThreadTest:23 - 主线程数据：55
2021-01-08 11:40:31 INFO  ThreadTest:23 - 主线程数据：56
2021-01-08 11:40:31 INFO  ThreadTest:23 - 主线程数据：57
2021-01-08 11:40:31 INFO  ThreadTest:23 - 主线程数据：58
2021-01-08 11:40:31 INFO  ThreadTest:23 - 主线程数据：59
2021-01-08 11:40:31 INFO  ThreadTest:23 - 主线程数据：60
2021-01-08 11:40:31 INFO  ThreadTest:23 - 主线程数据：61
2021-01-08 11:40:31 INFO  ThreadTest:23 - 主线程数据：62
2021-01-08 11:40:31 WARN  ThreadTest:36 - 分支线程数据：42
2021-01-08 11:40:31 WARN  ThreadTest:36 - 分支线程数据：43
2021-01-08 11:40:31 INFO  ThreadTest:23 - 主线程数据：63
2021-01-08 11:40:31 WARN  ThreadTest:36 - 分支线程数据：44
2021-01-08 11:40:31 INFO  ThreadTest:23 - 主线程数据：64
2021-01-08 11:40:31 WARN  ThreadTest:36 - 分支线程数据：45
2021-01-08 11:40:31 INFO  ThreadTest:23 - 主线程数据：65
2021-01-08 11:40:31 INFO  ThreadTest:23 - 主线程数据：66
2021-01-08 11:40:31 INFO  ThreadTest:23 - 主线程数据：67
2021-01-08 11:40:31 INFO  ThreadTest:23 - 主线程数据：68
2021-01-08 11:40:31 WARN  ThreadTest:36 - 分支线程数据：46
2021-01-08 11:40:31 INFO  ThreadTest:23 - 主线程数据：69
2021-01-08 11:40:31 WARN  ThreadTest:36 - 分支线程数据：47
2021-01-08 11:40:31 INFO  ThreadTest:23 - 主线程数据：70
2021-01-08 11:40:31 WARN  ThreadTest:36 - 分支线程数据：48
2021-01-08 11:40:31 INFO  ThreadTest:23 - 主线程数据：71
2021-01-08 11:40:31 WARN  ThreadTest:36 - 分支线程数据：49
2021-01-08 11:40:31 INFO  ThreadTest:23 - 主线程数据：72
2021-01-08 11:40:31 WARN  ThreadTest:36 - 分支线程数据：50
2021-01-08 11:40:31 INFO  ThreadTest:23 - 主线程数据：73
2021-01-08 11:40:31 INFO  ThreadTest:23 - 主线程数据：74
2021-01-08 11:40:31 INFO  ThreadTest:23 - 主线程数据：75
2021-01-08 11:40:31 INFO  ThreadTest:23 - 主线程数据：76
2021-01-08 11:40:31 INFO  ThreadTest:23 - 主线程数据：77
2021-01-08 11:40:31 INFO  ThreadTest:23 - 主线程数据：78
2021-01-08 11:40:31 INFO  ThreadTest:23 - 主线程数据：79
2021-01-08 11:40:31 INFO  ThreadTest:23 - 主线程数据：80
2021-01-08 11:40:31 INFO  ThreadTest:23 - 主线程数据：81
2021-01-08 11:40:31 INFO  ThreadTest:23 - 主线程数据：82
2021-01-08 11:40:31 INFO  ThreadTest:23 - 主线程数据：83
2021-01-08 11:40:31 INFO  ThreadTest:23 - 主线程数据：84
2021-01-08 11:40:31 INFO  ThreadTest:23 - 主线程数据：85
2021-01-08 11:40:31 INFO  ThreadTest:23 - 主线程数据：86
2021-01-08 11:40:31 INFO  ThreadTest:23 - 主线程数据：87
2021-01-08 11:40:31 INFO  ThreadTest:23 - 主线程数据：88
2021-01-08 11:40:31 INFO  ThreadTest:23 - 主线程数据：89
2021-01-08 11:40:31 WARN  ThreadTest:36 - 分支线程数据：51
2021-01-08 11:40:31 WARN  ThreadTest:36 - 分支线程数据：52
2021-01-08 11:40:31 WARN  ThreadTest:36 - 分支线程数据：53
2021-01-08 11:40:31 WARN  ThreadTest:36 - 分支线程数据：54
2021-01-08 11:40:31 WARN  ThreadTest:36 - 分支线程数据：55
2021-01-08 11:40:31 WARN  ThreadTest:36 - 分支线程数据：56
2021-01-08 11:40:31 WARN  ThreadTest:36 - 分支线程数据：57
2021-01-08 11:40:31 WARN  ThreadTest:36 - 分支线程数据：58
2021-01-08 11:40:31 WARN  ThreadTest:36 - 分支线程数据：59
2021-01-08 11:40:31 INFO  ThreadTest:23 - 主线程数据：90
2021-01-08 11:40:31 WARN  ThreadTest:36 - 分支线程数据：60
2021-01-08 11:40:31 WARN  ThreadTest:36 - 分支线程数据：61
2021-01-08 11:40:31 WARN  ThreadTest:36 - 分支线程数据：62
2021-01-08 11:40:31 WARN  ThreadTest:36 - 分支线程数据：63
2021-01-08 11:40:31 WARN  ThreadTest:36 - 分支线程数据：64
2021-01-08 11:40:31 WARN  ThreadTest:36 - 分支线程数据：65
2021-01-08 11:40:31 WARN  ThreadTest:36 - 分支线程数据：66
2021-01-08 11:40:31 WARN  ThreadTest:36 - 分支线程数据：67
2021-01-08 11:40:31 WARN  ThreadTest:36 - 分支线程数据：68
2021-01-08 11:40:31 WARN  ThreadTest:36 - 分支线程数据：69
2021-01-08 11:40:31 WARN  ThreadTest:36 - 分支线程数据：70
2021-01-08 11:40:31 WARN  ThreadTest:36 - 分支线程数据：71
2021-01-08 11:40:31 WARN  ThreadTest:36 - 分支线程数据：72
2021-01-08 11:40:31 WARN  ThreadTest:36 - 分支线程数据：73
2021-01-08 11:40:31 WARN  ThreadTest:36 - 分支线程数据：74
2021-01-08 11:40:31 WARN  ThreadTest:36 - 分支线程数据：75
2021-01-08 11:40:31 WARN  ThreadTest:36 - 分支线程数据：76
2021-01-08 11:40:31 WARN  ThreadTest:36 - 分支线程数据：77
2021-01-08 11:40:31 WARN  ThreadTest:36 - 分支线程数据：78
2021-01-08 11:40:31 WARN  ThreadTest:36 - 分支线程数据：79
2021-01-08 11:40:31 WARN  ThreadTest:36 - 分支线程数据：80
2021-01-08 11:40:31 WARN  ThreadTest:36 - 分支线程数据：81
2021-01-08 11:40:31 WARN  ThreadTest:36 - 分支线程数据：82
2021-01-08 11:40:31 WARN  ThreadTest:36 - 分支线程数据：83
2021-01-08 11:40:31 WARN  ThreadTest:36 - 分支线程数据：84
2021-01-08 11:40:31 WARN  ThreadTest:36 - 分支线程数据：85
2021-01-08 11:40:31 WARN  ThreadTest:36 - 分支线程数据：86
2021-01-08 11:40:31 WARN  ThreadTest:36 - 分支线程数据：87
2021-01-08 11:40:31 INFO  ThreadTest:23 - 主线程数据：91
2021-01-08 11:40:31 WARN  ThreadTest:36 - 分支线程数据：88
2021-01-08 11:40:31 INFO  ThreadTest:23 - 主线程数据：92
2021-01-08 11:40:31 WARN  ThreadTest:36 - 分支线程数据：89
2021-01-08 11:40:31 INFO  ThreadTest:23 - 主线程数据：93
2021-01-08 11:40:31 WARN  ThreadTest:36 - 分支线程数据：90
2021-01-08 11:40:31 INFO  ThreadTest:23 - 主线程数据：94
2021-01-08 11:40:31 WARN  ThreadTest:36 - 分支线程数据：91
2021-01-08 11:40:31 INFO  ThreadTest:23 - 主线程数据：95
2021-01-08 11:40:31 WARN  ThreadTest:36 - 分支线程数据：92
2021-01-08 11:40:31 INFO  ThreadTest:23 - 主线程数据：96
2021-01-08 11:40:31 WARN  ThreadTest:36 - 分支线程数据：93
2021-01-08 11:40:31 INFO  ThreadTest:23 - 主线程数据：97
2021-01-08 11:40:31 WARN  ThreadTest:36 - 分支线程数据：94
2021-01-08 11:40:31 INFO  ThreadTest:23 - 主线程数据：98
2021-01-08 11:40:31 WARN  ThreadTest:36 - 分支线程数据：95
2021-01-08 11:40:31 INFO  ThreadTest:23 - 主线程数据：99
2021-01-08 11:40:31 WARN  ThreadTest:36 - 分支线程数据：96
2021-01-08 11:40:31 WARN  ThreadTest:36 - 分支线程数据：97
2021-01-08 11:40:31 WARN  ThreadTest:36 - 分支线程数据：98
2021-01-08 11:40:31 WARN  ThreadTest:36 - 分支线程数据：99
2021-01-08 15:09:37 INFO  DataDeal:236 - '2853012865954','27530118209361','2053012184244566','265301161546264','265301161546264','60201900130014','2','0','265301161546264','','A','191','2006','5301','','01','TK00030449','000000002394','','3','','8156973586','柯远','0','1988/3/14','32','1','4','0000569536','元道通信股份有限公司','2020/9/2','5301','2020/9/2','18:26:05','','2021/1/21','2021/1/21','2020/9/2','2021/1/21','','Y','0','M','5','M','5','','0','','N','','','0','1','12','0','1','','0','3.85','3.85','3.85','100','100','0','0','0','0','0','','','2021/1/21','2020/12/9','2020/9/2','-2','','','1','','','0','','0','0','','','','','','','','','','0','','','','9','gzlongy','2020/9/2','14:46:17','2020/1/22','4','4','','0','','yuandao','2020/9/1','14:01:37','2020/12/8','18:06:44','0','','','','','','','','','2020/9/2','','0','01','0','0'
2021-01-08 15:09:37 INFO  DataDeal:284 - insert into lcpol (GRPCONTNO,GRPPOLNO,CONTNO,POLNO,PROPOSALNO,PRTNO,CONTTYPE,POLTYPEFLAG,MAINPOLNO,MASTERPOLNO,KINDCODE,RISKCODE,RISKVERSION,MANAGECOM,AGENTCOM,AGENTTYPE,AGENTCODE,AGENTGROUP,AGENTCODE1,SALECHNL,HANDLER,INSUREDNO,INSUREDNAME,INSUREDSEX,INSUREDBIRTHDAY,INSUREDAPPAGE,INSUREDPEOPLES,OCCUPATIONTYPE,APPNTNO,APPNTNAME,CVALIDATE,SIGNCOM,SIGNDATE,SIGNTIME,FIRSTPAYDATE,PAYENDDATE,PAYTODATE,GETSTARTDATE,ENDDATE,ACCIENDDATE,GETYEARFLAG,GETYEAR,PAYENDYEARFLAG,PAYENDYEAR,INSUYEARFLAG,INSUYEAR,ACCIYEARFLAG,ACCIYEAR,GETSTARTTYPE,SPECIFYVALIDATE,PAYMODE,PAYLOCATION,PAYINTV,PAYYEARS,YEARS,MANAGEFEERATE,FLOATRATE,PREMTOAMNT,MULT,STANDPREM,PREM,SUMPREM,AMNT,RISKAMNT,LEAVINGMONEY,ENDORSETIMES,CLAIMTIMES,LIVETIMES,RENEWCOUNT,LASTGETDATE,LASTLOANDATE,LASTREGETDATE,LASTEDORDATE,LASTREVDATE,RNEWFLAG,STOPFLAG,EXPIRYFLAG,AUTOPAYFLAG,INTERESTDIFFLAG,SUBFLAG,BNFFLAG,HEALTHCHECKFLAG,IMPARTFLAG,REINSUREFLAG,AGENTPAYFLAG,AGENTGETFLAG,LIVEGETMODE,DEADGETMODE,BONUSGETMODE,BONUSMAN,DEADFLAG,SMOKEFLAG,REMARK,APPROVEFLAG,APPROVECODE,APPROVEDATE,APPROVETIME,UWFLAG,UWCODE,UWDATE,UWTIME,POLAPPLYDATE,APPFLAG,POLSTATE,STANDBYFLAG1,STANDBYFLAG2,STANDBYFLAG3,OPERATOR,MAKEDATE,MAKETIME,MODIFYDATE,MODIFYTIME,WAITPERIOD,GETFORM,GETBANKCODE,GETBANKACCNO,GETACCNAME,KEEPVALUEOPT,ASCRIPTIONRULECODE,PAYRULECODE,ASCRIPTIONFLAG,PCVALIDATE,COMMONFLAG,COMMONINSURATE,CONTPAYMODE,PERSONPREMRATE,PERSONAMNTRATE) values (?,?,?,?,?,?,?,?,?,?,?,?,?,?,?,?,?,?,?,?,?,?,?,?,?,?,?,?,?,?,?,?,?,?,?,?,?,?,?,?,?,?,?,?,?,?,?,?,?,?,?,?,?,?,?,?,?,?,?,?,?,?,?,?,?,?,?,?,?,?,?,?,?,?,?,?,?,?,?,?,?,?,?,?,?,?,?,?,?,?,?,?,?,?,?,?,?,?,?,?,?,?,?,?,?,?,?,?,?,?,?,?,?,?,?,?,?,?,?,?,?,?,?,?,?,?,?)
2021-01-08 15:14:32 INFO  DataDeal:236 - '2853012865954','27530118209361','2053012184244566','265301161546264','265301161546264','60201900130014','2','0','265301161546264','','A','191','2006','5301','','01','TK00030449','000000002394','','3','','8156973586','柯远','0','1988/3/14','32','1','4','0000569536','元道通信股份有限公司','2020/9/2','5301','2020/9/2','18:26:05','','2021/1/21','2021/1/21','2020/9/2','2021/1/21','','Y','0','M','5','M','5','','0','','N','','','0','1','12','0','1','','0','3.85','3.85','3.85','100','100','0','0','0','0','0','','','2021/1/21','2020/12/9','2020/9/2','-2','','','1','','','0','','0','0','','','','','','','','','','0','','','','9','gzlongy','2020/9/2','14:46:17','2020/1/22','4','4','','0','','yuandao','2020/9/1','14:01:37','2020/12/8','18:06:44','0','','','','','','','','','2020/9/2','','0','01','0','0'
2021-01-08 15:14:32 INFO  DataDeal:244 - '2853012865954'
2021-01-08 15:14:32 INFO  DataDeal:244 - '27530118209361'
2021-01-08 15:14:32 INFO  DataDeal:244 - '2053012184244566'
2021-01-08 15:14:32 INFO  DataDeal:244 - '265301161546264'
2021-01-08 15:14:32 INFO  DataDeal:244 - '265301161546264'
2021-01-08 15:14:32 INFO  DataDeal:244 - '60201900130014'
2021-01-08 15:14:32 INFO  DataDeal:244 - '2'
2021-01-08 15:14:32 INFO  DataDeal:244 - '0'
2021-01-08 15:14:32 INFO  DataDeal:244 - '265301161546264'
2021-01-08 15:14:32 INFO  DataDeal:244 - ''
2021-01-08 15:14:32 INFO  DataDeal:244 - 'A'
2021-01-08 15:14:32 INFO  DataDeal:244 - '191'
2021-01-08 15:14:32 INFO  DataDeal:244 - '2006'
2021-01-08 15:14:32 INFO  DataDeal:244 - '5301'
2021-01-08 15:14:32 INFO  DataDeal:244 - ''
2021-01-08 15:14:32 INFO  DataDeal:244 - '01'
2021-01-08 15:14:32 INFO  DataDeal:244 - 'TK00030449'
2021-01-08 15:14:32 INFO  DataDeal:244 - '000000002394'
2021-01-08 15:14:32 INFO  DataDeal:244 - ''
2021-01-08 15:14:32 INFO  DataDeal:244 - '3'
2021-01-08 15:14:32 INFO  DataDeal:244 - ''
2021-01-08 15:14:32 INFO  DataDeal:244 - '8156973586'
2021-01-08 15:14:32 INFO  DataDeal:244 - '柯远'
2021-01-08 15:14:32 INFO  DataDeal:244 - '0'
2021-01-08 15:14:32 INFO  DataDeal:244 - '1988/3/14'
2021-01-08 15:14:32 INFO  DataDeal:244 - '32'
2021-01-08 15:14:32 INFO  DataDeal:244 - '1'
2021-01-08 15:14:32 INFO  DataDeal:244 - '4'
2021-01-08 15:14:32 INFO  DataDeal:244 - '0000569536'
2021-01-08 15:14:32 INFO  DataDeal:244 - '元道通信股份有限公司'
2021-01-08 15:14:32 INFO  DataDeal:244 - '2020/9/2'
2021-01-08 15:14:32 INFO  DataDeal:244 - '5301'
2021-01-08 15:14:32 INFO  DataDeal:244 - '2020/9/2'
2021-01-08 15:14:32 INFO  DataDeal:244 - '18:26:05'
2021-01-08 15:14:32 INFO  DataDeal:244 - ''
2021-01-08 15:14:32 INFO  DataDeal:244 - '2021/1/21'
2021-01-08 15:14:32 INFO  DataDeal:244 - '2021/1/21'
2021-01-08 15:14:32 INFO  DataDeal:244 - '2020/9/2'
2021-01-08 15:14:32 INFO  DataDeal:244 - '2021/1/21'
2021-01-08 15:14:32 INFO  DataDeal:244 - ''
2021-01-08 15:14:32 INFO  DataDeal:244 - 'Y'
2021-01-08 15:14:32 INFO  DataDeal:244 - '0'
2021-01-08 15:14:32 INFO  DataDeal:244 - 'M'
2021-01-08 15:14:32 INFO  DataDeal:244 - '5'
2021-01-08 15:14:32 INFO  DataDeal:244 - 'M'
2021-01-08 15:14:32 INFO  DataDeal:244 - '5'
2021-01-08 15:14:32 INFO  DataDeal:244 - ''
2021-01-08 15:14:32 INFO  DataDeal:244 - '0'
2021-01-08 15:14:32 INFO  DataDeal:244 - ''
2021-01-08 15:14:32 INFO  DataDeal:244 - 'N'
2021-01-08 15:14:32 INFO  DataDeal:244 - ''
2021-01-08 15:14:32 INFO  DataDeal:244 - ''
2021-01-08 15:14:32 INFO  DataDeal:244 - '0'
2021-01-08 15:14:32 INFO  DataDeal:244 - '1'
2021-01-08 15:14:32 INFO  DataDeal:244 - '12'
2021-01-08 15:14:32 INFO  DataDeal:244 - '0'
2021-01-08 15:14:32 INFO  DataDeal:244 - '1'
2021-01-08 15:14:32 INFO  DataDeal:244 - ''
2021-01-08 15:14:32 INFO  DataDeal:244 - '0'
2021-01-08 15:14:32 INFO  DataDeal:244 - '3.85'
2021-01-08 15:14:32 INFO  DataDeal:244 - '3.85'
2021-01-08 15:14:32 INFO  DataDeal:244 - '3.85'
2021-01-08 15:14:32 INFO  DataDeal:244 - '100'
2021-01-08 15:14:32 INFO  DataDeal:244 - '100'
2021-01-08 15:14:32 INFO  DataDeal:244 - '0'
2021-01-08 15:14:32 INFO  DataDeal:244 - '0'
2021-01-08 15:14:32 INFO  DataDeal:244 - '0'
2021-01-08 15:14:32 INFO  DataDeal:244 - '0'
2021-01-08 15:14:32 INFO  DataDeal:244 - '0'
2021-01-08 15:14:32 INFO  DataDeal:244 - ''
2021-01-08 15:14:32 INFO  DataDeal:244 - ''
2021-01-08 15:14:32 INFO  DataDeal:244 - '2021/1/21'
2021-01-08 15:14:32 INFO  DataDeal:244 - '2020/12/9'
2021-01-08 15:14:32 INFO  DataDeal:244 - '2020/9/2'
2021-01-08 15:14:32 INFO  DataDeal:244 - '-2'
2021-01-08 15:14:32 INFO  DataDeal:244 - ''
2021-01-08 15:14:32 INFO  DataDeal:244 - ''
2021-01-08 15:14:32 INFO  DataDeal:244 - '1'
2021-01-08 15:14:32 INFO  DataDeal:244 - ''
2021-01-08 15:14:32 INFO  DataDeal:244 - ''
2021-01-08 15:14:32 INFO  DataDeal:244 - '0'
2021-01-08 15:14:32 INFO  DataDeal:244 - ''
2021-01-08 15:14:32 INFO  DataDeal:244 - '0'
2021-01-08 15:14:32 INFO  DataDeal:244 - '0'
2021-01-08 15:14:32 INFO  DataDeal:244 - ''
2021-01-08 15:14:32 INFO  DataDeal:244 - ''
2021-01-08 15:14:32 INFO  DataDeal:244 - ''
2021-01-08 15:14:32 INFO  DataDeal:244 - ''
2021-01-08 15:14:32 INFO  DataDeal:244 - ''
2021-01-08 15:14:32 INFO  DataDeal:244 - ''
2021-01-08 15:14:32 INFO  DataDeal:244 - ''
2021-01-08 15:14:32 INFO  DataDeal:244 - ''
2021-01-08 15:14:32 INFO  DataDeal:244 - ''
2021-01-08 15:14:32 INFO  DataDeal:244 - '0'
2021-01-08 15:14:32 INFO  DataDeal:244 - ''
2021-01-08 15:14:32 INFO  DataDeal:244 - ''
2021-01-08 15:14:32 INFO  DataDeal:244 - ''
2021-01-08 15:14:32 INFO  DataDeal:244 - '9'
2021-01-08 15:14:32 INFO  DataDeal:244 - 'gzlongy'
2021-01-08 15:14:32 INFO  DataDeal:244 - '2020/9/2'
2021-01-08 15:14:32 INFO  DataDeal:244 - '14:46:17'
2021-01-08 15:14:32 INFO  DataDeal:244 - '2020/1/22'
2021-01-08 15:14:32 INFO  DataDeal:244 - '4'
2021-01-08 15:14:32 INFO  DataDeal:244 - '4'
2021-01-08 15:14:32 INFO  DataDeal:244 - ''
2021-01-08 15:14:32 INFO  DataDeal:244 - '0'
2021-01-08 15:14:32 INFO  DataDeal:244 - ''
2021-01-08 15:14:32 INFO  DataDeal:244 - 'yuandao'
2021-01-08 15:14:32 INFO  DataDeal:244 - '2020/9/1'
2021-01-08 15:14:32 INFO  DataDeal:244 - '14:01:37'
2021-01-08 15:14:32 INFO  DataDeal:244 - '2020/12/8'
2021-01-08 15:14:32 INFO  DataDeal:244 - '18:06:44'
2021-01-08 15:14:32 INFO  DataDeal:244 - '0'
2021-01-08 15:14:32 INFO  DataDeal:244 - ''
2021-01-08 15:14:32 INFO  DataDeal:244 - ''
2021-01-08 15:14:32 INFO  DataDeal:244 - ''
2021-01-08 15:14:32 INFO  DataDeal:244 - ''
2021-01-08 15:14:32 INFO  DataDeal:244 - ''
2021-01-08 15:14:32 INFO  DataDeal:244 - ''
2021-01-08 15:14:32 INFO  DataDeal:244 - ''
2021-01-08 15:14:32 INFO  DataDeal:244 - ''
2021-01-08 15:14:32 INFO  DataDeal:244 - '2020/9/2'
2021-01-08 15:14:32 INFO  DataDeal:244 - ''
2021-01-08 15:14:32 INFO  DataDeal:244 - '0'
2021-01-08 15:14:32 INFO  DataDeal:244 - '01'
2021-01-08 15:14:32 INFO  DataDeal:244 - '0'
2021-01-08 15:14:32 INFO  DataDeal:244 - '0'
2021-01-08 15:14:32 INFO  DataDeal:285 - insert into lcpol (GRPCONTNO,GRPPOLNO,CONTNO,POLNO,PROPOSALNO,PRTNO,CONTTYPE,POLTYPEFLAG,MAINPOLNO,MASTERPOLNO,KINDCODE,RISKCODE,RISKVERSION,MANAGECOM,AGENTCOM,AGENTTYPE,AGENTCODE,AGENTGROUP,AGENTCODE1,SALECHNL,HANDLER,INSUREDNO,INSUREDNAME,INSUREDSEX,INSUREDBIRTHDAY,INSUREDAPPAGE,INSUREDPEOPLES,OCCUPATIONTYPE,APPNTNO,APPNTNAME,CVALIDATE,SIGNCOM,SIGNDATE,SIGNTIME,FIRSTPAYDATE,PAYENDDATE,PAYTODATE,GETSTARTDATE,ENDDATE,ACCIENDDATE,GETYEARFLAG,GETYEAR,PAYENDYEARFLAG,PAYENDYEAR,INSUYEARFLAG,INSUYEAR,ACCIYEARFLAG,ACCIYEAR,GETSTARTTYPE,SPECIFYVALIDATE,PAYMODE,PAYLOCATION,PAYINTV,PAYYEARS,YEARS,MANAGEFEERATE,FLOATRATE,PREMTOAMNT,MULT,STANDPREM,PREM,SUMPREM,AMNT,RISKAMNT,LEAVINGMONEY,ENDORSETIMES,CLAIMTIMES,LIVETIMES,RENEWCOUNT,LASTGETDATE,LASTLOANDATE,LASTREGETDATE,LASTEDORDATE,LASTREVDATE,RNEWFLAG,STOPFLAG,EXPIRYFLAG,AUTOPAYFLAG,INTERESTDIFFLAG,SUBFLAG,BNFFLAG,HEALTHCHECKFLAG,IMPARTFLAG,REINSUREFLAG,AGENTPAYFLAG,AGENTGETFLAG,LIVEGETMODE,DEADGETMODE,BONUSGETMODE,BONUSMAN,DEADFLAG,SMOKEFLAG,REMARK,APPROVEFLAG,APPROVECODE,APPROVEDATE,APPROVETIME,UWFLAG,UWCODE,UWDATE,UWTIME,POLAPPLYDATE,APPFLAG,POLSTATE,STANDBYFLAG1,STANDBYFLAG2,STANDBYFLAG3,OPERATOR,MAKEDATE,MAKETIME,MODIFYDATE,MODIFYTIME,WAITPERIOD,GETFORM,GETBANKCODE,GETBANKACCNO,GETACCNAME,KEEPVALUEOPT,ASCRIPTIONRULECODE,PAYRULECODE,ASCRIPTIONFLAG,PCVALIDATE,COMMONFLAG,COMMONINSURATE,CONTPAYMODE,PERSONPREMRATE,PERSONAMNTRATE) values (?,?,?,?,?,?,?,?,?,?,?,?,?,?,?,?,?,?,?,?,?,?,?,?,?,?,?,?,?,?,?,?,?,?,?,?,?,?,?,?,?,?,?,?,?,?,?,?,?,?,?,?,?,?,?,?,?,?,?,?,?,?,?,?,?,?,?,?,?,?,?,?,?,?,?,?,?,?,?,?,?,?,?,?,?,?,?,?,?,?,?,?,?,?,?,?,?,?,?,?,?,?,?,?,?,?,?,?,?,?,?,?,?,?,?,?,?,?,?,?,?,?,?,?,?,?,?)
2021-01-08 15:23:40 INFO  DataDeal:258 - ('2853012865954','27530118209361','2053012184244566','265301161546264','265301161546264','60201900130014','2','0','265301161546264','','A','191','2006','5301','','01','TK00030449','000000002394','','3','','8156973586','柯远','0',to_date('1988/3/14','yyyy/mm/dd'),'32','1','4','0000569536','元道通信股份有限公司',to_date('2020/9/2','yyyy/mm/dd'),'5301',to_date('2020/9/2','yyyy/mm/dd'),'18:26:05',to_date('','yyyy/mm/dd'),to_date('2021/1/21','yyyy/mm/dd'),to_date('2021/1/21','yyyy/mm/dd'),to_date('2020/9/2','yyyy/mm/dd'),to_date('2021/1/21','yyyy/mm/dd'),'','Y','0','M','5','M','5','','0','','N','','','0','1','12','0','1','','0','3.85','3.85','3.85','100','100','0','0','0','0','0','','',to_date('2021/1/21','yyyy/mm/dd'),to_date('2020/12/9','yyyy/mm/dd'),to_date('2020/9/2','yyyy/mm/dd'),'-2','','','1','','','0','','0','0','','','','','','','','','','0','',to_date('','yyyy/mm/dd'),'','9','gzlongy',to_date('2020/9/2','yyyy/mm/dd'),'14:46:17',to_date('2020/1/22','yyyy/mm/dd'),'4','4','','0','','yuandao',to_date('2020/9/1','yyyy/mm/dd'),'14:01:37',to_date('2020/12/8','yyyy/mm/dd'),'18:06:44','0','','','','','','','','',to_date('2020/9/2','yyyy/mm/dd'),'','0','01','0','0')
2021-01-08 15:23:40 INFO  DataDeal:260 - '2853012865954','27530118209361','2053012184244566','265301161546264','265301161546264','60201900130014','2','0','265301161546264','','A','191','2006','5301','','01','TK00030449','000000002394','','3','','8156973586','柯远','0','1988/3/14','32','1','4','0000569536','元道通信股份有限公司','2020/9/2','5301','2020/9/2','18:26:05','','2021/1/21','2021/1/21','2020/9/2','2021/1/21','','Y','0','M','5','M','5','','0','','N','','','0','1','12','0','1','','0','3.85','3.85','3.85','100','100','0','0','0','0','0','','','2021/1/21','2020/12/9','2020/9/2','-2','','','1','','','0','','0','0','','','','','','','','','','0','','','','9','gzlongy','2020/9/2','14:46:17','2020/1/22','4','4','','0','','yuandao','2020/9/1','14:01:37','2020/12/8','18:06:44','0','','','','','','','','','2020/9/2','','0','01','0','0'
2021-01-08 15:23:40 INFO  DataDeal:263 - 2853012865954
2021-01-08 15:23:40 INFO  DataDeal:263 - 27530118209361
2021-01-08 15:23:40 INFO  DataDeal:263 - 2053012184244566
2021-01-08 15:23:40 INFO  DataDeal:263 - 265301161546264
2021-01-08 15:23:40 INFO  DataDeal:263 - 265301161546264
2021-01-08 15:23:40 INFO  DataDeal:263 - 60201900130014
2021-01-08 15:23:40 INFO  DataDeal:263 - 2
2021-01-08 15:23:40 INFO  DataDeal:263 - 0
2021-01-08 15:23:40 INFO  DataDeal:263 - 265301161546264
2021-01-08 15:23:40 INFO  DataDeal:263 - 
2021-01-08 15:23:40 INFO  DataDeal:263 - A
2021-01-08 15:23:40 INFO  DataDeal:263 - 191
2021-01-08 15:23:40 INFO  DataDeal:263 - 2006
2021-01-08 15:23:40 INFO  DataDeal:263 - 5301
2021-01-08 15:23:40 INFO  DataDeal:263 - 
2021-01-08 15:23:40 INFO  DataDeal:263 - 01
2021-01-08 15:23:40 INFO  DataDeal:263 - TK00030449
2021-01-08 15:23:40 INFO  DataDeal:263 - 000000002394
2021-01-08 15:23:40 INFO  DataDeal:263 - 
2021-01-08 15:23:40 INFO  DataDeal:263 - 3
2021-01-08 15:23:40 INFO  DataDeal:263 - 
2021-01-08 15:23:40 INFO  DataDeal:263 - 8156973586
2021-01-08 15:23:40 INFO  DataDeal:263 - 柯远
2021-01-08 15:23:40 INFO  DataDeal:263 - 0
2021-01-08 15:23:40 INFO  DataDeal:263 - 1988/3/14
2021-01-08 15:23:40 INFO  DataDeal:263 - 32
2021-01-08 15:23:40 INFO  DataDeal:263 - 1
2021-01-08 15:23:40 INFO  DataDeal:263 - 4
2021-01-08 15:23:40 INFO  DataDeal:263 - 0000569536
2021-01-08 15:23:40 INFO  DataDeal:263 - 元道通信股份有限公司
2021-01-08 15:23:40 INFO  DataDeal:263 - 2020/9/2
2021-01-08 15:23:40 INFO  DataDeal:263 - 5301
2021-01-08 15:23:40 INFO  DataDeal:263 - 2020/9/2
2021-01-08 15:23:40 INFO  DataDeal:263 - 18:26:05
2021-01-08 15:23:40 INFO  DataDeal:263 - 
2021-01-08 15:23:40 INFO  DataDeal:263 - 2021/1/21
2021-01-08 15:23:40 INFO  DataDeal:263 - 2021/1/21
2021-01-08 15:23:40 INFO  DataDeal:263 - 2020/9/2
2021-01-08 15:23:40 INFO  DataDeal:263 - 2021/1/21
2021-01-08 15:23:40 INFO  DataDeal:263 - 
2021-01-08 15:23:40 INFO  DataDeal:263 - Y
2021-01-08 15:23:40 INFO  DataDeal:263 - 0
2021-01-08 15:23:40 INFO  DataDeal:263 - M
2021-01-08 15:23:40 INFO  DataDeal:263 - 5
2021-01-08 15:23:40 INFO  DataDeal:263 - M
2021-01-08 15:23:40 INFO  DataDeal:263 - 5
2021-01-08 15:23:40 INFO  DataDeal:263 - 
2021-01-08 15:23:40 INFO  DataDeal:263 - 0
2021-01-08 15:23:40 INFO  DataDeal:263 - 
2021-01-08 15:23:40 INFO  DataDeal:263 - N
2021-01-08 15:23:40 INFO  DataDeal:263 - 
2021-01-08 15:23:40 INFO  DataDeal:263 - 
2021-01-08 15:23:40 INFO  DataDeal:263 - 0
2021-01-08 15:23:40 INFO  DataDeal:263 - 1
2021-01-08 15:23:40 INFO  DataDeal:263 - 12
2021-01-08 15:23:40 INFO  DataDeal:263 - 0
2021-01-08 15:23:40 INFO  DataDeal:263 - 1
2021-01-08 15:23:40 INFO  DataDeal:263 - 
2021-01-08 15:23:40 INFO  DataDeal:263 - 0
2021-01-08 15:23:40 INFO  DataDeal:263 - 3.85
2021-01-08 15:23:40 INFO  DataDeal:263 - 3.85
2021-01-08 15:23:40 INFO  DataDeal:263 - 3.85
2021-01-08 15:23:40 INFO  DataDeal:263 - 100
2021-01-08 15:23:40 INFO  DataDeal:263 - 100
2021-01-08 15:23:40 INFO  DataDeal:263 - 0
2021-01-08 15:23:40 INFO  DataDeal:263 - 0
2021-01-08 15:23:40 INFO  DataDeal:263 - 0
2021-01-08 15:23:40 INFO  DataDeal:263 - 0
2021-01-08 15:23:40 INFO  DataDeal:263 - 0
2021-01-08 15:23:40 INFO  DataDeal:263 - 
2021-01-08 15:23:40 INFO  DataDeal:263 - 
2021-01-08 15:23:40 INFO  DataDeal:263 - 2021/1/21
2021-01-08 15:23:40 INFO  DataDeal:263 - 2020/12/9
2021-01-08 15:23:40 INFO  DataDeal:263 - 2020/9/2
2021-01-08 15:23:40 INFO  DataDeal:263 - -2
2021-01-08 15:23:40 INFO  DataDeal:263 - 
2021-01-08 15:23:40 INFO  DataDeal:263 - 
2021-01-08 15:23:40 INFO  DataDeal:263 - 1
2021-01-08 15:23:40 INFO  DataDeal:263 - 
2021-01-08 15:23:40 INFO  DataDeal:263 - 
2021-01-08 15:23:40 INFO  DataDeal:263 - 0
2021-01-08 15:23:40 INFO  DataDeal:263 - 
2021-01-08 15:23:40 INFO  DataDeal:263 - 0
2021-01-08 15:23:40 INFO  DataDeal:263 - 0
2021-01-08 15:23:40 INFO  DataDeal:263 - 
2021-01-08 15:23:40 INFO  DataDeal:263 - 
2021-01-08 15:23:40 INFO  DataDeal:263 - 
2021-01-08 15:23:40 INFO  DataDeal:263 - 
2021-01-08 15:23:40 INFO  DataDeal:263 - 
2021-01-08 15:23:40 INFO  DataDeal:263 - 
2021-01-08 15:23:40 INFO  DataDeal:263 - 
2021-01-08 15:23:40 INFO  DataDeal:263 - 
2021-01-08 15:23:40 INFO  DataDeal:263 - 
2021-01-08 15:23:40 INFO  DataDeal:263 - 0
2021-01-08 15:23:40 INFO  DataDeal:263 - 
2021-01-08 15:23:40 INFO  DataDeal:263 - 
2021-01-08 15:23:40 INFO  DataDeal:263 - 
2021-01-08 15:23:40 INFO  DataDeal:263 - 9
2021-01-08 15:23:40 INFO  DataDeal:263 - gzlongy
2021-01-08 15:23:40 INFO  DataDeal:263 - 2020/9/2
2021-01-08 15:23:40 INFO  DataDeal:263 - 14:46:17
2021-01-08 15:23:40 INFO  DataDeal:263 - 2020/1/22
2021-01-08 15:23:40 INFO  DataDeal:263 - 4
2021-01-08 15:23:40 INFO  DataDeal:263 - 4
2021-01-08 15:23:40 INFO  DataDeal:263 - 
2021-01-08 15:23:40 INFO  DataDeal:263 - 0
2021-01-08 15:23:40 INFO  DataDeal:263 - 
2021-01-08 15:23:40 INFO  DataDeal:263 - yuandao
2021-01-08 15:23:40 INFO  DataDeal:263 - 2020/9/1
2021-01-08 15:23:40 INFO  DataDeal:263 - 14:01:37
2021-01-08 15:23:40 INFO  DataDeal:263 - 2020/12/8
2021-01-08 15:23:40 INFO  DataDeal:263 - 18:06:44
2021-01-08 15:23:40 INFO  DataDeal:263 - 0
2021-01-08 15:23:40 INFO  DataDeal:263 - 
2021-01-08 15:23:40 INFO  DataDeal:263 - 
2021-01-08 15:23:40 INFO  DataDeal:263 - 
2021-01-08 15:23:40 INFO  DataDeal:263 - 
2021-01-08 15:23:40 INFO  DataDeal:263 - 
2021-01-08 15:23:40 INFO  DataDeal:263 - 
2021-01-08 15:23:40 INFO  DataDeal:263 - 
2021-01-08 15:23:40 INFO  DataDeal:263 - 
2021-01-08 15:23:40 INFO  DataDeal:263 - 2020/9/2
2021-01-08 15:23:40 INFO  DataDeal:263 - 
2021-01-08 15:23:40 INFO  DataDeal:263 - 0
2021-01-08 15:23:40 INFO  DataDeal:263 - 01
2021-01-08 15:23:40 INFO  DataDeal:263 - 0
2021-01-08 15:23:40 INFO  DataDeal:263 - 0
2021-01-08 15:23:40 INFO  DataDeal:305 - [Ljava.lang.String;@5910e440
2021-01-08 15:38:24 INFO  DataDeal:258 - ('2853012865954','27530118209361','2053012184244566','265301161546264','265301161546264','60201900130014','2','0','265301161546264','','A','191','2006','5301','','01','TK00030449','000000002394','','3','','8156973586','柯远','0',to_date('1988/3/14','yyyy/mm/dd'),'32','1','4','0000569536','元道通信股份有限公司',to_date('2020/9/2','yyyy/mm/dd'),'5301',to_date('2020/9/2','yyyy/mm/dd'),'18:26:05',to_date('','yyyy/mm/dd'),to_date('2021/1/21','yyyy/mm/dd'),to_date('2021/1/21','yyyy/mm/dd'),to_date('2020/9/2','yyyy/mm/dd'),to_date('2021/1/21','yyyy/mm/dd'),'','Y','0','M','5','M','5','','0','','N','','','0','1','12','0','1','','0','3.85','3.85','3.85','100','100','0','0','0','0','0','','',to_date('2021/1/21','yyyy/mm/dd'),to_date('2020/12/9','yyyy/mm/dd'),to_date('2020/9/2','yyyy/mm/dd'),'-2','','','1','','','0','','0','0','','','','','','','','','','0','',to_date('','yyyy/mm/dd'),'','9','gzlongy',to_date('2020/9/2','yyyy/mm/dd'),'14:46:17',to_date('2020/1/22','yyyy/mm/dd'),'4','4','','0','','yuandao',to_date('2020/9/1','yyyy/mm/dd'),'14:01:37',to_date('2020/12/8','yyyy/mm/dd'),'18:06:44','0','','','','','','','','',to_date('2020/9/2','yyyy/mm/dd'),'','0','01','0','0')
2021-01-08 15:38:24 INFO  DataDeal:260 - '2853012865954','27530118209361','2053012184244566','265301161546264','265301161546264','60201900130014','2','0','265301161546264','','A','191','2006','5301','','01','TK00030449','000000002394','','3','','8156973586','柯远','0','1988/3/14','32','1','4','0000569536','元道通信股份有限公司','2020/9/2','5301','2020/9/2','18:26:05','','2021/1/21','2021/1/21','2020/9/2','2021/1/21','','Y','0','M','5','M','5','','0','','N','','','0','1','12','0','1','','0','3.85','3.85','3.85','100','100','0','0','0','0','0','','','2021/1/21','2020/12/9','2020/9/2','-2','','','1','','','0','','0','0','','','','','','','','','','0','','','','9','gzlongy','2020/9/2','14:46:17','2020/1/22','4','4','','0','','yuandao','2020/9/1','14:01:37','2020/12/8','18:06:44','0','','','','','','','','','2020/9/2','','0','01','0','0'
2021-01-08 15:38:24 INFO  DataDeal:264 - 2853012865954
2021-01-08 15:38:24 INFO  DataDeal:264 - 27530118209361
2021-01-08 15:38:24 INFO  DataDeal:264 - 2053012184244566
2021-01-08 15:38:24 INFO  DataDeal:264 - 265301161546264
2021-01-08 15:38:24 INFO  DataDeal:264 - 265301161546264
2021-01-08 15:38:24 INFO  DataDeal:264 - 60201900130014
2021-01-08 15:38:24 INFO  DataDeal:264 - 2
2021-01-08 15:38:24 INFO  DataDeal:264 - 0
2021-01-08 15:38:24 INFO  DataDeal:264 - 265301161546264
2021-01-08 15:38:24 INFO  DataDeal:264 - 
2021-01-08 15:38:24 INFO  DataDeal:264 - A
2021-01-08 15:38:24 INFO  DataDeal:264 - 191
2021-01-08 15:38:24 INFO  DataDeal:264 - 2006
2021-01-08 15:38:24 INFO  DataDeal:264 - 5301
2021-01-08 15:38:24 INFO  DataDeal:264 - 
2021-01-08 15:38:24 INFO  DataDeal:264 - 01
2021-01-08 15:38:24 INFO  DataDeal:264 - TK00030449
2021-01-08 15:38:24 INFO  DataDeal:264 - 000000002394
2021-01-08 15:38:24 INFO  DataDeal:264 - 
2021-01-08 15:38:24 INFO  DataDeal:264 - 3
2021-01-08 15:38:24 INFO  DataDeal:264 - 
2021-01-08 15:38:24 INFO  DataDeal:264 - 8156973586
2021-01-08 15:38:24 INFO  DataDeal:264 - 柯远
2021-01-08 15:38:24 INFO  DataDeal:264 - 0
2021-01-08 15:38:24 INFO  DataDeal:264 - 1988/3/14
2021-01-08 15:38:24 INFO  DataDeal:264 - 32
2021-01-08 15:38:24 INFO  DataDeal:264 - 1
2021-01-08 15:38:24 INFO  DataDeal:264 - 4
2021-01-08 15:38:24 INFO  DataDeal:264 - 0000569536
2021-01-08 15:38:24 INFO  DataDeal:264 - 元道通信股份有限公司
2021-01-08 15:38:24 INFO  DataDeal:264 - 2020/9/2
2021-01-08 15:38:24 INFO  DataDeal:264 - 5301
2021-01-08 15:38:24 INFO  DataDeal:264 - 2020/9/2
2021-01-08 15:38:24 INFO  DataDeal:264 - 18:26:05
2021-01-08 15:38:24 INFO  DataDeal:264 - 
2021-01-08 15:38:24 INFO  DataDeal:264 - 2021/1/21
2021-01-08 15:38:24 INFO  DataDeal:264 - 2021/1/21
2021-01-08 15:38:24 INFO  DataDeal:264 - 2020/9/2
2021-01-08 15:38:24 INFO  DataDeal:264 - 2021/1/21
2021-01-08 15:38:24 INFO  DataDeal:264 - 
2021-01-08 15:38:24 INFO  DataDeal:264 - Y
2021-01-08 15:38:24 INFO  DataDeal:264 - 0
2021-01-08 15:38:24 INFO  DataDeal:264 - M
2021-01-08 15:38:24 INFO  DataDeal:264 - 5
2021-01-08 15:38:24 INFO  DataDeal:264 - M
2021-01-08 15:38:24 INFO  DataDeal:264 - 5
2021-01-08 15:38:24 INFO  DataDeal:264 - 
2021-01-08 15:38:24 INFO  DataDeal:264 - 0
2021-01-08 15:38:24 INFO  DataDeal:264 - 
2021-01-08 15:38:24 INFO  DataDeal:264 - N
2021-01-08 15:38:24 INFO  DataDeal:264 - 
2021-01-08 15:38:24 INFO  DataDeal:264 - 
2021-01-08 15:38:24 INFO  DataDeal:264 - 0
2021-01-08 15:38:24 INFO  DataDeal:264 - 1
2021-01-08 15:38:24 INFO  DataDeal:264 - 12
2021-01-08 15:38:24 INFO  DataDeal:264 - 0
2021-01-08 15:38:24 INFO  DataDeal:264 - 1
2021-01-08 15:38:24 INFO  DataDeal:264 - 
2021-01-08 15:38:24 INFO  DataDeal:264 - 0
2021-01-08 15:38:24 INFO  DataDeal:264 - 3.85
2021-01-08 15:38:24 INFO  DataDeal:264 - 3.85
2021-01-08 15:38:24 INFO  DataDeal:264 - 3.85
2021-01-08 15:38:24 INFO  DataDeal:264 - 100
2021-01-08 15:38:24 INFO  DataDeal:264 - 100
2021-01-08 15:38:24 INFO  DataDeal:264 - 0
2021-01-08 15:38:24 INFO  DataDeal:264 - 0
2021-01-08 15:38:24 INFO  DataDeal:264 - 0
2021-01-08 15:38:24 INFO  DataDeal:264 - 0
2021-01-08 15:38:24 INFO  DataDeal:264 - 0
2021-01-08 15:38:24 INFO  DataDeal:264 - 
2021-01-08 15:38:24 INFO  DataDeal:264 - 
2021-01-08 15:38:24 INFO  DataDeal:264 - 2021/1/21
2021-01-08 15:38:24 INFO  DataDeal:264 - 2020/12/9
2021-01-08 15:38:24 INFO  DataDeal:264 - 2020/9/2
2021-01-08 15:38:24 INFO  DataDeal:264 - -2
2021-01-08 15:38:24 INFO  DataDeal:264 - 
2021-01-08 15:38:24 INFO  DataDeal:264 - 
2021-01-08 15:38:24 INFO  DataDeal:264 - 1
2021-01-08 15:38:24 INFO  DataDeal:264 - 
2021-01-08 15:38:24 INFO  DataDeal:264 - 
2021-01-08 15:38:24 INFO  DataDeal:264 - 0
2021-01-08 15:38:24 INFO  DataDeal:264 - 
2021-01-08 15:38:24 INFO  DataDeal:264 - 0
2021-01-08 15:38:24 INFO  DataDeal:264 - 0
2021-01-08 15:38:24 INFO  DataDeal:264 - 
2021-01-08 15:38:24 INFO  DataDeal:264 - 
2021-01-08 15:38:24 INFO  DataDeal:264 - 
2021-01-08 15:38:24 INFO  DataDeal:264 - 
2021-01-08 15:38:24 INFO  DataDeal:264 - 
2021-01-08 15:38:24 INFO  DataDeal:264 - 
2021-01-08 15:38:24 INFO  DataDeal:264 - 
2021-01-08 15:38:24 INFO  DataDeal:264 - 
2021-01-08 15:38:24 INFO  DataDeal:264 - 
2021-01-08 15:38:24 INFO  DataDeal:264 - 0
2021-01-08 15:38:24 INFO  DataDeal:264 - 
2021-01-08 15:38:24 INFO  DataDeal:264 - 
2021-01-08 15:38:24 INFO  DataDeal:264 - 
2021-01-08 15:38:24 INFO  DataDeal:264 - 9
2021-01-08 15:38:24 INFO  DataDeal:264 - gzlongy
2021-01-08 15:38:24 INFO  DataDeal:264 - 2020/9/2
2021-01-08 15:38:24 INFO  DataDeal:264 - 14:46:17
2021-01-08 15:38:24 INFO  DataDeal:264 - 2020/1/22
2021-01-08 15:38:24 INFO  DataDeal:264 - 4
2021-01-08 15:38:24 INFO  DataDeal:264 - 4
2021-01-08 15:38:24 INFO  DataDeal:264 - 
2021-01-08 15:38:24 INFO  DataDeal:264 - 0
2021-01-08 15:38:24 INFO  DataDeal:264 - 
2021-01-08 15:38:24 INFO  DataDeal:264 - yuandao
2021-01-08 15:38:24 INFO  DataDeal:264 - 2020/9/1
2021-01-08 15:38:24 INFO  DataDeal:264 - 14:01:37
2021-01-08 15:38:24 INFO  DataDeal:264 - 2020/12/8
2021-01-08 15:38:24 INFO  DataDeal:264 - 18:06:44
2021-01-08 15:38:24 INFO  DataDeal:264 - 0
2021-01-08 15:38:24 INFO  DataDeal:264 - 
2021-01-08 15:38:24 INFO  DataDeal:264 - 
2021-01-08 15:38:24 INFO  DataDeal:264 - 
2021-01-08 15:38:24 INFO  DataDeal:264 - 
2021-01-08 15:38:24 INFO  DataDeal:264 - 
2021-01-08 15:38:24 INFO  DataDeal:264 - 
2021-01-08 15:38:24 INFO  DataDeal:264 - 
2021-01-08 15:38:24 INFO  DataDeal:264 - 
2021-01-08 15:38:24 INFO  DataDeal:264 - 2020/9/2
2021-01-08 15:38:24 INFO  DataDeal:264 - 
2021-01-08 15:38:24 INFO  DataDeal:264 - 0
2021-01-08 15:38:24 INFO  DataDeal:264 - 01
2021-01-08 15:38:24 INFO  DataDeal:264 - 0
2021-01-08 15:38:24 INFO  DataDeal:264 - 0
2021-01-08 15:38:24 INFO  DataDeal:307 - [Ljava.lang.String;@5910e440
2021-01-08 15:40:13 INFO  DataDeal:258 - ('2853012865954','27530118209361','2053012184244566','265301161546264','265301161546264','60201900130014','2','0','265301161546264','','A','191','2006','5301','','01','TK00030449','000000002394','','3','','8156973586','柯远','0',to_date('1988/3/14','yyyy/mm/dd'),'32','1','4','0000569536','元道通信股份有限公司',to_date('2020/9/2','yyyy/mm/dd'),'5301',to_date('2020/9/2','yyyy/mm/dd'),'18:26:05',to_date('','yyyy/mm/dd'),to_date('2021/1/21','yyyy/mm/dd'),to_date('2021/1/21','yyyy/mm/dd'),to_date('2020/9/2','yyyy/mm/dd'),to_date('2021/1/21','yyyy/mm/dd'),'','Y','0','M','5','M','5','','0','','N','','','0','1','12','0','1','','0','3.85','3.85','3.85','100','100','0','0','0','0','0','','',to_date('2021/1/21','yyyy/mm/dd'),to_date('2020/12/9','yyyy/mm/dd'),to_date('2020/9/2','yyyy/mm/dd'),'-2','','','1','','','0','','0','0','','','','','','','','','','0','',to_date('','yyyy/mm/dd'),'','9','gzlongy',to_date('2020/9/2','yyyy/mm/dd'),'14:46:17',to_date('2020/1/22','yyyy/mm/dd'),'4','4','','0','','yuandao',to_date('2020/9/1','yyyy/mm/dd'),'14:01:37',to_date('2020/12/8','yyyy/mm/dd'),'18:06:44','0','','','','','','','','',to_date('2020/9/2','yyyy/mm/dd'),'','0','01','0','0')
2021-01-08 15:40:13 INFO  DataDeal:260 - '2853012865954','27530118209361','2053012184244566','265301161546264','265301161546264','60201900130014','2','0','265301161546264','','A','191','2006','5301','','01','TK00030449','000000002394','','3','','8156973586','柯远','0','1988/3/14','32','1','4','0000569536','元道通信股份有限公司','2020/9/2','5301','2020/9/2','18:26:05','','2021/1/21','2021/1/21','2020/9/2','2021/1/21','','Y','0','M','5','M','5','','0','','N','','','0','1','12','0','1','','0','3.85','3.85','3.85','100','100','0','0','0','0','0','','','2021/1/21','2020/12/9','2020/9/2','-2','','','1','','','0','','0','0','','','','','','','','','','0','','','','9','gzlongy','2020/9/2','14:46:17','2020/1/22','4','4','','0','','yuandao','2020/9/1','14:01:37','2020/12/8','18:06:44','0','','','','','','','','','2020/9/2','','0','01','0','0'
2021-01-08 15:40:13 INFO  DataDeal:264 - 2853012865954
2021-01-08 15:40:13 INFO  DataDeal:264 - 27530118209361
2021-01-08 15:40:13 INFO  DataDeal:264 - 2053012184244566
2021-01-08 15:40:13 INFO  DataDeal:264 - 265301161546264
2021-01-08 15:40:13 INFO  DataDeal:264 - 265301161546264
2021-01-08 15:40:13 INFO  DataDeal:264 - 60201900130014
2021-01-08 15:40:13 INFO  DataDeal:264 - 2
2021-01-08 15:40:13 INFO  DataDeal:264 - 0
2021-01-08 15:40:13 INFO  DataDeal:264 - 265301161546264
2021-01-08 15:40:13 INFO  DataDeal:264 - 
2021-01-08 15:40:13 INFO  DataDeal:264 - A
2021-01-08 15:40:13 INFO  DataDeal:264 - 191
2021-01-08 15:40:13 INFO  DataDeal:264 - 2006
2021-01-08 15:40:13 INFO  DataDeal:264 - 5301
2021-01-08 15:40:13 INFO  DataDeal:264 - 
2021-01-08 15:40:13 INFO  DataDeal:264 - 01
2021-01-08 15:40:13 INFO  DataDeal:264 - TK00030449
2021-01-08 15:40:13 INFO  DataDeal:264 - 000000002394
2021-01-08 15:40:13 INFO  DataDeal:264 - 
2021-01-08 15:40:13 INFO  DataDeal:264 - 3
2021-01-08 15:40:13 INFO  DataDeal:264 - 
2021-01-08 15:40:13 INFO  DataDeal:264 - 8156973586
2021-01-08 15:40:13 INFO  DataDeal:264 - 柯远
2021-01-08 15:40:13 INFO  DataDeal:264 - 0
2021-01-08 15:40:13 INFO  DataDeal:264 - 1988/3/14
2021-01-08 15:40:13 INFO  DataDeal:264 - 32
2021-01-08 15:40:13 INFO  DataDeal:264 - 1
2021-01-08 15:40:13 INFO  DataDeal:264 - 4
2021-01-08 15:40:13 INFO  DataDeal:264 - 0000569536
2021-01-08 15:40:13 INFO  DataDeal:264 - 元道通信股份有限公司
2021-01-08 15:40:13 INFO  DataDeal:264 - 2020/9/2
2021-01-08 15:40:13 INFO  DataDeal:264 - 5301
2021-01-08 15:40:13 INFO  DataDeal:264 - 2020/9/2
2021-01-08 15:40:13 INFO  DataDeal:264 - 18:26:05
2021-01-08 15:40:13 INFO  DataDeal:264 - 
2021-01-08 15:40:13 INFO  DataDeal:264 - 2021/1/21
2021-01-08 15:40:13 INFO  DataDeal:264 - 2021/1/21
2021-01-08 15:40:13 INFO  DataDeal:264 - 2020/9/2
2021-01-08 15:40:13 INFO  DataDeal:264 - 2021/1/21
2021-01-08 15:40:13 INFO  DataDeal:264 - 
2021-01-08 15:40:13 INFO  DataDeal:264 - Y
2021-01-08 15:40:13 INFO  DataDeal:264 - 0
2021-01-08 15:40:13 INFO  DataDeal:264 - M
2021-01-08 15:40:13 INFO  DataDeal:264 - 5
2021-01-08 15:40:13 INFO  DataDeal:264 - M
2021-01-08 15:40:13 INFO  DataDeal:264 - 5
2021-01-08 15:40:13 INFO  DataDeal:264 - 
2021-01-08 15:40:13 INFO  DataDeal:264 - 0
2021-01-08 15:40:13 INFO  DataDeal:264 - 
2021-01-08 15:40:13 INFO  DataDeal:264 - N
2021-01-08 15:40:13 INFO  DataDeal:264 - 
2021-01-08 15:40:13 INFO  DataDeal:264 - 
2021-01-08 15:40:13 INFO  DataDeal:264 - 0
2021-01-08 15:40:13 INFO  DataDeal:264 - 1
2021-01-08 15:40:13 INFO  DataDeal:264 - 12
2021-01-08 15:40:13 INFO  DataDeal:264 - 0
2021-01-08 15:40:13 INFO  DataDeal:264 - 1
2021-01-08 15:40:13 INFO  DataDeal:264 - 
2021-01-08 15:40:13 INFO  DataDeal:264 - 0
2021-01-08 15:40:13 INFO  DataDeal:264 - 3.85
2021-01-08 15:40:13 INFO  DataDeal:264 - 3.85
2021-01-08 15:40:13 INFO  DataDeal:264 - 3.85
2021-01-08 15:40:13 INFO  DataDeal:264 - 100
2021-01-08 15:40:13 INFO  DataDeal:264 - 100
2021-01-08 15:40:13 INFO  DataDeal:264 - 0
2021-01-08 15:40:13 INFO  DataDeal:264 - 0
2021-01-08 15:40:13 INFO  DataDeal:264 - 0
2021-01-08 15:40:13 INFO  DataDeal:264 - 0
2021-01-08 15:40:13 INFO  DataDeal:264 - 0
2021-01-08 15:40:13 INFO  DataDeal:264 - 
2021-01-08 15:40:13 INFO  DataDeal:264 - 
2021-01-08 15:40:13 INFO  DataDeal:264 - 2021/1/21
2021-01-08 15:40:13 INFO  DataDeal:264 - 2020/12/9
2021-01-08 15:40:13 INFO  DataDeal:264 - 2020/9/2
2021-01-08 15:40:13 INFO  DataDeal:264 - -2
2021-01-08 15:40:13 INFO  DataDeal:264 - 
2021-01-08 15:40:13 INFO  DataDeal:264 - 
2021-01-08 15:40:13 INFO  DataDeal:264 - 1
2021-01-08 15:40:13 INFO  DataDeal:264 - 
2021-01-08 15:40:13 INFO  DataDeal:264 - 
2021-01-08 15:40:13 INFO  DataDeal:264 - 0
2021-01-08 15:40:13 INFO  DataDeal:264 - 
2021-01-08 15:40:13 INFO  DataDeal:264 - 0
2021-01-08 15:40:13 INFO  DataDeal:264 - 0
2021-01-08 15:40:13 INFO  DataDeal:264 - 
2021-01-08 15:40:13 INFO  DataDeal:264 - 
2021-01-08 15:40:13 INFO  DataDeal:264 - 
2021-01-08 15:40:13 INFO  DataDeal:264 - 
2021-01-08 15:40:13 INFO  DataDeal:264 - 
2021-01-08 15:40:13 INFO  DataDeal:264 - 
2021-01-08 15:40:13 INFO  DataDeal:264 - 
2021-01-08 15:40:13 INFO  DataDeal:264 - 
2021-01-08 15:40:13 INFO  DataDeal:264 - 
2021-01-08 15:40:13 INFO  DataDeal:264 - 0
2021-01-08 15:40:13 INFO  DataDeal:264 - 
2021-01-08 15:40:13 INFO  DataDeal:264 - 
2021-01-08 15:40:13 INFO  DataDeal:264 - 
2021-01-08 15:40:13 INFO  DataDeal:264 - 9
2021-01-08 15:40:13 INFO  DataDeal:264 - gzlongy
2021-01-08 15:40:13 INFO  DataDeal:264 - 2020/9/2
2021-01-08 15:40:13 INFO  DataDeal:264 - 14:46:17
2021-01-08 15:40:13 INFO  DataDeal:264 - 2020/1/22
2021-01-08 15:40:13 INFO  DataDeal:264 - 4
2021-01-08 15:40:13 INFO  DataDeal:264 - 4
2021-01-08 15:40:13 INFO  DataDeal:264 - 
2021-01-08 15:40:13 INFO  DataDeal:264 - 0
2021-01-08 15:40:13 INFO  DataDeal:264 - 
2021-01-08 15:40:13 INFO  DataDeal:264 - yuandao
2021-01-08 15:40:13 INFO  DataDeal:264 - 2020/9/1
2021-01-08 15:40:13 INFO  DataDeal:264 - 14:01:37
2021-01-08 15:40:13 INFO  DataDeal:264 - 2020/12/8
2021-01-08 15:40:13 INFO  DataDeal:264 - 18:06:44
2021-01-08 15:40:13 INFO  DataDeal:264 - 0
2021-01-08 15:40:13 INFO  DataDeal:264 - 
2021-01-08 15:40:13 INFO  DataDeal:264 - 
2021-01-08 15:40:13 INFO  DataDeal:264 - 
2021-01-08 15:40:13 INFO  DataDeal:264 - 
2021-01-08 15:40:13 INFO  DataDeal:264 - 
2021-01-08 15:40:13 INFO  DataDeal:264 - 
2021-01-08 15:40:13 INFO  DataDeal:264 - 
2021-01-08 15:40:13 INFO  DataDeal:264 - 
2021-01-08 15:40:13 INFO  DataDeal:264 - 2020/9/2
2021-01-08 15:40:13 INFO  DataDeal:264 - 
2021-01-08 15:40:13 INFO  DataDeal:264 - 0
2021-01-08 15:40:13 INFO  DataDeal:264 - 01
2021-01-08 15:40:13 INFO  DataDeal:264 - 0
2021-01-08 15:40:13 INFO  DataDeal:264 - 0
2021-01-08 15:40:13 INFO  DataDeal:309 - 2853012865954
2021-01-08 15:40:13 INFO  DataDeal:309 - 27530118209361
2021-01-08 15:40:13 INFO  DataDeal:309 - 2053012184244566
2021-01-08 15:40:13 INFO  DataDeal:309 - 265301161546264
2021-01-08 15:40:13 INFO  DataDeal:309 - 265301161546264
2021-01-08 15:40:13 INFO  DataDeal:309 - 60201900130014
2021-01-08 15:40:13 INFO  DataDeal:309 - 2
2021-01-08 15:40:13 INFO  DataDeal:309 - 0
2021-01-08 15:40:13 INFO  DataDeal:309 - 265301161546264
2021-01-08 15:40:13 INFO  DataDeal:309 - 
2021-01-08 15:40:13 INFO  DataDeal:309 - A
2021-01-08 15:40:13 INFO  DataDeal:309 - 191
2021-01-08 15:40:13 INFO  DataDeal:309 - 2006
2021-01-08 15:40:13 INFO  DataDeal:309 - 5301
2021-01-08 15:40:13 INFO  DataDeal:309 - 
2021-01-08 15:40:13 INFO  DataDeal:309 - 01
2021-01-08 15:40:13 INFO  DataDeal:309 - TK00030449
2021-01-08 15:40:13 INFO  DataDeal:309 - 000000002394
2021-01-08 15:40:13 INFO  DataDeal:309 - 
2021-01-08 15:40:13 INFO  DataDeal:309 - 3
2021-01-08 15:40:13 INFO  DataDeal:309 - 
2021-01-08 15:40:13 INFO  DataDeal:309 - 8156973586
2021-01-08 15:40:13 INFO  DataDeal:309 - 柯远
2021-01-08 15:40:13 INFO  DataDeal:309 - 0
2021-01-08 15:40:13 INFO  DataDeal:309 - 1988/3/14
2021-01-08 15:40:13 INFO  DataDeal:309 - 32
2021-01-08 15:40:13 INFO  DataDeal:309 - 1
2021-01-08 15:40:13 INFO  DataDeal:309 - 4
2021-01-08 15:40:13 INFO  DataDeal:309 - 0000569536
2021-01-08 15:40:13 INFO  DataDeal:309 - 元道通信股份有限公司
2021-01-08 15:40:13 INFO  DataDeal:309 - 2020/9/2
2021-01-08 15:40:13 INFO  DataDeal:309 - 5301
2021-01-08 15:40:13 INFO  DataDeal:309 - 2020/9/2
2021-01-08 15:40:13 INFO  DataDeal:309 - 18:26:05
2021-01-08 15:40:13 INFO  DataDeal:309 - 
2021-01-08 15:40:13 INFO  DataDeal:309 - 2021/1/21
2021-01-08 15:40:13 INFO  DataDeal:309 - 2021/1/21
2021-01-08 15:40:13 INFO  DataDeal:309 - 2020/9/2
2021-01-08 15:40:13 INFO  DataDeal:309 - 2021/1/21
2021-01-08 15:40:13 INFO  DataDeal:309 - 
2021-01-08 15:40:13 INFO  DataDeal:309 - Y
2021-01-08 15:40:13 INFO  DataDeal:309 - 0
2021-01-08 15:40:13 INFO  DataDeal:309 - M
2021-01-08 15:40:13 INFO  DataDeal:309 - 5
2021-01-08 15:40:13 INFO  DataDeal:309 - M
2021-01-08 15:40:13 INFO  DataDeal:309 - 5
2021-01-08 15:40:13 INFO  DataDeal:309 - 
2021-01-08 15:40:13 INFO  DataDeal:309 - 0
2021-01-08 15:40:13 INFO  DataDeal:309 - 
2021-01-08 15:40:13 INFO  DataDeal:309 - N
2021-01-08 15:40:13 INFO  DataDeal:309 - 
2021-01-08 15:40:13 INFO  DataDeal:309 - 
2021-01-08 15:40:13 INFO  DataDeal:309 - 0
2021-01-08 15:40:13 INFO  DataDeal:309 - 1
2021-01-08 15:40:13 INFO  DataDeal:309 - 12
2021-01-08 15:40:13 INFO  DataDeal:309 - 0
2021-01-08 15:40:13 INFO  DataDeal:309 - 1
2021-01-08 15:40:13 INFO  DataDeal:309 - 
2021-01-08 15:40:13 INFO  DataDeal:309 - 0
2021-01-08 15:40:13 INFO  DataDeal:309 - 3.85
2021-01-08 15:40:13 INFO  DataDeal:309 - 3.85
2021-01-08 15:40:13 INFO  DataDeal:309 - 3.85
2021-01-08 15:40:13 INFO  DataDeal:309 - 100
2021-01-08 15:40:13 INFO  DataDeal:309 - 100
2021-01-08 15:40:13 INFO  DataDeal:309 - 0
2021-01-08 15:40:13 INFO  DataDeal:309 - 0
2021-01-08 15:40:13 INFO  DataDeal:309 - 0
2021-01-08 15:40:13 INFO  DataDeal:309 - 0
2021-01-08 15:40:13 INFO  DataDeal:309 - 0
2021-01-08 15:40:13 INFO  DataDeal:309 - 
2021-01-08 15:40:13 INFO  DataDeal:309 - 
2021-01-08 15:40:13 INFO  DataDeal:309 - 2021/1/21
2021-01-08 15:40:13 INFO  DataDeal:309 - 2020/12/9
2021-01-08 15:40:13 INFO  DataDeal:309 - 2020/9/2
2021-01-08 15:40:13 INFO  DataDeal:309 - -2
2021-01-08 15:40:13 INFO  DataDeal:309 - 
2021-01-08 15:40:13 INFO  DataDeal:309 - 
2021-01-08 15:40:13 INFO  DataDeal:309 - 1
2021-01-08 15:40:13 INFO  DataDeal:309 - 
2021-01-08 15:40:13 INFO  DataDeal:309 - 
2021-01-08 15:40:13 INFO  DataDeal:309 - 0
2021-01-08 15:40:13 INFO  DataDeal:309 - 
2021-01-08 15:40:13 INFO  DataDeal:309 - 0
2021-01-08 15:40:13 INFO  DataDeal:309 - 0
2021-01-08 15:40:13 INFO  DataDeal:309 - 
2021-01-08 15:40:13 INFO  DataDeal:309 - 
2021-01-08 15:40:13 INFO  DataDeal:309 - 
2021-01-08 15:40:13 INFO  DataDeal:309 - 
2021-01-08 15:40:13 INFO  DataDeal:309 - 
2021-01-08 15:40:13 INFO  DataDeal:309 - 
2021-01-08 15:40:13 INFO  DataDeal:309 - 
2021-01-08 15:40:13 INFO  DataDeal:309 - 
2021-01-08 15:40:13 INFO  DataDeal:309 - 
2021-01-08 15:40:13 INFO  DataDeal:309 - 0
2021-01-08 15:40:13 INFO  DataDeal:309 - 
2021-01-08 15:40:13 INFO  DataDeal:309 - 
2021-01-08 15:40:13 INFO  DataDeal:309 - 
2021-01-08 15:40:13 INFO  DataDeal:309 - 9
2021-01-08 15:40:13 INFO  DataDeal:309 - gzlongy
2021-01-08 15:40:13 INFO  DataDeal:309 - 2020/9/2
2021-01-08 15:40:13 INFO  DataDeal:309 - 14:46:17
2021-01-08 15:40:13 INFO  DataDeal:309 - 2020/1/22
2021-01-08 15:40:13 INFO  DataDeal:309 - 4
2021-01-08 15:40:13 INFO  DataDeal:309 - 4
2021-01-08 15:40:13 INFO  DataDeal:309 - 
2021-01-08 15:40:13 INFO  DataDeal:309 - 0
2021-01-08 15:40:13 INFO  DataDeal:309 - 
2021-01-08 15:40:13 INFO  DataDeal:309 - yuandao
2021-01-08 15:40:13 INFO  DataDeal:309 - 2020/9/1
2021-01-08 15:40:13 INFO  DataDeal:309 - 14:01:37
2021-01-08 15:40:13 INFO  DataDeal:309 - 2020/12/8
2021-01-08 15:40:13 INFO  DataDeal:309 - 18:06:44
2021-01-08 15:40:13 INFO  DataDeal:309 - 0
2021-01-08 15:40:13 INFO  DataDeal:309 - 
2021-01-08 15:40:13 INFO  DataDeal:309 - 
2021-01-08 15:40:13 INFO  DataDeal:309 - 
2021-01-08 15:40:13 INFO  DataDeal:309 - 
2021-01-08 15:40:13 INFO  DataDeal:309 - 
2021-01-08 15:40:13 INFO  DataDeal:309 - 
2021-01-08 15:40:13 INFO  DataDeal:309 - 
2021-01-08 15:40:13 INFO  DataDeal:309 - 
2021-01-08 15:40:13 INFO  DataDeal:309 - 2020/9/2
2021-01-08 15:40:13 INFO  DataDeal:309 - 
2021-01-08 15:40:13 INFO  DataDeal:309 - 0
2021-01-08 15:40:13 INFO  DataDeal:309 - 01
2021-01-08 15:40:13 INFO  DataDeal:309 - 0
2021-01-08 15:40:13 INFO  DataDeal:309 - 0
2021-01-08 16:19:08 INFO  DataDeal:273 - [Ljava.lang.String;@5010be6
2021-01-08 16:19:08 WARN  DataDeal:274 - [Ljava.lang.String;@31221be2
2021-01-08 16:19:08 INFO  DataDeal:321 - 2853012865954
2021-01-08 16:19:08 INFO  DataDeal:321 - 27530118209361
2021-01-08 16:19:08 INFO  DataDeal:321 - 2053012184244566
2021-01-08 16:19:08 INFO  DataDeal:321 - 265301161546264
2021-01-08 16:19:08 INFO  DataDeal:321 - 265301161546264
2021-01-08 16:19:08 INFO  DataDeal:321 - 60201900130014
2021-01-08 16:19:08 INFO  DataDeal:321 - 2
2021-01-08 16:19:08 INFO  DataDeal:321 - 0
2021-01-08 16:19:08 INFO  DataDeal:321 - 265301161546264
2021-01-08 16:19:08 INFO  DataDeal:321 - 
2021-01-08 16:19:08 INFO  DataDeal:321 - A
2021-01-08 16:19:08 INFO  DataDeal:321 - 191
2021-01-08 16:19:08 INFO  DataDeal:321 - 2006
2021-01-08 16:19:08 INFO  DataDeal:321 - 5301
2021-01-08 16:19:08 INFO  DataDeal:321 - 
2021-01-08 16:19:08 INFO  DataDeal:321 - 01
2021-01-08 16:19:08 INFO  DataDeal:321 - TK00030449
2021-01-08 16:19:08 INFO  DataDeal:321 - 000000002394
2021-01-08 16:19:08 INFO  DataDeal:321 - 
2021-01-08 16:19:08 INFO  DataDeal:321 - 3
2021-01-08 16:19:08 INFO  DataDeal:321 - 
2021-01-08 16:19:08 INFO  DataDeal:321 - 8156973586
2021-01-08 16:19:08 INFO  DataDeal:321 - 柯远
2021-01-08 16:19:08 INFO  DataDeal:321 - 0
2021-01-08 16:19:08 INFO  DataDeal:321 - 1988/3/14
2021-01-08 16:19:08 INFO  DataDeal:321 - 32
2021-01-08 16:19:08 INFO  DataDeal:321 - 1
2021-01-08 16:19:08 INFO  DataDeal:321 - 4
2021-01-08 16:19:08 INFO  DataDeal:321 - 0000569536
2021-01-08 16:19:08 INFO  DataDeal:321 - 元道通信股份有限公司
2021-01-08 16:19:08 INFO  DataDeal:321 - 2020/9/2
2021-01-08 16:19:08 INFO  DataDeal:321 - 5301
2021-01-08 16:19:08 INFO  DataDeal:321 - 2020/9/2
2021-01-08 16:19:08 INFO  DataDeal:321 - 18:26:05
2021-01-08 16:19:08 INFO  DataDeal:321 - 
2021-01-08 16:19:08 INFO  DataDeal:321 - 2021/1/21
2021-01-08 16:19:08 INFO  DataDeal:321 - 2021/1/21
2021-01-08 16:19:08 INFO  DataDeal:321 - 2020/9/2
2021-01-08 16:19:08 INFO  DataDeal:321 - 2021/1/21
2021-01-08 16:19:08 INFO  DataDeal:321 - 
2021-01-08 16:19:08 INFO  DataDeal:321 - Y
2021-01-08 16:19:08 INFO  DataDeal:321 - 0
2021-01-08 16:19:08 INFO  DataDeal:321 - M
2021-01-08 16:19:08 INFO  DataDeal:321 - 5
2021-01-08 16:19:08 INFO  DataDeal:321 - M
2021-01-08 16:19:08 INFO  DataDeal:321 - 5
2021-01-08 16:19:08 INFO  DataDeal:321 - 
2021-01-08 16:19:08 INFO  DataDeal:321 - 0
2021-01-08 16:19:08 INFO  DataDeal:321 - 
2021-01-08 16:19:08 INFO  DataDeal:321 - N
2021-01-08 16:19:08 INFO  DataDeal:321 - 
2021-01-08 16:19:08 INFO  DataDeal:321 - 
2021-01-08 16:19:08 INFO  DataDeal:321 - 0
2021-01-08 16:19:08 INFO  DataDeal:321 - 1
2021-01-08 16:19:08 INFO  DataDeal:321 - 12
2021-01-08 16:19:08 INFO  DataDeal:321 - 0
2021-01-08 16:19:08 INFO  DataDeal:321 - 1
2021-01-08 16:19:08 INFO  DataDeal:321 - 
2021-01-08 16:19:08 INFO  DataDeal:321 - 0
2021-01-08 16:19:08 INFO  DataDeal:321 - 3.85
2021-01-08 16:19:08 INFO  DataDeal:321 - 3.85
2021-01-08 16:19:08 INFO  DataDeal:321 - 3.85
2021-01-08 16:19:08 INFO  DataDeal:321 - 100
2021-01-08 16:19:08 INFO  DataDeal:321 - 100
2021-01-08 16:19:08 INFO  DataDeal:321 - 0
2021-01-08 16:19:08 INFO  DataDeal:321 - 0
2021-01-08 16:19:08 INFO  DataDeal:321 - 0
2021-01-08 16:19:08 INFO  DataDeal:321 - 0
2021-01-08 16:19:08 INFO  DataDeal:321 - 0
2021-01-08 16:19:08 INFO  DataDeal:321 - 
2021-01-08 16:19:08 INFO  DataDeal:321 - 
2021-01-08 16:19:08 INFO  DataDeal:321 - 2021/1/21
2021-01-08 16:19:08 INFO  DataDeal:321 - 2020/12/9
2021-01-08 16:19:08 INFO  DataDeal:321 - 2020/9/2
2021-01-08 16:19:08 INFO  DataDeal:321 - -2
2021-01-08 16:19:08 INFO  DataDeal:321 - 
2021-01-08 16:19:08 INFO  DataDeal:321 - 
2021-01-08 16:19:08 INFO  DataDeal:321 - 1
2021-01-08 16:19:08 INFO  DataDeal:321 - 
2021-01-08 16:19:08 INFO  DataDeal:321 - 
2021-01-08 16:19:08 INFO  DataDeal:321 - 0
2021-01-08 16:19:08 INFO  DataDeal:321 - 
2021-01-08 16:19:08 INFO  DataDeal:321 - 0
2021-01-08 16:19:08 INFO  DataDeal:321 - 0
2021-01-08 16:19:08 INFO  DataDeal:321 - 
2021-01-08 16:19:08 INFO  DataDeal:321 - 
2021-01-08 16:19:08 INFO  DataDeal:321 - 
2021-01-08 16:19:08 INFO  DataDeal:321 - 
2021-01-08 16:19:08 INFO  DataDeal:321 - 
2021-01-08 16:19:08 INFO  DataDeal:321 - 
2021-01-08 16:19:08 INFO  DataDeal:321 - 
2021-01-08 16:19:08 INFO  DataDeal:321 - 
2021-01-08 16:19:08 INFO  DataDeal:321 - 
2021-01-08 16:19:08 INFO  DataDeal:321 - 0
2021-01-08 16:19:08 INFO  DataDeal:321 - 
2021-01-08 16:19:08 INFO  DataDeal:321 - 
2021-01-08 16:19:08 INFO  DataDeal:321 - 
2021-01-08 16:19:08 INFO  DataDeal:321 - 9
2021-01-08 16:19:08 INFO  DataDeal:321 - gzlongy
2021-01-08 16:19:08 INFO  DataDeal:321 - 2020/9/2
2021-01-08 16:19:08 INFO  DataDeal:321 - 14:46:17
2021-01-08 16:19:08 INFO  DataDeal:321 - 2020/1/22
2021-01-08 16:19:08 INFO  DataDeal:321 - 4
2021-01-08 16:19:08 INFO  DataDeal:321 - 4
2021-01-08 16:19:08 INFO  DataDeal:321 - 
2021-01-08 16:19:08 INFO  DataDeal:321 - 0
2021-01-08 16:19:08 INFO  DataDeal:321 - 
2021-01-08 16:19:08 INFO  DataDeal:321 - yuandao
2021-01-08 16:19:08 INFO  DataDeal:321 - 2020/9/1
2021-01-08 16:19:08 INFO  DataDeal:321 - 14:01:37
2021-01-08 16:19:08 INFO  DataDeal:321 - 2020/12/8
2021-01-08 16:19:08 INFO  DataDeal:321 - 18:06:44
2021-01-08 16:19:08 INFO  DataDeal:321 - 0
2021-01-08 16:19:08 INFO  DataDeal:321 - 
2021-01-08 16:19:08 INFO  DataDeal:321 - 
2021-01-08 16:19:08 INFO  DataDeal:321 - 
2021-01-08 16:19:08 INFO  DataDeal:321 - 
2021-01-08 16:19:08 INFO  DataDeal:321 - 
2021-01-08 16:19:08 INFO  DataDeal:321 - 
2021-01-08 16:19:08 INFO  DataDeal:321 - 
2021-01-08 16:19:08 INFO  DataDeal:321 - 
2021-01-08 16:19:08 INFO  DataDeal:321 - 2020/9/2
2021-01-08 16:19:08 INFO  DataDeal:321 - 
2021-01-08 16:19:08 INFO  DataDeal:321 - 0
2021-01-08 16:19:08 INFO  DataDeal:321 - 01
2021-01-08 16:19:08 INFO  DataDeal:321 - 0
2021-01-08 16:19:08 INFO  DataDeal:321 - 0
2021-01-08 16:21:53 INFO  DataDeal:273 - 127
2021-01-08 16:21:53 WARN  DataDeal:274 - 144
2021-01-08 16:27:40 INFO  DataDeal:273 - 127
2021-01-08 16:27:40 WARN  DataDeal:274 - 144
2021-01-08 16:27:40 WARN  DataDeal:276 - ('2853012865954'
2021-01-08 16:27:40 WARN  DataDeal:276 - '27530118209361'
2021-01-08 16:27:40 WARN  DataDeal:276 - '2053012184244566'
2021-01-08 16:27:40 WARN  DataDeal:276 - '265301161546264'
2021-01-08 16:27:40 WARN  DataDeal:276 - '265301161546264'
2021-01-08 16:27:40 WARN  DataDeal:276 - '60201900130014'
2021-01-08 16:27:40 WARN  DataDeal:276 - '2'
2021-01-08 16:27:40 WARN  DataDeal:276 - '0'
2021-01-08 16:27:40 WARN  DataDeal:276 - '265301161546264'
2021-01-08 16:27:40 WARN  DataDeal:276 - ''
2021-01-08 16:27:40 WARN  DataDeal:276 - 'A'
2021-01-08 16:27:40 WARN  DataDeal:276 - '191'
2021-01-08 16:27:40 WARN  DataDeal:276 - '2006'
2021-01-08 16:27:40 WARN  DataDeal:276 - '5301'
2021-01-08 16:27:40 WARN  DataDeal:276 - ''
2021-01-08 16:27:40 WARN  DataDeal:276 - '01'
2021-01-08 16:27:40 WARN  DataDeal:276 - 'TK00030449'
2021-01-08 16:27:40 WARN  DataDeal:276 - '000000002394'
2021-01-08 16:27:40 WARN  DataDeal:276 - ''
2021-01-08 16:27:40 WARN  DataDeal:276 - '3'
2021-01-08 16:27:40 WARN  DataDeal:276 - ''
2021-01-08 16:27:40 WARN  DataDeal:276 - '8156973586'
2021-01-08 16:27:40 WARN  DataDeal:276 - '柯远'
2021-01-08 16:27:40 WARN  DataDeal:276 - '0'
2021-01-08 16:27:40 WARN  DataDeal:276 - to_date('1988/3/14'
2021-01-08 16:27:40 WARN  DataDeal:276 - 'yyyy/mm/dd')
2021-01-08 16:27:40 WARN  DataDeal:276 - '32'
2021-01-08 16:27:40 WARN  DataDeal:276 - '1'
2021-01-08 16:27:40 WARN  DataDeal:276 - '4'
2021-01-08 16:27:40 WARN  DataDeal:276 - '0000569536'
2021-01-08 16:27:40 WARN  DataDeal:276 - '元道通信股份有限公司'
2021-01-08 16:27:40 WARN  DataDeal:276 - to_date('2020/9/2'
2021-01-08 16:27:40 WARN  DataDeal:276 - 'yyyy/mm/dd')
2021-01-08 16:27:40 WARN  DataDeal:276 - '5301'
2021-01-08 16:27:40 WARN  DataDeal:276 - to_date('2020/9/2'
2021-01-08 16:27:40 WARN  DataDeal:276 - 'yyyy/mm/dd')
2021-01-08 16:27:40 WARN  DataDeal:276 - '18:26:05'
2021-01-08 16:27:40 WARN  DataDeal:276 - to_date(''
2021-01-08 16:27:40 WARN  DataDeal:276 - 'yyyy/mm/dd')
2021-01-08 16:27:40 WARN  DataDeal:276 - to_date('2021/1/21'
2021-01-08 16:27:40 WARN  DataDeal:276 - 'yyyy/mm/dd')
2021-01-08 16:27:40 WARN  DataDeal:276 - to_date('2021/1/21'
2021-01-08 16:27:40 WARN  DataDeal:276 - 'yyyy/mm/dd')
2021-01-08 16:27:40 WARN  DataDeal:276 - to_date('2020/9/2'
2021-01-08 16:27:40 WARN  DataDeal:276 - 'yyyy/mm/dd')
2021-01-08 16:27:40 WARN  DataDeal:276 - to_date('2021/1/21'
2021-01-08 16:27:40 WARN  DataDeal:276 - 'yyyy/mm/dd')
2021-01-08 16:27:40 WARN  DataDeal:276 - ''
2021-01-08 16:27:40 WARN  DataDeal:276 - 'Y'
2021-01-08 16:27:40 WARN  DataDeal:276 - '0'
2021-01-08 16:27:40 WARN  DataDeal:276 - 'M'
2021-01-08 16:27:40 WARN  DataDeal:276 - '5'
2021-01-08 16:27:40 WARN  DataDeal:276 - 'M'
2021-01-08 16:27:40 WARN  DataDeal:276 - '5'
2021-01-08 16:27:40 WARN  DataDeal:276 - ''
2021-01-08 16:27:40 WARN  DataDeal:276 - '0'
2021-01-08 16:27:40 WARN  DataDeal:276 - ''
2021-01-08 16:27:40 WARN  DataDeal:276 - 'N'
2021-01-08 16:27:40 WARN  DataDeal:276 - ''
2021-01-08 16:27:40 WARN  DataDeal:276 - ''
2021-01-08 16:27:40 WARN  DataDeal:276 - '0'
2021-01-08 16:27:40 WARN  DataDeal:276 - '1'
2021-01-08 16:27:40 WARN  DataDeal:276 - '12'
2021-01-08 16:27:40 WARN  DataDeal:276 - '0'
2021-01-08 16:27:40 WARN  DataDeal:276 - '1'
2021-01-08 16:27:40 WARN  DataDeal:276 - ''
2021-01-08 16:27:40 WARN  DataDeal:276 - '0'
2021-01-08 16:27:40 WARN  DataDeal:276 - '3.85'
2021-01-08 16:27:40 WARN  DataDeal:276 - '3.85'
2021-01-08 16:27:40 WARN  DataDeal:276 - '3.85'
2021-01-08 16:27:40 WARN  DataDeal:276 - '100'
2021-01-08 16:27:40 WARN  DataDeal:276 - '100'
2021-01-08 16:27:40 WARN  DataDeal:276 - '0'
2021-01-08 16:27:40 WARN  DataDeal:276 - '0'
2021-01-08 16:27:40 WARN  DataDeal:276 - '0'
2021-01-08 16:27:40 WARN  DataDeal:276 - '0'
2021-01-08 16:27:40 WARN  DataDeal:276 - '0'
2021-01-08 16:27:40 WARN  DataDeal:276 - ''
2021-01-08 16:27:40 WARN  DataDeal:276 - ''
2021-01-08 16:27:40 WARN  DataDeal:276 - to_date('2021/1/21'
2021-01-08 16:27:40 WARN  DataDeal:276 - 'yyyy/mm/dd')
2021-01-08 16:27:40 WARN  DataDeal:276 - to_date('2020/12/9'
2021-01-08 16:27:40 WARN  DataDeal:276 - 'yyyy/mm/dd')
2021-01-08 16:27:40 WARN  DataDeal:276 - to_date('2020/9/2'
2021-01-08 16:27:40 WARN  DataDeal:276 - 'yyyy/mm/dd')
2021-01-08 16:27:40 WARN  DataDeal:276 - '-2'
2021-01-08 16:27:40 WARN  DataDeal:276 - ''
2021-01-08 16:27:40 WARN  DataDeal:276 - ''
2021-01-08 16:27:40 WARN  DataDeal:276 - '1'
2021-01-08 16:27:40 WARN  DataDeal:276 - ''
2021-01-08 16:27:40 WARN  DataDeal:276 - ''
2021-01-08 16:27:40 WARN  DataDeal:276 - '0'
2021-01-08 16:27:40 WARN  DataDeal:276 - ''
2021-01-08 16:27:40 WARN  DataDeal:276 - '0'
2021-01-08 16:27:40 WARN  DataDeal:276 - '0'
2021-01-08 16:27:40 WARN  DataDeal:276 - ''
2021-01-08 16:27:40 WARN  DataDeal:276 - ''
2021-01-08 16:27:40 WARN  DataDeal:276 - ''
2021-01-08 16:27:40 WARN  DataDeal:276 - ''
2021-01-08 16:27:40 WARN  DataDeal:276 - ''
2021-01-08 16:27:40 WARN  DataDeal:276 - ''
2021-01-08 16:27:40 WARN  DataDeal:276 - ''
2021-01-08 16:27:40 WARN  DataDeal:276 - ''
2021-01-08 16:27:40 WARN  DataDeal:276 - ''
2021-01-08 16:27:40 WARN  DataDeal:276 - '0'
2021-01-08 16:27:40 WARN  DataDeal:276 - ''
2021-01-08 16:27:40 WARN  DataDeal:276 - to_date(''
2021-01-08 16:27:40 WARN  DataDeal:276 - 'yyyy/mm/dd')
2021-01-08 16:27:40 WARN  DataDeal:276 - ''
2021-01-08 16:27:40 WARN  DataDeal:276 - '9'
2021-01-08 16:27:40 WARN  DataDeal:276 - 'gzlongy'
2021-01-08 16:27:40 WARN  DataDeal:276 - to_date('2020/9/2'
2021-01-08 16:27:40 WARN  DataDeal:276 - 'yyyy/mm/dd')
2021-01-08 16:27:40 WARN  DataDeal:276 - '14:46:17'
2021-01-08 16:27:40 WARN  DataDeal:276 - to_date('2020/1/22'
2021-01-08 16:27:40 WARN  DataDeal:276 - 'yyyy/mm/dd')
2021-01-08 16:27:40 WARN  DataDeal:276 - '4'
2021-01-08 16:27:40 WARN  DataDeal:276 - '4'
2021-01-08 16:27:40 WARN  DataDeal:276 - ''
2021-01-08 16:27:40 WARN  DataDeal:276 - '0'
2021-01-08 16:27:40 WARN  DataDeal:276 - ''
2021-01-08 16:27:40 WARN  DataDeal:276 - 'yuandao'
2021-01-08 16:27:40 WARN  DataDeal:276 - to_date('2020/9/1'
2021-01-08 16:27:40 WARN  DataDeal:276 - 'yyyy/mm/dd')
2021-01-08 16:27:40 WARN  DataDeal:276 - '14:01:37'
2021-01-08 16:27:40 WARN  DataDeal:276 - to_date('2020/12/8'
2021-01-08 16:27:40 WARN  DataDeal:276 - 'yyyy/mm/dd')
2021-01-08 16:27:40 WARN  DataDeal:276 - '18:06:44'
2021-01-08 16:27:40 WARN  DataDeal:276 - '0'
2021-01-08 16:27:40 WARN  DataDeal:276 - ''
2021-01-08 16:27:40 WARN  DataDeal:276 - ''
2021-01-08 16:27:40 WARN  DataDeal:276 - ''
2021-01-08 16:27:40 WARN  DataDeal:276 - ''
2021-01-08 16:27:40 WARN  DataDeal:276 - ''
2021-01-08 16:27:40 WARN  DataDeal:276 - ''
2021-01-08 16:27:40 WARN  DataDeal:276 - ''
2021-01-08 16:27:40 WARN  DataDeal:276 - ''
2021-01-08 16:27:40 WARN  DataDeal:276 - to_date('2020/9/2'
2021-01-08 16:27:40 WARN  DataDeal:276 - 'yyyy/mm/dd')
2021-01-08 16:27:40 WARN  DataDeal:276 - ''
2021-01-08 16:27:40 WARN  DataDeal:276 - '0'
2021-01-08 16:27:40 WARN  DataDeal:276 - '01'
2021-01-08 16:27:40 WARN  DataDeal:276 - '0'
2021-01-08 16:27:40 WARN  DataDeal:276 - '0')
2021-01-08 16:58:16 ERROR DataDeal:334 - [24, 30, 32, 34, 35, 36, 37, 38, 71, 72, 73, 95, 99, 101, 108, 110, 121]
2021-01-08 16:59:33 ERROR DataDeal:336 - 1988/3/14
2021-01-08 16:59:33 ERROR DataDeal:336 - 2020/9/2
2021-01-08 16:59:33 ERROR DataDeal:336 - 2020/9/2
2021-01-08 16:59:33 ERROR DataDeal:336 - 
2021-01-08 16:59:33 ERROR DataDeal:336 - 2021/1/21
2021-01-08 16:59:33 ERROR DataDeal:336 - 2021/1/21
2021-01-08 16:59:33 ERROR DataDeal:336 - 2020/9/2
2021-01-08 16:59:33 ERROR DataDeal:336 - 2021/1/21
2021-01-08 16:59:33 ERROR DataDeal:336 - 2021/1/21
2021-01-08 16:59:33 ERROR DataDeal:336 - 2020/12/9
2021-01-08 16:59:33 ERROR DataDeal:336 - 2020/9/2
2021-01-08 16:59:33 ERROR DataDeal:336 - 
2021-01-08 16:59:33 ERROR DataDeal:336 - 2020/9/2
2021-01-08 16:59:33 ERROR DataDeal:336 - 2020/1/22
2021-01-08 16:59:33 ERROR DataDeal:336 - 2020/9/1
2021-01-08 16:59:33 ERROR DataDeal:336 - 2020/12/8
2021-01-08 16:59:33 ERROR DataDeal:336 - 2020/9/2
2021-01-08 17:01:46 INFO  DataDeal:249 - '2853012865954','27530118209361','2053012184244566','265301161546264','265301161546264','60201900130014','2','0','265301161546264','','A','191','2006','5301','','01','TK00030449','000000002394','','3','','8156973586','柯远','0','1988/3/14','32','1','4','0000569536','元道通信股份有限公司','2020/9/2','5301','2020/9/2','18:26:05','','2021/1/21','2021/1/21','2020/9/2','2021/1/21','','Y','0','M','5','M','5','','0','','N','','','0','1','12','0','1','','0','3.85','3.85','3.85','100','100','0','0','0','0','0','','','2021/1/21','2020/12/9','2020/9/2','-2','','','1','','','0','','0','0','','','','','','','','','','0','','','','9','gzlongy','2020/9/2','14:46:17','2020/1/22','4','4','','0','','yuandao','2020/9/1','14:01:37','2020/12/8','18:06:44','0','','','','','','','','','2020/9/2','','0','01','0','0'
2021-01-08 17:01:46 INFO  DataDeal:257 - '2853012865954'
2021-01-08 17:01:46 INFO  DataDeal:257 - '27530118209361'
2021-01-08 17:01:46 INFO  DataDeal:257 - '2053012184244566'
2021-01-08 17:01:46 INFO  DataDeal:257 - '265301161546264'
2021-01-08 17:01:46 INFO  DataDeal:257 - '265301161546264'
2021-01-08 17:01:46 INFO  DataDeal:257 - '60201900130014'
2021-01-08 17:01:46 INFO  DataDeal:257 - '2'
2021-01-08 17:01:46 INFO  DataDeal:257 - '0'
2021-01-08 17:01:46 INFO  DataDeal:257 - '265301161546264'
2021-01-08 17:01:46 INFO  DataDeal:257 - ''
2021-01-08 17:01:46 INFO  DataDeal:257 - 'A'
2021-01-08 17:01:46 INFO  DataDeal:257 - '191'
2021-01-08 17:01:46 INFO  DataDeal:257 - '2006'
2021-01-08 17:01:46 INFO  DataDeal:257 - '5301'
2021-01-08 17:01:46 INFO  DataDeal:257 - ''
2021-01-08 17:01:46 INFO  DataDeal:257 - '01'
2021-01-08 17:01:46 INFO  DataDeal:257 - 'TK00030449'
2021-01-08 17:01:46 INFO  DataDeal:257 - '000000002394'
2021-01-08 17:01:46 INFO  DataDeal:257 - ''
2021-01-08 17:01:46 INFO  DataDeal:257 - '3'
2021-01-08 17:01:46 INFO  DataDeal:257 - ''
2021-01-08 17:01:46 INFO  DataDeal:257 - '8156973586'
2021-01-08 17:01:46 INFO  DataDeal:257 - '柯远'
2021-01-08 17:01:46 INFO  DataDeal:257 - '0'
2021-01-08 17:01:46 INFO  DataDeal:257 - '1988/3/14'
2021-01-08 17:01:46 INFO  DataDeal:257 - '32'
2021-01-08 17:01:46 INFO  DataDeal:257 - '1'
2021-01-08 17:01:46 INFO  DataDeal:257 - '4'
2021-01-08 17:01:46 INFO  DataDeal:257 - '0000569536'
2021-01-08 17:01:46 INFO  DataDeal:257 - '元道通信股份有限公司'
2021-01-08 17:01:46 INFO  DataDeal:257 - '2020/9/2'
2021-01-08 17:01:46 INFO  DataDeal:257 - '5301'
2021-01-08 17:01:46 INFO  DataDeal:257 - '2020/9/2'
2021-01-08 17:01:46 INFO  DataDeal:257 - '18:26:05'
2021-01-08 17:01:46 INFO  DataDeal:257 - ''
2021-01-08 17:01:46 INFO  DataDeal:257 - '2021/1/21'
2021-01-08 17:01:46 INFO  DataDeal:257 - '2021/1/21'
2021-01-08 17:01:46 INFO  DataDeal:257 - '2020/9/2'
2021-01-08 17:01:46 INFO  DataDeal:257 - '2021/1/21'
2021-01-08 17:01:46 INFO  DataDeal:257 - ''
2021-01-08 17:01:46 INFO  DataDeal:257 - 'Y'
2021-01-08 17:01:46 INFO  DataDeal:257 - '0'
2021-01-08 17:01:46 INFO  DataDeal:257 - 'M'
2021-01-08 17:01:46 INFO  DataDeal:257 - '5'
2021-01-08 17:01:46 INFO  DataDeal:257 - 'M'
2021-01-08 17:01:46 INFO  DataDeal:257 - '5'
2021-01-08 17:01:46 INFO  DataDeal:257 - ''
2021-01-08 17:01:46 INFO  DataDeal:257 - '0'
2021-01-08 17:01:46 INFO  DataDeal:257 - ''
2021-01-08 17:01:46 INFO  DataDeal:257 - 'N'
2021-01-08 17:01:46 INFO  DataDeal:257 - ''
2021-01-08 17:01:46 INFO  DataDeal:257 - ''
2021-01-08 17:01:46 INFO  DataDeal:257 - '0'
2021-01-08 17:01:46 INFO  DataDeal:257 - '1'
2021-01-08 17:01:46 INFO  DataDeal:257 - '12'
2021-01-08 17:01:46 INFO  DataDeal:257 - '0'
2021-01-08 17:01:46 INFO  DataDeal:257 - '1'
2021-01-08 17:01:46 INFO  DataDeal:257 - ''
2021-01-08 17:01:46 INFO  DataDeal:257 - '0'
2021-01-08 17:01:46 INFO  DataDeal:257 - '3.85'
2021-01-08 17:01:46 INFO  DataDeal:257 - '3.85'
2021-01-08 17:01:46 INFO  DataDeal:257 - '3.85'
2021-01-08 17:01:46 INFO  DataDeal:257 - '100'
2021-01-08 17:01:46 INFO  DataDeal:257 - '100'
2021-01-08 17:01:46 INFO  DataDeal:257 - '0'
2021-01-08 17:01:46 INFO  DataDeal:257 - '0'
2021-01-08 17:01:46 INFO  DataDeal:257 - '0'
2021-01-08 17:01:46 INFO  DataDeal:257 - '0'
2021-01-08 17:01:46 INFO  DataDeal:257 - '0'
2021-01-08 17:01:46 INFO  DataDeal:257 - ''
2021-01-08 17:01:46 INFO  DataDeal:257 - ''
2021-01-08 17:01:46 INFO  DataDeal:257 - '2021/1/21'
2021-01-08 17:01:46 INFO  DataDeal:257 - '2020/12/9'
2021-01-08 17:01:46 INFO  DataDeal:257 - '2020/9/2'
2021-01-08 17:01:46 INFO  DataDeal:257 - '-2'
2021-01-08 17:01:46 INFO  DataDeal:257 - ''
2021-01-08 17:01:46 INFO  DataDeal:257 - ''
2021-01-08 17:01:46 INFO  DataDeal:257 - '1'
2021-01-08 17:01:46 INFO  DataDeal:257 - ''
2021-01-08 17:01:46 INFO  DataDeal:257 - ''
2021-01-08 17:01:46 INFO  DataDeal:257 - '0'
2021-01-08 17:01:46 INFO  DataDeal:257 - ''
2021-01-08 17:01:46 INFO  DataDeal:257 - '0'
2021-01-08 17:01:46 INFO  DataDeal:257 - '0'
2021-01-08 17:01:46 INFO  DataDeal:257 - ''
2021-01-08 17:01:46 INFO  DataDeal:257 - ''
2021-01-08 17:01:46 INFO  DataDeal:257 - ''
2021-01-08 17:01:46 INFO  DataDeal:257 - ''
2021-01-08 17:01:46 INFO  DataDeal:257 - ''
2021-01-08 17:01:46 INFO  DataDeal:257 - ''
2021-01-08 17:01:46 INFO  DataDeal:257 - ''
2021-01-08 17:01:46 INFO  DataDeal:257 - ''
2021-01-08 17:01:46 INFO  DataDeal:257 - ''
2021-01-08 17:01:46 INFO  DataDeal:257 - '0'
2021-01-08 17:01:46 INFO  DataDeal:257 - ''
2021-01-08 17:01:46 INFO  DataDeal:257 - ''
2021-01-08 17:01:46 INFO  DataDeal:257 - ''
2021-01-08 17:01:46 INFO  DataDeal:257 - '9'
2021-01-08 17:01:46 INFO  DataDeal:257 - 'gzlongy'
2021-01-08 17:01:46 INFO  DataDeal:257 - '2020/9/2'
2021-01-08 17:01:46 INFO  DataDeal:257 - '14:46:17'
2021-01-08 17:01:46 INFO  DataDeal:257 - '2020/1/22'
2021-01-08 17:01:46 INFO  DataDeal:257 - '4'
2021-01-08 17:01:46 INFO  DataDeal:257 - '4'
2021-01-08 17:01:46 INFO  DataDeal:257 - ''
2021-01-08 17:01:46 INFO  DataDeal:257 - '0'
2021-01-08 17:01:46 INFO  DataDeal:257 - ''
2021-01-08 17:01:46 INFO  DataDeal:257 - 'yuandao'
2021-01-08 17:01:46 INFO  DataDeal:257 - '2020/9/1'
2021-01-08 17:01:46 INFO  DataDeal:257 - '14:01:37'
2021-01-08 17:01:46 INFO  DataDeal:257 - '2020/12/8'
2021-01-08 17:01:46 INFO  DataDeal:257 - '18:06:44'
2021-01-08 17:01:46 INFO  DataDeal:257 - '0'
2021-01-08 17:01:46 INFO  DataDeal:257 - ''
2021-01-08 17:01:46 INFO  DataDeal:257 - ''
2021-01-08 17:01:46 INFO  DataDeal:257 - ''
2021-01-08 17:01:46 INFO  DataDeal:257 - ''
2021-01-08 17:01:46 INFO  DataDeal:257 - ''
2021-01-08 17:01:46 INFO  DataDeal:257 - ''
2021-01-08 17:01:46 INFO  DataDeal:257 - ''
2021-01-08 17:01:46 INFO  DataDeal:257 - ''
2021-01-08 17:01:46 INFO  DataDeal:257 - '2020/9/2'
2021-01-08 17:01:46 INFO  DataDeal:257 - ''
2021-01-08 17:01:46 INFO  DataDeal:257 - '0'
2021-01-08 17:01:46 INFO  DataDeal:257 - '01'
2021-01-08 17:01:46 INFO  DataDeal:257 - '0'
2021-01-08 17:01:46 INFO  DataDeal:257 - '0'
2021-01-08 17:01:46 INFO  DataDeal:334 - insert into lcpol (GRPCONTNO,GRPPOLNO,CONTNO,POLNO,PROPOSALNO,PRTNO,CONTTYPE,POLTYPEFLAG,MAINPOLNO,MASTERPOLNO,KINDCODE,RISKCODE,RISKVERSION,MANAGECOM,AGENTCOM,AGENTTYPE,AGENTCODE,AGENTGROUP,AGENTCODE1,SALECHNL,HANDLER,INSUREDNO,INSUREDNAME,INSUREDSEX,INSUREDBIRTHDAY,INSUREDAPPAGE,INSUREDPEOPLES,OCCUPATIONTYPE,APPNTNO,APPNTNAME,CVALIDATE,SIGNCOM,SIGNDATE,SIGNTIME,FIRSTPAYDATE,PAYENDDATE,PAYTODATE,GETSTARTDATE,ENDDATE,ACCIENDDATE,GETYEARFLAG,GETYEAR,PAYENDYEARFLAG,PAYENDYEAR,INSUYEARFLAG,INSUYEAR,ACCIYEARFLAG,ACCIYEAR,GETSTARTTYPE,SPECIFYVALIDATE,PAYMODE,PAYLOCATION,PAYINTV,PAYYEARS,YEARS,MANAGEFEERATE,FLOATRATE,PREMTOAMNT,MULT,STANDPREM,PREM,SUMPREM,AMNT,RISKAMNT,LEAVINGMONEY,ENDORSETIMES,CLAIMTIMES,LIVETIMES,RENEWCOUNT,LASTGETDATE,LASTLOANDATE,LASTREGETDATE,LASTEDORDATE,LASTREVDATE,RNEWFLAG,STOPFLAG,EXPIRYFLAG,AUTOPAYFLAG,INTERESTDIFFLAG,SUBFLAG,BNFFLAG,HEALTHCHECKFLAG,IMPARTFLAG,REINSUREFLAG,AGENTPAYFLAG,AGENTGETFLAG,LIVEGETMODE,DEADGETMODE,BONUSGETMODE,BONUSMAN,DEADFLAG,SMOKEFLAG,REMARK,APPROVEFLAG,APPROVECODE,APPROVEDATE,APPROVETIME,UWFLAG,UWCODE,UWDATE,UWTIME,POLAPPLYDATE,APPFLAG,POLSTATE,STANDBYFLAG1,STANDBYFLAG2,STANDBYFLAG3,OPERATOR,MAKEDATE,MAKETIME,MODIFYDATE,MODIFYTIME,WAITPERIOD,GETFORM,GETBANKCODE,GETBANKACCNO,GETACCNAME,KEEPVALUEOPT,ASCRIPTIONRULECODE,PAYRULECODE,ASCRIPTIONFLAG,PCVALIDATE,COMMONFLAG,COMMONINSURATE,CONTPAYMODE,PERSONPREMRATE,PERSONAMNTRATE) values (?,?,?,?,?,?,?,?,?,?,?,?,?,?,?,?,?,?,?,?,?,?,?,?,?,?,?,?,?,?,?,?,?,?,?,?,?,?,?,?,?,?,?,?,?,?,?,?,?,?,?,?,?,?,?,?,?,?,?,?,?,?,?,?,?,?,?,?,?,?,?,?,?,?,?,?,?,?,?,?,?,?,?,?,?,?,?,?,?,?,?,?,?,?,?,?,?,?,?,?,?,?,?,?,?,?,?,?,?,?,?,?,?,?,?,?,?,?,?,?,?,?,?,?,?,?,?)
2021-01-08 17:01:46 ERROR DataDeal:339 - 1988/3/14
2021-01-08 17:01:46 ERROR DataDeal:339 - 2020/9/2
2021-01-08 17:01:46 ERROR DataDeal:339 - 2020/9/2
2021-01-08 17:01:46 ERROR DataDeal:339 - 
2021-01-08 17:01:46 ERROR DataDeal:339 - 2021/1/21
2021-01-08 17:01:46 ERROR DataDeal:339 - 2021/1/21
2021-01-08 17:01:46 ERROR DataDeal:339 - 2020/9/2
2021-01-08 17:01:46 ERROR DataDeal:339 - 2021/1/21
2021-01-08 17:01:46 ERROR DataDeal:339 - 2021/1/21
2021-01-08 17:01:46 ERROR DataDeal:339 - 2020/12/9
2021-01-08 17:01:46 ERROR DataDeal:339 - 2020/9/2
2021-01-08 17:01:46 ERROR DataDeal:339 - 
2021-01-08 17:01:46 ERROR DataDeal:339 - 2020/9/2
2021-01-08 17:01:46 ERROR DataDeal:339 - 2020/1/22
2021-01-08 17:01:46 ERROR DataDeal:339 - 2020/9/1
2021-01-08 17:01:46 ERROR DataDeal:339 - 2020/12/8
2021-01-08 17:01:46 ERROR DataDeal:339 - 2020/9/2
2021-01-08 17:23:13 INFO  DataDeal:248 - '2853012865954','27530118209361','2053012184244566','265301161546264','265301161546264','60201900130014','2','0','265301161546264','','A','191','2006','5301','','01','TK00030449','000000002394','','3','','8156973586','柯远','0','1988/3/14','32','1','4','0000569536','元道通信股份有限公司','2020/9/2','5301','2020/9/2','18:26:05','','2021/1/21','2021/1/21','2020/9/2','2021/1/21','','Y','0','M','5','M','5','','0','','N','','','0','1','12','0','1','','0','3.85','3.85','3.85','100','100','0','0','0','0','0','','','2021/1/21','2020/12/9','2020/9/2','-2','','','1','','','0','','0','0','','','','','','','','','','0','','','','9','gzlongy','2020/9/2','14:46:17','2020/1/22','4','4','','0','','yuandao','2020/9/1','14:01:37','2020/12/8','18:06:44','0','','','','','','','','','2020/9/2','','0','01','0','0'
2021-01-08 17:23:13 ERROR DataBaseConnect:46 - Oracle drive not find!
2021-01-08 17:23:13 INFO  DataBaseConnect:61 - start to try connect database...
2021-01-08 17:23:13 ERROR DataDeal:211 - 程序异常终止
2021-01-08 17:23:13 INFO  DataDeal:99 - 该文件处理所耗时间：0.008 秒 
2021-01-08 17:23:13 INFO  DataDeal:248 - '2853012865954','27530118209361','2053012184244566','265301161546264','265301161546264','60201900130014','2','0','265301161546264','','A','191','2006','5301','','01','TK00030449','000000002394','','3','','8156973586','柯远','0','1988/3/14','32','1','4','0000569536','元道通信股份有限公司','2020/9/2','5301','2020/9/2','18:26:05','','2021/1/21','2021/1/21','2020/9/2','2021/1/21','','Y','0','M','5','M','5','','0','','N','','','0','1','12','0','1','','0','3.85','3.85','3.85','100','100','0','0','0','0','0','','','2021/1/21','2020/12/9','2020/9/2','-2','','','1','','','0','','0','0','','','','','','','','','','0','','','','9','gzlongy','2020/9/2','14:46:17','2020/1/22','4','4','','0','','yuandao','2020/9/1','14:01:37','2020/12/8','18:06:44','0','','','','','','','','','2020/9/2','','0','01','0','0'
2021-01-08 17:23:13 INFO  DataDeal:338 - insert into lcpol (GRPCONTNO,GRPPOLNO,CONTNO,POLNO,PROPOSALNO,PRTNO,CONTTYPE,POLTYPEFLAG,MAINPOLNO,MASTERPOLNO,KINDCODE,RISKCODE,RISKVERSION,MANAGECOM,AGENTCOM,AGENTTYPE,AGENTCODE,AGENTGROUP,AGENTCODE1,SALECHNL,HANDLER,INSUREDNO,INSUREDNAME,INSUREDSEX,INSUREDBIRTHDAY,INSUREDAPPAGE,INSUREDPEOPLES,OCCUPATIONTYPE,APPNTNO,APPNTNAME,CVALIDATE,SIGNCOM,SIGNDATE,SIGNTIME,FIRSTPAYDATE,PAYENDDATE,PAYTODATE,GETSTARTDATE,ENDDATE,ACCIENDDATE,GETYEARFLAG,GETYEAR,PAYENDYEARFLAG,PAYENDYEAR,INSUYEARFLAG,INSUYEAR,ACCIYEARFLAG,ACCIYEAR,GETSTARTTYPE,SPECIFYVALIDATE,PAYMODE,PAYLOCATION,PAYINTV,PAYYEARS,YEARS,MANAGEFEERATE,FLOATRATE,PREMTOAMNT,MULT,STANDPREM,PREM,SUMPREM,AMNT,RISKAMNT,LEAVINGMONEY,ENDORSETIMES,CLAIMTIMES,LIVETIMES,RENEWCOUNT,LASTGETDATE,LASTLOANDATE,LASTREGETDATE,LASTEDORDATE,LASTREVDATE,RNEWFLAG,STOPFLAG,EXPIRYFLAG,AUTOPAYFLAG,INTERESTDIFFLAG,SUBFLAG,BNFFLAG,HEALTHCHECKFLAG,IMPARTFLAG,REINSUREFLAG,AGENTPAYFLAG,AGENTGETFLAG,LIVEGETMODE,DEADGETMODE,BONUSGETMODE,BONUSMAN,DEADFLAG,SMOKEFLAG,REMARK,APPROVEFLAG,APPROVECODE,APPROVEDATE,APPROVETIME,UWFLAG,UWCODE,UWDATE,UWTIME,POLAPPLYDATE,APPFLAG,POLSTATE,STANDBYFLAG1,STANDBYFLAG2,STANDBYFLAG3,OPERATOR,MAKEDATE,MAKETIME,MODIFYDATE,MODIFYTIME,WAITPERIOD,GETFORM,GETBANKCODE,GETBANKACCNO,GETACCNAME,KEEPVALUEOPT,ASCRIPTIONRULECODE,PAYRULECODE,ASCRIPTIONFLAG,PCVALIDATE,COMMONFLAG,COMMONINSURATE,CONTPAYMODE,PERSONPREMRATE,PERSONAMNTRATE) values (?,?,?,?,?,?,?,?,?,?,?,?,?,?,?,?,?,?,?,?,?,?,?,?,?,?,?,?,?,?,?,?,?,?,?,?,?,?,?,?,?,?,?,?,?,?,?,?,?,?,?,?,?,?,?,?,?,?,?,?,?,?,?,?,?,?,?,?,?,?,?,?,?,?,?,?,?,?,?,?,?,?,?,?,?,?,?,?,?,?,?,?,?,?,?,?,?,?,?,?,?,?,?,?,?,?,?,?,?,?,?,?,?,?,?,?,?,?,?,?,?,?,?,?,?,?,?)
2021-01-08 17:23:13 ERROR DataDeal:343 - 1988/3/14
2021-01-08 17:23:13 ERROR DataDeal:343 - 2020/9/2
2021-01-08 17:23:13 ERROR DataDeal:343 - 2020/9/2
2021-01-08 17:23:13 ERROR DataDeal:343 - 
2021-01-08 17:23:13 ERROR DataDeal:343 - 2021/1/21
2021-01-08 17:23:13 ERROR DataDeal:343 - 2021/1/21
2021-01-08 17:23:13 ERROR DataDeal:343 - 2020/9/2
2021-01-08 17:23:13 ERROR DataDeal:343 - 2021/1/21
2021-01-08 17:23:13 ERROR DataDeal:343 - 2021/1/21
2021-01-08 17:23:13 ERROR DataDeal:343 - 2020/12/9
2021-01-08 17:23:13 ERROR DataDeal:343 - 2020/9/2
2021-01-08 17:23:13 ERROR DataDeal:343 - 
2021-01-08 17:23:13 ERROR DataDeal:343 - 2020/9/2
2021-01-08 17:23:13 ERROR DataDeal:343 - 2020/1/22
2021-01-08 17:23:13 ERROR DataDeal:343 - 2020/9/1
2021-01-08 17:23:13 ERROR DataDeal:343 - 2020/12/8
2021-01-08 17:23:13 ERROR DataDeal:343 - 2020/9/2
2021-01-08 17:29:26 INFO  DataDeal:248 - '2853012865954','27530118209361','2053012184244566','265301161546264','265301161546264','60201900130014','2','0','265301161546264','','A','191','2006','5301','','01','TK00030449','000000002394','','3','','8156973586','柯远','0','1988/3/14','32','1','4','0000569536','元道通信股份有限公司','2020/9/2','5301','2020/9/2','18:26:05','','2021/1/21','2021/1/21','2020/9/2','2021/1/21','','Y','0','M','5','M','5','','0','','N','','','0','1','12','0','1','','0','3.85','3.85','3.85','100','100','0','0','0','0','0','','','2021/1/21','2020/12/9','2020/9/2','-2','','','1','','','0','','0','0','','','','','','','','','','0','','','','9','gzlongy','2020/9/2','14:46:17','2020/1/22','4','4','','0','','yuandao','2020/9/1','14:01:37','2020/12/8','18:06:44','0','','','','','','','','','2020/9/2','','0','01','0','0'
2021-01-08 17:29:26 ERROR DataBaseConnect:46 - Oracle drive not find!
2021-01-08 17:29:26 INFO  DataBaseConnect:61 - start to try connect database...
2021-01-08 17:29:26 ERROR DataDeal:211 - 程序异常终止
2021-01-08 17:29:26 INFO  DataDeal:99 - 该文件处理所耗时间：0.007 秒 
2021-01-08 17:29:26 INFO  DataDeal:248 - '2853012865954','27530118209361','2053012184244566','265301161546264','265301161546264','60201900130014','2','0','265301161546264','','A','191','2006','5301','','01','TK00030449','000000002394','','3','','8156973586','柯远','0','1988/3/14','32','1','4','0000569536','元道通信股份有限公司','2020/9/2','5301','2020/9/2','18:26:05','','2021/1/21','2021/1/21','2020/9/2','2021/1/21','','Y','0','M','5','M','5','','0','','N','','','0','1','12','0','1','','0','3.85','3.85','3.85','100','100','0','0','0','0','0','','','2021/1/21','2020/12/9','2020/9/2','-2','','','1','','','0','','0','0','','','','','','','','','','0','','','','9','gzlongy','2020/9/2','14:46:17','2020/1/22','4','4','','0','','yuandao','2020/9/1','14:01:37','2020/12/8','18:06:44','0','','','','','','','','','2020/9/2','','0','01','0','0'
2021-01-08 17:29:26 INFO  DataDeal:338 - insert into lcpol (GRPCONTNO,GRPPOLNO,CONTNO,POLNO,PROPOSALNO,PRTNO,CONTTYPE,POLTYPEFLAG,MAINPOLNO,MASTERPOLNO,KINDCODE,RISKCODE,RISKVERSION,MANAGECOM,AGENTCOM,AGENTTYPE,AGENTCODE,AGENTGROUP,AGENTCODE1,SALECHNL,HANDLER,INSUREDNO,INSUREDNAME,INSUREDSEX,INSUREDBIRTHDAY,INSUREDAPPAGE,INSUREDPEOPLES,OCCUPATIONTYPE,APPNTNO,APPNTNAME,CVALIDATE,SIGNCOM,SIGNDATE,SIGNTIME,FIRSTPAYDATE,PAYENDDATE,PAYTODATE,GETSTARTDATE,ENDDATE,ACCIENDDATE,GETYEARFLAG,GETYEAR,PAYENDYEARFLAG,PAYENDYEAR,INSUYEARFLAG,INSUYEAR,ACCIYEARFLAG,ACCIYEAR,GETSTARTTYPE,SPECIFYVALIDATE,PAYMODE,PAYLOCATION,PAYINTV,PAYYEARS,YEARS,MANAGEFEERATE,FLOATRATE,PREMTOAMNT,MULT,STANDPREM,PREM,SUMPREM,AMNT,RISKAMNT,LEAVINGMONEY,ENDORSETIMES,CLAIMTIMES,LIVETIMES,RENEWCOUNT,LASTGETDATE,LASTLOANDATE,LASTREGETDATE,LASTEDORDATE,LASTREVDATE,RNEWFLAG,STOPFLAG,EXPIRYFLAG,AUTOPAYFLAG,INTERESTDIFFLAG,SUBFLAG,BNFFLAG,HEALTHCHECKFLAG,IMPARTFLAG,REINSUREFLAG,AGENTPAYFLAG,AGENTGETFLAG,LIVEGETMODE,DEADGETMODE,BONUSGETMODE,BONUSMAN,DEADFLAG,SMOKEFLAG,REMARK,APPROVEFLAG,APPROVECODE,APPROVEDATE,APPROVETIME,UWFLAG,UWCODE,UWDATE,UWTIME,POLAPPLYDATE,APPFLAG,POLSTATE,STANDBYFLAG1,STANDBYFLAG2,STANDBYFLAG3,OPERATOR,MAKEDATE,MAKETIME,MODIFYDATE,MODIFYTIME,WAITPERIOD,GETFORM,GETBANKCODE,GETBANKACCNO,GETACCNAME,KEEPVALUEOPT,ASCRIPTIONRULECODE,PAYRULECODE,ASCRIPTIONFLAG,PCVALIDATE,COMMONFLAG,COMMONINSURATE,CONTPAYMODE,PERSONPREMRATE,PERSONAMNTRATE) values (?,?,?,?,?,?,?,?,?,?,?,?,?,?,?,?,?,?,?,?,?,?,?,?,?,?,?,?,?,?,?,?,?,?,?,?,?,?,?,?,?,?,?,?,?,?,?,?,?,?,?,?,?,?,?,?,?,?,?,?,?,?,?,?,?,?,?,?,?,?,?,?,?,?,?,?,?,?,?,?,?,?,?,?,?,?,?,?,?,?,?,?,?,?,?,?,?,?,?,?,?,?,?,?,?,?,?,?,?,?,?,?,?,?,?,?,?,?,?,?,?,?,?,?,?,?,?)
2021-01-08 17:29:26 ERROR DataDeal:343 - 1988/3/14
2021-01-08 17:29:26 ERROR DataDeal:343 - 2020/9/2
2021-01-08 17:29:26 ERROR DataDeal:343 - 2020/9/2
2021-01-08 17:29:26 ERROR DataDeal:343 - 
2021-01-08 17:29:26 ERROR DataDeal:343 - 2021/1/21
2021-01-08 17:29:26 ERROR DataDeal:343 - 2021/1/21
2021-01-08 17:29:26 ERROR DataDeal:343 - 2020/9/2
2021-01-08 17:29:26 ERROR DataDeal:343 - 2021/1/21
2021-01-08 17:29:26 ERROR DataDeal:343 - 2021/1/21
2021-01-08 17:29:26 ERROR DataDeal:343 - 2020/12/9
2021-01-08 17:29:26 ERROR DataDeal:343 - 2020/9/2
2021-01-08 17:29:26 ERROR DataDeal:343 - 
2021-01-08 17:29:26 ERROR DataDeal:343 - 2020/9/2
2021-01-08 17:29:26 ERROR DataDeal:343 - 2020/1/22
2021-01-08 17:29:26 ERROR DataDeal:343 - 2020/9/1
2021-01-08 17:29:26 ERROR DataDeal:343 - 2020/12/8
2021-01-08 17:29:26 ERROR DataDeal:343 - 2020/9/2
2021-01-08 17:39:07 INFO  DataDeal:248 - '2853012865954','27530118209361','2053012184244566','265301161546264','265301161546264','60201900130014','2','0','265301161546264','','A','191','2006','5301','','01','TK00030449','000000002394','','3','','8156973586','柯远','0','1988/3/14','32','1','4','0000569536','元道通信股份有限公司','2020/9/2','5301','2020/9/2','18:26:05','','2021/1/21','2021/1/21','2020/9/2','2021/1/21','','Y','0','M','5','M','5','','0','','N','','','0','1','12','0','1','','0','3.85','3.85','3.85','100','100','0','0','0','0','0','','','2021/1/21','2020/12/9','2020/9/2','-2','','','1','','','0','','0','0','','','','','','','','','','0','','','','9','gzlongy','2020/9/2','14:46:17','2020/1/22','4','4','','0','','yuandao','2020/9/1','14:01:37','2020/12/8','18:06:44','0','','','','','','','','','2020/9/2','','0','01','0','0'
2021-01-08 17:39:07 INFO  DataBaseConnect:37 - oracle drive loading!
2021-01-08 17:39:07 INFO  DataBaseConnect:61 - start to try connect database...
2021-01-08 17:39:08 INFO  DataBaseConnect:64 - jdbc:oracle:thin:@//10.136.100.25:1521/tkpsmdev
2021-01-08 17:39:08 INFO  DataBaseConnect:66 - user name: fcsm	 password:******
2021-01-08 17:39:08 INFO  DataBaseConnect:67 - database connect success!
2021-01-08 17:39:08 ERROR DataDeal:211 - 程序异常终止
2021-01-08 17:39:08 INFO  DataDeal:99 - 该文件处理所耗时间：0.533 秒 
2021-01-08 17:39:08 INFO  DataDeal:248 - '2853012865954','27530118209361','2053012184244566','265301161546264','265301161546264','60201900130014','2','0','265301161546264','','A','191','2006','5301','','01','TK00030449','000000002394','','3','','8156973586','柯远','0','1988/3/14','32','1','4','0000569536','元道通信股份有限公司','2020/9/2','5301','2020/9/2','18:26:05','','2021/1/21','2021/1/21','2020/9/2','2021/1/21','','Y','0','M','5','M','5','','0','','N','','','0','1','12','0','1','','0','3.85','3.85','3.85','100','100','0','0','0','0','0','','','2021/1/21','2020/12/9','2020/9/2','-2','','','1','','','0','','0','0','','','','','','','','','','0','','','','9','gzlongy','2020/9/2','14:46:17','2020/1/22','4','4','','0','','yuandao','2020/9/1','14:01:37','2020/12/8','18:06:44','0','','','','','','','','','2020/9/2','','0','01','0','0'
2021-01-08 17:39:08 INFO  DataDeal:338 - insert into lcpol (GRPCONTNO,GRPPOLNO,CONTNO,POLNO,PROPOSALNO,PRTNO,CONTTYPE,POLTYPEFLAG,MAINPOLNO,MASTERPOLNO,KINDCODE,RISKCODE,RISKVERSION,MANAGECOM,AGENTCOM,AGENTTYPE,AGENTCODE,AGENTGROUP,AGENTCODE1,SALECHNL,HANDLER,INSUREDNO,INSUREDNAME,INSUREDSEX,INSUREDBIRTHDAY,INSUREDAPPAGE,INSUREDPEOPLES,OCCUPATIONTYPE,APPNTNO,APPNTNAME,CVALIDATE,SIGNCOM,SIGNDATE,SIGNTIME,FIRSTPAYDATE,PAYENDDATE,PAYTODATE,GETSTARTDATE,ENDDATE,ACCIENDDATE,GETYEARFLAG,GETYEAR,PAYENDYEARFLAG,PAYENDYEAR,INSUYEARFLAG,INSUYEAR,ACCIYEARFLAG,ACCIYEAR,GETSTARTTYPE,SPECIFYVALIDATE,PAYMODE,PAYLOCATION,PAYINTV,PAYYEARS,YEARS,MANAGEFEERATE,FLOATRATE,PREMTOAMNT,MULT,STANDPREM,PREM,SUMPREM,AMNT,RISKAMNT,LEAVINGMONEY,ENDORSETIMES,CLAIMTIMES,LIVETIMES,RENEWCOUNT,LASTGETDATE,LASTLOANDATE,LASTREGETDATE,LASTEDORDATE,LASTREVDATE,RNEWFLAG,STOPFLAG,EXPIRYFLAG,AUTOPAYFLAG,INTERESTDIFFLAG,SUBFLAG,BNFFLAG,HEALTHCHECKFLAG,IMPARTFLAG,REINSUREFLAG,AGENTPAYFLAG,AGENTGETFLAG,LIVEGETMODE,DEADGETMODE,BONUSGETMODE,BONUSMAN,DEADFLAG,SMOKEFLAG,REMARK,APPROVEFLAG,APPROVECODE,APPROVEDATE,APPROVETIME,UWFLAG,UWCODE,UWDATE,UWTIME,POLAPPLYDATE,APPFLAG,POLSTATE,STANDBYFLAG1,STANDBYFLAG2,STANDBYFLAG3,OPERATOR,MAKEDATE,MAKETIME,MODIFYDATE,MODIFYTIME,WAITPERIOD,GETFORM,GETBANKCODE,GETBANKACCNO,GETACCNAME,KEEPVALUEOPT,ASCRIPTIONRULECODE,PAYRULECODE,ASCRIPTIONFLAG,PCVALIDATE,COMMONFLAG,COMMONINSURATE,CONTPAYMODE,PERSONPREMRATE,PERSONAMNTRATE) values (?,?,?,?,?,?,?,?,?,?,?,?,?,?,?,?,?,?,?,?,?,?,?,?,?,?,?,?,?,?,?,?,?,?,?,?,?,?,?,?,?,?,?,?,?,?,?,?,?,?,?,?,?,?,?,?,?,?,?,?,?,?,?,?,?,?,?,?,?,?,?,?,?,?,?,?,?,?,?,?,?,?,?,?,?,?,?,?,?,?,?,?,?,?,?,?,?,?,?,?,?,?,?,?,?,?,?,?,?,?,?,?,?,?,?,?,?,?,?,?,?,?,?,?,?,?,?)
2021-01-08 17:39:08 ERROR DataDeal:343 - 1988/3/14
2021-01-08 17:39:08 ERROR DataDeal:343 - 2020/9/2
2021-01-08 17:39:08 ERROR DataDeal:343 - 2020/9/2
2021-01-08 17:39:08 ERROR DataDeal:343 - 
2021-01-08 17:39:08 ERROR DataDeal:343 - 2021/1/21
2021-01-08 17:39:08 ERROR DataDeal:343 - 2021/1/21
2021-01-08 17:39:08 ERROR DataDeal:343 - 2020/9/2
2021-01-08 17:39:08 ERROR DataDeal:343 - 2021/1/21
2021-01-08 17:39:08 ERROR DataDeal:343 - 2021/1/21
2021-01-08 17:39:08 ERROR DataDeal:343 - 2020/12/9
2021-01-08 17:39:08 ERROR DataDeal:343 - 2020/9/2
2021-01-08 17:39:08 ERROR DataDeal:343 - 
2021-01-08 17:39:08 ERROR DataDeal:343 - 2020/9/2
2021-01-08 17:39:08 ERROR DataDeal:343 - 2020/1/22
2021-01-08 17:39:08 ERROR DataDeal:343 - 2020/9/1
2021-01-08 17:39:08 ERROR DataDeal:343 - 2020/12/8
2021-01-08 17:39:08 ERROR DataDeal:343 - 2020/9/2
2021-01-08 17:44:06 INFO  DataDeal:248 - '2853012865954','27530118209361','2053012184244566','265301161546264','265301161546264','60201900130014','2','0','265301161546264','','A','191','2006','5301','','01','TK00030449','000000002394','','3','','8156973586','柯远','0','1988/3/14','32','1','4','0000569536','元道通信股份有限公司','2020/9/2','5301','2020/9/2','18:26:05','','2021/1/21','2021/1/21','2020/9/2','2021/1/21','','Y','0','M','5','M','5','','0','','N','','','0','1','12','0','1','','0','3.85','3.85','3.85','100','100','0','0','0','0','0','','','2021/1/21','2020/12/9','2020/9/2','-2','','','1','','','0','','0','0','','','','','','','','','','0','','','','9','gzlongy','2020/9/2','14:46:17','2020/1/22','4','4','','0','','yuandao','2020/9/1','14:01:37','2020/12/8','18:06:44','0','','','','','','','','','2020/9/2','','0','01','0','0'
2021-01-08 17:44:06 INFO  DataBaseConnect:37 - oracle drive loading!
2021-01-08 17:44:06 INFO  DataBaseConnect:61 - start to try connect database...
2021-01-08 17:44:06 INFO  DataBaseConnect:64 - jdbc:oracle:thin:@//10.136.100.25:1521/tkpsmdev
2021-01-08 17:44:06 INFO  DataBaseConnect:66 - user name: fcsm	 password:******
2021-01-08 17:44:06 INFO  DataBaseConnect:67 - database connect success!
2021-01-08 17:44:06 ERROR DataDeal:211 - 程序异常终止
2021-01-08 17:44:06 INFO  DataDeal:99 - 该文件处理所耗时间：0.527 秒 
2021-01-08 17:44:06 INFO  DataDeal:248 - '2853012865954','27530118209361','2053012184244566','265301161546264','265301161546264','60201900130014','2','0','265301161546264','','A','191','2006','5301','','01','TK00030449','000000002394','','3','','8156973586','柯远','0','1988/3/14','32','1','4','0000569536','元道通信股份有限公司','2020/9/2','5301','2020/9/2','18:26:05','','2021/1/21','2021/1/21','2020/9/2','2021/1/21','','Y','0','M','5','M','5','','0','','N','','','0','1','12','0','1','','0','3.85','3.85','3.85','100','100','0','0','0','0','0','','','2021/1/21','2020/12/9','2020/9/2','-2','','','1','','','0','','0','0','','','','','','','','','','0','','','','9','gzlongy','2020/9/2','14:46:17','2020/1/22','4','4','','0','','yuandao','2020/9/1','14:01:37','2020/12/8','18:06:44','0','','','','','','','','','2020/9/2','','0','01','0','0'
2021-01-08 17:44:06 INFO  DataDeal:338 - insert into lcpol (GRPCONTNO,GRPPOLNO,CONTNO,POLNO,PROPOSALNO,PRTNO,CONTTYPE,POLTYPEFLAG,MAINPOLNO,MASTERPOLNO,KINDCODE,RISKCODE,RISKVERSION,MANAGECOM,AGENTCOM,AGENTTYPE,AGENTCODE,AGENTGROUP,AGENTCODE1,SALECHNL,HANDLER,INSUREDNO,INSUREDNAME,INSUREDSEX,INSUREDBIRTHDAY,INSUREDAPPAGE,INSUREDPEOPLES,OCCUPATIONTYPE,APPNTNO,APPNTNAME,CVALIDATE,SIGNCOM,SIGNDATE,SIGNTIME,FIRSTPAYDATE,PAYENDDATE,PAYTODATE,GETSTARTDATE,ENDDATE,ACCIENDDATE,GETYEARFLAG,GETYEAR,PAYENDYEARFLAG,PAYENDYEAR,INSUYEARFLAG,INSUYEAR,ACCIYEARFLAG,ACCIYEAR,GETSTARTTYPE,SPECIFYVALIDATE,PAYMODE,PAYLOCATION,PAYINTV,PAYYEARS,YEARS,MANAGEFEERATE,FLOATRATE,PREMTOAMNT,MULT,STANDPREM,PREM,SUMPREM,AMNT,RISKAMNT,LEAVINGMONEY,ENDORSETIMES,CLAIMTIMES,LIVETIMES,RENEWCOUNT,LASTGETDATE,LASTLOANDATE,LASTREGETDATE,LASTEDORDATE,LASTREVDATE,RNEWFLAG,STOPFLAG,EXPIRYFLAG,AUTOPAYFLAG,INTERESTDIFFLAG,SUBFLAG,BNFFLAG,HEALTHCHECKFLAG,IMPARTFLAG,REINSUREFLAG,AGENTPAYFLAG,AGENTGETFLAG,LIVEGETMODE,DEADGETMODE,BONUSGETMODE,BONUSMAN,DEADFLAG,SMOKEFLAG,REMARK,APPROVEFLAG,APPROVECODE,APPROVEDATE,APPROVETIME,UWFLAG,UWCODE,UWDATE,UWTIME,POLAPPLYDATE,APPFLAG,POLSTATE,STANDBYFLAG1,STANDBYFLAG2,STANDBYFLAG3,OPERATOR,MAKEDATE,MAKETIME,MODIFYDATE,MODIFYTIME,WAITPERIOD,GETFORM,GETBANKCODE,GETBANKACCNO,GETACCNAME,KEEPVALUEOPT,ASCRIPTIONRULECODE,PAYRULECODE,ASCRIPTIONFLAG,PCVALIDATE,COMMONFLAG,COMMONINSURATE,CONTPAYMODE,PERSONPREMRATE,PERSONAMNTRATE) values (?,?,?,?,?,?,?,?,?,?,?,?,?,?,?,?,?,?,?,?,?,?,?,?,?,?,?,?,?,?,?,?,?,?,?,?,?,?,?,?,?,?,?,?,?,?,?,?,?,?,?,?,?,?,?,?,?,?,?,?,?,?,?,?,?,?,?,?,?,?,?,?,?,?,?,?,?,?,?,?,?,?,?,?,?,?,?,?,?,?,?,?,?,?,?,?,?,?,?,?,?,?,?,?,?,?,?,?,?,?,?,?,?,?,?,?,?,?,?,?,?,?,?,?,?,?,?)
2021-01-08 17:44:06 ERROR DataDeal:343 - 1988/3/14
2021-01-08 17:44:06 ERROR DataDeal:343 - 2020/9/2
2021-01-08 17:44:06 ERROR DataDeal:343 - 2020/9/2
2021-01-08 17:44:06 ERROR DataDeal:343 - 
2021-01-08 17:44:06 ERROR DataDeal:343 - 2021/1/21
2021-01-08 17:44:06 ERROR DataDeal:343 - 2021/1/21
2021-01-08 17:44:06 ERROR DataDeal:343 - 2020/9/2
2021-01-08 17:44:06 ERROR DataDeal:343 - 2021/1/21
2021-01-08 17:44:06 ERROR DataDeal:343 - 2021/1/21
2021-01-08 17:44:06 ERROR DataDeal:343 - 2020/12/9
2021-01-08 17:44:06 ERROR DataDeal:343 - 2020/9/2
2021-01-08 17:44:06 ERROR DataDeal:343 - 
2021-01-08 17:44:06 ERROR DataDeal:343 - 2020/9/2
2021-01-08 17:44:06 ERROR DataDeal:343 - 2020/1/22
2021-01-08 17:44:06 ERROR DataDeal:343 - 2020/9/1
2021-01-08 17:44:06 ERROR DataDeal:343 - 2020/12/8
2021-01-08 17:44:06 ERROR DataDeal:343 - 2020/9/2
2021-01-08 17:44:15 INFO  DataDeal:248 - '2853012865954','27530118209361','2053012184244566','265301161546264','265301161546264','60201900130014','2','0','265301161546264','','A','191','2006','5301','','01','TK00030449','000000002394','','3','','8156973586','柯远','0','1988/3/14','32','1','4','0000569536','元道通信股份有限公司','2020/9/2','5301','2020/9/2','18:26:05','','2021/1/21','2021/1/21','2020/9/2','2021/1/21','','Y','0','M','5','M','5','','0','','N','','','0','1','12','0','1','','0','3.85','3.85','3.85','100','100','0','0','0','0','0','','','2021/1/21','2020/12/9','2020/9/2','-2','','','1','','','0','','0','0','','','','','','','','','','0','','','','9','gzlongy','2020/9/2','14:46:17','2020/1/22','4','4','','0','','yuandao','2020/9/1','14:01:37','2020/12/8','18:06:44','0','','','','','','','','','2020/9/2','','0','01','0','0'
2021-01-08 17:44:15 INFO  DataBaseConnect:37 - oracle drive loading!
2021-01-08 17:44:15 INFO  DataBaseConnect:61 - start to try connect database...
2021-01-08 17:44:15 INFO  DataBaseConnect:64 - jdbc:oracle:thin:@//10.136.100.25:1521/tkpsmdev
2021-01-08 17:44:15 INFO  DataBaseConnect:66 - user name: fcsm	 password:******
2021-01-08 17:44:15 INFO  DataBaseConnect:67 - database connect success!
2021-01-08 17:44:16 ERROR DataDeal:211 - 程序异常终止
2021-01-08 17:44:16 INFO  DataDeal:99 - 该文件处理所耗时间：0.645 秒 
2021-01-08 17:44:16 INFO  DataDeal:248 - '2853012865954','27530118209361','2053012184244566','265301161546264','265301161546264','60201900130014','2','0','265301161546264','','A','191','2006','5301','','01','TK00030449','000000002394','','3','','8156973586','柯远','0','1988/3/14','32','1','4','0000569536','元道通信股份有限公司','2020/9/2','5301','2020/9/2','18:26:05','','2021/1/21','2021/1/21','2020/9/2','2021/1/21','','Y','0','M','5','M','5','','0','','N','','','0','1','12','0','1','','0','3.85','3.85','3.85','100','100','0','0','0','0','0','','','2021/1/21','2020/12/9','2020/9/2','-2','','','1','','','0','','0','0','','','','','','','','','','0','','','','9','gzlongy','2020/9/2','14:46:17','2020/1/22','4','4','','0','','yuandao','2020/9/1','14:01:37','2020/12/8','18:06:44','0','','','','','','','','','2020/9/2','','0','01','0','0'
2021-01-08 17:44:16 INFO  DataDeal:338 - insert into lcpol (GRPCONTNO,GRPPOLNO,CONTNO,POLNO,PROPOSALNO,PRTNO,CONTTYPE,POLTYPEFLAG,MAINPOLNO,MASTERPOLNO,KINDCODE,RISKCODE,RISKVERSION,MANAGECOM,AGENTCOM,AGENTTYPE,AGENTCODE,AGENTGROUP,AGENTCODE1,SALECHNL,HANDLER,INSUREDNO,INSUREDNAME,INSUREDSEX,INSUREDBIRTHDAY,INSUREDAPPAGE,INSUREDPEOPLES,OCCUPATIONTYPE,APPNTNO,APPNTNAME,CVALIDATE,SIGNCOM,SIGNDATE,SIGNTIME,FIRSTPAYDATE,PAYENDDATE,PAYTODATE,GETSTARTDATE,ENDDATE,ACCIENDDATE,GETYEARFLAG,GETYEAR,PAYENDYEARFLAG,PAYENDYEAR,INSUYEARFLAG,INSUYEAR,ACCIYEARFLAG,ACCIYEAR,GETSTARTTYPE,SPECIFYVALIDATE,PAYMODE,PAYLOCATION,PAYINTV,PAYYEARS,YEARS,MANAGEFEERATE,FLOATRATE,PREMTOAMNT,MULT,STANDPREM,PREM,SUMPREM,AMNT,RISKAMNT,LEAVINGMONEY,ENDORSETIMES,CLAIMTIMES,LIVETIMES,RENEWCOUNT,LASTGETDATE,LASTLOANDATE,LASTREGETDATE,LASTEDORDATE,LASTREVDATE,RNEWFLAG,STOPFLAG,EXPIRYFLAG,AUTOPAYFLAG,INTERESTDIFFLAG,SUBFLAG,BNFFLAG,HEALTHCHECKFLAG,IMPARTFLAG,REINSUREFLAG,AGENTPAYFLAG,AGENTGETFLAG,LIVEGETMODE,DEADGETMODE,BONUSGETMODE,BONUSMAN,DEADFLAG,SMOKEFLAG,REMARK,APPROVEFLAG,APPROVECODE,APPROVEDATE,APPROVETIME,UWFLAG,UWCODE,UWDATE,UWTIME,POLAPPLYDATE,APPFLAG,POLSTATE,STANDBYFLAG1,STANDBYFLAG2,STANDBYFLAG3,OPERATOR,MAKEDATE,MAKETIME,MODIFYDATE,MODIFYTIME,WAITPERIOD,GETFORM,GETBANKCODE,GETBANKACCNO,GETACCNAME,KEEPVALUEOPT,ASCRIPTIONRULECODE,PAYRULECODE,ASCRIPTIONFLAG,PCVALIDATE,COMMONFLAG,COMMONINSURATE,CONTPAYMODE,PERSONPREMRATE,PERSONAMNTRATE) values (?,?,?,?,?,?,?,?,?,?,?,?,?,?,?,?,?,?,?,?,?,?,?,?,?,?,?,?,?,?,?,?,?,?,?,?,?,?,?,?,?,?,?,?,?,?,?,?,?,?,?,?,?,?,?,?,?,?,?,?,?,?,?,?,?,?,?,?,?,?,?,?,?,?,?,?,?,?,?,?,?,?,?,?,?,?,?,?,?,?,?,?,?,?,?,?,?,?,?,?,?,?,?,?,?,?,?,?,?,?,?,?,?,?,?,?,?,?,?,?,?,?,?,?,?,?,?)
2021-01-08 17:44:16 ERROR DataDeal:343 - 1988/3/14
2021-01-08 17:44:16 ERROR DataDeal:343 - 2020/9/2
2021-01-08 17:44:16 ERROR DataDeal:343 - 2020/9/2
2021-01-08 17:44:16 ERROR DataDeal:343 - 
2021-01-08 17:44:16 ERROR DataDeal:343 - 2021/1/21
2021-01-08 17:44:16 ERROR DataDeal:343 - 2021/1/21
2021-01-08 17:44:16 ERROR DataDeal:343 - 2020/9/2
2021-01-08 17:44:16 ERROR DataDeal:343 - 2021/1/21
2021-01-08 17:44:16 ERROR DataDeal:343 - 2021/1/21
2021-01-08 17:44:16 ERROR DataDeal:343 - 2020/12/9
2021-01-08 17:44:16 ERROR DataDeal:343 - 2020/9/2
2021-01-08 17:44:16 ERROR DataDeal:343 - 
2021-01-08 17:44:16 ERROR DataDeal:343 - 2020/9/2
2021-01-08 17:44:16 ERROR DataDeal:343 - 2020/1/22
2021-01-08 17:44:16 ERROR DataDeal:343 - 2020/9/1
2021-01-08 17:44:16 ERROR DataDeal:343 - 2020/12/8
2021-01-08 17:44:16 ERROR DataDeal:343 - 2020/9/2
2021-01-08 17:44:34 INFO  DataDeal:248 - '2853012865954','27530118209361','2053012184244566','265301161546264','265301161546264','60201900130014','2','0','265301161546264','','A','191','2006','5301','','01','TK00030449','000000002394','','3','','8156973586','柯远','0','1988/3/14','32','1','4','0000569536','元道通信股份有限公司','2020/9/2','5301','2020/9/2','18:26:05','','2021/1/21','2021/1/21','2020/9/2','2021/1/21','','Y','0','M','5','M','5','','0','','N','','','0','1','12','0','1','','0','3.85','3.85','3.85','100','100','0','0','0','0','0','','','2021/1/21','2020/12/9','2020/9/2','-2','','','1','','','0','','0','0','','','','','','','','','','0','','','','9','gzlongy','2020/9/2','14:46:17','2020/1/22','4','4','','0','','yuandao','2020/9/1','14:01:37','2020/12/8','18:06:44','0','','','','','','','','','2020/9/2','','0','01','0','0'
2021-01-08 17:44:34 INFO  DataBaseConnect:37 - oracle drive loading!
2021-01-08 17:44:34 INFO  DataBaseConnect:61 - start to try connect database...
2021-01-08 17:44:34 INFO  DataBaseConnect:64 - jdbc:oracle:thin:@//10.136.100.25:1521/tkpsmdev
2021-01-08 17:44:34 INFO  DataBaseConnect:66 - user name: fcsm	 password:******
2021-01-08 17:44:34 INFO  DataBaseConnect:67 - database connect success!
2021-01-08 17:44:35 ERROR DataDeal:211 - 程序异常终止
2021-01-08 17:44:35 INFO  DataDeal:99 - 该文件处理所耗时间：0.483 秒 
2021-01-08 17:44:35 INFO  DataDeal:248 - '2853012865954','27530118209361','2053012184244566','265301161546264','265301161546264','60201900130014','2','0','265301161546264','','A','191','2006','5301','','01','TK00030449','000000002394','','3','','8156973586','柯远','0','1988/3/14','32','1','4','0000569536','元道通信股份有限公司','2020/9/2','5301','2020/9/2','18:26:05','','2021/1/21','2021/1/21','2020/9/2','2021/1/21','','Y','0','M','5','M','5','','0','','N','','','0','1','12','0','1','','0','3.85','3.85','3.85','100','100','0','0','0','0','0','','','2021/1/21','2020/12/9','2020/9/2','-2','','','1','','','0','','0','0','','','','','','','','','','0','','','','9','gzlongy','2020/9/2','14:46:17','2020/1/22','4','4','','0','','yuandao','2020/9/1','14:01:37','2020/12/8','18:06:44','0','','','','','','','','','2020/9/2','','0','01','0','0'
2021-01-08 17:44:35 INFO  DataDeal:338 - insert into lcpol (GRPCONTNO,GRPPOLNO,CONTNO,POLNO,PROPOSALNO,PRTNO,CONTTYPE,POLTYPEFLAG,MAINPOLNO,MASTERPOLNO,KINDCODE,RISKCODE,RISKVERSION,MANAGECOM,AGENTCOM,AGENTTYPE,AGENTCODE,AGENTGROUP,AGENTCODE1,SALECHNL,HANDLER,INSUREDNO,INSUREDNAME,INSUREDSEX,INSUREDBIRTHDAY,INSUREDAPPAGE,INSUREDPEOPLES,OCCUPATIONTYPE,APPNTNO,APPNTNAME,CVALIDATE,SIGNCOM,SIGNDATE,SIGNTIME,FIRSTPAYDATE,PAYENDDATE,PAYTODATE,GETSTARTDATE,ENDDATE,ACCIENDDATE,GETYEARFLAG,GETYEAR,PAYENDYEARFLAG,PAYENDYEAR,INSUYEARFLAG,INSUYEAR,ACCIYEARFLAG,ACCIYEAR,GETSTARTTYPE,SPECIFYVALIDATE,PAYMODE,PAYLOCATION,PAYINTV,PAYYEARS,YEARS,MANAGEFEERATE,FLOATRATE,PREMTOAMNT,MULT,STANDPREM,PREM,SUMPREM,AMNT,RISKAMNT,LEAVINGMONEY,ENDORSETIMES,CLAIMTIMES,LIVETIMES,RENEWCOUNT,LASTGETDATE,LASTLOANDATE,LASTREGETDATE,LASTEDORDATE,LASTREVDATE,RNEWFLAG,STOPFLAG,EXPIRYFLAG,AUTOPAYFLAG,INTERESTDIFFLAG,SUBFLAG,BNFFLAG,HEALTHCHECKFLAG,IMPARTFLAG,REINSUREFLAG,AGENTPAYFLAG,AGENTGETFLAG,LIVEGETMODE,DEADGETMODE,BONUSGETMODE,BONUSMAN,DEADFLAG,SMOKEFLAG,REMARK,APPROVEFLAG,APPROVECODE,APPROVEDATE,APPROVETIME,UWFLAG,UWCODE,UWDATE,UWTIME,POLAPPLYDATE,APPFLAG,POLSTATE,STANDBYFLAG1,STANDBYFLAG2,STANDBYFLAG3,OPERATOR,MAKEDATE,MAKETIME,MODIFYDATE,MODIFYTIME,WAITPERIOD,GETFORM,GETBANKCODE,GETBANKACCNO,GETACCNAME,KEEPVALUEOPT,ASCRIPTIONRULECODE,PAYRULECODE,ASCRIPTIONFLAG,PCVALIDATE,COMMONFLAG,COMMONINSURATE,CONTPAYMODE,PERSONPREMRATE,PERSONAMNTRATE) values (?,?,?,?,?,?,?,?,?,?,?,?,?,?,?,?,?,?,?,?,?,?,?,?,?,?,?,?,?,?,?,?,?,?,?,?,?,?,?,?,?,?,?,?,?,?,?,?,?,?,?,?,?,?,?,?,?,?,?,?,?,?,?,?,?,?,?,?,?,?,?,?,?,?,?,?,?,?,?,?,?,?,?,?,?,?,?,?,?,?,?,?,?,?,?,?,?,?,?,?,?,?,?,?,?,?,?,?,?,?,?,?,?,?,?,?,?,?,?,?,?,?,?,?,?,?,?)
2021-01-08 17:44:35 ERROR DataDeal:343 - 1988/3/14
2021-01-08 17:44:35 ERROR DataDeal:343 - 2020/9/2
2021-01-08 17:44:35 ERROR DataDeal:343 - 2020/9/2
2021-01-08 17:44:35 ERROR DataDeal:343 - 
2021-01-08 17:44:35 ERROR DataDeal:343 - 2021/1/21
2021-01-08 17:44:35 ERROR DataDeal:343 - 2021/1/21
2021-01-08 17:44:35 ERROR DataDeal:343 - 2020/9/2
2021-01-08 17:44:35 ERROR DataDeal:343 - 2021/1/21
2021-01-08 17:44:35 ERROR DataDeal:343 - 2021/1/21
2021-01-08 17:44:35 ERROR DataDeal:343 - 2020/12/9
2021-01-08 17:44:35 ERROR DataDeal:343 - 2020/9/2
2021-01-08 17:44:35 ERROR DataDeal:343 - 
2021-01-08 17:44:35 ERROR DataDeal:343 - 2020/9/2
2021-01-08 17:44:35 ERROR DataDeal:343 - 2020/1/22
2021-01-08 17:44:35 ERROR DataDeal:343 - 2020/9/1
2021-01-08 17:44:35 ERROR DataDeal:343 - 2020/12/8
2021-01-08 17:44:35 ERROR DataDeal:343 - 2020/9/2
2021-01-08 17:44:45 INFO  DataDeal:248 - '2853012865954','27530118209361','2053012184244566','265301161546264','265301161546264','60201900130014','2','0','265301161546264','','A','191','2006','5301','','01','TK00030449','000000002394','','3','','8156973586','柯远','0','1988/3/14','32','1','4','0000569536','元道通信股份有限公司','2020/9/2','5301','2020/9/2','18:26:05','','2021/1/21','2021/1/21','2020/9/2','2021/1/21','','Y','0','M','5','M','5','','0','','N','','','0','1','12','0','1','','0','3.85','3.85','3.85','100','100','0','0','0','0','0','','','2021/1/21','2020/12/9','2020/9/2','-2','','','1','','','0','','0','0','','','','','','','','','','0','','','','9','gzlongy','2020/9/2','14:46:17','2020/1/22','4','4','','0','','yuandao','2020/9/1','14:01:37','2020/12/8','18:06:44','0','','','','','','','','','2020/9/2','','0','01','0','0'
2021-01-08 17:44:45 INFO  DataBaseConnect:37 - oracle drive loading!
2021-01-08 17:44:45 INFO  DataBaseConnect:61 - start to try connect database...
2021-01-08 17:44:46 INFO  DataBaseConnect:64 - jdbc:oracle:thin:@//10.136.100.25:1521/tkpsmdev
2021-01-08 17:44:46 INFO  DataBaseConnect:66 - user name: fcsm	 password:******
2021-01-08 17:44:46 INFO  DataBaseConnect:67 - database connect success!
2021-01-08 17:44:46 ERROR DataDeal:211 - 程序异常终止
2021-01-08 17:44:46 INFO  DataDeal:99 - 该文件处理所耗时间：0.551 秒 
2021-01-08 17:44:46 INFO  DataDeal:248 - '2853012865954','27530118209361','2053012184244566','265301161546264','265301161546264','60201900130014','2','0','265301161546264','','A','191','2006','5301','','01','TK00030449','000000002394','','3','','8156973586','柯远','0','1988/3/14','32','1','4','0000569536','元道通信股份有限公司','2020/9/2','5301','2020/9/2','18:26:05','','2021/1/21','2021/1/21','2020/9/2','2021/1/21','','Y','0','M','5','M','5','','0','','N','','','0','1','12','0','1','','0','3.85','3.85','3.85','100','100','0','0','0','0','0','','','2021/1/21','2020/12/9','2020/9/2','-2','','','1','','','0','','0','0','','','','','','','','','','0','','','','9','gzlongy','2020/9/2','14:46:17','2020/1/22','4','4','','0','','yuandao','2020/9/1','14:01:37','2020/12/8','18:06:44','0','','','','','','','','','2020/9/2','','0','01','0','0'
2021-01-08 17:44:46 INFO  DataDeal:338 - insert into lcpol (GRPCONTNO,GRPPOLNO,CONTNO,POLNO,PROPOSALNO,PRTNO,CONTTYPE,POLTYPEFLAG,MAINPOLNO,MASTERPOLNO,KINDCODE,RISKCODE,RISKVERSION,MANAGECOM,AGENTCOM,AGENTTYPE,AGENTCODE,AGENTGROUP,AGENTCODE1,SALECHNL,HANDLER,INSUREDNO,INSUREDNAME,INSUREDSEX,INSUREDBIRTHDAY,INSUREDAPPAGE,INSUREDPEOPLES,OCCUPATIONTYPE,APPNTNO,APPNTNAME,CVALIDATE,SIGNCOM,SIGNDATE,SIGNTIME,FIRSTPAYDATE,PAYENDDATE,PAYTODATE,GETSTARTDATE,ENDDATE,ACCIENDDATE,GETYEARFLAG,GETYEAR,PAYENDYEARFLAG,PAYENDYEAR,INSUYEARFLAG,INSUYEAR,ACCIYEARFLAG,ACCIYEAR,GETSTARTTYPE,SPECIFYVALIDATE,PAYMODE,PAYLOCATION,PAYINTV,PAYYEARS,YEARS,MANAGEFEERATE,FLOATRATE,PREMTOAMNT,MULT,STANDPREM,PREM,SUMPREM,AMNT,RISKAMNT,LEAVINGMONEY,ENDORSETIMES,CLAIMTIMES,LIVETIMES,RENEWCOUNT,LASTGETDATE,LASTLOANDATE,LASTREGETDATE,LASTEDORDATE,LASTREVDATE,RNEWFLAG,STOPFLAG,EXPIRYFLAG,AUTOPAYFLAG,INTERESTDIFFLAG,SUBFLAG,BNFFLAG,HEALTHCHECKFLAG,IMPARTFLAG,REINSUREFLAG,AGENTPAYFLAG,AGENTGETFLAG,LIVEGETMODE,DEADGETMODE,BONUSGETMODE,BONUSMAN,DEADFLAG,SMOKEFLAG,REMARK,APPROVEFLAG,APPROVECODE,APPROVEDATE,APPROVETIME,UWFLAG,UWCODE,UWDATE,UWTIME,POLAPPLYDATE,APPFLAG,POLSTATE,STANDBYFLAG1,STANDBYFLAG2,STANDBYFLAG3,OPERATOR,MAKEDATE,MAKETIME,MODIFYDATE,MODIFYTIME,WAITPERIOD,GETFORM,GETBANKCODE,GETBANKACCNO,GETACCNAME,KEEPVALUEOPT,ASCRIPTIONRULECODE,PAYRULECODE,ASCRIPTIONFLAG,PCVALIDATE,COMMONFLAG,COMMONINSURATE,CONTPAYMODE,PERSONPREMRATE,PERSONAMNTRATE) values (?,?,?,?,?,?,?,?,?,?,?,?,?,?,?,?,?,?,?,?,?,?,?,?,?,?,?,?,?,?,?,?,?,?,?,?,?,?,?,?,?,?,?,?,?,?,?,?,?,?,?,?,?,?,?,?,?,?,?,?,?,?,?,?,?,?,?,?,?,?,?,?,?,?,?,?,?,?,?,?,?,?,?,?,?,?,?,?,?,?,?,?,?,?,?,?,?,?,?,?,?,?,?,?,?,?,?,?,?,?,?,?,?,?,?,?,?,?,?,?,?,?,?,?,?,?,?)
2021-01-08 17:44:46 ERROR DataDeal:343 - 1988/3/14
2021-01-08 17:44:46 ERROR DataDeal:343 - 2020/9/2
2021-01-08 17:44:46 ERROR DataDeal:343 - 2020/9/2
2021-01-08 17:44:46 ERROR DataDeal:343 - 
2021-01-08 17:44:46 ERROR DataDeal:343 - 2021/1/21
2021-01-08 17:44:46 ERROR DataDeal:343 - 2021/1/21
2021-01-08 17:44:46 ERROR DataDeal:343 - 2020/9/2
2021-01-08 17:44:46 ERROR DataDeal:343 - 2021/1/21
2021-01-08 17:44:46 ERROR DataDeal:343 - 2021/1/21
2021-01-08 17:44:46 ERROR DataDeal:343 - 2020/12/9
2021-01-08 17:44:46 ERROR DataDeal:343 - 2020/9/2
2021-01-08 17:44:46 ERROR DataDeal:343 - 
2021-01-08 17:44:46 ERROR DataDeal:343 - 2020/9/2
2021-01-08 17:44:46 ERROR DataDeal:343 - 2020/1/22
2021-01-08 17:44:46 ERROR DataDeal:343 - 2020/9/1
2021-01-08 17:44:46 ERROR DataDeal:343 - 2020/12/8
2021-01-08 17:44:46 ERROR DataDeal:343 - 2020/9/2
2021-01-08 17:45:18 INFO  DataDeal:248 - '2853012865954','27530118209361','2053012184244566','265301161546264','265301161546264','60201900130014','2','0','265301161546264','','A','191','2006','5301','','01','TK00030449','000000002394','','3','','8156973586','柯远','0','1988/3/14','32','1','4','0000569536','元道通信股份有限公司','2020/9/2','5301','2020/9/2','18:26:05','','2021/1/21','2021/1/21','2020/9/2','2021/1/21','','Y','0','M','5','M','5','','0','','N','','','0','1','12','0','1','','0','3.85','3.85','3.85','100','100','0','0','0','0','0','','','2021/1/21','2020/12/9','2020/9/2','-2','','','1','','','0','','0','0','','','','','','','','','','0','','','','9','gzlongy','2020/9/2','14:46:17','2020/1/22','4','4','','0','','yuandao','2020/9/1','14:01:37','2020/12/8','18:06:44','0','','','','','','','','','2020/9/2','','0','01','0','0'
2021-01-08 17:45:19 INFO  DataBaseConnect:37 - oracle drive loading!
2021-01-08 17:45:19 INFO  DataBaseConnect:61 - start to try connect database...
2021-01-08 17:45:19 INFO  DataBaseConnect:64 - jdbc:oracle:thin:@//10.136.100.25:1521/tkpsmdev
2021-01-08 17:45:19 INFO  DataBaseConnect:66 - user name: fcsm	 password:******
2021-01-08 17:45:19 INFO  DataBaseConnect:67 - database connect success!
2021-01-08 17:45:19 ERROR DataDeal:211 - 程序异常终止
2021-01-08 17:45:19 INFO  DataDeal:99 - 该文件处理所耗时间：0.52 秒 
2021-01-08 17:45:19 INFO  DataDeal:248 - '2853012865954','27530118209361','2053012184244566','265301161546264','265301161546264','60201900130014','2','0','265301161546264','','A','191','2006','5301','','01','TK00030449','000000002394','','3','','8156973586','柯远','0','1988/3/14','32','1','4','0000569536','元道通信股份有限公司','2020/9/2','5301','2020/9/2','18:26:05','','2021/1/21','2021/1/21','2020/9/2','2021/1/21','','Y','0','M','5','M','5','','0','','N','','','0','1','12','0','1','','0','3.85','3.85','3.85','100','100','0','0','0','0','0','','','2021/1/21','2020/12/9','2020/9/2','-2','','','1','','','0','','0','0','','','','','','','','','','0','','','','9','gzlongy','2020/9/2','14:46:17','2020/1/22','4','4','','0','','yuandao','2020/9/1','14:01:37','2020/12/8','18:06:44','0','','','','','','','','','2020/9/2','','0','01','0','0'
2021-01-08 17:45:19 INFO  DataDeal:338 - insert into lcpol (GRPCONTNO,GRPPOLNO,CONTNO,POLNO,PROPOSALNO,PRTNO,CONTTYPE,POLTYPEFLAG,MAINPOLNO,MASTERPOLNO,KINDCODE,RISKCODE,RISKVERSION,MANAGECOM,AGENTCOM,AGENTTYPE,AGENTCODE,AGENTGROUP,AGENTCODE1,SALECHNL,HANDLER,INSUREDNO,INSUREDNAME,INSUREDSEX,INSUREDBIRTHDAY,INSUREDAPPAGE,INSUREDPEOPLES,OCCUPATIONTYPE,APPNTNO,APPNTNAME,CVALIDATE,SIGNCOM,SIGNDATE,SIGNTIME,FIRSTPAYDATE,PAYENDDATE,PAYTODATE,GETSTARTDATE,ENDDATE,ACCIENDDATE,GETYEARFLAG,GETYEAR,PAYENDYEARFLAG,PAYENDYEAR,INSUYEARFLAG,INSUYEAR,ACCIYEARFLAG,ACCIYEAR,GETSTARTTYPE,SPECIFYVALIDATE,PAYMODE,PAYLOCATION,PAYINTV,PAYYEARS,YEARS,MANAGEFEERATE,FLOATRATE,PREMTOAMNT,MULT,STANDPREM,PREM,SUMPREM,AMNT,RISKAMNT,LEAVINGMONEY,ENDORSETIMES,CLAIMTIMES,LIVETIMES,RENEWCOUNT,LASTGETDATE,LASTLOANDATE,LASTREGETDATE,LASTEDORDATE,LASTREVDATE,RNEWFLAG,STOPFLAG,EXPIRYFLAG,AUTOPAYFLAG,INTERESTDIFFLAG,SUBFLAG,BNFFLAG,HEALTHCHECKFLAG,IMPARTFLAG,REINSUREFLAG,AGENTPAYFLAG,AGENTGETFLAG,LIVEGETMODE,DEADGETMODE,BONUSGETMODE,BONUSMAN,DEADFLAG,SMOKEFLAG,REMARK,APPROVEFLAG,APPROVECODE,APPROVEDATE,APPROVETIME,UWFLAG,UWCODE,UWDATE,UWTIME,POLAPPLYDATE,APPFLAG,POLSTATE,STANDBYFLAG1,STANDBYFLAG2,STANDBYFLAG3,OPERATOR,MAKEDATE,MAKETIME,MODIFYDATE,MODIFYTIME,WAITPERIOD,GETFORM,GETBANKCODE,GETBANKACCNO,GETACCNAME,KEEPVALUEOPT,ASCRIPTIONRULECODE,PAYRULECODE,ASCRIPTIONFLAG,PCVALIDATE,COMMONFLAG,COMMONINSURATE,CONTPAYMODE,PERSONPREMRATE,PERSONAMNTRATE) values (?,?,?,?,?,?,?,?,?,?,?,?,?,?,?,?,?,?,?,?,?,?,?,?,?,?,?,?,?,?,?,?,?,?,?,?,?,?,?,?,?,?,?,?,?,?,?,?,?,?,?,?,?,?,?,?,?,?,?,?,?,?,?,?,?,?,?,?,?,?,?,?,?,?,?,?,?,?,?,?,?,?,?,?,?,?,?,?,?,?,?,?,?,?,?,?,?,?,?,?,?,?,?,?,?,?,?,?,?,?,?,?,?,?,?,?,?,?,?,?,?,?,?,?,?,?,?)
2021-01-08 17:45:19 ERROR DataDeal:343 - 1988/3/14
2021-01-08 17:45:19 ERROR DataDeal:343 - 2020/9/2
2021-01-08 17:45:19 ERROR DataDeal:343 - 2020/9/2
2021-01-08 17:45:19 ERROR DataDeal:343 - 
2021-01-08 17:45:19 ERROR DataDeal:343 - 2021/1/21
2021-01-08 17:45:19 ERROR DataDeal:343 - 2021/1/21
2021-01-08 17:45:19 ERROR DataDeal:343 - 2020/9/2
2021-01-08 17:45:19 ERROR DataDeal:343 - 2021/1/21
2021-01-08 17:45:19 ERROR DataDeal:343 - 2021/1/21
2021-01-08 17:45:19 ERROR DataDeal:343 - 2020/12/9
2021-01-08 17:45:19 ERROR DataDeal:343 - 2020/9/2
2021-01-08 17:45:19 ERROR DataDeal:343 - 
2021-01-08 17:45:19 ERROR DataDeal:343 - 2020/9/2
2021-01-08 17:45:19 ERROR DataDeal:343 - 2020/1/22
2021-01-08 17:45:19 ERROR DataDeal:343 - 2020/9/1
2021-01-08 17:45:19 ERROR DataDeal:343 - 2020/12/8
2021-01-08 17:45:19 ERROR DataDeal:343 - 2020/9/2
2021-01-08 17:47:03 INFO  DataDeal:248 - '2853012865954','27530118209361','2053012184244566','265301161546264','265301161546264','60201900130014','2','0','265301161546264','','A','191','2006','5301','','01','TK00030449','000000002394','','3','','8156973586','柯远','0','1988/3/14','32','1','4','0000569536','元道通信股份有限公司','2020/9/2','5301','2020/9/2','18:26:05','','2021/1/21','2021/1/21','2020/9/2','2021/1/21','','Y','0','M','5','M','5','','0','','N','','','0','1','12','0','1','','0','3.85','3.85','3.85','100','100','0','0','0','0','0','','','2021/1/21','2020/12/9','2020/9/2','-2','','','1','','','0','','0','0','','','','','','','','','','0','','','','9','gzlongy','2020/9/2','14:46:17','2020/1/22','4','4','','0','','yuandao','2020/9/1','14:01:37','2020/12/8','18:06:44','0','','','','','','','','','2020/9/2','','0','01','0','0'
2021-01-08 17:47:03 INFO  DataBaseConnect:37 - oracle drive loading!
2021-01-08 17:47:03 INFO  DataBaseConnect:61 - start to try connect database...
2021-01-08 17:47:03 INFO  DataBaseConnect:64 - jdbc:oracle:thin:@//10.136.100.25:1521/tkpsmdev
2021-01-08 17:47:03 INFO  DataBaseConnect:66 - user name: fcsm	 password:******
2021-01-08 17:47:03 INFO  DataBaseConnect:67 - database connect success!
2021-01-08 17:47:03 ERROR DataDeal:211 - 程序异常终止
2021-01-08 17:47:03 INFO  DataDeal:99 - 该文件处理所耗时间：0.532 秒 
2021-01-08 17:47:03 INFO  DataDeal:248 - '2853012865954','27530118209361','2053012184244566','265301161546264','265301161546264','60201900130014','2','0','265301161546264','','A','191','2006','5301','','01','TK00030449','000000002394','','3','','8156973586','柯远','0','1988/3/14','32','1','4','0000569536','元道通信股份有限公司','2020/9/2','5301','2020/9/2','18:26:05','','2021/1/21','2021/1/21','2020/9/2','2021/1/21','','Y','0','M','5','M','5','','0','','N','','','0','1','12','0','1','','0','3.85','3.85','3.85','100','100','0','0','0','0','0','','','2021/1/21','2020/12/9','2020/9/2','-2','','','1','','','0','','0','0','','','','','','','','','','0','','','','9','gzlongy','2020/9/2','14:46:17','2020/1/22','4','4','','0','','yuandao','2020/9/1','14:01:37','2020/12/8','18:06:44','0','','','','','','','','','2020/9/2','','0','01','0','0'
2021-01-08 17:47:03 INFO  DataDeal:338 - insert into lcpol (GRPCONTNO,GRPPOLNO,CONTNO,POLNO,PROPOSALNO,PRTNO,CONTTYPE,POLTYPEFLAG,MAINPOLNO,MASTERPOLNO,KINDCODE,RISKCODE,RISKVERSION,MANAGECOM,AGENTCOM,AGENTTYPE,AGENTCODE,AGENTGROUP,AGENTCODE1,SALECHNL,HANDLER,INSUREDNO,INSUREDNAME,INSUREDSEX,INSUREDBIRTHDAY,INSUREDAPPAGE,INSUREDPEOPLES,OCCUPATIONTYPE,APPNTNO,APPNTNAME,CVALIDATE,SIGNCOM,SIGNDATE,SIGNTIME,FIRSTPAYDATE,PAYENDDATE,PAYTODATE,GETSTARTDATE,ENDDATE,ACCIENDDATE,GETYEARFLAG,GETYEAR,PAYENDYEARFLAG,PAYENDYEAR,INSUYEARFLAG,INSUYEAR,ACCIYEARFLAG,ACCIYEAR,GETSTARTTYPE,SPECIFYVALIDATE,PAYMODE,PAYLOCATION,PAYINTV,PAYYEARS,YEARS,MANAGEFEERATE,FLOATRATE,PREMTOAMNT,MULT,STANDPREM,PREM,SUMPREM,AMNT,RISKAMNT,LEAVINGMONEY,ENDORSETIMES,CLAIMTIMES,LIVETIMES,RENEWCOUNT,LASTGETDATE,LASTLOANDATE,LASTREGETDATE,LASTEDORDATE,LASTREVDATE,RNEWFLAG,STOPFLAG,EXPIRYFLAG,AUTOPAYFLAG,INTERESTDIFFLAG,SUBFLAG,BNFFLAG,HEALTHCHECKFLAG,IMPARTFLAG,REINSUREFLAG,AGENTPAYFLAG,AGENTGETFLAG,LIVEGETMODE,DEADGETMODE,BONUSGETMODE,BONUSMAN,DEADFLAG,SMOKEFLAG,REMARK,APPROVEFLAG,APPROVECODE,APPROVEDATE,APPROVETIME,UWFLAG,UWCODE,UWDATE,UWTIME,POLAPPLYDATE,APPFLAG,POLSTATE,STANDBYFLAG1,STANDBYFLAG2,STANDBYFLAG3,OPERATOR,MAKEDATE,MAKETIME,MODIFYDATE,MODIFYTIME,WAITPERIOD,GETFORM,GETBANKCODE,GETBANKACCNO,GETACCNAME,KEEPVALUEOPT,ASCRIPTIONRULECODE,PAYRULECODE,ASCRIPTIONFLAG,PCVALIDATE,COMMONFLAG,COMMONINSURATE,CONTPAYMODE,PERSONPREMRATE,PERSONAMNTRATE) values (?,?,?,?,?,?,?,?,?,?,?,?,?,?,?,?,?,?,?,?,?,?,?,?,?,?,?,?,?,?,?,?,?,?,?,?,?,?,?,?,?,?,?,?,?,?,?,?,?,?,?,?,?,?,?,?,?,?,?,?,?,?,?,?,?,?,?,?,?,?,?,?,?,?,?,?,?,?,?,?,?,?,?,?,?,?,?,?,?,?,?,?,?,?,?,?,?,?,?,?,?,?,?,?,?,?,?,?,?,?,?,?,?,?,?,?,?,?,?,?,?,?,?,?,?,?,?)
2021-01-08 17:47:03 ERROR DataDeal:343 - 1988/3/14
2021-01-08 17:47:03 ERROR DataDeal:343 - 2020/9/2
2021-01-08 17:47:03 ERROR DataDeal:343 - 2020/9/2
2021-01-08 17:47:03 ERROR DataDeal:343 - 
2021-01-08 17:47:03 ERROR DataDeal:343 - 2021/1/21
2021-01-08 17:47:03 ERROR DataDeal:343 - 2021/1/21
2021-01-08 17:47:03 ERROR DataDeal:343 - 2020/9/2
2021-01-08 17:47:03 ERROR DataDeal:343 - 2021/1/21
2021-01-08 17:47:03 ERROR DataDeal:343 - 2021/1/21
2021-01-08 17:47:03 ERROR DataDeal:343 - 2020/12/9
2021-01-08 17:47:03 ERROR DataDeal:343 - 2020/9/2
2021-01-08 17:47:03 ERROR DataDeal:343 - 
2021-01-08 17:47:03 ERROR DataDeal:343 - 2020/9/2
2021-01-08 17:47:03 ERROR DataDeal:343 - 2020/1/22
2021-01-08 17:47:03 ERROR DataDeal:343 - 2020/9/1
2021-01-08 17:47:03 ERROR DataDeal:343 - 2020/12/8
2021-01-08 17:47:03 ERROR DataDeal:343 - 2020/9/2
2021-01-08 17:49:14 INFO  DataDeal:253 - '2853012865954','27530118209361','2053012184244566','265301161546264','265301161546264','60201900130014','2','0','265301161546264','','A','191','2006','5301','','01','TK00030449','000000002394','','3','','8156973586','柯远','0','1988/3/14','32','1','4','0000569536','元道通信股份有限公司','2020/9/2','5301','2020/9/2','18:26:05','','2021/1/21','2021/1/21','2020/9/2','2021/1/21','','Y','0','M','5','M','5','','0','','N','','','0','1','12','0','1','','0','3.85','3.85','3.85','100','100','0','0','0','0','0','','','2021/1/21','2020/12/9','2020/9/2','-2','','','1','','','0','','0','0','','','','','','','','','','0','','','','9','gzlongy','2020/9/2','14:46:17','2020/1/22','4','4','','0','','yuandao','2020/9/1','14:01:37','2020/12/8','18:06:44','0','','','','','','','','','2020/9/2','','0','01','0','0'
2021-01-08 17:49:14 INFO  DataBaseConnect:37 - oracle drive loading!
2021-01-08 17:49:14 INFO  DataBaseConnect:61 - start to try connect database...
2021-01-08 17:49:14 INFO  DataBaseConnect:64 - jdbc:oracle:thin:@//10.136.100.25:1521/tkpsmdev
2021-01-08 17:49:14 INFO  DataBaseConnect:66 - user name: fcsm	 password:******
2021-01-08 17:49:14 INFO  DataBaseConnect:67 - database connect success!
2021-01-08 17:49:14 ERROR DataDeal:216 - 程序异常终止
2021-01-08 17:49:14 INFO  DataDeal:99 - 该文件处理所耗时间：0.57 秒 
2021-01-08 17:49:14 INFO  DataDeal:253 - '2853012865954','27530118209361','2053012184244566','265301161546264','265301161546264','60201900130014','2','0','265301161546264','','A','191','2006','5301','','01','TK00030449','000000002394','','3','','8156973586','柯远','0','1988/3/14','32','1','4','0000569536','元道通信股份有限公司','2020/9/2','5301','2020/9/2','18:26:05','','2021/1/21','2021/1/21','2020/9/2','2021/1/21','','Y','0','M','5','M','5','','0','','N','','','0','1','12','0','1','','0','3.85','3.85','3.85','100','100','0','0','0','0','0','','','2021/1/21','2020/12/9','2020/9/2','-2','','','1','','','0','','0','0','','','','','','','','','','0','','','','9','gzlongy','2020/9/2','14:46:17','2020/1/22','4','4','','0','','yuandao','2020/9/1','14:01:37','2020/12/8','18:06:44','0','','','','','','','','','2020/9/2','','0','01','0','0'
2021-01-08 17:49:14 INFO  DataDeal:343 - insert into lcpol (GRPCONTNO,GRPPOLNO,CONTNO,POLNO,PROPOSALNO,PRTNO,CONTTYPE,POLTYPEFLAG,MAINPOLNO,MASTERPOLNO,KINDCODE,RISKCODE,RISKVERSION,MANAGECOM,AGENTCOM,AGENTTYPE,AGENTCODE,AGENTGROUP,AGENTCODE1,SALECHNL,HANDLER,INSUREDNO,INSUREDNAME,INSUREDSEX,INSUREDBIRTHDAY,INSUREDAPPAGE,INSUREDPEOPLES,OCCUPATIONTYPE,APPNTNO,APPNTNAME,CVALIDATE,SIGNCOM,SIGNDATE,SIGNTIME,FIRSTPAYDATE,PAYENDDATE,PAYTODATE,GETSTARTDATE,ENDDATE,ACCIENDDATE,GETYEARFLAG,GETYEAR,PAYENDYEARFLAG,PAYENDYEAR,INSUYEARFLAG,INSUYEAR,ACCIYEARFLAG,ACCIYEAR,GETSTARTTYPE,SPECIFYVALIDATE,PAYMODE,PAYLOCATION,PAYINTV,PAYYEARS,YEARS,MANAGEFEERATE,FLOATRATE,PREMTOAMNT,MULT,STANDPREM,PREM,SUMPREM,AMNT,RISKAMNT,LEAVINGMONEY,ENDORSETIMES,CLAIMTIMES,LIVETIMES,RENEWCOUNT,LASTGETDATE,LASTLOANDATE,LASTREGETDATE,LASTEDORDATE,LASTREVDATE,RNEWFLAG,STOPFLAG,EXPIRYFLAG,AUTOPAYFLAG,INTERESTDIFFLAG,SUBFLAG,BNFFLAG,HEALTHCHECKFLAG,IMPARTFLAG,REINSUREFLAG,AGENTPAYFLAG,AGENTGETFLAG,LIVEGETMODE,DEADGETMODE,BONUSGETMODE,BONUSMAN,DEADFLAG,SMOKEFLAG,REMARK,APPROVEFLAG,APPROVECODE,APPROVEDATE,APPROVETIME,UWFLAG,UWCODE,UWDATE,UWTIME,POLAPPLYDATE,APPFLAG,POLSTATE,STANDBYFLAG1,STANDBYFLAG2,STANDBYFLAG3,OPERATOR,MAKEDATE,MAKETIME,MODIFYDATE,MODIFYTIME,WAITPERIOD,GETFORM,GETBANKCODE,GETBANKACCNO,GETACCNAME,KEEPVALUEOPT,ASCRIPTIONRULECODE,PAYRULECODE,ASCRIPTIONFLAG,PCVALIDATE,COMMONFLAG,COMMONINSURATE,CONTPAYMODE,PERSONPREMRATE,PERSONAMNTRATE) values (?,?,?,?,?,?,?,?,?,?,?,?,?,?,?,?,?,?,?,?,?,?,?,?,?,?,?,?,?,?,?,?,?,?,?,?,?,?,?,?,?,?,?,?,?,?,?,?,?,?,?,?,?,?,?,?,?,?,?,?,?,?,?,?,?,?,?,?,?,?,?,?,?,?,?,?,?,?,?,?,?,?,?,?,?,?,?,?,?,?,?,?,?,?,?,?,?,?,?,?,?,?,?,?,?,?,?,?,?,?,?,?,?,?,?,?,?,?,?,?,?,?,?,?,?,?,?)
2021-01-08 17:49:14 ERROR DataDeal:348 - 1988/3/14
2021-01-08 17:49:14 ERROR DataDeal:348 - 2020/9/2
2021-01-08 17:49:14 ERROR DataDeal:348 - 2020/9/2
2021-01-08 17:49:14 ERROR DataDeal:348 - 
2021-01-08 17:49:14 ERROR DataDeal:348 - 2021/1/21
2021-01-08 17:49:14 ERROR DataDeal:348 - 2021/1/21
2021-01-08 17:49:14 ERROR DataDeal:348 - 2020/9/2
2021-01-08 17:49:14 ERROR DataDeal:348 - 2021/1/21
2021-01-08 17:49:14 ERROR DataDeal:348 - 2021/1/21
2021-01-08 17:49:14 ERROR DataDeal:348 - 2020/12/9
2021-01-08 17:49:14 ERROR DataDeal:348 - 2020/9/2
2021-01-08 17:49:14 ERROR DataDeal:348 - 
2021-01-08 17:49:14 ERROR DataDeal:348 - 2020/9/2
2021-01-08 17:49:14 ERROR DataDeal:348 - 2020/1/22
2021-01-08 17:49:14 ERROR DataDeal:348 - 2020/9/1
2021-01-08 17:49:14 ERROR DataDeal:348 - 2020/12/8
2021-01-08 17:49:14 ERROR DataDeal:348 - 2020/9/2
2021-01-08 17:50:19 INFO  DataDeal:254 - '2853012865954','27530118209361','2053012184244566','265301161546264','265301161546264','60201900130014','2','0','265301161546264','','A','191','2006','5301','','01','TK00030449','000000002394','','3','','8156973586','柯远','0','1988/3/14','32','1','4','0000569536','元道通信股份有限公司','2020/9/2','5301','2020/9/2','18:26:05','','2021/1/21','2021/1/21','2020/9/2','2021/1/21','','Y','0','M','5','M','5','','0','','N','','','0','1','12','0','1','','0','3.85','3.85','3.85','100','100','0','0','0','0','0','','','2021/1/21','2020/12/9','2020/9/2','-2','','','1','','','0','','0','0','','','','','','','','','','0','','','','9','gzlongy','2020/9/2','14:46:17','2020/1/22','4','4','','0','','yuandao','2020/9/1','14:01:37','2020/12/8','18:06:44','0','','','','','','','','','2020/9/2','','0','01','0','0'
2021-01-08 17:50:19 INFO  DataBaseConnect:37 - oracle drive loading!
2021-01-08 17:50:19 INFO  DataBaseConnect:61 - start to try connect database...
2021-01-08 17:50:20 INFO  DataBaseConnect:64 - jdbc:oracle:thin:@//10.136.100.25:1521/tkpsmdev
2021-01-08 17:50:20 INFO  DataBaseConnect:66 - user name: fcsm	 password:******
2021-01-08 17:50:20 INFO  DataBaseConnect:67 - database connect success!
2021-01-08 17:50:20 INFO  DataDeal:175 - 1
2021-01-08 17:50:20 INFO  DataDeal:175 - 2
2021-01-08 17:50:20 INFO  DataDeal:175 - 3
2021-01-08 17:50:20 INFO  DataDeal:175 - 4
2021-01-08 17:50:20 INFO  DataDeal:175 - 5
2021-01-08 17:50:20 INFO  DataDeal:175 - 6
2021-01-08 17:50:20 INFO  DataDeal:175 - 7
2021-01-08 17:50:20 INFO  DataDeal:175 - 8
2021-01-08 17:50:20 INFO  DataDeal:175 - 9
2021-01-08 17:50:20 INFO  DataDeal:175 - 10
2021-01-08 17:50:20 INFO  DataDeal:175 - 11
2021-01-08 17:50:20 INFO  DataDeal:175 - 12
2021-01-08 17:50:20 INFO  DataDeal:175 - 13
2021-01-08 17:50:20 INFO  DataDeal:175 - 14
2021-01-08 17:50:20 INFO  DataDeal:175 - 15
2021-01-08 17:50:20 INFO  DataDeal:175 - 16
2021-01-08 17:50:20 INFO  DataDeal:175 - 17
2021-01-08 17:50:20 INFO  DataDeal:175 - 18
2021-01-08 17:50:20 INFO  DataDeal:175 - 19
2021-01-08 17:50:20 INFO  DataDeal:175 - 20
2021-01-08 17:50:20 INFO  DataDeal:175 - 21
2021-01-08 17:50:20 INFO  DataDeal:175 - 22
2021-01-08 17:50:20 INFO  DataDeal:175 - 23
2021-01-08 17:50:20 INFO  DataDeal:175 - 24
2021-01-08 17:50:20 INFO  DataDeal:175 - 25
2021-01-08 17:50:20 INFO  DataDeal:175 - 26
2021-01-08 17:50:20 INFO  DataDeal:175 - 27
2021-01-08 17:50:20 INFO  DataDeal:175 - 28
2021-01-08 17:50:20 INFO  DataDeal:175 - 29
2021-01-08 17:50:20 INFO  DataDeal:175 - 30
2021-01-08 17:50:20 INFO  DataDeal:175 - 31
2021-01-08 17:50:20 INFO  DataDeal:175 - 32
2021-01-08 17:50:20 INFO  DataDeal:175 - 33
2021-01-08 17:50:20 INFO  DataDeal:175 - 34
2021-01-08 17:50:20 INFO  DataDeal:175 - 35
2021-01-08 17:50:20 INFO  DataDeal:175 - 36
2021-01-08 17:50:20 INFO  DataDeal:175 - 37
2021-01-08 17:50:20 INFO  DataDeal:175 - 38
2021-01-08 17:50:20 INFO  DataDeal:175 - 39
2021-01-08 17:50:20 INFO  DataDeal:175 - 40
2021-01-08 17:50:20 INFO  DataDeal:175 - 41
2021-01-08 17:50:20 INFO  DataDeal:175 - 42
2021-01-08 17:50:20 INFO  DataDeal:175 - 43
2021-01-08 17:50:20 INFO  DataDeal:175 - 44
2021-01-08 17:50:20 INFO  DataDeal:175 - 45
2021-01-08 17:50:20 INFO  DataDeal:175 - 46
2021-01-08 17:50:20 INFO  DataDeal:175 - 47
2021-01-08 17:50:20 INFO  DataDeal:175 - 48
2021-01-08 17:50:20 INFO  DataDeal:175 - 49
2021-01-08 17:50:20 INFO  DataDeal:175 - 50
2021-01-08 17:50:20 INFO  DataDeal:175 - 51
2021-01-08 17:50:20 INFO  DataDeal:175 - 52
2021-01-08 17:50:20 INFO  DataDeal:175 - 53
2021-01-08 17:50:20 INFO  DataDeal:175 - 54
2021-01-08 17:50:20 INFO  DataDeal:175 - 55
2021-01-08 17:50:20 INFO  DataDeal:175 - 56
2021-01-08 17:50:20 INFO  DataDeal:175 - 57
2021-01-08 17:50:20 INFO  DataDeal:175 - 58
2021-01-08 17:50:20 INFO  DataDeal:175 - 59
2021-01-08 17:50:20 INFO  DataDeal:175 - 60
2021-01-08 17:50:20 INFO  DataDeal:175 - 61
2021-01-08 17:50:20 INFO  DataDeal:175 - 62
2021-01-08 17:50:20 INFO  DataDeal:175 - 63
2021-01-08 17:50:20 INFO  DataDeal:175 - 64
2021-01-08 17:50:20 INFO  DataDeal:175 - 65
2021-01-08 17:50:20 INFO  DataDeal:175 - 66
2021-01-08 17:50:20 INFO  DataDeal:175 - 67
2021-01-08 17:50:20 INFO  DataDeal:175 - 68
2021-01-08 17:50:20 INFO  DataDeal:175 - 69
2021-01-08 17:50:20 INFO  DataDeal:175 - 70
2021-01-08 17:50:20 INFO  DataDeal:175 - 71
2021-01-08 17:50:20 INFO  DataDeal:175 - 72
2021-01-08 17:50:20 INFO  DataDeal:175 - 73
2021-01-08 17:50:20 INFO  DataDeal:175 - 74
2021-01-08 17:50:20 INFO  DataDeal:175 - 75
2021-01-08 17:50:20 INFO  DataDeal:175 - 76
2021-01-08 17:50:20 INFO  DataDeal:175 - 77
2021-01-08 17:50:20 INFO  DataDeal:175 - 78
2021-01-08 17:50:20 INFO  DataDeal:175 - 79
2021-01-08 17:50:20 INFO  DataDeal:175 - 80
2021-01-08 17:50:20 INFO  DataDeal:175 - 81
2021-01-08 17:50:20 INFO  DataDeal:175 - 82
2021-01-08 17:50:20 INFO  DataDeal:175 - 83
2021-01-08 17:50:20 INFO  DataDeal:175 - 84
2021-01-08 17:50:20 INFO  DataDeal:175 - 85
2021-01-08 17:50:20 INFO  DataDeal:175 - 86
2021-01-08 17:50:20 INFO  DataDeal:175 - 87
2021-01-08 17:50:20 INFO  DataDeal:175 - 88
2021-01-08 17:50:20 INFO  DataDeal:175 - 89
2021-01-08 17:50:20 INFO  DataDeal:175 - 90
2021-01-08 17:50:20 INFO  DataDeal:175 - 91
2021-01-08 17:50:20 INFO  DataDeal:175 - 92
2021-01-08 17:50:20 INFO  DataDeal:175 - 93
2021-01-08 17:50:20 INFO  DataDeal:175 - 94
2021-01-08 17:50:20 INFO  DataDeal:175 - 95
2021-01-08 17:50:20 INFO  DataDeal:175 - 96
2021-01-08 17:50:20 INFO  DataDeal:175 - 97
2021-01-08 17:50:20 INFO  DataDeal:175 - 98
2021-01-08 17:50:20 INFO  DataDeal:175 - 99
2021-01-08 17:50:20 INFO  DataDeal:175 - 100
2021-01-08 17:50:20 INFO  DataDeal:175 - 101
2021-01-08 17:50:20 INFO  DataDeal:175 - 102
2021-01-08 17:50:20 INFO  DataDeal:175 - 103
2021-01-08 17:50:20 INFO  DataDeal:175 - 104
2021-01-08 17:50:20 INFO  DataDeal:175 - 105
2021-01-08 17:50:20 INFO  DataDeal:175 - 106
2021-01-08 17:50:20 INFO  DataDeal:175 - 107
2021-01-08 17:50:20 INFO  DataDeal:175 - 108
2021-01-08 17:50:20 INFO  DataDeal:175 - 109
2021-01-08 17:50:20 INFO  DataDeal:175 - 110
2021-01-08 17:50:20 INFO  DataDeal:175 - 111
2021-01-08 17:50:20 INFO  DataDeal:175 - 112
2021-01-08 17:50:20 INFO  DataDeal:175 - 113
2021-01-08 17:50:20 INFO  DataDeal:175 - 114
2021-01-08 17:50:20 INFO  DataDeal:175 - 115
2021-01-08 17:50:20 INFO  DataDeal:175 - 116
2021-01-08 17:50:20 INFO  DataDeal:175 - 117
2021-01-08 17:50:20 INFO  DataDeal:175 - 118
2021-01-08 17:50:20 INFO  DataDeal:175 - 119
2021-01-08 17:50:20 INFO  DataDeal:175 - 120
2021-01-08 17:50:20 INFO  DataDeal:175 - 121
2021-01-08 17:50:20 INFO  DataDeal:175 - 122
2021-01-08 17:50:20 INFO  DataDeal:175 - 123
2021-01-08 17:50:20 INFO  DataDeal:175 - 124
2021-01-08 17:50:20 INFO  DataDeal:175 - 125
2021-01-08 17:50:20 INFO  DataDeal:175 - 126
2021-01-08 17:50:20 INFO  DataDeal:175 - 127
2021-01-08 17:50:20 ERROR DataDeal:217 - 程序异常终止
2021-01-08 17:50:20 INFO  DataDeal:99 - 该文件处理所耗时间：0.536 秒 
2021-01-08 17:59:55 INFO  DataDeal:254 - '2853012865954','27530118209361','2053012184244566','265301161546264','265301161546264','60201900130014','2','0','265301161546264','','A','191','2006','5301','','01','TK00030449','000000002394','','3','','8156973586','柯远','0','1988/3/14','32','1','4','0000569536','元道通信股份有限公司','2020/9/2','5301','2020/9/2','18:26:05','','2021/1/21','2021/1/21','2020/9/2','2021/1/21','','Y','0','M','5','M','5','','0','','N','','','0','1','12','0','1','','0','3.85','3.85','3.85','100','100','0','0','0','0','0','','','2021/1/21','2020/12/9','2020/9/2','-2','','','1','','','0','','0','0','','','','','','','','','','0','','','','9','gzlongy','2020/9/2','14:46:17','2020/1/22','4','4','','0','','yuandao','2020/9/1','14:01:37','2020/12/8','18:06:44','0','','','','','','','','','2020/9/2','','0','01','0','0'
2021-01-08 17:59:56 INFO  DataBaseConnect:37 - oracle drive loading!
2021-01-08 17:59:56 INFO  DataBaseConnect:61 - start to try connect database...
2021-01-08 17:59:56 INFO  DataBaseConnect:64 - jdbc:oracle:thin:@//10.136.100.25:1521/tkpsmdev
2021-01-08 17:59:56 INFO  DataBaseConnect:66 - user name: fcsm	 password:******
2021-01-08 17:59:56 INFO  DataBaseConnect:67 - database connect success!
2021-01-08 17:59:56 INFO  DataDeal:175 - 0
2021-01-08 17:59:56 INFO  DataDeal:175 - 1
2021-01-08 17:59:56 INFO  DataDeal:175 - 2
2021-01-08 17:59:56 INFO  DataDeal:175 - 3
2021-01-08 17:59:56 INFO  DataDeal:175 - 4
2021-01-08 17:59:56 INFO  DataDeal:175 - 5
2021-01-08 17:59:56 INFO  DataDeal:175 - 6
2021-01-08 17:59:56 INFO  DataDeal:175 - 7
2021-01-08 17:59:56 INFO  DataDeal:175 - 8
2021-01-08 17:59:56 INFO  DataDeal:175 - 9
2021-01-08 17:59:56 INFO  DataDeal:175 - 10
2021-01-08 17:59:56 INFO  DataDeal:175 - 11
2021-01-08 17:59:56 INFO  DataDeal:175 - 12
2021-01-08 17:59:56 INFO  DataDeal:175 - 13
2021-01-08 17:59:56 INFO  DataDeal:175 - 14
2021-01-08 17:59:56 INFO  DataDeal:175 - 15
2021-01-08 17:59:56 INFO  DataDeal:175 - 16
2021-01-08 17:59:56 INFO  DataDeal:175 - 17
2021-01-08 17:59:56 INFO  DataDeal:175 - 18
2021-01-08 17:59:56 INFO  DataDeal:175 - 19
2021-01-08 17:59:56 INFO  DataDeal:175 - 20
2021-01-08 17:59:56 INFO  DataDeal:175 - 21
2021-01-08 17:59:56 INFO  DataDeal:175 - 22
2021-01-08 17:59:56 INFO  DataDeal:175 - 23
2021-01-08 17:59:56 INFO  DataDeal:175 - 24
2021-01-08 17:59:56 INFO  DataDeal:175 - 25
2021-01-08 17:59:56 INFO  DataDeal:175 - 26
2021-01-08 17:59:56 INFO  DataDeal:175 - 27
2021-01-08 17:59:56 INFO  DataDeal:175 - 28
2021-01-08 17:59:56 INFO  DataDeal:175 - 29
2021-01-08 17:59:56 INFO  DataDeal:175 - 30
2021-01-08 17:59:56 INFO  DataDeal:175 - 31
2021-01-08 17:59:56 INFO  DataDeal:175 - 32
2021-01-08 17:59:56 INFO  DataDeal:175 - 33
2021-01-08 17:59:56 INFO  DataDeal:175 - 34
2021-01-08 17:59:56 INFO  DataDeal:175 - 35
2021-01-08 17:59:56 INFO  DataDeal:175 - 36
2021-01-08 17:59:56 INFO  DataDeal:175 - 37
2021-01-08 17:59:56 INFO  DataDeal:175 - 38
2021-01-08 17:59:56 INFO  DataDeal:175 - 39
2021-01-08 17:59:56 INFO  DataDeal:175 - 40
2021-01-08 17:59:56 INFO  DataDeal:175 - 41
2021-01-08 17:59:56 INFO  DataDeal:175 - 42
2021-01-08 17:59:56 INFO  DataDeal:175 - 43
2021-01-08 17:59:56 INFO  DataDeal:175 - 44
2021-01-08 17:59:56 INFO  DataDeal:175 - 45
2021-01-08 17:59:56 INFO  DataDeal:175 - 46
2021-01-08 17:59:56 INFO  DataDeal:175 - 47
2021-01-08 17:59:56 INFO  DataDeal:175 - 48
2021-01-08 17:59:56 INFO  DataDeal:175 - 49
2021-01-08 17:59:56 INFO  DataDeal:175 - 50
2021-01-08 17:59:56 INFO  DataDeal:175 - 51
2021-01-08 17:59:56 INFO  DataDeal:175 - 52
2021-01-08 17:59:56 INFO  DataDeal:175 - 53
2021-01-08 17:59:56 INFO  DataDeal:175 - 54
2021-01-08 17:59:56 INFO  DataDeal:175 - 55
2021-01-08 17:59:56 INFO  DataDeal:175 - 56
2021-01-08 17:59:56 INFO  DataDeal:175 - 57
2021-01-08 17:59:56 INFO  DataDeal:175 - 58
2021-01-08 17:59:56 INFO  DataDeal:175 - 59
2021-01-08 17:59:56 INFO  DataDeal:175 - 60
2021-01-08 17:59:56 INFO  DataDeal:175 - 61
2021-01-08 17:59:56 INFO  DataDeal:175 - 62
2021-01-08 17:59:56 INFO  DataDeal:175 - 63
2021-01-08 17:59:56 INFO  DataDeal:175 - 64
2021-01-08 17:59:56 INFO  DataDeal:175 - 65
2021-01-08 17:59:56 INFO  DataDeal:175 - 66
2021-01-08 17:59:56 INFO  DataDeal:175 - 67
2021-01-08 17:59:56 INFO  DataDeal:175 - 68
2021-01-08 17:59:56 INFO  DataDeal:175 - 69
2021-01-08 17:59:56 INFO  DataDeal:175 - 70
2021-01-08 17:59:56 INFO  DataDeal:175 - 71
2021-01-08 17:59:56 INFO  DataDeal:175 - 72
2021-01-08 17:59:56 INFO  DataDeal:175 - 73
2021-01-08 17:59:56 INFO  DataDeal:175 - 74
2021-01-08 17:59:56 INFO  DataDeal:175 - 75
2021-01-08 17:59:56 INFO  DataDeal:175 - 76
2021-01-08 17:59:56 INFO  DataDeal:175 - 77
2021-01-08 17:59:56 INFO  DataDeal:175 - 78
2021-01-08 17:59:56 INFO  DataDeal:175 - 79
2021-01-08 17:59:56 INFO  DataDeal:175 - 80
2021-01-08 17:59:56 INFO  DataDeal:175 - 81
2021-01-08 17:59:56 INFO  DataDeal:175 - 82
2021-01-08 17:59:56 INFO  DataDeal:175 - 83
2021-01-08 17:59:56 INFO  DataDeal:175 - 84
2021-01-08 17:59:56 INFO  DataDeal:175 - 85
2021-01-08 17:59:56 INFO  DataDeal:175 - 86
2021-01-08 17:59:56 INFO  DataDeal:175 - 87
2021-01-08 17:59:56 INFO  DataDeal:175 - 88
2021-01-08 17:59:56 INFO  DataDeal:175 - 89
2021-01-08 17:59:56 INFO  DataDeal:175 - 90
2021-01-08 17:59:56 INFO  DataDeal:175 - 91
2021-01-08 17:59:56 INFO  DataDeal:175 - 92
2021-01-08 17:59:56 INFO  DataDeal:175 - 93
2021-01-08 17:59:56 INFO  DataDeal:175 - 94
2021-01-08 17:59:56 INFO  DataDeal:175 - 95
2021-01-08 17:59:56 INFO  DataDeal:175 - 96
2021-01-08 17:59:56 INFO  DataDeal:175 - 97
2021-01-08 17:59:56 INFO  DataDeal:175 - 98
2021-01-08 17:59:56 INFO  DataDeal:175 - 99
2021-01-08 17:59:56 INFO  DataDeal:175 - 100
2021-01-08 17:59:56 INFO  DataDeal:175 - 101
2021-01-08 17:59:56 INFO  DataDeal:175 - 102
2021-01-08 17:59:56 INFO  DataDeal:175 - 103
2021-01-08 17:59:56 INFO  DataDeal:175 - 104
2021-01-08 17:59:56 INFO  DataDeal:175 - 105
2021-01-08 17:59:56 INFO  DataDeal:175 - 106
2021-01-08 17:59:56 INFO  DataDeal:175 - 107
2021-01-08 17:59:56 INFO  DataDeal:175 - 108
2021-01-08 17:59:56 INFO  DataDeal:175 - 109
2021-01-08 17:59:56 INFO  DataDeal:175 - 110
2021-01-08 17:59:56 INFO  DataDeal:175 - 111
2021-01-08 17:59:56 INFO  DataDeal:175 - 112
2021-01-08 17:59:56 INFO  DataDeal:175 - 113
2021-01-08 17:59:56 INFO  DataDeal:175 - 114
2021-01-08 17:59:56 INFO  DataDeal:175 - 115
2021-01-08 17:59:56 INFO  DataDeal:175 - 116
2021-01-08 17:59:56 INFO  DataDeal:175 - 117
2021-01-08 17:59:56 INFO  DataDeal:175 - 118
2021-01-08 17:59:56 INFO  DataDeal:175 - 119
2021-01-08 17:59:56 INFO  DataDeal:175 - 120
2021-01-08 17:59:56 INFO  DataDeal:175 - 121
2021-01-08 17:59:56 INFO  DataDeal:175 - 122
2021-01-08 17:59:56 INFO  DataDeal:175 - 123
2021-01-08 17:59:56 INFO  DataDeal:175 - 124
2021-01-08 17:59:56 INFO  DataDeal:175 - 125
2021-01-08 17:59:56 INFO  DataDeal:175 - 126
2021-01-08 17:59:56 INFO  DataDeal:99 - 该文件处理所耗时间：0.713 秒 
2021-01-08 18:08:24 INFO  DataDeal:255 - '2853012865954','27530118209361','2053012184244566','265301161546264','265301161546264','60201900130014','2','0','265301161546264','','A','191','2006','5301','','01','TK00030449','000000002394','','3','','8156973586','柯远','0','1988/3/14','32','1','4','0000569536','元道通信股份有限公司','2020/9/2','5301','2020/9/2','18:26:05','','2021/1/21','2021/1/21','2020/9/2','2021/1/21','','Y','0','M','5','M','5','','0','','N','','','0','1','12','0','1','','0','3.85','3.85','3.85','100','100','0','0','0','0','0','','','2021/1/21','2020/12/9','2020/9/2','-2','','','1','','','0','','0','0','','','','','','','','','','0','','','','9','gzlongy','2020/9/2','14:46:17','2020/1/22','4','4','','0','','yuandao','2020/9/1','14:01:37','2020/12/8','18:06:44','0','','','','','','','','','2020/9/2','','0','01','0','0'
2021-01-08 18:08:24 INFO  DataBaseConnect:37 - oracle drive loading!
2021-01-08 18:08:24 INFO  DataBaseConnect:61 - start to try connect database...
2021-01-08 18:08:24 INFO  DataBaseConnect:64 - jdbc:oracle:thin:@//10.136.100.25:1521/tkpsmdev
2021-01-08 18:08:24 INFO  DataBaseConnect:66 - user name: fcsm	 password:******
2021-01-08 18:08:24 INFO  DataBaseConnect:67 - database connect success!
2021-01-08 18:08:24 INFO  DataDeal:175 - 0
2021-01-08 18:08:24 INFO  DataDeal:175 - 1
2021-01-08 18:08:24 INFO  DataDeal:175 - 2
2021-01-08 18:08:24 INFO  DataDeal:175 - 3
2021-01-08 18:08:24 INFO  DataDeal:175 - 4
2021-01-08 18:08:24 INFO  DataDeal:175 - 5
2021-01-08 18:08:24 INFO  DataDeal:175 - 6
2021-01-08 18:08:24 INFO  DataDeal:175 - 7
2021-01-08 18:08:24 INFO  DataDeal:175 - 8
2021-01-08 18:08:24 INFO  DataDeal:175 - 9
2021-01-08 18:08:24 INFO  DataDeal:175 - 10
2021-01-08 18:08:24 INFO  DataDeal:175 - 11
2021-01-08 18:08:24 INFO  DataDeal:175 - 12
2021-01-08 18:08:24 INFO  DataDeal:175 - 13
2021-01-08 18:08:24 INFO  DataDeal:175 - 14
2021-01-08 18:08:24 INFO  DataDeal:175 - 15
2021-01-08 18:08:24 INFO  DataDeal:175 - 16
2021-01-08 18:08:24 INFO  DataDeal:175 - 17
2021-01-08 18:08:24 INFO  DataDeal:175 - 18
2021-01-08 18:08:24 INFO  DataDeal:175 - 19
2021-01-08 18:08:24 INFO  DataDeal:175 - 20
2021-01-08 18:08:24 INFO  DataDeal:175 - 21
2021-01-08 18:08:24 INFO  DataDeal:175 - 22
2021-01-08 18:08:24 INFO  DataDeal:175 - 23
2021-01-08 18:08:24 INFO  DataDeal:175 - 24
2021-01-08 18:08:24 INFO  DataDeal:175 - 25
2021-01-08 18:08:24 INFO  DataDeal:175 - 26
2021-01-08 18:08:24 INFO  DataDeal:175 - 27
2021-01-08 18:08:24 INFO  DataDeal:175 - 28
2021-01-08 18:08:24 INFO  DataDeal:175 - 29
2021-01-08 18:08:24 INFO  DataDeal:175 - 30
2021-01-08 18:08:24 INFO  DataDeal:175 - 31
2021-01-08 18:08:24 INFO  DataDeal:175 - 32
2021-01-08 18:08:24 INFO  DataDeal:175 - 33
2021-01-08 18:08:24 INFO  DataDeal:175 - 34
2021-01-08 18:08:24 INFO  DataDeal:175 - 35
2021-01-08 18:08:24 INFO  DataDeal:175 - 36
2021-01-08 18:08:24 INFO  DataDeal:175 - 37
2021-01-08 18:08:24 INFO  DataDeal:175 - 38
2021-01-08 18:08:24 INFO  DataDeal:175 - 39
2021-01-08 18:08:24 INFO  DataDeal:175 - 40
2021-01-08 18:08:24 INFO  DataDeal:175 - 41
2021-01-08 18:08:24 INFO  DataDeal:175 - 42
2021-01-08 18:08:24 INFO  DataDeal:175 - 43
2021-01-08 18:08:24 INFO  DataDeal:175 - 44
2021-01-08 18:08:24 INFO  DataDeal:175 - 45
2021-01-08 18:08:24 INFO  DataDeal:175 - 46
2021-01-08 18:08:24 INFO  DataDeal:175 - 47
2021-01-08 18:08:24 INFO  DataDeal:175 - 48
2021-01-08 18:08:24 INFO  DataDeal:175 - 49
2021-01-08 18:08:24 INFO  DataDeal:175 - 50
2021-01-08 18:08:24 INFO  DataDeal:175 - 51
2021-01-08 18:08:24 INFO  DataDeal:175 - 52
2021-01-08 18:08:24 INFO  DataDeal:175 - 53
2021-01-08 18:08:24 INFO  DataDeal:175 - 54
2021-01-08 18:08:24 INFO  DataDeal:175 - 55
2021-01-08 18:08:24 INFO  DataDeal:175 - 56
2021-01-08 18:08:24 INFO  DataDeal:175 - 57
2021-01-08 18:08:24 INFO  DataDeal:175 - 58
2021-01-08 18:08:24 INFO  DataDeal:175 - 59
2021-01-08 18:08:24 INFO  DataDeal:175 - 60
2021-01-08 18:08:24 INFO  DataDeal:175 - 61
2021-01-08 18:08:24 INFO  DataDeal:175 - 62
2021-01-08 18:08:24 INFO  DataDeal:175 - 63
2021-01-08 18:08:24 INFO  DataDeal:175 - 64
2021-01-08 18:08:24 INFO  DataDeal:175 - 65
2021-01-08 18:08:24 INFO  DataDeal:175 - 66
2021-01-08 18:08:24 INFO  DataDeal:175 - 67
2021-01-08 18:08:24 INFO  DataDeal:175 - 68
2021-01-08 18:08:24 INFO  DataDeal:175 - 69
2021-01-08 18:08:24 INFO  DataDeal:175 - 70
2021-01-08 18:08:24 INFO  DataDeal:175 - 71
2021-01-08 18:08:24 INFO  DataDeal:175 - 72
2021-01-08 18:08:24 INFO  DataDeal:175 - 73
2021-01-08 18:08:24 INFO  DataDeal:175 - 74
2021-01-08 18:08:24 INFO  DataDeal:175 - 75
2021-01-08 18:08:24 INFO  DataDeal:175 - 76
2021-01-08 18:08:24 INFO  DataDeal:175 - 77
2021-01-08 18:08:24 INFO  DataDeal:175 - 78
2021-01-08 18:08:24 INFO  DataDeal:175 - 79
2021-01-08 18:08:24 INFO  DataDeal:175 - 80
2021-01-08 18:08:24 INFO  DataDeal:175 - 81
2021-01-08 18:08:24 INFO  DataDeal:175 - 82
2021-01-08 18:08:24 INFO  DataDeal:175 - 83
2021-01-08 18:08:24 INFO  DataDeal:175 - 84
2021-01-08 18:08:24 INFO  DataDeal:175 - 85
2021-01-08 18:08:24 INFO  DataDeal:175 - 86
2021-01-08 18:08:24 INFO  DataDeal:175 - 87
2021-01-08 18:08:24 INFO  DataDeal:175 - 88
2021-01-08 18:08:24 INFO  DataDeal:175 - 89
2021-01-08 18:08:24 INFO  DataDeal:175 - 90
2021-01-08 18:08:24 INFO  DataDeal:175 - 91
2021-01-08 18:08:24 INFO  DataDeal:175 - 92
2021-01-08 18:08:24 INFO  DataDeal:175 - 93
2021-01-08 18:08:24 INFO  DataDeal:175 - 94
2021-01-08 18:08:24 INFO  DataDeal:175 - 95
2021-01-08 18:08:24 INFO  DataDeal:175 - 96
2021-01-08 18:08:24 INFO  DataDeal:175 - 97
2021-01-08 18:08:24 INFO  DataDeal:175 - 98
2021-01-08 18:08:24 INFO  DataDeal:175 - 99
2021-01-08 18:08:24 INFO  DataDeal:175 - 100
2021-01-08 18:08:24 INFO  DataDeal:175 - 101
2021-01-08 18:08:24 INFO  DataDeal:175 - 102
2021-01-08 18:08:24 INFO  DataDeal:175 - 103
2021-01-08 18:08:24 INFO  DataDeal:175 - 104
2021-01-08 18:08:24 INFO  DataDeal:175 - 105
2021-01-08 18:08:24 INFO  DataDeal:175 - 106
2021-01-08 18:08:24 INFO  DataDeal:175 - 107
2021-01-08 18:08:24 INFO  DataDeal:175 - 108
2021-01-08 18:08:24 INFO  DataDeal:175 - 109
2021-01-08 18:08:24 INFO  DataDeal:175 - 110
2021-01-08 18:08:24 INFO  DataDeal:175 - 111
2021-01-08 18:08:24 INFO  DataDeal:175 - 112
2021-01-08 18:08:24 INFO  DataDeal:175 - 113
2021-01-08 18:08:24 INFO  DataDeal:175 - 114
2021-01-08 18:08:24 INFO  DataDeal:175 - 115
2021-01-08 18:08:24 INFO  DataDeal:175 - 116
2021-01-08 18:08:24 INFO  DataDeal:175 - 117
2021-01-08 18:08:24 INFO  DataDeal:175 - 118
2021-01-08 18:08:24 INFO  DataDeal:175 - 119
2021-01-08 18:08:24 INFO  DataDeal:175 - 120
2021-01-08 18:08:24 INFO  DataDeal:175 - 121
2021-01-08 18:08:24 INFO  DataDeal:175 - 122
2021-01-08 18:08:24 INFO  DataDeal:175 - 123
2021-01-08 18:08:24 INFO  DataDeal:175 - 124
2021-01-08 18:08:24 INFO  DataDeal:175 - 125
2021-01-08 18:08:24 INFO  DataDeal:175 - 126
2021-01-08 18:08:24 ERROR DataDeal:218 - 程序异常终止
2021-01-08 18:08:24 INFO  DataDeal:99 - 该文件处理所耗时间：0.567 秒 
2021-01-08 18:50:24 INFO  DataDeal:255 - '2853012865954','27530118209361','2053012184244566','265301161546264','265301161546264','60201900130014','2','0','265301161546264','','A','191','2006','5301','','01','TK00030449','000000002394','','3','','8156973586','柯远','0','1988/3/14','32','1','4','0000569536','元道通信股份有限公司','2020/9/2','5301','2020/9/2','18:26:05','','2021/1/21','2021/1/21','2020/9/2','2021/1/21','','Y','0','M','5','M','5','','0','','N','','','0','1','12','0','1','','0','3.85','3.85','3.85','100','100','0','0','0','0','0','','','2021/1/21','2020/12/9','2020/9/2','-2','','','1','','','0','','0','0','','','','','','','','','','0','','','','9','gzlongy','2020/9/2','14:46:17','2020/1/22','4','4','','0','','yuandao','2020/9/1','14:01:37','2020/12/8','18:06:44','0','','','','','','','','','2020/9/2','','0','01','0','0'
2021-01-08 18:50:24 INFO  DataBaseConnect:37 - oracle drive loading!
2021-01-08 18:50:24 INFO  DataBaseConnect:61 - start to try connect database...
2021-01-08 18:50:24 INFO  DataBaseConnect:64 - jdbc:oracle:thin:@//10.136.100.25:1521/tkpsmdev
2021-01-08 18:50:24 INFO  DataBaseConnect:66 - user name: fcsm	 password:******
2021-01-08 18:50:24 INFO  DataBaseConnect:67 - database connect success!
2021-01-08 18:50:24 ERROR DataDeal:218 - 程序异常终止
2021-01-08 18:50:24 INFO  DataDeal:99 - 该文件处理所耗时间：0.521 秒 
2021-01-08 18:51:25 INFO  DataDeal:255 - '2853012865954','27530118209361','2053012184244566','265301161546264','265301161546264','60201900130014','2','0','265301161546264','','A','191','2006','5301','','01','TK00030449','000000002394','','3','','8156973586','柯远','0','1988/3/14','32','1','4','0000569536','元道通信股份有限公司','2020/9/2','5301','2020/9/2','18:26:05','','2021/1/21','2021/1/21','2020/9/2','2021/1/21','','Y','0','M','5','M','5','','0','','N','','','0','1','12','0','1','','0','3.85','3.85','3.85','100','100','0','0','0','0','0','','','2021/1/21','2020/12/9','2020/9/2','-2','','','1','','','0','','0','0','','','','','','','','','','0','','','','9','gzlongy','2020/9/2','14:46:17','2020/1/22','4','4','','0','','yuandao','2020/9/1','14:01:37','2020/12/8','18:06:44','0','','','','','','','','','2020/9/2','','0','01','0','0'
2021-01-08 18:51:25 INFO  DataBaseConnect:37 - oracle drive loading!
2021-01-08 18:51:25 INFO  DataBaseConnect:61 - start to try connect database...
2021-01-08 18:51:25 INFO  DataBaseConnect:64 - jdbc:oracle:thin:@//10.136.100.25:1521/tkpsmdev
2021-01-08 18:51:25 INFO  DataBaseConnect:66 - user name: fcsm	 password:******
2021-01-08 18:51:25 INFO  DataBaseConnect:67 - database connect success!
2021-01-08 18:51:25 ERROR DataDeal:218 - 程序异常终止
2021-01-08 18:51:25 INFO  DataDeal:99 - 该文件处理所耗时间：0.614 秒 
2021-01-11 13:10:00 DEBUG Log4jTest:23 - log4j 日志测试
2021-01-11 13:10:00 INFO  Log4jTest:24 - log4j 日志测试
2021-01-11 13:10:00 WARN  Log4jTest:25 - log4j 日志测试
2021-01-11 13:10:00 ERROR Log4jTest:26 - log4j 日志测试
2021-01-11 13:10:31 DEBUG Log4jTest:23 - log4j 日志测试
2021-01-11 13:10:31 INFO  Log4jTest:24 - log4j 日志测试
2021-01-11 13:10:31 INFO  Log4jTest:103 - log4j 日志测试 11
2021-01-11 13:10:31 WARN  Log4jTest:26 - log4j 日志测试
2021-01-11 13:10:31 ERROR Log4jTest:27 - log4j 日志测试
2021-01-12 18:17:23 INFO  Log4jTest:53 - 1
2021-01-12 18:17:44 INFO  Log4jTest:56 - 1
2021-01-12 18:17:44 INFO  Log4jTest:56 - 12
2021-01-12 18:17:44 INFO  Log4jTest:56 - 13
2021-01-12 18:17:44 INFO  Log4jTest:56 - 14
2021-01-13 11:17:57 INFO  Log4jTest:58 - 11
2021-01-13 11:17:57 INFO  Log4jTest:58 - 12
2021-01-13 11:17:57 INFO  Log4jTest:58 - 13
2021-01-13 11:17:57 INFO  Log4jTest:58 - 14
2021-01-13 11:19:12 INFO  Log4jTest:59 - 11
2021-01-13 11:19:12 INFO  Log4jTest:59 - 12
2021-01-13 11:19:12 INFO  Log4jTest:59 - 13
2021-01-13 11:19:12 INFO  Log4jTest:59 - 14
2021-01-13 14:56:38 INFO  Log4jTest:59 - 11
2021-01-13 14:56:38 INFO  Log4jTest:59 - 12
2021-01-13 14:56:38 INFO  Log4jTest:59 - 13
2021-01-13 14:56:38 INFO  Log4jTest:59 - 14
2021-01-13 14:56:38 ERROR Log4jTest:? - 1
2021-01-13 14:56:38 ERROR Log4jTest:? - 2
2021-01-13 14:56:38 ERROR Log4jTest:? - 3
2021-01-13 14:56:38 ERROR Log4jTest:? - 4
2021-01-13 14:56:38 ERROR Log4jTest:? - 5
2021-01-13 14:56:38 WARN  Log4jTest:? - 2
2021-01-19 16:17:54 INFO  TxtTest:32 - prompt Importing table lcgrpcont...
2021-01-19 16:17:54 INFO  TxtTest:32 - set feedback off
2021-01-19 16:17:54 INFO  TxtTest:32 - set define off
2021-01-19 16:17:54 INFO  TxtTest:32 - insert into lcgrpcont (GRPCONTNO, PROPOSALGRPCONTNO, PRTNO, SALECHNL, MANAGECOM, AGENTCOM, AGENTTYPE, AGENTCODE, AGENTGROUP, AGENTCODE1, PASSWORD, PASSWORD2, APPNTNO, ADDRESSNO, PEOPLES2, GRPNAME, BUSINESSTYPE, GRPNATURE, RGTMONEY, ASSET, NETPROFITRATE, MAINBUSSINESS, CORPORATION, COMAERA, FAX, PHONE, GETFLAG, SATRAP, EMAIL, FOUNDDATE, GRPGROUPNO, BANKCODE, BANKACCNO, ACCNAME, DISPUTEDFLAG, OUTPAYFLAG, GETPOLMODE, LANG, CURRENCY, LOSTTIMES, PRINTCOUNT, REGETDATE, LASTEDORDATE, LASTGETDATE, LASTLOANDATE, SPECFLAG, GRPSPEC, PAYMODE, SIGNCOM, SIGNDATE, SIGNTIME, CVALIDATE, PAYINTV, MANAGEFEERATE, EXPPEOPLES, EXPPREMIUM, EXPAMNT, PEOPLES, MULT, PREM, AMNT, SUMPREM, SUMPAY, DIF, REMARK, STANDBYFLAG1, STANDBYFLAG2, STANDBYFLAG3, INPUTOPERATOR, INPUTDATE, INPUTTIME, APPROVEFLAG, APPROVECODE, APPROVEDATE, APPROVETIME, UWOPERATOR, UWFLAG, UWDATE, UWTIME, APPFLAG, POLAPPLYDATE, CUSTOMGETPOLDATE, GETPOLDATE, GETPOLTIME, STATE, ENTERKIND, AMNTGRADE, PEOPLES3, ONWORKPEOPLES, OFFWORKPEOPLES, OTHERPEOPLES, RELAPEOPLES, RELAMATEPEOPLES, RELAYOUNGPEOPLES, RELAOTHERPEOPLES, FIRSTTRIALOPERATOR, FIRSTTRIALDATE, FIRSTTRIALTIME, RECEIVEOPERATOR, RECEIVEDATE, RECEIVETIME, TEMPFEENO, HANDLERNAME, HANDLERDATE, HANDLERPRINT, AGENTDATE, BUSINESSBIGTYPE, MARKETTYPE, REPORTNO, CONFERNO, SIGNREPORTNO, AGENTCONFERNO, CONTTYPE, CLIENTCARE, CLIENTNEEDJUDGE, FUNDJUDGE, FUNDREASON, EDORCALTYPE, BACKDATEREMARK, DONATECONTFLAG, EXAMANDAPPNO, COMMONFLAG, COMMONINSUNO, RISKFLAG, BUSINESSCHNL, INQUIRYNO, BSCHNLFLAG, STANDBYFLAG4, STANDBYFLAG5, STANDBYFLAG6, OPERATOR, MAKEDATE, MAKETIME, MODIFYDATE, MODIFYTIME)
2021-01-19 16:17:54 INFO  TxtTest:32 - values ('60531800000071', '60531800000071', '60531800000071', '3', '5318', '53TK75193760', '03', 'TK00020385', '000000006968', null, null, null, '0000604890', '1', 0, '廉江市青平银河壹加壹食府', '1900', '15', 0.00, 0.00, 0.0000, null, '廖尚武', null, null, null, null, null, null, null, null, null, null, '廉江市青平银河壹加壹食府', null, '1', null, null, null, 0, 0, null, null, null, null, '0', null, null, null, null, null, to_date('17-09-2020', 'dd-mm-yyyy'), 0, 0, 0, 0.00, 0.00, 20, 0.00000, 0.00, 0.00, 0.00, 0.00, 0.00, '1、在《泰康附加意外伤害团体医疗保险》中，无论被保险人有无医保，无论基本医疗保险、公费医疗或政府主办补充医疗是否先行赔付，个人支付的合理医疗费用均扣除免赔额50元，剩余部分按100%的比例进行赔付。
2021-01-19 16:17:54 INFO  TxtTest:32 - 2、在《泰康附加意外住院津贴团体医疗保险》中，免赔天数为4天。', null, null, '52CE', null, null, null, '9', 'w_lisha01', to_date('13-10-2020', 'dd-mm-yyyy'), '15:25:20', 'wangle03', '9', to_date('19-10-2020', 'dd-mm-yyyy'), '15:25:20', '0', to_date('13-10-2020', 'dd-mm-yyyy'), null, null, null, '0', null, null, 0, 0, 0, 0, 0, 0, 0, 0, null, null, null, null, null, null, null, null, null, null, null, null, null, null, null, '01', '0', '2', 'E', 'Y', 'Y', 'Y', 'N', '正常', '0', null, '0', null, null, '07', '012020075318000000001', null, null, null, null, 'wangle03', to_date('13-10-2020', 'dd-mm-yyyy'), '14:44:16', to_date('19-10-2020', 'dd-mm-yyyy'), '20:14:14');
2021-01-19 16:17:54 INFO  TxtTest:32 - 
2021-01-19 16:17:54 INFO  TxtTest:32 - insert into lcgrpcont (GRPCONTNO, PROPOSALGRPCONTNO, PRTNO, SALECHNL, MANAGECOM, AGENTCOM, AGENTTYPE, AGENTCODE, AGENTGROUP, AGENTCODE1, PASSWORD, PASSWORD2, APPNTNO, ADDRESSNO, PEOPLES2, GRPNAME, BUSINESSTYPE, GRPNATURE, RGTMONEY, ASSET, NETPROFITRATE, MAINBUSSINESS, CORPORATION, COMAERA, FAX, PHONE, GETFLAG, SATRAP, EMAIL, FOUNDDATE, GRPGROUPNO, BANKCODE, BANKACCNO, ACCNAME, DISPUTEDFLAG, OUTPAYFLAG, GETPOLMODE, LANG, CURRENCY, LOSTTIMES, PRINTCOUNT, REGETDATE, LASTEDORDATE, LASTGETDATE, LASTLOANDATE, SPECFLAG, GRPSPEC, PAYMODE, SIGNCOM, SIGNDATE, SIGNTIME, CVALIDATE, PAYINTV, MANAGEFEERATE, EXPPEOPLES, EXPPREMIUM, EXPAMNT, PEOPLES, MULT, PREM, AMNT, SUMPREM, SUMPAY, DIF, REMARK, STANDBYFLAG1, STANDBYFLAG2, STANDBYFLAG3, INPUTOPERATOR, INPUTDATE, INPUTTIME, APPROVEFLAG, APPROVECODE, APPROVEDATE, APPROVETIME, UWOPERATOR, UWFLAG, UWDATE, UWTIME, APPFLAG, POLAPPLYDATE, CUSTOMGETPOLDATE, GETPOLDATE, GETPOLTIME, STATE, ENTERKIND, AMNTGRADE, PEOPLES3, ONWORKPEOPLES, OFFWORKPEOPLES, OTHERPEOPLES, RELAPEOPLES, RELAMATEPEOPLES, RELAYOUNGPEOPLES, RELAOTHERPEOPLES, FIRSTTRIALOPERATOR, FIRSTTRIALDATE, FIRSTTRIALTIME, RECEIVEOPERATOR, RECEIVEDATE, RECEIVETIME, TEMPFEENO, HANDLERNAME, HANDLERDATE, HANDLERPRINT, AGENTDATE, BUSINESSBIGTYPE, MARKETTYPE, REPORTNO, CONFERNO, SIGNREPORTNO, AGENTCONFERNO, CONTTYPE, CLIENTCARE, CLIENTNEEDJUDGE, FUNDJUDGE, FUNDREASON, EDORCALTYPE, BACKDATEREMARK, DONATECONTFLAG, EXAMANDAPPNO, COMMONFLAG, COMMONINSUNO, RISKFLAG, BUSINESSCHNL, INQUIRYNO, BSCHNLFLAG, STANDBYFLAG4, STANDBYFLAG5, STANDBYFLAG6, OPERATOR, MAKEDATE, MAKETIME, MODIFYDATE, MODIFYTIME)
2021-01-19 16:17:54 INFO  TxtTest:32 - values ('2853011386872', '8053012031437', '8053012031437', '3', '5301', '5301', '01', 'TK00039298', '000000000201', null, null, null, '2645940748', '8', 1, '陈沁', null, null, 0.00, 0.00, 0.0000, null, null, null, null, null, null, null, null, null, null, null, null, null, null, null, null, null, null, 0, 0, null, null, null, null, '0', null, null, '5301', to_date('27-09-2020', 'dd-mm-yyyy'), '21:20:28', to_date('01-10-2020', 'dd-mm-yyyy'), 0, 0, 0, 0.00, 0.00, 0, 1.00000, 0.25, 1000000.00, 0.25, 0.25, 0.00, '01', null, null, null, '01', to_date('27-09-2020', 'dd-mm-yyyy'), null, '9', '01', to_date('27-09-2020', 'dd-mm-yyyy'), null, '01', '9', to_date('27-09-2020', 'dd-mm-yyyy'), '21:20:28', '1', to_date('27-09-2020', 'dd-mm-yyyy'), null, null, null, '1', null, null, 0, 0, 0, 0, 0, 0, 0, 0, null, null, null, null, null, null, null, null, null, null, null, null, '1', null, null, null, null, '2', null, null, null, null, null, null, null, null, null, null, null, '01', null, null, null, null, null, '01', to_date('27-09-2020', 'dd-mm-yyyy'), '21:20:28', to_date('27-09-2020', 'dd-mm-yyyy'), '21:20:28');
2021-01-19 16:17:54 INFO  TxtTest:32 - 
2021-01-19 16:17:54 INFO  TxtTest:32 - insert into lcgrpcont (GRPCONTNO, PROPOSALGRPCONTNO, PRTNO, SALECHNL, MANAGECOM, AGENTCOM, AGENTTYPE, AGENTCODE, AGENTGROUP, AGENTCODE1, PASSWORD, PASSWORD2, APPNTNO, ADDRESSNO, PEOPLES2, GRPNAME, BUSINESSTYPE, GRPNATURE, RGTMONEY, ASSET, NETPROFITRATE, MAINBUSSINESS, CORPORATION, COMAERA, FAX, PHONE, GETFLAG, SATRAP, EMAIL, FOUNDDATE, GRPGROUPNO, BANKCODE, BANKACCNO, ACCNAME, DISPUTEDFLAG, OUTPAYFLAG, GETPOLMODE, LANG, CURRENCY, LOSTTIMES, PRINTCOUNT, REGETDATE, LASTEDORDATE, LASTGETDATE, LASTLOANDATE, SPECFLAG, GRPSPEC, PAYMODE, SIGNCOM, SIGNDATE, SIGNTIME, CVALIDATE, PAYINTV, MANAGEFEERATE, EXPPEOPLES, EXPPREMIUM, EXPAMNT, PEOPLES, MULT, PREM, AMNT, SUMPREM, SUMPAY, DIF, REMARK, STANDBYFLAG1, STANDBYFLAG2, STANDBYFLAG3, INPUTOPERATOR, INPUTDATE, INPUTTIME, APPROVEFLAG, APPROVECODE, APPROVEDATE, APPROVETIME, UWOPERATOR, UWFLAG, UWDATE, UWTIME, APPFLAG, POLAPPLYDATE, CUSTOMGETPOLDATE, GETPOLDATE, GETPOLTIME, STATE, ENTERKIND, AMNTGRADE, PEOPLES3, ONWORKPEOPLES, OFFWORKPEOPLES, OTHERPEOPLES, RELAPEOPLES, RELAMATEPEOPLES, RELAYOUNGPEOPLES, RELAOTHERPEOPLES, FIRSTTRIALOPERATOR, FIRSTTRIALDATE, FIRSTTRIALTIME, RECEIVEOPERATOR, RECEIVEDATE, RECEIVETIME, TEMPFEENO, HANDLERNAME, HANDLERDATE, HANDLERPRINT, AGENTDATE, BUSINESSBIGTYPE, MARKETTYPE, REPORTNO, CONFERNO, SIGNREPORTNO, AGENTCONFERNO, CONTTYPE, CLIENTCARE, CLIENTNEEDJUDGE, FUNDJUDGE, FUNDREASON, EDORCALTYPE, BACKDATEREMARK, DONATECONTFLAG, EXAMANDAPPNO, COMMONFLAG, COMMONINSUNO, RISKFLAG, BUSINESSCHNL, INQUIRYNO, BSCHNLFLAG, STANDBYFLAG4, STANDBYFLAG5, STANDBYFLAG6, OPERATOR, MAKEDATE, MAKETIME, MODIFYDATE, MODIFYTIME)
2021-01-19 16:17:54 INFO  TxtTest:32 - values ('2853011015511', '70201600029781', '70201600029781', '3', '5301', null, '01', 'TK00004278', '000000002394', null, null, null, '4975040669', '5', 1, '中国石油天然气股份有限公司广东销售分公司', null, '01', 0.00, 0.00, 0.0000, null, null, null, null, null, null, null, null, null, null, '015301', '6222032006001500290', null, null, '1', null, null, null, 0, 0, null, null, null, null, '0', null, null, '5301', to_date('30-09-2016', 'dd-mm-yyyy'), '16:50:03', to_date('01-10-2016', 'dd-mm-yyyy'), 12, 0, 0, 0.00, 0.00, 1, 0.00000, 2280.00, 300000.00, 11400.00, 0.00, 0.00, null, null, null, '5301', 'YLSC', to_date('30-09-2016', 'dd-mm-yyyy'), '16:25:00', '9', 'YLSC', to_date('30-09-2016', 'dd-mm-yyyy'), '16:25:00', 'YLSC', '9', to_date('30-09-2016', 'dd-mm-yyyy'), '16:25:00', '1', to_date('30-09-2016', 'dd-mm-yyyy'), null, null, null, '1', null, null, 0, 0, 0, 0, 0, 0, 0, 0, null, null, null, null, null, null, null, null, null, null, null, null, '0', null, null, null, null, '1', null, null, null, null, null, null, null, null, null, null, null, '01', 'SY2016095301000000037', null, null, null, null, 'YLSC', to_date('12-10-2019', 'dd-mm-yyyy'), '10:13:10', to_date('01-10-2020', 'dd-mm-yyyy'), '13:50:57');
2021-01-19 16:17:54 INFO  TxtTest:32 - 
2021-01-19 16:17:54 INFO  TxtTest:32 - prompt Done.
2021-01-19 16:35:33 INFO  TxtTest:38 - prompt Importing table lcgrpcont...
2021-01-19 16:35:33 INFO  TxtTest:38 - set feedback off
2021-01-19 16:35:33 INFO  TxtTest:38 - set define off
2021-01-19 16:37:01 INFO  TxtTest:39 - prompt Importing table lcgrpcont...
2021-01-19 16:37:01 INFO  TxtTest:39 - set feedback off
2021-01-19 16:37:01 INFO  TxtTest:39 - set define off
2021-01-19 16:37:01 INFO  TxtTest:39 - 
2021-01-19 16:37:01 INFO  TxtTest:39 - 
2021-01-19 16:37:01 INFO  TxtTest:39 - 
2021-01-19 16:37:01 INFO  TxtTest:39 - prompt Done.
2021-01-19 16:39:24 INFO  TxtTest:39 - prompt Importing table lcgrpcont...
2021-01-19 16:39:24 INFO  TxtTest:39 - set feedback off
2021-01-19 16:39:24 INFO  TxtTest:39 - set define off
2021-01-19 16:39:24 INFO  TxtTest:39 - 
2021-01-19 16:39:24 INFO  TxtTest:39 - 
2021-01-19 16:39:24 INFO  TxtTest:39 - 
2021-01-19 16:39:24 INFO  TxtTest:39 - prompt Done.
2021-01-19 17:05:39 INFO  TxtTest:37 - prompt Importing table lcgrpcont...
2021-01-19 17:05:39 INFO  TxtTest:37 - set feedback off
2021-01-19 17:05:39 INFO  TxtTest:37 - set define off
2021-01-19 17:05:39 INFO  TxtTest:37 - 
2021-01-19 17:05:39 INFO  TxtTest:37 - 
2021-01-19 17:05:39 INFO  TxtTest:37 - 
2021-01-19 17:05:39 INFO  TxtTest:37 - prompt Done.
2021-01-19 17:06:11 INFO  TxtTest:37 - prompt Importing table lcgrpcont...
2021-01-19 17:06:11 INFO  TxtTest:37 - set feedback off
2021-01-19 17:06:11 INFO  TxtTest:37 - set define off
2021-01-19 17:06:11 INFO  TxtTest:37 - 
2021-01-19 17:06:11 INFO  TxtTest:37 - 
2021-01-19 17:06:11 INFO  TxtTest:37 - 
2021-01-19 17:06:11 INFO  TxtTest:37 - prompt Done.
2021-01-19 17:06:33 INFO  TxtTest:37 - prompt Importing table lcgrpcont...
2021-01-19 17:06:33 INFO  TxtTest:37 - set feedback off
2021-01-19 17:06:33 INFO  TxtTest:37 - set define off
2021-01-19 17:06:33 INFO  TxtTest:37 - 
2021-01-19 17:06:33 INFO  TxtTest:37 - 
2021-01-19 17:06:33 INFO  TxtTest:37 - 
2021-01-19 17:06:33 INFO  TxtTest:37 - prompt Done.
2021-01-19 17:06:53 INFO  TxtTest:37 - prompt Importing table lcgrpcont...
2021-01-19 17:06:53 INFO  TxtTest:37 - set feedback off
2021-01-19 17:06:53 INFO  TxtTest:37 - set define off
2021-01-19 17:06:53 INFO  TxtTest:37 - 
2021-01-19 17:06:53 INFO  TxtTest:37 - 
2021-01-19 17:06:53 INFO  TxtTest:37 - 
2021-01-19 17:06:53 INFO  TxtTest:37 - prompt Done.
2021-01-19 17:21:53 INFO  TxtTest:37 - prompt Importing table lcgrpcont...
2021-01-19 17:21:53 INFO  TxtTest:37 - set feedback off
2021-01-19 17:21:53 INFO  TxtTest:37 - set define off
2021-01-19 17:21:53 INFO  TxtTest:37 - 
2021-01-19 17:21:53 INFO  TxtTest:37 - 
2021-01-19 17:21:53 INFO  TxtTest:37 - 
2021-01-19 17:21:53 INFO  TxtTest:37 - prompt Done.
2021-01-19 17:21:53 WARN  TxtTest:74 - insert into lcgrpcont (GRPCONTNO, PROPOSALGRPCONTNO, PRTNO, SALECHNL, MANAGECOM, AGENTCOM, AGENTTYPE, AGENTCODE, AGENTGROUP, AGENTCODE1, PASSWORD, PASSWORD2, APPNTNO, ADDRESSNO, PEOPLES2, GRPNAME, BUSINESSTYPE, GRPNATURE, RGTMONEY, ASSET, NETPROFITRATE, MAINBUSSINESS, CORPORATION, COMAERA, FAX, PHONE, GETFLAG, SATRAP, EMAIL, FOUNDDATE, GRPGROUPNO, BANKCODE, BANKACCNO, ACCNAME, DISPUTEDFLAG, OUTPAYFLAG, GETPOLMODE, LANG, CURRENCY, LOSTTIMES, PRINTCOUNT, REGETDATE, LASTEDORDATE, LASTGETDATE, LASTLOANDATE, SPECFLAG, GRPSPEC, PAYMODE, SIGNCOM, SIGNDATE, SIGNTIME, CVALIDATE, PAYINTV, MANAGEFEERATE, EXPPEOPLES, EXPPREMIUM, EXPAMNT, PEOPLES, MULT, PREM, AMNT, SUMPREM, SUMPAY, DIF, REMARK, STANDBYFLAG1, STANDBYFLAG2, STANDBYFLAG3, INPUTOPERATOR, INPUTDATE, INPUTTIME, APPROVEFLAG, APPROVECODE, APPROVEDATE, APPROVETIME, UWOPERATOR, UWFLAG, UWDATE, UWTIME, APPFLAG, POLAPPLYDATE, CUSTOMGETPOLDATE, GETPOLDATE, GETPOLTIME, STATE, ENTERKIND, AMNTGRADE, PEOPLES3, ONWORKPEOPLES, OFFWORKPEOPLES, OTHERPEOPLES, RELAPEOPLES, RELAMATEPEOPLES, RELAYOUNGPEOPLES, RELAOTHERPEOPLES, FIRSTTRIALOPERATOR, FIRSTTRIALDATE, FIRSTTRIALTIME, RECEIVEOPERATOR, RECEIVEDATE, RECEIVETIME, TEMPFEENO, HANDLERNAME, HANDLERDATE, HANDLERPRINT, AGENTDATE, BUSINESSBIGTYPE, MARKETTYPE, REPORTNO, CONFERNO, SIGNREPORTNO, AGENTCONFERNO, CONTTYPE, CLIENTCARE, CLIENTNEEDJUDGE, FUNDJUDGE, FUNDREASON, EDORCALTYPE, BACKDATEREMARK, DONATECONTFLAG, EXAMANDAPPNO, COMMONFLAG, COMMONINSUNO, RISKFLAG, BUSINESSCHNL, INQUIRYNO, BSCHNLFLAG, STANDBYFLAG4, STANDBYFLAG5, STANDBYFLAG6, OPERATOR, MAKEDATE, MAKETIME, MODIFYDATE, MODIFYTIME)values ('60531800000071', '60531800000071', '60531800000071', '3', '5318', '53TK75193760', '03', 'TK00020385', '000000006968', null, null, null, '0000604890', '1', 0, '廉江市青平银河壹加壹食府', '1900', '15', 0.00, 0.00, 0.0000, null, '廖尚武', null, null, null, null, null, null, null, null, null, null, '廉江市青平银河壹加壹食府', null, '1', null, null, null, 0, 0, null, null, null, null, '0', null, null, null, null, null, to_date('17-09-2020', 'dd-mm-yyyy'), 0, 0, 0, 0.00, 0.00, 20, 0.00000, 0.00, 0.00, 0.00, 0.00, 0.00, '1、在《泰康附加意外伤害团体医疗保险》中，无论被保险人有无医保，无论基本医疗保险、公费医疗或政府主办补充医疗是否先行赔付，个人支付的合理医疗费用均扣除免赔额50元，剩余部分按100%的比例进行赔付。2、在《泰康附加意外住院津贴团体医疗保险》中，免赔天数为4天。', null, null, '52CE', null, null, null, '9', 'w_lisha01', to_date('13-10-2020', 'dd-mm-yyyy'), '15:25:20', 'wangle03', '9', to_date('19-10-2020', 'dd-mm-yyyy'), '15:25:20', '0', to_date('13-10-2020', 'dd-mm-yyyy'), null, null, null, '0', null, null, 0, 0, 0, 0, 0, 0, 0, 0, null, null, null, null, null, null, null, null, null, null, null, null, null, null, null, '01', '0', '2', 'E', 'Y', 'Y', 'Y', 'N', '正常', '0', null, '0', null, null, '07', '012020075318000000001', null, null, null, null, 'wangle03', to_date('13-10-2020', 'dd-mm-yyyy'), '14:44:16', to_date('19-10-2020', 'dd-mm-yyyy'), '20:14:14')
2021-01-19 17:21:53 WARN  TxtTest:74 - insert into lcgrpcont (GRPCONTNO, PROPOSALGRPCONTNO, PRTNO, SALECHNL, MANAGECOM, AGENTCOM, AGENTTYPE, AGENTCODE, AGENTGROUP, AGENTCODE1, PASSWORD, PASSWORD2, APPNTNO, ADDRESSNO, PEOPLES2, GRPNAME, BUSINESSTYPE, GRPNATURE, RGTMONEY, ASSET, NETPROFITRATE, MAINBUSSINESS, CORPORATION, COMAERA, FAX, PHONE, GETFLAG, SATRAP, EMAIL, FOUNDDATE, GRPGROUPNO, BANKCODE, BANKACCNO, ACCNAME, DISPUTEDFLAG, OUTPAYFLAG, GETPOLMODE, LANG, CURRENCY, LOSTTIMES, PRINTCOUNT, REGETDATE, LASTEDORDATE, LASTGETDATE, LASTLOANDATE, SPECFLAG, GRPSPEC, PAYMODE, SIGNCOM, SIGNDATE, SIGNTIME, CVALIDATE, PAYINTV, MANAGEFEERATE, EXPPEOPLES, EXPPREMIUM, EXPAMNT, PEOPLES, MULT, PREM, AMNT, SUMPREM, SUMPAY, DIF, REMARK, STANDBYFLAG1, STANDBYFLAG2, STANDBYFLAG3, INPUTOPERATOR, INPUTDATE, INPUTTIME, APPROVEFLAG, APPROVECODE, APPROVEDATE, APPROVETIME, UWOPERATOR, UWFLAG, UWDATE, UWTIME, APPFLAG, POLAPPLYDATE, CUSTOMGETPOLDATE, GETPOLDATE, GETPOLTIME, STATE, ENTERKIND, AMNTGRADE, PEOPLES3, ONWORKPEOPLES, OFFWORKPEOPLES, OTHERPEOPLES, RELAPEOPLES, RELAMATEPEOPLES, RELAYOUNGPEOPLES, RELAOTHERPEOPLES, FIRSTTRIALOPERATOR, FIRSTTRIALDATE, FIRSTTRIALTIME, RECEIVEOPERATOR, RECEIVEDATE, RECEIVETIME, TEMPFEENO, HANDLERNAME, HANDLERDATE, HANDLERPRINT, AGENTDATE, BUSINESSBIGTYPE, MARKETTYPE, REPORTNO, CONFERNO, SIGNREPORTNO, AGENTCONFERNO, CONTTYPE, CLIENTCARE, CLIENTNEEDJUDGE, FUNDJUDGE, FUNDREASON, EDORCALTYPE, BACKDATEREMARK, DONATECONTFLAG, EXAMANDAPPNO, COMMONFLAG, COMMONINSUNO, RISKFLAG, BUSINESSCHNL, INQUIRYNO, BSCHNLFLAG, STANDBYFLAG4, STANDBYFLAG5, STANDBYFLAG6, OPERATOR, MAKEDATE, MAKETIME, MODIFYDATE, MODIFYTIME)values ('2853011386872', '8053012031437', '8053012031437', '3', '5301', '5301', '01', 'TK00039298', '000000000201', null, null, null, '2645940748', '8', 1, '陈沁', null, null, 0.00, 0.00, 0.0000, null, null, null, null, null, null, null, null, null, null, null, null, null, null, null, null, null, null, 0, 0, null, null, null, null, '0', null, null, '5301', to_date('27-09-2020', 'dd-mm-yyyy'), '21:20:28', to_date('01-10-2020', 'dd-mm-yyyy'), 0, 0, 0, 0.00, 0.00, 0, 1.00000, 0.25, 1000000.00, 0.25, 0.25, 0.00, '01', null, null, null, '01', to_date('27-09-2020', 'dd-mm-yyyy'), null, '9', '01', to_date('27-09-2020', 'dd-mm-yyyy'), null, '01', '9', to_date('27-09-2020', 'dd-mm-yyyy'), '21:20:28', '1', to_date('27-09-2020', 'dd-mm-yyyy'), null, null, null, '1', null, null, 0, 0, 0, 0, 0, 0, 0, 0, null, null, null, null, null, null, null, null, null, null, null, null, '1', null, null, null, null, '2', null, null, null, null, null, null, null, null, null, null, null, '01', null, null, null, null, null, '01', to_date('27-09-2020', 'dd-mm-yyyy'), '21:20:28', to_date('27-09-2020', 'dd-mm-yyyy'), '21:20:28')
2021-01-19 17:21:53 WARN  TxtTest:74 - insert into lcgrpcont (GRPCONTNO, PROPOSALGRPCONTNO, PRTNO, SALECHNL, MANAGECOM, AGENTCOM, AGENTTYPE, AGENTCODE, AGENTGROUP, AGENTCODE1, PASSWORD, PASSWORD2, APPNTNO, ADDRESSNO, PEOPLES2, GRPNAME, BUSINESSTYPE, GRPNATURE, RGTMONEY, ASSET, NETPROFITRATE, MAINBUSSINESS, CORPORATION, COMAERA, FAX, PHONE, GETFLAG, SATRAP, EMAIL, FOUNDDATE, GRPGROUPNO, BANKCODE, BANKACCNO, ACCNAME, DISPUTEDFLAG, OUTPAYFLAG, GETPOLMODE, LANG, CURRENCY, LOSTTIMES, PRINTCOUNT, REGETDATE, LASTEDORDATE, LASTGETDATE, LASTLOANDATE, SPECFLAG, GRPSPEC, PAYMODE, SIGNCOM, SIGNDATE, SIGNTIME, CVALIDATE, PAYINTV, MANAGEFEERATE, EXPPEOPLES, EXPPREMIUM, EXPAMNT, PEOPLES, MULT, PREM, AMNT, SUMPREM, SUMPAY, DIF, REMARK, STANDBYFLAG1, STANDBYFLAG2, STANDBYFLAG3, INPUTOPERATOR, INPUTDATE, INPUTTIME, APPROVEFLAG, APPROVECODE, APPROVEDATE, APPROVETIME, UWOPERATOR, UWFLAG, UWDATE, UWTIME, APPFLAG, POLAPPLYDATE, CUSTOMGETPOLDATE, GETPOLDATE, GETPOLTIME, STATE, ENTERKIND, AMNTGRADE, PEOPLES3, ONWORKPEOPLES, OFFWORKPEOPLES, OTHERPEOPLES, RELAPEOPLES, RELAMATEPEOPLES, RELAYOUNGPEOPLES, RELAOTHERPEOPLES, FIRSTTRIALOPERATOR, FIRSTTRIALDATE, FIRSTTRIALTIME, RECEIVEOPERATOR, RECEIVEDATE, RECEIVETIME, TEMPFEENO, HANDLERNAME, HANDLERDATE, HANDLERPRINT, AGENTDATE, BUSINESSBIGTYPE, MARKETTYPE, REPORTNO, CONFERNO, SIGNREPORTNO, AGENTCONFERNO, CONTTYPE, CLIENTCARE, CLIENTNEEDJUDGE, FUNDJUDGE, FUNDREASON, EDORCALTYPE, BACKDATEREMARK, DONATECONTFLAG, EXAMANDAPPNO, COMMONFLAG, COMMONINSUNO, RISKFLAG, BUSINESSCHNL, INQUIRYNO, BSCHNLFLAG, STANDBYFLAG4, STANDBYFLAG5, STANDBYFLAG6, OPERATOR, MAKEDATE, MAKETIME, MODIFYDATE, MODIFYTIME)values ('2853011015511', '70201600029781', '70201600029781', '3', '5301', null, '01', 'TK00004278', '000000002394', null, null, null, '4975040669', '5', 1, '中国石油天然气股份有限公司广东销售分公司', null, '01', 0.00, 0.00, 0.0000, null, null, null, null, null, null, null, null, null, null, '015301', '6222032006001500290', null, null, '1', null, null, null, 0, 0, null, null, null, null, '0', null, null, '5301', to_date('30-09-2016', 'dd-mm-yyyy'), '16:50:03', to_date('01-10-2016', 'dd-mm-yyyy'), 12, 0, 0, 0.00, 0.00, 1, 0.00000, 2280.00, 300000.00, 11400.00, 0.00, 0.00, null, null, null, '5301', 'YLSC', to_date('30-09-2016', 'dd-mm-yyyy'), '16:25:00', '9', 'YLSC', to_date('30-09-2016', 'dd-mm-yyyy'), '16:25:00', 'YLSC', '9', to_date('30-09-2016', 'dd-mm-yyyy'), '16:25:00', '1', to_date('30-09-2016', 'dd-mm-yyyy'), null, null, null, '1', null, null, 0, 0, 0, 0, 0, 0, 0, 0, null, null, null, null, null, null, null, null, null, null, null, null, '0', null, null, null, null, '1', null, null, null, null, null, null, null, null, null, null, null, '01', 'SY2016095301000000037', null, null, null, null, 'YLSC', to_date('12-10-2019', 'dd-mm-yyyy'), '10:13:10', to_date('01-10-2020', 'dd-mm-yyyy'), '13:50:57')
2021-01-22 11:45:46 INFO  ExcelRead:99 - xlsx琛ㄦ牸涓鍙栫殑鏁版嵁:GRPCONTNO
2021-01-22 11:45:46 INFO  ExcelRead:99 - xlsx琛ㄦ牸涓鍙栫殑鏁版嵁:MANAGECOM
2021-01-22 11:45:46 INFO  ExcelRead:99 - xlsx琛ㄦ牸涓鍙栫殑鏁版嵁:SALECHNL
2021-01-22 11:45:46 INFO  ExcelRead:99 - xlsx琛ㄦ牸涓鍙栫殑鏁版嵁:BUSINESSCHNL
2021-01-22 11:45:46 INFO  ExcelRead:99 - xlsx琛ㄦ牸涓鍙栫殑鏁版嵁:COSTSTATE
2021-01-22 11:45:46 INFO  ExcelRead:99 - xlsx琛ㄦ牸涓鍙栫殑鏁版嵁:STANDBYFLAG1
2021-01-22 11:45:46 INFO  ExcelRead:99 - xlsx琛ㄦ牸涓鍙栫殑鏁版嵁:STANDBYFLAG2
2021-01-22 11:45:46 INFO  ExcelRead:99 - xlsx琛ㄦ牸涓鍙栫殑鏁版嵁:STANDBYFLAG3
2021-01-22 11:45:46 INFO  ExcelRead:99 - xlsx琛ㄦ牸涓鍙栫殑鏁版嵁:SUBMITOR
2021-01-22 11:45:46 INFO  ExcelRead:99 - xlsx琛ㄦ牸涓鍙栫殑鏁版嵁:SUBMITDATE
2021-01-22 11:45:46 INFO  ExcelRead:99 - xlsx琛ㄦ牸涓鍙栫殑鏁版嵁:SUBMITTIME
2021-01-22 11:45:46 INFO  ExcelRead:99 - xlsx琛ㄦ牸涓鍙栫殑鏁版嵁:AUDITOR
2021-01-22 11:45:46 INFO  ExcelRead:99 - xlsx琛ㄦ牸涓鍙栫殑鏁版嵁:AUDITDATE
2021-01-22 11:45:46 INFO  ExcelRead:99 - xlsx琛ㄦ牸涓鍙栫殑鏁版嵁:AUDITTIME
2021-01-22 11:45:46 INFO  ExcelRead:99 - xlsx琛ㄦ牸涓鍙栫殑鏁版嵁:OPERATOR
2021-01-22 11:45:46 INFO  ExcelRead:99 - xlsx琛ㄦ牸涓鍙栫殑鏁版嵁:MAKEDATE
2021-01-22 11:45:46 INFO  ExcelRead:99 - xlsx琛ㄦ牸涓鍙栫殑鏁版嵁:MAKETIME
2021-01-22 11:45:46 INFO  ExcelRead:99 - xlsx琛ㄦ牸涓鍙栫殑鏁版嵁:MODIFYDATE
2021-01-22 11:45:46 INFO  ExcelRead:99 - xlsx琛ㄦ牸涓鍙栫殑鏁版嵁:MODIFYTIME
2021-01-22 11:45:46 INFO  ExcelRead:99 - xlsx琛ㄦ牸涓鍙栫殑鏁版嵁:285301000004
2021-01-22 11:45:46 INFO  ExcelRead:99 - xlsx琛ㄦ牸涓鍙栫殑鏁版嵁:5301
2021-01-22 11:45:46 INFO  ExcelRead:99 - xlsx琛ㄦ牸涓鍙栫殑鏁版嵁:3
2021-01-22 11:45:46 INFO  ExcelRead:99 - xlsx琛ㄦ牸涓鍙栫殑鏁版嵁:1
2021-01-22 11:45:46 INFO  ExcelRead:99 - xlsx琛ㄦ牸涓鍙栫殑鏁版嵁:3
2021-01-22 11:45:46 INFO  ExcelRead:99 - xlsx琛ㄦ牸涓鍙栫殑鏁版嵁:dengl07
2021-01-22 11:45:47 INFO  ExcelRead:99 - xlsx琛ㄦ牸涓鍙栫殑鏁版嵁:2015-11-11 00:00:00
2021-01-22 11:45:47 INFO  ExcelRead:99 - xlsx琛ㄦ牸涓鍙栫殑鏁版嵁:1899-12-31 19:53:19
2021-01-22 11:45:47 INFO  ExcelRead:99 - xlsx琛ㄦ牸涓鍙栫殑鏁版嵁:chenqt01
2021-01-22 11:45:47 INFO  ExcelRead:99 - xlsx琛ㄦ牸涓鍙栫殑鏁版嵁:2015-11-12 00:00:00
2021-01-22 11:45:47 INFO  ExcelRead:99 - xlsx琛ㄦ牸涓鍙栫殑鏁版嵁:1899-12-31 09:00:16
2021-01-22 11:45:47 INFO  ExcelRead:99 - xlsx琛ㄦ牸涓鍙栫殑鏁版嵁:dengl07
2021-01-22 11:45:47 INFO  ExcelRead:99 - xlsx琛ㄦ牸涓鍙栫殑鏁版嵁:2014-03-25 00:00:00
2021-01-22 11:45:47 INFO  ExcelRead:99 - xlsx琛ㄦ牸涓鍙栫殑鏁版嵁:1899-12-31 17:49:23
2021-01-22 11:45:47 INFO  ExcelRead:99 - xlsx琛ㄦ牸涓鍙栫殑鏁版嵁:2015-11-11 00:00:00
2021-01-22 11:45:47 INFO  ExcelRead:99 - xlsx琛ㄦ牸涓鍙栫殑鏁版嵁:1899-12-31 19:53:15
2021-01-22 11:45:47 INFO  ExcelRead:99 - xlsx琛ㄦ牸涓鍙栫殑鏁版嵁:285301000026
2021-01-22 11:45:47 INFO  ExcelRead:99 - xlsx琛ㄦ牸涓鍙栫殑鏁版嵁:5301
2021-01-22 11:45:47 INFO  ExcelRead:99 - xlsx琛ㄦ牸涓鍙栫殑鏁版嵁:3
2021-01-22 11:45:47 INFO  ExcelRead:99 - xlsx琛ㄦ牸涓鍙栫殑鏁版嵁:1
2021-01-22 11:45:47 INFO  ExcelRead:99 - xlsx琛ㄦ牸涓鍙栫殑鏁版嵁:3
2021-01-22 11:45:47 INFO  ExcelRead:99 - xlsx琛ㄦ牸涓鍙栫殑鏁版嵁:dengl07
2021-01-22 11:45:47 INFO  ExcelRead:99 - xlsx琛ㄦ牸涓鍙栫殑鏁版嵁:2015-09-30 00:00:00
2021-01-22 11:45:47 INFO  ExcelRead:99 - xlsx琛ㄦ牸涓鍙栫殑鏁版嵁:1899-12-31 17:26:41
2021-01-22 11:45:47 INFO  ExcelRead:99 - xlsx琛ㄦ牸涓鍙栫殑鏁版嵁:chenqt01
2021-01-22 11:45:47 INFO  ExcelRead:99 - xlsx琛ㄦ牸涓鍙栫殑鏁版嵁:2015-10-09 00:00:00
2021-01-22 11:45:47 INFO  ExcelRead:99 - xlsx琛ㄦ牸涓鍙栫殑鏁版嵁:1899-12-31 10:06:47
2021-01-22 11:45:47 INFO  ExcelRead:99 - xlsx琛ㄦ牸涓鍙栫殑鏁版嵁:dengl07
2021-01-22 11:45:47 INFO  ExcelRead:99 - xlsx琛ㄦ牸涓鍙栫殑鏁版嵁:2014-09-19 00:00:00
2021-01-22 11:45:47 INFO  ExcelRead:99 - xlsx琛ㄦ牸涓鍙栫殑鏁版嵁:1899-12-31 11:56:02
2021-01-22 11:45:47 INFO  ExcelRead:99 - xlsx琛ㄦ牸涓鍙栫殑鏁版嵁:2015-09-30 00:00:00
2021-01-22 11:45:47 INFO  ExcelRead:99 - xlsx琛ㄦ牸涓鍙栫殑鏁版嵁:1899-12-31 17:22:14
2021-01-22 11:45:47 INFO  ExcelRead:99 - xlsx琛ㄦ牸涓鍙栫殑鏁版嵁:285301000037
2021-01-22 11:45:47 INFO  ExcelRead:99 - xlsx琛ㄦ牸涓鍙栫殑鏁版嵁:5301
2021-01-22 11:45:47 INFO  ExcelRead:99 - xlsx琛ㄦ牸涓鍙栫殑鏁版嵁:3
2021-01-22 11:45:47 INFO  ExcelRead:99 - xlsx琛ㄦ牸涓鍙栫殑鏁版嵁:1
2021-01-22 11:45:47 INFO  ExcelRead:99 - xlsx琛ㄦ牸涓鍙栫殑鏁版嵁:3
2021-01-22 11:45:47 INFO  ExcelRead:99 - xlsx琛ㄦ牸涓鍙栫殑鏁版嵁:dengl07
2021-01-22 11:45:47 INFO  ExcelRead:99 - xlsx琛ㄦ牸涓鍙栫殑鏁版嵁:2015-09-30 00:00:00
2021-01-22 11:45:47 INFO  ExcelRead:99 - xlsx琛ㄦ牸涓鍙栫殑鏁版嵁:1899-12-31 17:31:23
2021-01-22 11:45:47 INFO  ExcelRead:99 - xlsx琛ㄦ牸涓鍙栫殑鏁版嵁:chenqt01
2021-01-22 11:45:47 INFO  ExcelRead:99 - xlsx琛ㄦ牸涓鍙栫殑鏁版嵁:2015-10-09 00:00:00
2021-01-22 11:45:47 INFO  ExcelRead:99 - xlsx琛ㄦ牸涓鍙栫殑鏁版嵁:1899-12-31 10:06:47
2021-01-22 11:45:47 INFO  ExcelRead:99 - xlsx琛ㄦ牸涓鍙栫殑鏁版嵁:dengl07
2021-01-22 11:45:47 INFO  ExcelRead:99 - xlsx琛ㄦ牸涓鍙栫殑鏁版嵁:2014-11-04 00:00:00
2021-01-22 11:45:47 INFO  ExcelRead:99 - xlsx琛ㄦ牸涓鍙栫殑鏁版嵁:1899-12-31 18:07:43
2021-01-22 11:45:47 INFO  ExcelRead:99 - xlsx琛ㄦ牸涓鍙栫殑鏁版嵁:2015-09-30 00:00:00
2021-01-22 11:45:47 INFO  ExcelRead:99 - xlsx琛ㄦ牸涓鍙栫殑鏁版嵁:1899-12-31 17:30:15
2021-01-22 11:45:47 INFO  ExcelRead:99 - xlsx琛ㄦ牸涓鍙栫殑鏁版嵁:285301000038
2021-01-22 11:45:47 INFO  ExcelRead:99 - xlsx琛ㄦ牸涓鍙栫殑鏁版嵁:5301
2021-01-22 11:45:47 INFO  ExcelRead:99 - xlsx琛ㄦ牸涓鍙栫殑鏁版嵁:3
2021-01-22 11:45:47 INFO  ExcelRead:99 - xlsx琛ㄦ牸涓鍙栫殑鏁版嵁:1
2021-01-22 11:45:47 INFO  ExcelRead:99 - xlsx琛ㄦ牸涓鍙栫殑鏁版嵁:3
2021-01-22 11:45:47 INFO  ExcelRead:99 - xlsx琛ㄦ牸涓鍙栫殑鏁版嵁:dengl07
2021-01-22 11:45:47 INFO  ExcelRead:99 - xlsx琛ㄦ牸涓鍙栫殑鏁版嵁:2015-09-30 00:00:00
2021-01-22 11:45:47 INFO  ExcelRead:99 - xlsx琛ㄦ牸涓鍙栫殑鏁版嵁:1899-12-31 17:33:10
2021-01-22 11:45:47 INFO  ExcelRead:99 - xlsx琛ㄦ牸涓鍙栫殑鏁版嵁:chenqt01
2021-01-22 11:45:47 INFO  ExcelRead:99 - xlsx琛ㄦ牸涓鍙栫殑鏁版嵁:2015-10-09 00:00:00
2021-01-22 11:45:47 INFO  ExcelRead:99 - xlsx琛ㄦ牸涓鍙栫殑鏁版嵁:1899-12-31 10:06:47
2021-01-22 11:45:47 INFO  ExcelRead:99 - xlsx琛ㄦ牸涓鍙栫殑鏁版嵁:dengl07
2021-01-22 11:45:47 INFO  ExcelRead:99 - xlsx琛ㄦ牸涓鍙栫殑鏁版嵁:2014-11-07 00:00:00
2021-01-22 11:45:47 INFO  ExcelRead:99 - xlsx琛ㄦ牸涓鍙栫殑鏁版嵁:1899-12-31 14:22:47
2021-01-22 11:45:47 INFO  ExcelRead:99 - xlsx琛ㄦ牸涓鍙栫殑鏁版嵁:2015-09-30 00:00:00
2021-01-22 11:45:47 INFO  ExcelRead:99 - xlsx琛ㄦ牸涓鍙栫殑鏁版嵁:1899-12-31 17:30:51
2021-01-22 11:45:47 INFO  ExcelRead:99 - xlsx琛ㄦ牸涓鍙栫殑鏁版嵁:285301000045
2021-01-22 11:45:47 INFO  ExcelRead:99 - xlsx琛ㄦ牸涓鍙栫殑鏁版嵁:5301
2021-01-22 11:45:47 INFO  ExcelRead:99 - xlsx琛ㄦ牸涓鍙栫殑鏁版嵁:3
2021-01-22 11:45:47 INFO  ExcelRead:99 - xlsx琛ㄦ牸涓鍙栫殑鏁版嵁:1
2021-01-22 11:45:47 INFO  ExcelRead:99 - xlsx琛ㄦ牸涓鍙栫殑鏁版嵁:3
2021-01-22 11:45:47 INFO  ExcelRead:99 - xlsx琛ㄦ牸涓鍙栫殑鏁版嵁:dengl07
2021-01-22 11:45:47 INFO  ExcelRead:99 - xlsx琛ㄦ牸涓鍙栫殑鏁版嵁:2015-09-30 00:00:00
2021-01-22 11:45:47 INFO  ExcelRead:99 - xlsx琛ㄦ牸涓鍙栫殑鏁版嵁:1899-12-31 17:35:53
2021-01-22 11:45:47 INFO  ExcelRead:99 - xlsx琛ㄦ牸涓鍙栫殑鏁版嵁:chenqt01
2021-01-22 11:45:47 INFO  ExcelRead:99 - xlsx琛ㄦ牸涓鍙栫殑鏁版嵁:2015-10-09 00:00:00
2021-01-22 11:45:47 INFO  ExcelRead:99 - xlsx琛ㄦ牸涓鍙栫殑鏁版嵁:1899-12-31 10:06:47
2021-01-22 11:45:47 INFO  ExcelRead:99 - xlsx琛ㄦ牸涓鍙栫殑鏁版嵁:dengl07
2021-01-22 11:45:47 INFO  ExcelRead:99 - xlsx琛ㄦ牸涓鍙栫殑鏁版嵁:2014-11-13 00:00:00
2021-01-22 11:45:47 INFO  ExcelRead:99 - xlsx琛ㄦ牸涓鍙栫殑鏁版嵁:1899-12-31 11:02:12
2021-01-22 11:45:47 INFO  ExcelRead:99 - xlsx琛ㄦ牸涓鍙栫殑鏁版嵁:2015-09-30 00:00:00
2021-01-22 11:45:47 INFO  ExcelRead:99 - xlsx琛ㄦ牸涓鍙栫殑鏁版嵁:1899-12-31 17:35:13
2021-01-22 11:45:47 INFO  ExcelRead:99 - xlsx琛ㄦ牸涓鍙栫殑鏁版嵁:285301000281
2021-01-22 11:45:47 INFO  ExcelRead:99 - xlsx琛ㄦ牸涓鍙栫殑鏁版嵁:5301
2021-01-22 11:45:47 INFO  ExcelRead:99 - xlsx琛ㄦ牸涓鍙栫殑鏁版嵁:3
2021-01-22 11:45:47 INFO  ExcelRead:99 - xlsx琛ㄦ牸涓鍙栫殑鏁版嵁:1
2021-01-22 11:45:47 INFO  ExcelRead:99 - xlsx琛ㄦ牸涓鍙栫殑鏁版嵁:3
2021-01-22 11:45:47 INFO  ExcelRead:99 - xlsx琛ㄦ牸涓鍙栫殑鏁版嵁:chenqt01
2021-01-22 11:45:47 INFO  ExcelRead:99 - xlsx琛ㄦ牸涓鍙栫殑鏁版嵁:2015-01-21 00:00:00
2021-01-22 11:45:47 INFO  ExcelRead:99 - xlsx琛ㄦ牸涓鍙栫殑鏁版嵁:1899-12-31 09:20:48
2021-01-22 11:45:47 INFO  ExcelRead:99 - xlsx琛ㄦ牸涓鍙栫殑鏁版嵁:dengl07
2021-01-22 11:45:47 INFO  ExcelRead:99 - xlsx琛ㄦ牸涓鍙栫殑鏁版嵁:2014-12-17 00:00:00
2021-01-22 11:45:47 INFO  ExcelRead:99 - xlsx琛ㄦ牸涓鍙栫殑鏁版嵁:1899-12-31 17:07:36
2021-01-22 11:45:47 INFO  ExcelRead:99 - xlsx琛ㄦ牸涓鍙栫殑鏁版嵁:2015-01-13 00:00:00
2021-01-22 11:45:47 INFO  ExcelRead:99 - xlsx琛ㄦ牸涓鍙栫殑鏁版嵁:1899-12-31 08:53:13
2021-01-22 11:45:47 INFO  ExcelRead:99 - xlsx琛ㄦ牸涓鍙栫殑鏁版嵁:285301000398
2021-01-22 11:45:47 INFO  ExcelRead:99 - xlsx琛ㄦ牸涓鍙栫殑鏁版嵁:5301
2021-01-22 11:45:47 INFO  ExcelRead:99 - xlsx琛ㄦ牸涓鍙栫殑鏁版嵁:3
2021-01-22 11:45:47 INFO  ExcelRead:99 - xlsx琛ㄦ牸涓鍙栫殑鏁版嵁:3
2021-01-22 11:45:47 INFO  ExcelRead:99 - xlsx琛ㄦ牸涓鍙栫殑鏁版嵁:3
2021-01-22 11:45:47 INFO  ExcelRead:99 - xlsx琛ㄦ牸涓鍙栫殑鏁版嵁:chenqt01
2021-01-22 11:45:47 INFO  ExcelRead:99 - xlsx琛ㄦ牸涓鍙栫殑鏁版嵁:2016-03-01 00:00:00
2021-01-22 11:45:47 INFO  ExcelRead:99 - xlsx琛ㄦ牸涓鍙栫殑鏁版嵁:1899-12-31 09:29:27
2021-01-22 11:45:47 INFO  ExcelRead:99 - xlsx琛ㄦ牸涓鍙栫殑鏁版嵁:dengl07
2021-01-22 11:45:47 INFO  ExcelRead:99 - xlsx琛ㄦ牸涓鍙栫殑鏁版嵁:2014-12-29 00:00:00
2021-01-22 11:45:47 INFO  ExcelRead:99 - xlsx琛ㄦ牸涓鍙栫殑鏁版嵁:1899-12-31 09:24:14
2021-01-22 11:45:47 INFO  ExcelRead:99 - xlsx琛ㄦ牸涓鍙栫殑鏁版嵁:2016-02-29 00:00:00
2021-01-22 11:45:47 INFO  ExcelRead:99 - xlsx琛ㄦ牸涓鍙栫殑鏁版嵁:1899-12-31 21:48:34
2021-01-22 11:45:47 INFO  ExcelRead:99 - xlsx琛ㄦ牸涓鍙栫殑鏁版嵁:285301000417
2021-01-22 11:45:47 INFO  ExcelRead:99 - xlsx琛ㄦ牸涓鍙栫殑鏁版嵁:5301
2021-01-22 11:45:47 INFO  ExcelRead:99 - xlsx琛ㄦ牸涓鍙栫殑鏁版嵁:3
2021-01-22 11:45:47 INFO  ExcelRead:99 - xlsx琛ㄦ牸涓鍙栫殑鏁版嵁:1
2021-01-22 11:45:47 INFO  ExcelRead:99 - xlsx琛ㄦ牸涓鍙栫殑鏁版嵁:3
2021-01-22 11:45:47 INFO  ExcelRead:99 - xlsx琛ㄦ牸涓鍙栫殑鏁版嵁:chenqt01
2021-01-22 11:45:47 INFO  ExcelRead:99 - xlsx琛ㄦ牸涓鍙栫殑鏁版嵁:2015-01-21 00:00:00
2021-01-22 11:45:47 INFO  ExcelRead:99 - xlsx琛ㄦ牸涓鍙栫殑鏁版嵁:1899-12-31 09:20:48
2021-01-22 11:45:47 INFO  ExcelRead:99 - xlsx琛ㄦ牸涓鍙栫殑鏁版嵁:dengl07
2021-01-22 11:45:47 INFO  ExcelRead:99 - xlsx琛ㄦ牸涓鍙栫殑鏁版嵁:2014-12-29 00:00:00
2021-01-22 11:45:47 INFO  ExcelRead:99 - xlsx琛ㄦ牸涓鍙栫殑鏁版嵁:1899-12-31 15:36:41
2021-01-22 11:45:47 INFO  ExcelRead:99 - xlsx琛ㄦ牸涓鍙栫殑鏁版嵁:2015-01-13 00:00:00
2021-01-22 11:45:47 INFO  ExcelRead:99 - xlsx琛ㄦ牸涓鍙栫殑鏁版嵁:1899-12-31 08:53:13
2021-01-22 11:45:47 INFO  ExcelRead:99 - xlsx琛ㄦ牸涓鍙栫殑鏁版嵁:285301000432
2021-01-22 11:45:47 INFO  ExcelRead:99 - xlsx琛ㄦ牸涓鍙栫殑鏁版嵁:5301
2021-01-22 11:45:47 INFO  ExcelRead:99 - xlsx琛ㄦ牸涓鍙栫殑鏁版嵁:3
2021-01-22 11:45:47 INFO  ExcelRead:99 - xlsx琛ㄦ牸涓鍙栫殑鏁版嵁:1
2021-01-22 11:45:47 INFO  ExcelRead:99 - xlsx琛ㄦ牸涓鍙栫殑鏁版嵁:3
2021-01-22 11:45:47 INFO  ExcelRead:99 - xlsx琛ㄦ牸涓鍙栫殑鏁版嵁:gzzhongm
2021-01-22 11:45:47 INFO  ExcelRead:99 - xlsx琛ㄦ牸涓鍙栫殑鏁版嵁:2018-06-07 00:00:00
2021-01-22 11:45:47 INFO  ExcelRead:99 - xlsx琛ㄦ牸涓鍙栫殑鏁版嵁:1899-12-31 12:36:44
2021-01-22 11:45:47 INFO  ExcelRead:99 - xlsx琛ㄦ牸涓鍙栫殑鏁版嵁:huangxj29
2021-01-22 11:45:47 INFO  ExcelRead:99 - xlsx琛ㄦ牸涓鍙栫殑鏁版嵁:2018-06-08 00:00:00
2021-01-22 11:45:47 INFO  ExcelRead:99 - xlsx琛ㄦ牸涓鍙栫殑鏁版嵁:1899-12-31 13:52:32
2021-01-22 11:45:47 INFO  ExcelRead:99 - xlsx琛ㄦ牸涓鍙栫殑鏁版嵁:gzzhongm
2021-01-22 11:45:47 INFO  ExcelRead:99 - xlsx琛ㄦ牸涓鍙栫殑鏁版嵁:2018-06-07 00:00:00
2021-01-22 11:45:47 INFO  ExcelRead:99 - xlsx琛ㄦ牸涓鍙栫殑鏁版嵁:1899-12-31 11:17:23
2021-01-22 11:45:47 INFO  ExcelRead:99 - xlsx琛ㄦ牸涓鍙栫殑鏁版嵁:2018-06-07 00:00:00
2021-01-22 11:45:47 INFO  ExcelRead:99 - xlsx琛ㄦ牸涓鍙栫殑鏁版嵁:1899-12-31 12:36:38
2021-01-22 11:56:40 INFO  ExcelRead:99 - xlsx琛ㄦ牸涓鍙栫殑鏁版嵁:GRPCONTNO
2021-01-22 11:56:40 INFO  ExcelRead:99 - xlsx琛ㄦ牸涓鍙栫殑鏁版嵁:MANAGECOM
2021-01-22 11:56:40 INFO  ExcelRead:99 - xlsx琛ㄦ牸涓鍙栫殑鏁版嵁:SALECHNL
2021-01-22 11:56:40 INFO  ExcelRead:99 - xlsx琛ㄦ牸涓鍙栫殑鏁版嵁:BUSINESSCHNL
2021-01-22 11:56:40 INFO  ExcelRead:99 - xlsx琛ㄦ牸涓鍙栫殑鏁版嵁:COSTSTATE
2021-01-22 11:56:40 INFO  ExcelRead:99 - xlsx琛ㄦ牸涓鍙栫殑鏁版嵁:STANDBYFLAG1
2021-01-22 11:56:40 INFO  ExcelRead:99 - xlsx琛ㄦ牸涓鍙栫殑鏁版嵁:STANDBYFLAG2
2021-01-22 11:56:40 INFO  ExcelRead:99 - xlsx琛ㄦ牸涓鍙栫殑鏁版嵁:STANDBYFLAG3
2021-01-22 11:56:40 INFO  ExcelRead:99 - xlsx琛ㄦ牸涓鍙栫殑鏁版嵁:SUBMITOR
2021-01-22 11:56:40 INFO  ExcelRead:99 - xlsx琛ㄦ牸涓鍙栫殑鏁版嵁:SUBMITDATE
2021-01-22 11:56:40 INFO  ExcelRead:99 - xlsx琛ㄦ牸涓鍙栫殑鏁版嵁:SUBMITTIME
2021-01-22 11:56:40 INFO  ExcelRead:99 - xlsx琛ㄦ牸涓鍙栫殑鏁版嵁:AUDITOR
2021-01-22 11:56:40 INFO  ExcelRead:99 - xlsx琛ㄦ牸涓鍙栫殑鏁版嵁:AUDITDATE
2021-01-22 11:56:40 INFO  ExcelRead:99 - xlsx琛ㄦ牸涓鍙栫殑鏁版嵁:AUDITTIME
2021-01-22 11:56:40 INFO  ExcelRead:99 - xlsx琛ㄦ牸涓鍙栫殑鏁版嵁:OPERATOR
2021-01-22 11:56:40 INFO  ExcelRead:99 - xlsx琛ㄦ牸涓鍙栫殑鏁版嵁:MAKEDATE
2021-01-22 11:56:40 INFO  ExcelRead:99 - xlsx琛ㄦ牸涓鍙栫殑鏁版嵁:MAKETIME
2021-01-22 11:56:40 INFO  ExcelRead:99 - xlsx琛ㄦ牸涓鍙栫殑鏁版嵁:MODIFYDATE
2021-01-22 11:56:40 INFO  ExcelRead:99 - xlsx琛ㄦ牸涓鍙栫殑鏁版嵁:MODIFYTIME
2021-01-22 11:56:40 INFO  ExcelRead:99 - xlsx琛ㄦ牸涓鍙栫殑鏁版嵁:285301000004
2021-01-22 11:56:40 INFO  ExcelRead:99 - xlsx琛ㄦ牸涓鍙栫殑鏁版嵁:5301
2021-01-22 11:56:40 INFO  ExcelRead:99 - xlsx琛ㄦ牸涓鍙栫殑鏁版嵁:3
2021-01-22 11:56:40 INFO  ExcelRead:99 - xlsx琛ㄦ牸涓鍙栫殑鏁版嵁:1
2021-01-22 11:56:40 INFO  ExcelRead:99 - xlsx琛ㄦ牸涓鍙栫殑鏁版嵁:3
2021-01-22 11:56:40 INFO  ExcelRead:99 - xlsx琛ㄦ牸涓鍙栫殑鏁版嵁:dengl07
2021-01-22 11:56:40 INFO  ExcelRead:99 - xlsx琛ㄦ牸涓鍙栫殑鏁版嵁:2015-11-11 00:00:00
2021-01-22 11:56:40 INFO  ExcelRead:99 - xlsx琛ㄦ牸涓鍙栫殑鏁版嵁:1899-12-31 19:53:19
2021-01-22 11:56:40 INFO  ExcelRead:99 - xlsx琛ㄦ牸涓鍙栫殑鏁版嵁:chenqt01
2021-01-22 11:56:40 INFO  ExcelRead:99 - xlsx琛ㄦ牸涓鍙栫殑鏁版嵁:2015-11-12 00:00:00
2021-01-22 11:56:40 INFO  ExcelRead:99 - xlsx琛ㄦ牸涓鍙栫殑鏁版嵁:1899-12-31 09:00:16
2021-01-22 11:56:40 INFO  ExcelRead:99 - xlsx琛ㄦ牸涓鍙栫殑鏁版嵁:dengl07
2021-01-22 11:56:40 INFO  ExcelRead:99 - xlsx琛ㄦ牸涓鍙栫殑鏁版嵁:2014-03-25 00:00:00
2021-01-22 11:56:40 INFO  ExcelRead:99 - xlsx琛ㄦ牸涓鍙栫殑鏁版嵁:1899-12-31 17:49:23
2021-01-22 11:56:40 INFO  ExcelRead:99 - xlsx琛ㄦ牸涓鍙栫殑鏁版嵁:2015-11-11 00:00:00
2021-01-22 11:56:40 INFO  ExcelRead:99 - xlsx琛ㄦ牸涓鍙栫殑鏁版嵁:1899-12-31 19:53:15
2021-01-22 11:56:40 INFO  ExcelRead:99 - xlsx琛ㄦ牸涓鍙栫殑鏁版嵁:285301000026
2021-01-22 11:56:40 INFO  ExcelRead:99 - xlsx琛ㄦ牸涓鍙栫殑鏁版嵁:5301
2021-01-22 11:56:40 INFO  ExcelRead:99 - xlsx琛ㄦ牸涓鍙栫殑鏁版嵁:3
2021-01-22 11:56:40 INFO  ExcelRead:99 - xlsx琛ㄦ牸涓鍙栫殑鏁版嵁:1
2021-01-22 11:56:40 INFO  ExcelRead:99 - xlsx琛ㄦ牸涓鍙栫殑鏁版嵁:3
2021-01-22 11:56:40 INFO  ExcelRead:99 - xlsx琛ㄦ牸涓鍙栫殑鏁版嵁:dengl07
2021-01-22 11:56:40 INFO  ExcelRead:99 - xlsx琛ㄦ牸涓鍙栫殑鏁版嵁:2015-09-30 00:00:00
2021-01-22 11:56:40 INFO  ExcelRead:99 - xlsx琛ㄦ牸涓鍙栫殑鏁版嵁:1899-12-31 17:26:41
2021-01-22 11:56:40 INFO  ExcelRead:99 - xlsx琛ㄦ牸涓鍙栫殑鏁版嵁:chenqt01
2021-01-22 11:56:40 INFO  ExcelRead:99 - xlsx琛ㄦ牸涓鍙栫殑鏁版嵁:2015-10-09 00:00:00
2021-01-22 11:56:40 INFO  ExcelRead:99 - xlsx琛ㄦ牸涓鍙栫殑鏁版嵁:1899-12-31 10:06:47
2021-01-22 11:56:40 INFO  ExcelRead:99 - xlsx琛ㄦ牸涓鍙栫殑鏁版嵁:dengl07
2021-01-22 11:56:40 INFO  ExcelRead:99 - xlsx琛ㄦ牸涓鍙栫殑鏁版嵁:2014-09-19 00:00:00
2021-01-22 11:56:40 INFO  ExcelRead:99 - xlsx琛ㄦ牸涓鍙栫殑鏁版嵁:1899-12-31 11:56:02
2021-01-22 11:56:40 INFO  ExcelRead:99 - xlsx琛ㄦ牸涓鍙栫殑鏁版嵁:2015-09-30 00:00:00
2021-01-22 11:56:40 INFO  ExcelRead:99 - xlsx琛ㄦ牸涓鍙栫殑鏁版嵁:1899-12-31 17:22:14
2021-01-22 11:56:40 INFO  ExcelRead:99 - xlsx琛ㄦ牸涓鍙栫殑鏁版嵁:285301000037
2021-01-22 11:56:40 INFO  ExcelRead:99 - xlsx琛ㄦ牸涓鍙栫殑鏁版嵁:5301
2021-01-22 11:56:40 INFO  ExcelRead:99 - xlsx琛ㄦ牸涓鍙栫殑鏁版嵁:3
2021-01-22 11:56:40 INFO  ExcelRead:99 - xlsx琛ㄦ牸涓鍙栫殑鏁版嵁:1
2021-01-22 11:56:40 INFO  ExcelRead:99 - xlsx琛ㄦ牸涓鍙栫殑鏁版嵁:3
2021-01-22 11:56:40 INFO  ExcelRead:99 - xlsx琛ㄦ牸涓鍙栫殑鏁版嵁:dengl07
2021-01-22 11:56:40 INFO  ExcelRead:99 - xlsx琛ㄦ牸涓鍙栫殑鏁版嵁:2015-09-30 00:00:00
2021-01-22 11:56:40 INFO  ExcelRead:99 - xlsx琛ㄦ牸涓鍙栫殑鏁版嵁:1899-12-31 17:31:23
2021-01-22 11:56:40 INFO  ExcelRead:99 - xlsx琛ㄦ牸涓鍙栫殑鏁版嵁:chenqt01
2021-01-22 11:56:40 INFO  ExcelRead:99 - xlsx琛ㄦ牸涓鍙栫殑鏁版嵁:2015-10-09 00:00:00
2021-01-22 11:56:40 INFO  ExcelRead:99 - xlsx琛ㄦ牸涓鍙栫殑鏁版嵁:1899-12-31 10:06:47
2021-01-22 11:56:40 INFO  ExcelRead:99 - xlsx琛ㄦ牸涓鍙栫殑鏁版嵁:dengl07
2021-01-22 11:56:40 INFO  ExcelRead:99 - xlsx琛ㄦ牸涓鍙栫殑鏁版嵁:2014-11-04 00:00:00
2021-01-22 11:56:40 INFO  ExcelRead:99 - xlsx琛ㄦ牸涓鍙栫殑鏁版嵁:1899-12-31 18:07:43
2021-01-22 11:56:40 INFO  ExcelRead:99 - xlsx琛ㄦ牸涓鍙栫殑鏁版嵁:2015-09-30 00:00:00
2021-01-22 11:56:40 INFO  ExcelRead:99 - xlsx琛ㄦ牸涓鍙栫殑鏁版嵁:1899-12-31 17:30:15
2021-01-22 11:56:40 INFO  ExcelRead:99 - xlsx琛ㄦ牸涓鍙栫殑鏁版嵁:285301000038
2021-01-22 11:56:40 INFO  ExcelRead:99 - xlsx琛ㄦ牸涓鍙栫殑鏁版嵁:5301
2021-01-22 11:56:40 INFO  ExcelRead:99 - xlsx琛ㄦ牸涓鍙栫殑鏁版嵁:3
2021-01-22 11:56:40 INFO  ExcelRead:99 - xlsx琛ㄦ牸涓鍙栫殑鏁版嵁:1
2021-01-22 11:56:40 INFO  ExcelRead:99 - xlsx琛ㄦ牸涓鍙栫殑鏁版嵁:3
2021-01-22 11:56:40 INFO  ExcelRead:99 - xlsx琛ㄦ牸涓鍙栫殑鏁版嵁:dengl07
2021-01-22 11:56:40 INFO  ExcelRead:99 - xlsx琛ㄦ牸涓鍙栫殑鏁版嵁:2015-09-30 00:00:00
2021-01-22 11:56:40 INFO  ExcelRead:99 - xlsx琛ㄦ牸涓鍙栫殑鏁版嵁:1899-12-31 17:33:10
2021-01-22 11:56:40 INFO  ExcelRead:99 - xlsx琛ㄦ牸涓鍙栫殑鏁版嵁:chenqt01
2021-01-22 11:56:40 INFO  ExcelRead:99 - xlsx琛ㄦ牸涓鍙栫殑鏁版嵁:2015-10-09 00:00:00
2021-01-22 11:56:40 INFO  ExcelRead:99 - xlsx琛ㄦ牸涓鍙栫殑鏁版嵁:1899-12-31 10:06:47
2021-01-22 11:56:40 INFO  ExcelRead:99 - xlsx琛ㄦ牸涓鍙栫殑鏁版嵁:dengl07
2021-01-22 11:56:40 INFO  ExcelRead:99 - xlsx琛ㄦ牸涓鍙栫殑鏁版嵁:2014-11-07 00:00:00
2021-01-22 11:56:40 INFO  ExcelRead:99 - xlsx琛ㄦ牸涓鍙栫殑鏁版嵁:1899-12-31 14:22:47
2021-01-22 11:56:40 INFO  ExcelRead:99 - xlsx琛ㄦ牸涓鍙栫殑鏁版嵁:2015-09-30 00:00:00
2021-01-22 11:56:40 INFO  ExcelRead:99 - xlsx琛ㄦ牸涓鍙栫殑鏁版嵁:1899-12-31 17:30:51
2021-01-22 11:56:40 INFO  ExcelRead:99 - xlsx琛ㄦ牸涓鍙栫殑鏁版嵁:285301000045
2021-01-22 11:56:40 INFO  ExcelRead:99 - xlsx琛ㄦ牸涓鍙栫殑鏁版嵁:5301
2021-01-22 11:56:40 INFO  ExcelRead:99 - xlsx琛ㄦ牸涓鍙栫殑鏁版嵁:3
2021-01-22 11:56:40 INFO  ExcelRead:99 - xlsx琛ㄦ牸涓鍙栫殑鏁版嵁:1
2021-01-22 11:56:40 INFO  ExcelRead:99 - xlsx琛ㄦ牸涓鍙栫殑鏁版嵁:3
2021-01-22 11:56:40 INFO  ExcelRead:99 - xlsx琛ㄦ牸涓鍙栫殑鏁版嵁:dengl07
2021-01-22 11:56:40 INFO  ExcelRead:99 - xlsx琛ㄦ牸涓鍙栫殑鏁版嵁:2015-09-30 00:00:00
2021-01-22 11:56:40 INFO  ExcelRead:99 - xlsx琛ㄦ牸涓鍙栫殑鏁版嵁:1899-12-31 17:35:53
2021-01-22 11:56:40 INFO  ExcelRead:99 - xlsx琛ㄦ牸涓鍙栫殑鏁版嵁:chenqt01
2021-01-22 11:56:40 INFO  ExcelRead:99 - xlsx琛ㄦ牸涓鍙栫殑鏁版嵁:2015-10-09 00:00:00
2021-01-22 11:56:40 INFO  ExcelRead:99 - xlsx琛ㄦ牸涓鍙栫殑鏁版嵁:1899-12-31 10:06:47
2021-01-22 11:56:40 INFO  ExcelRead:99 - xlsx琛ㄦ牸涓鍙栫殑鏁版嵁:dengl07
2021-01-22 11:56:40 INFO  ExcelRead:99 - xlsx琛ㄦ牸涓鍙栫殑鏁版嵁:2014-11-13 00:00:00
2021-01-22 11:56:40 INFO  ExcelRead:99 - xlsx琛ㄦ牸涓鍙栫殑鏁版嵁:1899-12-31 11:02:12
2021-01-22 11:56:40 INFO  ExcelRead:99 - xlsx琛ㄦ牸涓鍙栫殑鏁版嵁:2015-09-30 00:00:00
2021-01-22 11:56:40 INFO  ExcelRead:99 - xlsx琛ㄦ牸涓鍙栫殑鏁版嵁:1899-12-31 17:35:13
2021-01-22 11:56:40 INFO  ExcelRead:99 - xlsx琛ㄦ牸涓鍙栫殑鏁版嵁:285301000281
2021-01-22 11:56:40 INFO  ExcelRead:99 - xlsx琛ㄦ牸涓鍙栫殑鏁版嵁:5301
2021-01-22 11:56:40 INFO  ExcelRead:99 - xlsx琛ㄦ牸涓鍙栫殑鏁版嵁:3
2021-01-22 11:56:40 INFO  ExcelRead:99 - xlsx琛ㄦ牸涓鍙栫殑鏁版嵁:1
2021-01-22 11:56:40 INFO  ExcelRead:99 - xlsx琛ㄦ牸涓鍙栫殑鏁版嵁:3
2021-01-22 11:56:40 INFO  ExcelRead:99 - xlsx琛ㄦ牸涓鍙栫殑鏁版嵁:chenqt01
2021-01-22 11:56:40 INFO  ExcelRead:99 - xlsx琛ㄦ牸涓鍙栫殑鏁版嵁:2015-01-21 00:00:00
2021-01-22 11:56:40 INFO  ExcelRead:99 - xlsx琛ㄦ牸涓鍙栫殑鏁版嵁:1899-12-31 09:20:48
2021-01-22 11:56:40 INFO  ExcelRead:99 - xlsx琛ㄦ牸涓鍙栫殑鏁版嵁:dengl07
2021-01-22 11:56:40 INFO  ExcelRead:99 - xlsx琛ㄦ牸涓鍙栫殑鏁版嵁:2014-12-17 00:00:00
2021-01-22 11:56:40 INFO  ExcelRead:99 - xlsx琛ㄦ牸涓鍙栫殑鏁版嵁:1899-12-31 17:07:36
2021-01-22 11:56:40 INFO  ExcelRead:99 - xlsx琛ㄦ牸涓鍙栫殑鏁版嵁:2015-01-13 00:00:00
2021-01-22 11:56:40 INFO  ExcelRead:99 - xlsx琛ㄦ牸涓鍙栫殑鏁版嵁:1899-12-31 08:53:13
2021-01-22 11:56:40 INFO  ExcelRead:99 - xlsx琛ㄦ牸涓鍙栫殑鏁版嵁:285301000398
2021-01-22 11:56:40 INFO  ExcelRead:99 - xlsx琛ㄦ牸涓鍙栫殑鏁版嵁:5301
2021-01-22 11:56:40 INFO  ExcelRead:99 - xlsx琛ㄦ牸涓鍙栫殑鏁版嵁:3
2021-01-22 11:56:40 INFO  ExcelRead:99 - xlsx琛ㄦ牸涓鍙栫殑鏁版嵁:3
2021-01-22 11:56:40 INFO  ExcelRead:99 - xlsx琛ㄦ牸涓鍙栫殑鏁版嵁:3
2021-01-22 11:56:40 INFO  ExcelRead:99 - xlsx琛ㄦ牸涓鍙栫殑鏁版嵁:chenqt01
2021-01-22 11:56:40 INFO  ExcelRead:99 - xlsx琛ㄦ牸涓鍙栫殑鏁版嵁:2016-03-01 00:00:00
2021-01-22 11:56:40 INFO  ExcelRead:99 - xlsx琛ㄦ牸涓鍙栫殑鏁版嵁:1899-12-31 09:29:27
2021-01-22 11:56:40 INFO  ExcelRead:99 - xlsx琛ㄦ牸涓鍙栫殑鏁版嵁:dengl07
2021-01-22 11:56:40 INFO  ExcelRead:99 - xlsx琛ㄦ牸涓鍙栫殑鏁版嵁:2014-12-29 00:00:00
2021-01-22 11:56:40 INFO  ExcelRead:99 - xlsx琛ㄦ牸涓鍙栫殑鏁版嵁:1899-12-31 09:24:14
2021-01-22 11:56:40 INFO  ExcelRead:99 - xlsx琛ㄦ牸涓鍙栫殑鏁版嵁:2016-02-29 00:00:00
2021-01-22 11:56:40 INFO  ExcelRead:99 - xlsx琛ㄦ牸涓鍙栫殑鏁版嵁:1899-12-31 21:48:34
2021-01-22 11:56:40 INFO  ExcelRead:99 - xlsx琛ㄦ牸涓鍙栫殑鏁版嵁:285301000417
2021-01-22 11:56:40 INFO  ExcelRead:99 - xlsx琛ㄦ牸涓鍙栫殑鏁版嵁:5301
2021-01-22 11:56:40 INFO  ExcelRead:99 - xlsx琛ㄦ牸涓鍙栫殑鏁版嵁:3
2021-01-22 11:56:40 INFO  ExcelRead:99 - xlsx琛ㄦ牸涓鍙栫殑鏁版嵁:1
2021-01-22 11:56:40 INFO  ExcelRead:99 - xlsx琛ㄦ牸涓鍙栫殑鏁版嵁:3
2021-01-22 11:56:40 INFO  ExcelRead:99 - xlsx琛ㄦ牸涓鍙栫殑鏁版嵁:chenqt01
2021-01-22 11:56:40 INFO  ExcelRead:99 - xlsx琛ㄦ牸涓鍙栫殑鏁版嵁:2015-01-21 00:00:00
2021-01-22 11:56:40 INFO  ExcelRead:99 - xlsx琛ㄦ牸涓鍙栫殑鏁版嵁:1899-12-31 09:20:48
2021-01-22 11:56:40 INFO  ExcelRead:99 - xlsx琛ㄦ牸涓鍙栫殑鏁版嵁:dengl07
2021-01-22 11:56:40 INFO  ExcelRead:99 - xlsx琛ㄦ牸涓鍙栫殑鏁版嵁:2014-12-29 00:00:00
2021-01-22 11:56:40 INFO  ExcelRead:99 - xlsx琛ㄦ牸涓鍙栫殑鏁版嵁:1899-12-31 15:36:41
2021-01-22 11:56:40 INFO  ExcelRead:99 - xlsx琛ㄦ牸涓鍙栫殑鏁版嵁:2015-01-13 00:00:00
2021-01-22 11:56:40 INFO  ExcelRead:99 - xlsx琛ㄦ牸涓鍙栫殑鏁版嵁:1899-12-31 08:53:13
2021-01-22 11:56:40 INFO  ExcelRead:99 - xlsx琛ㄦ牸涓鍙栫殑鏁版嵁:285301000432
2021-01-22 11:56:40 INFO  ExcelRead:99 - xlsx琛ㄦ牸涓鍙栫殑鏁版嵁:5301
2021-01-22 11:56:40 INFO  ExcelRead:99 - xlsx琛ㄦ牸涓鍙栫殑鏁版嵁:3
2021-01-22 11:56:40 INFO  ExcelRead:99 - xlsx琛ㄦ牸涓鍙栫殑鏁版嵁:1
2021-01-22 11:56:40 INFO  ExcelRead:99 - xlsx琛ㄦ牸涓鍙栫殑鏁版嵁:3
2021-01-22 11:56:40 INFO  ExcelRead:99 - xlsx琛ㄦ牸涓鍙栫殑鏁版嵁:gzzhongm
2021-01-22 11:56:40 INFO  ExcelRead:99 - xlsx琛ㄦ牸涓鍙栫殑鏁版嵁:2018-06-07 00:00:00
2021-01-22 11:56:40 INFO  ExcelRead:99 - xlsx琛ㄦ牸涓鍙栫殑鏁版嵁:1899-12-31 12:36:44
2021-01-22 11:56:40 INFO  ExcelRead:99 - xlsx琛ㄦ牸涓鍙栫殑鏁版嵁:huangxj29
2021-01-22 11:56:40 INFO  ExcelRead:99 - xlsx琛ㄦ牸涓鍙栫殑鏁版嵁:2018-06-08 00:00:00
2021-01-22 11:56:40 INFO  ExcelRead:99 - xlsx琛ㄦ牸涓鍙栫殑鏁版嵁:1899-12-31 13:52:32
2021-01-22 11:56:40 INFO  ExcelRead:99 - xlsx琛ㄦ牸涓鍙栫殑鏁版嵁:gzzhongm
2021-01-22 11:56:40 INFO  ExcelRead:99 - xlsx琛ㄦ牸涓鍙栫殑鏁版嵁:2018-06-07 00:00:00
2021-01-22 11:56:40 INFO  ExcelRead:99 - xlsx琛ㄦ牸涓鍙栫殑鏁版嵁:1899-12-31 11:17:23
2021-01-22 11:56:40 INFO  ExcelRead:99 - xlsx琛ㄦ牸涓鍙栫殑鏁版嵁:2018-06-07 00:00:00
2021-01-22 11:56:40 INFO  ExcelRead:99 - xlsx琛ㄦ牸涓鍙栫殑鏁版嵁:1899-12-31 12:36:38
2021-01-22 11:57:36 INFO  ExcelRead:99 - xlsx琛ㄦ牸涓鍙栫殑鏁版嵁:1
2021-01-22 11:57:36 INFO  ExcelRead:99 - xlsx琛ㄦ牸涓鍙栫殑鏁版嵁:1
2021-01-22 11:57:36 INFO  ExcelRead:99 - xlsx琛ㄦ牸涓鍙栫殑鏁版嵁:1
2021-01-22 11:57:36 INFO  ExcelRead:99 - xlsx琛ㄦ牸涓鍙栫殑鏁版嵁:1
2021-01-22 11:57:36 INFO  ExcelRead:99 - xlsx琛ㄦ牸涓鍙栫殑鏁版嵁:1
2021-01-22 11:57:36 INFO  ExcelRead:99 - xlsx琛ㄦ牸涓鍙栫殑鏁版嵁:1
2021-01-22 11:57:36 INFO  ExcelRead:99 - xlsx琛ㄦ牸涓鍙栫殑鏁版嵁:1
2021-01-22 11:57:36 INFO  ExcelRead:99 - xlsx琛ㄦ牸涓鍙栫殑鏁版嵁:1
2021-01-22 11:57:36 INFO  ExcelRead:99 - xlsx琛ㄦ牸涓鍙栫殑鏁版嵁:1
2021-01-22 11:57:36 INFO  ExcelRead:99 - xlsx琛ㄦ牸涓鍙栫殑鏁版嵁:1
2021-01-22 11:57:36 INFO  ExcelRead:99 - xlsx琛ㄦ牸涓鍙栫殑鏁版嵁:1
2021-01-22 11:57:36 INFO  ExcelRead:99 - xlsx琛ㄦ牸涓鍙栫殑鏁版嵁:1
2021-01-22 11:57:36 INFO  ExcelRead:99 - xlsx琛ㄦ牸涓鍙栫殑鏁版嵁:1
2021-01-22 11:57:36 INFO  ExcelRead:99 - xlsx琛ㄦ牸涓鍙栫殑鏁版嵁:1
2021-01-22 11:57:36 INFO  ExcelRead:99 - xlsx琛ㄦ牸涓鍙栫殑鏁版嵁:1
2021-01-22 11:57:36 INFO  ExcelRead:99 - xlsx琛ㄦ牸涓鍙栫殑鏁版嵁:1
2021-01-22 11:57:36 INFO  ExcelRead:99 - xlsx琛ㄦ牸涓鍙栫殑鏁版嵁:1
2021-01-22 11:57:36 INFO  ExcelRead:99 - xlsx琛ㄦ牸涓鍙栫殑鏁版嵁:1
2021-01-22 11:57:36 INFO  ExcelRead:99 - xlsx琛ㄦ牸涓鍙栫殑鏁版嵁:1
2021-01-22 11:57:36 INFO  ExcelRead:99 - xlsx琛ㄦ牸涓鍙栫殑鏁版嵁:1
2021-01-22 11:57:36 INFO  ExcelRead:99 - xlsx琛ㄦ牸涓鍙栫殑鏁版嵁:1
2021-01-22 11:57:36 INFO  ExcelRead:99 - xlsx琛ㄦ牸涓鍙栫殑鏁版嵁:1
2021-01-22 11:57:36 INFO  ExcelRead:99 - xlsx琛ㄦ牸涓鍙栫殑鏁版嵁:1
2021-01-22 11:57:36 INFO  ExcelRead:99 - xlsx琛ㄦ牸涓鍙栫殑鏁版嵁:1
2021-01-22 11:57:36 INFO  ExcelRead:99 - xlsx琛ㄦ牸涓鍙栫殑鏁版嵁:1
2021-01-22 11:57:36 INFO  ExcelRead:99 - xlsx琛ㄦ牸涓鍙栫殑鏁版嵁:1
2021-01-22 11:57:36 INFO  ExcelRead:99 - xlsx琛ㄦ牸涓鍙栫殑鏁版嵁:1
2021-01-22 11:57:36 INFO  ExcelRead:99 - xlsx琛ㄦ牸涓鍙栫殑鏁版嵁:1
2021-01-22 11:57:36 INFO  ExcelRead:99 - xlsx琛ㄦ牸涓鍙栫殑鏁版嵁:1
2021-01-22 11:57:36 INFO  ExcelRead:99 - xlsx琛ㄦ牸涓鍙栫殑鏁版嵁:1
2021-01-22 11:57:36 INFO  ExcelRead:99 - xlsx琛ㄦ牸涓鍙栫殑鏁版嵁:1
2021-01-22 11:57:36 INFO  ExcelRead:99 - xlsx琛ㄦ牸涓鍙栫殑鏁版嵁:1
2021-01-22 11:57:36 INFO  ExcelRead:99 - xlsx琛ㄦ牸涓鍙栫殑鏁版嵁:1
2021-01-22 11:57:36 INFO  ExcelRead:99 - xlsx琛ㄦ牸涓鍙栫殑鏁版嵁:1
2021-01-22 11:57:36 INFO  ExcelRead:99 - xlsx琛ㄦ牸涓鍙栫殑鏁版嵁:1
2021-01-22 11:57:36 INFO  ExcelRead:99 - xlsx琛ㄦ牸涓鍙栫殑鏁版嵁:1
2021-01-22 11:57:36 INFO  ExcelRead:99 - xlsx琛ㄦ牸涓鍙栫殑鏁版嵁:1
2021-01-22 11:57:36 INFO  ExcelRead:99 - xlsx琛ㄦ牸涓鍙栫殑鏁版嵁:1
2021-01-22 11:57:36 INFO  ExcelRead:99 - xlsx琛ㄦ牸涓鍙栫殑鏁版嵁:1
2021-01-22 11:57:36 INFO  ExcelRead:99 - xlsx琛ㄦ牸涓鍙栫殑鏁版嵁:1
2021-01-22 11:57:36 INFO  ExcelRead:99 - xlsx琛ㄦ牸涓鍙栫殑鏁版嵁:1
2021-01-22 11:57:36 INFO  ExcelRead:99 - xlsx琛ㄦ牸涓鍙栫殑鏁版嵁:1
2021-01-22 11:57:36 INFO  ExcelRead:99 - xlsx琛ㄦ牸涓鍙栫殑鏁版嵁:1
2021-01-22 11:57:36 INFO  ExcelRead:99 - xlsx琛ㄦ牸涓鍙栫殑鏁版嵁:1
2021-01-22 11:57:36 INFO  ExcelRead:99 - xlsx琛ㄦ牸涓鍙栫殑鏁版嵁:1
2021-01-22 11:57:36 INFO  ExcelRead:99 - xlsx琛ㄦ牸涓鍙栫殑鏁版嵁:1
2021-01-22 11:57:36 INFO  ExcelRead:99 - xlsx琛ㄦ牸涓鍙栫殑鏁版嵁:1
2021-01-22 11:57:36 INFO  ExcelRead:99 - xlsx琛ㄦ牸涓鍙栫殑鏁版嵁:1
2021-01-22 11:57:36 INFO  ExcelRead:99 - xlsx琛ㄦ牸涓鍙栫殑鏁版嵁:1
2021-01-22 11:57:36 INFO  ExcelRead:99 - xlsx琛ㄦ牸涓鍙栫殑鏁版嵁:1
2021-01-22 11:57:36 INFO  ExcelRead:99 - xlsx琛ㄦ牸涓鍙栫殑鏁版嵁:1
2021-01-22 11:57:36 INFO  ExcelRead:99 - xlsx琛ㄦ牸涓鍙栫殑鏁版嵁:1
2021-01-22 11:57:36 INFO  ExcelRead:99 - xlsx琛ㄦ牸涓鍙栫殑鏁版嵁:1
2021-01-22 11:57:36 INFO  ExcelRead:99 - xlsx琛ㄦ牸涓鍙栫殑鏁版嵁:1
2021-01-22 11:57:36 INFO  ExcelRead:99 - xlsx琛ㄦ牸涓鍙栫殑鏁版嵁:1
2021-01-22 11:57:36 INFO  ExcelRead:99 - xlsx琛ㄦ牸涓鍙栫殑鏁版嵁:1
2021-01-22 11:57:36 INFO  ExcelRead:99 - xlsx琛ㄦ牸涓鍙栫殑鏁版嵁:1
2021-01-22 11:57:36 INFO  ExcelRead:99 - xlsx琛ㄦ牸涓鍙栫殑鏁版嵁:1
2021-01-22 11:57:36 INFO  ExcelRead:99 - xlsx琛ㄦ牸涓鍙栫殑鏁版嵁:1
2021-01-22 11:57:36 INFO  ExcelRead:99 - xlsx琛ㄦ牸涓鍙栫殑鏁版嵁:1
2021-01-22 11:57:36 INFO  ExcelRead:99 - xlsx琛ㄦ牸涓鍙栫殑鏁版嵁:1
2021-01-22 11:57:36 INFO  ExcelRead:99 - xlsx琛ㄦ牸涓鍙栫殑鏁版嵁:1
2021-01-22 11:57:36 INFO  ExcelRead:99 - xlsx琛ㄦ牸涓鍙栫殑鏁版嵁:1
2021-01-22 11:57:36 INFO  ExcelRead:99 - xlsx琛ㄦ牸涓鍙栫殑鏁版嵁:1
2021-01-22 11:57:36 INFO  ExcelRead:99 - xlsx琛ㄦ牸涓鍙栫殑鏁版嵁:1
2021-01-22 11:57:36 INFO  ExcelRead:99 - xlsx琛ㄦ牸涓鍙栫殑鏁版嵁:1
2021-01-22 11:57:36 INFO  ExcelRead:99 - xlsx琛ㄦ牸涓鍙栫殑鏁版嵁:1
2021-01-22 11:57:36 INFO  ExcelRead:99 - xlsx琛ㄦ牸涓鍙栫殑鏁版嵁:1
2021-01-22 11:57:36 INFO  ExcelRead:99 - xlsx琛ㄦ牸涓鍙栫殑鏁版嵁:1
2021-01-22 11:57:36 INFO  ExcelRead:99 - xlsx琛ㄦ牸涓鍙栫殑鏁版嵁:1
2021-01-22 11:57:36 INFO  ExcelRead:99 - xlsx琛ㄦ牸涓鍙栫殑鏁版嵁:1
2021-01-22 11:57:36 INFO  ExcelRead:99 - xlsx琛ㄦ牸涓鍙栫殑鏁版嵁:1
2021-01-22 11:57:36 INFO  ExcelRead:99 - xlsx琛ㄦ牸涓鍙栫殑鏁版嵁:1
2021-01-22 11:57:36 INFO  ExcelRead:99 - xlsx琛ㄦ牸涓鍙栫殑鏁版嵁:1
2021-01-22 11:57:36 INFO  ExcelRead:99 - xlsx琛ㄦ牸涓鍙栫殑鏁版嵁:1
2021-01-22 11:57:36 INFO  ExcelRead:99 - xlsx琛ㄦ牸涓鍙栫殑鏁版嵁:1
2021-01-22 11:57:36 INFO  ExcelRead:99 - xlsx琛ㄦ牸涓鍙栫殑鏁版嵁:1
2021-01-22 11:57:36 INFO  ExcelRead:99 - xlsx琛ㄦ牸涓鍙栫殑鏁版嵁:1
2021-01-22 11:57:36 INFO  ExcelRead:99 - xlsx琛ㄦ牸涓鍙栫殑鏁版嵁:1
2021-01-22 11:57:36 INFO  ExcelRead:99 - xlsx琛ㄦ牸涓鍙栫殑鏁版嵁:1
2021-01-22 11:57:36 INFO  ExcelRead:99 - xlsx琛ㄦ牸涓鍙栫殑鏁版嵁:1
2021-01-22 11:57:36 INFO  ExcelRead:99 - xlsx琛ㄦ牸涓鍙栫殑鏁版嵁:1
2021-01-22 11:57:36 INFO  ExcelRead:99 - xlsx琛ㄦ牸涓鍙栫殑鏁版嵁:1
2021-01-22 11:57:36 INFO  ExcelRead:99 - xlsx琛ㄦ牸涓鍙栫殑鏁版嵁:1
2021-01-22 11:57:36 INFO  ExcelRead:99 - xlsx琛ㄦ牸涓鍙栫殑鏁版嵁:1
2021-01-22 11:57:36 INFO  ExcelRead:99 - xlsx琛ㄦ牸涓鍙栫殑鏁版嵁:1
2021-01-22 11:57:36 INFO  ExcelRead:99 - xlsx琛ㄦ牸涓鍙栫殑鏁版嵁:1
2021-01-22 11:57:36 INFO  ExcelRead:99 - xlsx琛ㄦ牸涓鍙栫殑鏁版嵁:1
2021-01-22 11:57:36 INFO  ExcelRead:99 - xlsx琛ㄦ牸涓鍙栫殑鏁版嵁:1
2021-01-22 11:57:36 INFO  ExcelRead:99 - xlsx琛ㄦ牸涓鍙栫殑鏁版嵁:1
2021-01-22 11:57:36 INFO  ExcelRead:99 - xlsx琛ㄦ牸涓鍙栫殑鏁版嵁:1
2021-01-22 11:57:36 INFO  ExcelRead:99 - xlsx琛ㄦ牸涓鍙栫殑鏁版嵁:1
2021-01-22 11:57:36 INFO  ExcelRead:99 - xlsx琛ㄦ牸涓鍙栫殑鏁版嵁:1
2021-01-22 11:57:36 INFO  ExcelRead:99 - xlsx琛ㄦ牸涓鍙栫殑鏁版嵁:1
2021-01-22 11:57:36 INFO  ExcelRead:99 - xlsx琛ㄦ牸涓鍙栫殑鏁版嵁:1
2021-01-22 11:57:36 INFO  ExcelRead:99 - xlsx琛ㄦ牸涓鍙栫殑鏁版嵁:1
2021-01-22 11:57:36 INFO  ExcelRead:99 - xlsx琛ㄦ牸涓鍙栫殑鏁版嵁:1
2021-01-22 11:57:36 INFO  ExcelRead:99 - xlsx琛ㄦ牸涓鍙栫殑鏁版嵁:1
2021-01-22 11:57:36 INFO  ExcelRead:99 - xlsx琛ㄦ牸涓鍙栫殑鏁版嵁:1
2021-01-22 11:57:36 INFO  ExcelRead:99 - xlsx琛ㄦ牸涓鍙栫殑鏁版嵁:1
2021-01-22 11:57:36 INFO  ExcelRead:99 - xlsx琛ㄦ牸涓鍙栫殑鏁版嵁:1
2021-01-22 11:57:36 INFO  ExcelRead:99 - xlsx琛ㄦ牸涓鍙栫殑鏁版嵁:1
2021-01-22 11:57:36 INFO  ExcelRead:99 - xlsx琛ㄦ牸涓鍙栫殑鏁版嵁:1
2021-01-22 11:57:36 INFO  ExcelRead:99 - xlsx琛ㄦ牸涓鍙栫殑鏁版嵁:1
2021-01-22 11:57:36 INFO  ExcelRead:99 - xlsx琛ㄦ牸涓鍙栫殑鏁版嵁:1
2021-01-22 11:57:36 INFO  ExcelRead:99 - xlsx琛ㄦ牸涓鍙栫殑鏁版嵁:1
2021-01-22 11:57:36 INFO  ExcelRead:99 - xlsx琛ㄦ牸涓鍙栫殑鏁版嵁:1
2021-01-22 11:57:36 INFO  ExcelRead:99 - xlsx琛ㄦ牸涓鍙栫殑鏁版嵁:1
2021-01-22 11:57:36 INFO  ExcelRead:99 - xlsx琛ㄦ牸涓鍙栫殑鏁版嵁:1
2021-01-22 11:57:36 INFO  ExcelRead:99 - xlsx琛ㄦ牸涓鍙栫殑鏁版嵁:1
2021-01-22 11:57:36 INFO  ExcelRead:99 - xlsx琛ㄦ牸涓鍙栫殑鏁版嵁:1
2021-01-22 11:57:36 INFO  ExcelRead:99 - xlsx琛ㄦ牸涓鍙栫殑鏁版嵁:1
2021-01-22 11:57:36 INFO  ExcelRead:99 - xlsx琛ㄦ牸涓鍙栫殑鏁版嵁:1
2021-01-22 11:57:36 INFO  ExcelRead:99 - xlsx琛ㄦ牸涓鍙栫殑鏁版嵁:1
2021-01-22 11:57:36 INFO  ExcelRead:99 - xlsx琛ㄦ牸涓鍙栫殑鏁版嵁:1
2021-01-22 11:57:36 INFO  ExcelRead:99 - xlsx琛ㄦ牸涓鍙栫殑鏁版嵁:1
2021-01-22 11:57:36 INFO  ExcelRead:99 - xlsx琛ㄦ牸涓鍙栫殑鏁版嵁:1
2021-01-22 11:57:36 INFO  ExcelRead:99 - xlsx琛ㄦ牸涓鍙栫殑鏁版嵁:1
2021-01-22 11:57:36 INFO  ExcelRead:99 - xlsx琛ㄦ牸涓鍙栫殑鏁版嵁:1
2021-01-22 11:57:36 INFO  ExcelRead:99 - xlsx琛ㄦ牸涓鍙栫殑鏁版嵁:1
2021-01-22 11:57:36 INFO  ExcelRead:99 - xlsx琛ㄦ牸涓鍙栫殑鏁版嵁:1
2021-01-22 11:57:36 INFO  ExcelRead:99 - xlsx琛ㄦ牸涓鍙栫殑鏁版嵁:1
2021-01-22 11:57:36 INFO  ExcelRead:99 - xlsx琛ㄦ牸涓鍙栫殑鏁版嵁:1
2021-01-22 11:57:36 INFO  ExcelRead:99 - xlsx琛ㄦ牸涓鍙栫殑鏁版嵁:1
2021-01-22 11:57:36 INFO  ExcelRead:99 - xlsx琛ㄦ牸涓鍙栫殑鏁版嵁:1
2021-01-22 11:57:36 INFO  ExcelRead:99 - xlsx琛ㄦ牸涓鍙栫殑鏁版嵁:1
2021-01-22 11:57:36 INFO  ExcelRead:99 - xlsx琛ㄦ牸涓鍙栫殑鏁版嵁:1
2021-01-22 11:57:36 INFO  ExcelRead:99 - xlsx琛ㄦ牸涓鍙栫殑鏁版嵁:1
2021-01-22 11:57:36 INFO  ExcelRead:99 - xlsx琛ㄦ牸涓鍙栫殑鏁版嵁:1
2021-01-22 11:57:36 INFO  ExcelRead:99 - xlsx琛ㄦ牸涓鍙栫殑鏁版嵁:1
2021-01-22 11:57:36 INFO  ExcelRead:99 - xlsx琛ㄦ牸涓鍙栫殑鏁版嵁:1
2021-01-22 11:57:36 INFO  ExcelRead:99 - xlsx琛ㄦ牸涓鍙栫殑鏁版嵁:1
2021-01-22 11:57:36 INFO  ExcelRead:99 - xlsx琛ㄦ牸涓鍙栫殑鏁版嵁:1
2021-01-22 11:57:36 INFO  ExcelRead:99 - xlsx琛ㄦ牸涓鍙栫殑鏁版嵁:1
2021-01-22 11:57:36 INFO  ExcelRead:99 - xlsx琛ㄦ牸涓鍙栫殑鏁版嵁:1
2021-01-22 11:57:36 INFO  ExcelRead:99 - xlsx琛ㄦ牸涓鍙栫殑鏁版嵁:1
2021-01-22 11:57:36 INFO  ExcelRead:99 - xlsx琛ㄦ牸涓鍙栫殑鏁版嵁:1
2021-01-22 11:57:36 INFO  ExcelRead:99 - xlsx琛ㄦ牸涓鍙栫殑鏁版嵁:1
2021-01-22 11:57:36 INFO  ExcelRead:99 - xlsx琛ㄦ牸涓鍙栫殑鏁版嵁:1
2021-01-22 11:57:36 INFO  ExcelRead:99 - xlsx琛ㄦ牸涓鍙栫殑鏁版嵁:1
2021-01-22 11:57:36 INFO  ExcelRead:99 - xlsx琛ㄦ牸涓鍙栫殑鏁版嵁:1
2021-01-22 11:57:36 INFO  ExcelRead:99 - xlsx琛ㄦ牸涓鍙栫殑鏁版嵁:1
2021-01-22 11:57:36 INFO  ExcelRead:99 - xlsx琛ㄦ牸涓鍙栫殑鏁版嵁:1
2021-01-22 11:57:36 INFO  ExcelRead:99 - xlsx琛ㄦ牸涓鍙栫殑鏁版嵁:1
2021-01-22 11:57:36 INFO  ExcelRead:99 - xlsx琛ㄦ牸涓鍙栫殑鏁版嵁:1
2021-01-22 11:57:36 INFO  ExcelRead:99 - xlsx琛ㄦ牸涓鍙栫殑鏁版嵁:1
2021-01-22 11:57:36 INFO  ExcelRead:99 - xlsx琛ㄦ牸涓鍙栫殑鏁版嵁:1
2021-01-22 11:57:36 INFO  ExcelRead:99 - xlsx琛ㄦ牸涓鍙栫殑鏁版嵁:1
2021-01-22 11:57:36 INFO  ExcelRead:99 - xlsx琛ㄦ牸涓鍙栫殑鏁版嵁:1
2021-01-22 11:57:36 INFO  ExcelRead:99 - xlsx琛ㄦ牸涓鍙栫殑鏁版嵁:1
2021-01-22 11:57:36 INFO  ExcelRead:99 - xlsx琛ㄦ牸涓鍙栫殑鏁版嵁:1
2021-01-22 11:57:36 INFO  ExcelRead:99 - xlsx琛ㄦ牸涓鍙栫殑鏁版嵁:1
2021-01-22 11:57:36 INFO  ExcelRead:99 - xlsx琛ㄦ牸涓鍙栫殑鏁版嵁:1
2021-01-22 11:57:36 INFO  ExcelRead:99 - xlsx琛ㄦ牸涓鍙栫殑鏁版嵁:1
2021-01-22 11:58:27 INFO  ExcelRead:99 - xlsx琛ㄦ牸涓鍙栫殑鏁版嵁:1
2021-01-22 11:58:27 INFO  ExcelRead:99 - xlsx琛ㄦ牸涓鍙栫殑鏁版嵁:1
2021-01-22 11:58:27 INFO  ExcelRead:99 - xlsx琛ㄦ牸涓鍙栫殑鏁版嵁:1
2021-01-22 11:58:27 INFO  ExcelRead:99 - xlsx琛ㄦ牸涓鍙栫殑鏁版嵁:1
2021-01-22 11:58:27 INFO  ExcelRead:99 - xlsx琛ㄦ牸涓鍙栫殑鏁版嵁:1
2021-01-22 11:58:27 INFO  ExcelRead:99 - xlsx琛ㄦ牸涓鍙栫殑鏁版嵁:1
2021-01-22 11:58:27 INFO  ExcelRead:99 - xlsx琛ㄦ牸涓鍙栫殑鏁版嵁:1
2021-01-22 11:58:27 INFO  ExcelRead:99 - xlsx琛ㄦ牸涓鍙栫殑鏁版嵁:1
2021-01-22 11:58:27 INFO  ExcelRead:99 - xlsx琛ㄦ牸涓鍙栫殑鏁版嵁:1
2021-01-22 11:58:27 INFO  ExcelRead:99 - xlsx琛ㄦ牸涓鍙栫殑鏁版嵁:1
2021-01-22 11:58:27 INFO  ExcelRead:99 - xlsx琛ㄦ牸涓鍙栫殑鏁版嵁:1
2021-01-22 11:58:27 INFO  ExcelRead:99 - xlsx琛ㄦ牸涓鍙栫殑鏁版嵁:1
2021-01-22 11:58:27 INFO  ExcelRead:99 - xlsx琛ㄦ牸涓鍙栫殑鏁版嵁:1
2021-01-22 11:58:27 INFO  ExcelRead:99 - xlsx琛ㄦ牸涓鍙栫殑鏁版嵁:1
2021-01-22 11:58:27 INFO  ExcelRead:99 - xlsx琛ㄦ牸涓鍙栫殑鏁版嵁:1
2021-01-22 11:58:27 INFO  ExcelRead:99 - xlsx琛ㄦ牸涓鍙栫殑鏁版嵁:1
2021-01-22 11:58:27 INFO  ExcelRead:99 - xlsx琛ㄦ牸涓鍙栫殑鏁版嵁:1
2021-01-22 11:58:27 INFO  ExcelRead:99 - xlsx琛ㄦ牸涓鍙栫殑鏁版嵁:1
2021-01-22 11:58:27 INFO  ExcelRead:99 - xlsx琛ㄦ牸涓鍙栫殑鏁版嵁:1
2021-01-22 11:58:27 INFO  ExcelRead:99 - xlsx琛ㄦ牸涓鍙栫殑鏁版嵁:1
2021-01-22 11:58:27 INFO  ExcelRead:99 - xlsx琛ㄦ牸涓鍙栫殑鏁版嵁:1
2021-01-22 11:58:27 INFO  ExcelRead:99 - xlsx琛ㄦ牸涓鍙栫殑鏁版嵁:1
2021-01-22 11:58:27 INFO  ExcelRead:99 - xlsx琛ㄦ牸涓鍙栫殑鏁版嵁:1
2021-01-22 11:58:27 INFO  ExcelRead:99 - xlsx琛ㄦ牸涓鍙栫殑鏁版嵁:1
2021-01-22 11:58:27 INFO  ExcelRead:99 - xlsx琛ㄦ牸涓鍙栫殑鏁版嵁:1
2021-01-22 11:58:27 INFO  ExcelRead:99 - xlsx琛ㄦ牸涓鍙栫殑鏁版嵁:1
2021-01-22 11:58:27 INFO  ExcelRead:99 - xlsx琛ㄦ牸涓鍙栫殑鏁版嵁:1
2021-01-22 11:58:27 INFO  ExcelRead:99 - xlsx琛ㄦ牸涓鍙栫殑鏁版嵁:1
2021-01-22 11:58:27 INFO  ExcelRead:99 - xlsx琛ㄦ牸涓鍙栫殑鏁版嵁:1
2021-01-22 11:58:27 INFO  ExcelRead:99 - xlsx琛ㄦ牸涓鍙栫殑鏁版嵁:1
2021-01-22 11:58:27 INFO  ExcelRead:99 - xlsx琛ㄦ牸涓鍙栫殑鏁版嵁:1
2021-01-22 11:58:27 INFO  ExcelRead:99 - xlsx琛ㄦ牸涓鍙栫殑鏁版嵁:1
2021-01-22 11:58:27 INFO  ExcelRead:99 - xlsx琛ㄦ牸涓鍙栫殑鏁版嵁:1
2021-01-22 11:58:27 INFO  ExcelRead:99 - xlsx琛ㄦ牸涓鍙栫殑鏁版嵁:1
2021-01-22 11:58:27 INFO  ExcelRead:99 - xlsx琛ㄦ牸涓鍙栫殑鏁版嵁:1
2021-01-22 11:58:27 INFO  ExcelRead:99 - xlsx琛ㄦ牸涓鍙栫殑鏁版嵁:1
2021-01-22 11:58:27 INFO  ExcelRead:99 - xlsx琛ㄦ牸涓鍙栫殑鏁版嵁:1
2021-01-22 11:58:27 INFO  ExcelRead:99 - xlsx琛ㄦ牸涓鍙栫殑鏁版嵁:1
2021-01-22 11:58:27 INFO  ExcelRead:99 - xlsx琛ㄦ牸涓鍙栫殑鏁版嵁:1
2021-01-22 11:58:27 INFO  ExcelRead:99 - xlsx琛ㄦ牸涓鍙栫殑鏁版嵁:1
2021-01-22 11:58:27 INFO  ExcelRead:99 - xlsx琛ㄦ牸涓鍙栫殑鏁版嵁:1
2021-01-22 11:58:27 INFO  ExcelRead:99 - xlsx琛ㄦ牸涓鍙栫殑鏁版嵁:1
2021-01-22 11:58:27 INFO  ExcelRead:99 - xlsx琛ㄦ牸涓鍙栫殑鏁版嵁:1
2021-01-22 11:58:27 INFO  ExcelRead:99 - xlsx琛ㄦ牸涓鍙栫殑鏁版嵁:1
2021-01-22 11:58:27 INFO  ExcelRead:99 - xlsx琛ㄦ牸涓鍙栫殑鏁版嵁:1
2021-01-22 11:58:27 INFO  ExcelRead:99 - xlsx琛ㄦ牸涓鍙栫殑鏁版嵁:1
2021-01-22 11:58:27 INFO  ExcelRead:99 - xlsx琛ㄦ牸涓鍙栫殑鏁版嵁:1
2021-01-22 11:58:27 INFO  ExcelRead:99 - xlsx琛ㄦ牸涓鍙栫殑鏁版嵁:1
2021-01-22 11:58:27 INFO  ExcelRead:99 - xlsx琛ㄦ牸涓鍙栫殑鏁版嵁:1
2021-01-22 11:58:27 INFO  ExcelRead:99 - xlsx琛ㄦ牸涓鍙栫殑鏁版嵁:1
2021-01-22 11:58:27 INFO  ExcelRead:99 - xlsx琛ㄦ牸涓鍙栫殑鏁版嵁:1
2021-01-22 11:58:27 INFO  ExcelRead:99 - xlsx琛ㄦ牸涓鍙栫殑鏁版嵁:1
2021-01-22 11:58:27 INFO  ExcelRead:99 - xlsx琛ㄦ牸涓鍙栫殑鏁版嵁:1
2021-01-22 11:58:27 INFO  ExcelRead:99 - xlsx琛ㄦ牸涓鍙栫殑鏁版嵁:1
2021-01-22 11:58:27 INFO  ExcelRead:99 - xlsx琛ㄦ牸涓鍙栫殑鏁版嵁:1
2021-01-22 11:58:27 INFO  ExcelRead:99 - xlsx琛ㄦ牸涓鍙栫殑鏁版嵁:1
2021-01-22 11:58:27 INFO  ExcelRead:99 - xlsx琛ㄦ牸涓鍙栫殑鏁版嵁:1
2021-01-22 11:58:27 INFO  ExcelRead:99 - xlsx琛ㄦ牸涓鍙栫殑鏁版嵁:1
2021-01-22 11:58:27 INFO  ExcelRead:99 - xlsx琛ㄦ牸涓鍙栫殑鏁版嵁:1
2021-01-22 11:58:27 INFO  ExcelRead:99 - xlsx琛ㄦ牸涓鍙栫殑鏁版嵁:1
2021-01-22 11:58:27 INFO  ExcelRead:99 - xlsx琛ㄦ牸涓鍙栫殑鏁版嵁:1
2021-01-22 11:58:27 INFO  ExcelRead:99 - xlsx琛ㄦ牸涓鍙栫殑鏁版嵁:1
2021-01-22 11:58:27 INFO  ExcelRead:99 - xlsx琛ㄦ牸涓鍙栫殑鏁版嵁:1
2021-01-22 11:58:27 INFO  ExcelRead:99 - xlsx琛ㄦ牸涓鍙栫殑鏁版嵁:1
2021-01-22 11:58:27 INFO  ExcelRead:99 - xlsx琛ㄦ牸涓鍙栫殑鏁版嵁:1
2021-01-22 11:58:27 INFO  ExcelRead:99 - xlsx琛ㄦ牸涓鍙栫殑鏁版嵁:1
2021-01-22 11:58:27 INFO  ExcelRead:99 - xlsx琛ㄦ牸涓鍙栫殑鏁版嵁:1
2021-01-22 11:58:27 INFO  ExcelRead:99 - xlsx琛ㄦ牸涓鍙栫殑鏁版嵁:1
2021-01-22 11:58:27 INFO  ExcelRead:99 - xlsx琛ㄦ牸涓鍙栫殑鏁版嵁:1
2021-01-22 11:58:27 INFO  ExcelRead:99 - xlsx琛ㄦ牸涓鍙栫殑鏁版嵁:1
2021-01-22 11:58:27 INFO  ExcelRead:99 - xlsx琛ㄦ牸涓鍙栫殑鏁版嵁:1
2021-01-22 11:58:27 INFO  ExcelRead:99 - xlsx琛ㄦ牸涓鍙栫殑鏁版嵁:1
2021-01-22 11:58:27 INFO  ExcelRead:99 - xlsx琛ㄦ牸涓鍙栫殑鏁版嵁:1
2021-01-22 11:58:27 INFO  ExcelRead:99 - xlsx琛ㄦ牸涓鍙栫殑鏁版嵁:1
2021-01-22 11:58:27 INFO  ExcelRead:99 - xlsx琛ㄦ牸涓鍙栫殑鏁版嵁:1
2021-01-22 11:58:27 INFO  ExcelRead:99 - xlsx琛ㄦ牸涓鍙栫殑鏁版嵁:1
2021-01-22 11:58:27 INFO  ExcelRead:99 - xlsx琛ㄦ牸涓鍙栫殑鏁版嵁:1
2021-01-22 11:58:27 INFO  ExcelRead:99 - xlsx琛ㄦ牸涓鍙栫殑鏁版嵁:1
2021-01-22 11:58:27 INFO  ExcelRead:99 - xlsx琛ㄦ牸涓鍙栫殑鏁版嵁:1
2021-01-22 11:58:27 INFO  ExcelRead:99 - xlsx琛ㄦ牸涓鍙栫殑鏁版嵁:1
2021-01-22 11:58:27 INFO  ExcelRead:99 - xlsx琛ㄦ牸涓鍙栫殑鏁版嵁:1
2021-01-22 11:58:27 INFO  ExcelRead:99 - xlsx琛ㄦ牸涓鍙栫殑鏁版嵁:1
2021-01-22 11:58:27 INFO  ExcelRead:99 - xlsx琛ㄦ牸涓鍙栫殑鏁版嵁:1
2021-01-22 11:58:27 INFO  ExcelRead:99 - xlsx琛ㄦ牸涓鍙栫殑鏁版嵁:1
2021-01-22 11:58:27 INFO  ExcelRead:99 - xlsx琛ㄦ牸涓鍙栫殑鏁版嵁:1
2021-01-22 11:58:27 INFO  ExcelRead:99 - xlsx琛ㄦ牸涓鍙栫殑鏁版嵁:1
2021-01-22 11:58:27 INFO  ExcelRead:99 - xlsx琛ㄦ牸涓鍙栫殑鏁版嵁:1
2021-01-22 11:58:27 INFO  ExcelRead:99 - xlsx琛ㄦ牸涓鍙栫殑鏁版嵁:1
2021-01-22 11:58:27 INFO  ExcelRead:99 - xlsx琛ㄦ牸涓鍙栫殑鏁版嵁:1
2021-01-22 11:58:27 INFO  ExcelRead:99 - xlsx琛ㄦ牸涓鍙栫殑鏁版嵁:1
2021-01-22 11:58:27 INFO  ExcelRead:99 - xlsx琛ㄦ牸涓鍙栫殑鏁版嵁:1
2021-01-22 11:58:27 INFO  ExcelRead:99 - xlsx琛ㄦ牸涓鍙栫殑鏁版嵁:1
2021-01-22 11:58:27 INFO  ExcelRead:99 - xlsx琛ㄦ牸涓鍙栫殑鏁版嵁:1
2021-01-22 11:58:27 INFO  ExcelRead:99 - xlsx琛ㄦ牸涓鍙栫殑鏁版嵁:1
2021-01-22 11:58:27 INFO  ExcelRead:99 - xlsx琛ㄦ牸涓鍙栫殑鏁版嵁:1
2021-01-22 11:58:27 INFO  ExcelRead:99 - xlsx琛ㄦ牸涓鍙栫殑鏁版嵁:1
2021-01-22 11:58:27 INFO  ExcelRead:99 - xlsx琛ㄦ牸涓鍙栫殑鏁版嵁:1
2021-01-22 11:58:27 INFO  ExcelRead:99 - xlsx琛ㄦ牸涓鍙栫殑鏁版嵁:1
2021-01-22 11:58:27 INFO  ExcelRead:99 - xlsx琛ㄦ牸涓鍙栫殑鏁版嵁:1
2021-01-22 11:58:27 INFO  ExcelRead:99 - xlsx琛ㄦ牸涓鍙栫殑鏁版嵁:1
2021-01-22 11:58:27 INFO  ExcelRead:99 - xlsx琛ㄦ牸涓鍙栫殑鏁版嵁:1
2021-01-22 11:58:27 INFO  ExcelRead:99 - xlsx琛ㄦ牸涓鍙栫殑鏁版嵁:1
2021-01-22 11:58:27 INFO  ExcelRead:99 - xlsx琛ㄦ牸涓鍙栫殑鏁版嵁:1
2021-01-22 11:58:27 INFO  ExcelRead:99 - xlsx琛ㄦ牸涓鍙栫殑鏁版嵁:1
2021-01-22 11:58:27 INFO  ExcelRead:99 - xlsx琛ㄦ牸涓鍙栫殑鏁版嵁:1
2021-01-22 11:58:27 INFO  ExcelRead:99 - xlsx琛ㄦ牸涓鍙栫殑鏁版嵁:1
2021-01-22 11:58:27 INFO  ExcelRead:99 - xlsx琛ㄦ牸涓鍙栫殑鏁版嵁:1
2021-01-22 11:58:27 INFO  ExcelRead:99 - xlsx琛ㄦ牸涓鍙栫殑鏁版嵁:1
2021-01-22 11:58:27 INFO  ExcelRead:99 - xlsx琛ㄦ牸涓鍙栫殑鏁版嵁:1
2021-01-22 11:58:27 INFO  ExcelRead:99 - xlsx琛ㄦ牸涓鍙栫殑鏁版嵁:1
2021-01-22 11:58:27 INFO  ExcelRead:99 - xlsx琛ㄦ牸涓鍙栫殑鏁版嵁:1
2021-01-22 11:58:27 INFO  ExcelRead:99 - xlsx琛ㄦ牸涓鍙栫殑鏁版嵁:1
2021-01-22 11:58:27 INFO  ExcelRead:99 - xlsx琛ㄦ牸涓鍙栫殑鏁版嵁:1
2021-01-22 11:58:27 INFO  ExcelRead:99 - xlsx琛ㄦ牸涓鍙栫殑鏁版嵁:1
2021-01-22 11:58:27 INFO  ExcelRead:99 - xlsx琛ㄦ牸涓鍙栫殑鏁版嵁:1
2021-01-22 11:58:27 INFO  ExcelRead:99 - xlsx琛ㄦ牸涓鍙栫殑鏁版嵁:1
2021-01-22 11:58:27 INFO  ExcelRead:99 - xlsx琛ㄦ牸涓鍙栫殑鏁版嵁:1
2021-01-22 11:58:27 INFO  ExcelRead:99 - xlsx琛ㄦ牸涓鍙栫殑鏁版嵁:1
2021-01-22 11:58:27 INFO  ExcelRead:99 - xlsx琛ㄦ牸涓鍙栫殑鏁版嵁:1
2021-01-22 11:58:27 INFO  ExcelRead:99 - xlsx琛ㄦ牸涓鍙栫殑鏁版嵁:1
2021-01-22 11:58:27 INFO  ExcelRead:99 - xlsx琛ㄦ牸涓鍙栫殑鏁版嵁:1
2021-01-22 11:58:27 INFO  ExcelRead:99 - xlsx琛ㄦ牸涓鍙栫殑鏁版嵁:1
2021-01-22 11:58:27 INFO  ExcelRead:99 - xlsx琛ㄦ牸涓鍙栫殑鏁版嵁:1
2021-01-22 11:58:27 INFO  ExcelRead:99 - xlsx琛ㄦ牸涓鍙栫殑鏁版嵁:1
2021-01-22 11:58:27 INFO  ExcelRead:99 - xlsx琛ㄦ牸涓鍙栫殑鏁版嵁:1
2021-01-22 11:58:27 INFO  ExcelRead:99 - xlsx琛ㄦ牸涓鍙栫殑鏁版嵁:1
2021-01-22 11:58:27 INFO  ExcelRead:99 - xlsx琛ㄦ牸涓鍙栫殑鏁版嵁:1
2021-01-22 11:58:27 INFO  ExcelRead:99 - xlsx琛ㄦ牸涓鍙栫殑鏁版嵁:1
2021-01-22 11:58:27 INFO  ExcelRead:99 - xlsx琛ㄦ牸涓鍙栫殑鏁版嵁:1
2021-01-22 11:58:27 INFO  ExcelRead:99 - xlsx琛ㄦ牸涓鍙栫殑鏁版嵁:1
2021-01-22 11:58:27 INFO  ExcelRead:99 - xlsx琛ㄦ牸涓鍙栫殑鏁版嵁:1
2021-01-22 11:58:27 INFO  ExcelRead:99 - xlsx琛ㄦ牸涓鍙栫殑鏁版嵁:1
2021-01-22 11:58:27 INFO  ExcelRead:99 - xlsx琛ㄦ牸涓鍙栫殑鏁版嵁:1
2021-01-22 11:58:27 INFO  ExcelRead:99 - xlsx琛ㄦ牸涓鍙栫殑鏁版嵁:1
2021-01-22 11:58:27 INFO  ExcelRead:99 - xlsx琛ㄦ牸涓鍙栫殑鏁版嵁:1
2021-01-22 11:58:27 INFO  ExcelRead:99 - xlsx琛ㄦ牸涓鍙栫殑鏁版嵁:1
2021-01-22 11:58:27 INFO  ExcelRead:99 - xlsx琛ㄦ牸涓鍙栫殑鏁版嵁:1
2021-01-22 11:58:27 INFO  ExcelRead:99 - xlsx琛ㄦ牸涓鍙栫殑鏁版嵁:1
2021-01-22 11:58:27 INFO  ExcelRead:99 - xlsx琛ㄦ牸涓鍙栫殑鏁版嵁:1
2021-01-22 11:58:27 INFO  ExcelRead:99 - xlsx琛ㄦ牸涓鍙栫殑鏁版嵁:1
2021-01-22 11:58:27 INFO  ExcelRead:99 - xlsx琛ㄦ牸涓鍙栫殑鏁版嵁:1
2021-01-22 11:58:27 INFO  ExcelRead:99 - xlsx琛ㄦ牸涓鍙栫殑鏁版嵁:1
2021-01-22 11:58:27 INFO  ExcelRead:99 - xlsx琛ㄦ牸涓鍙栫殑鏁版嵁:1
2021-01-22 11:58:27 INFO  ExcelRead:99 - xlsx琛ㄦ牸涓鍙栫殑鏁版嵁:1
2021-01-22 11:58:27 INFO  ExcelRead:99 - xlsx琛ㄦ牸涓鍙栫殑鏁版嵁:1
2021-01-22 11:58:27 INFO  ExcelRead:99 - xlsx琛ㄦ牸涓鍙栫殑鏁版嵁:1
2021-01-22 11:58:27 INFO  ExcelRead:99 - xlsx琛ㄦ牸涓鍙栫殑鏁版嵁:1
2021-01-22 11:58:27 INFO  ExcelRead:99 - xlsx琛ㄦ牸涓鍙栫殑鏁版嵁:1
2021-01-22 11:58:27 INFO  ExcelRead:99 - xlsx琛ㄦ牸涓鍙栫殑鏁版嵁:1
2021-01-22 11:58:27 INFO  ExcelRead:99 - xlsx琛ㄦ牸涓鍙栫殑鏁版嵁:1
2021-01-22 11:58:27 INFO  ExcelRead:99 - xlsx琛ㄦ牸涓鍙栫殑鏁版嵁:1
2021-01-22 11:58:27 INFO  ExcelRead:99 - xlsx琛ㄦ牸涓鍙栫殑鏁版嵁:1
2021-01-22 11:58:27 INFO  ExcelRead:99 - xlsx琛ㄦ牸涓鍙栫殑鏁版嵁:1
2021-01-22 11:58:27 INFO  ExcelRead:99 - xlsx琛ㄦ牸涓鍙栫殑鏁版嵁:1
2021-01-22 11:59:06 INFO  TxtTest:40 - prompt Importing table lcgrpcont...
2021-01-22 11:59:06 INFO  TxtTest:40 - set feedback off
2021-01-22 11:59:06 INFO  TxtTest:40 - set define off
2021-01-22 11:59:06 INFO  TxtTest:40 - 
2021-01-22 11:59:06 INFO  TxtTest:40 - 
2021-01-22 11:59:06 INFO  TxtTest:40 - 
2021-01-22 11:59:06 INFO  TxtTest:40 - prompt Done.
2021-01-22 11:59:06 WARN  TxtTest:77 - insert into lcgrpcont (GRPCONTNO, PROPOSALGRPCONTNO, PRTNO, SALECHNL, MANAGECOM, AGENTCOM, AGENTTYPE, AGENTCODE, AGENTGROUP, AGENTCODE1, PASSWORD, PASSWORD2, APPNTNO, ADDRESSNO, PEOPLES2, GRPNAME, BUSINESSTYPE, GRPNATURE, RGTMONEY, ASSET, NETPROFITRATE, MAINBUSSINESS, CORPORATION, COMAERA, FAX, PHONE, GETFLAG, SATRAP, EMAIL, FOUNDDATE, GRPGROUPNO, BANKCODE, BANKACCNO, ACCNAME, DISPUTEDFLAG, OUTPAYFLAG, GETPOLMODE, LANG, CURRENCY, LOSTTIMES, PRINTCOUNT, REGETDATE, LASTEDORDATE, LASTGETDATE, LASTLOANDATE, SPECFLAG, GRPSPEC, PAYMODE, SIGNCOM, SIGNDATE, SIGNTIME, CVALIDATE, PAYINTV, MANAGEFEERATE, EXPPEOPLES, EXPPREMIUM, EXPAMNT, PEOPLES, MULT, PREM, AMNT, SUMPREM, SUMPAY, DIF, REMARK, STANDBYFLAG1, STANDBYFLAG2, STANDBYFLAG3, INPUTOPERATOR, INPUTDATE, INPUTTIME, APPROVEFLAG, APPROVECODE, APPROVEDATE, APPROVETIME, UWOPERATOR, UWFLAG, UWDATE, UWTIME, APPFLAG, POLAPPLYDATE, CUSTOMGETPOLDATE, GETPOLDATE, GETPOLTIME, STATE, ENTERKIND, AMNTGRADE, PEOPLES3, ONWORKPEOPLES, OFFWORKPEOPLES, OTHERPEOPLES, RELAPEOPLES, RELAMATEPEOPLES, RELAYOUNGPEOPLES, RELAOTHERPEOPLES, FIRSTTRIALOPERATOR, FIRSTTRIALDATE, FIRSTTRIALTIME, RECEIVEOPERATOR, RECEIVEDATE, RECEIVETIME, TEMPFEENO, HANDLERNAME, HANDLERDATE, HANDLERPRINT, AGENTDATE, BUSINESSBIGTYPE, MARKETTYPE, REPORTNO, CONFERNO, SIGNREPORTNO, AGENTCONFERNO, CONTTYPE, CLIENTCARE, CLIENTNEEDJUDGE, FUNDJUDGE, FUNDREASON, EDORCALTYPE, BACKDATEREMARK, DONATECONTFLAG, EXAMANDAPPNO, COMMONFLAG, COMMONINSUNO, RISKFLAG, BUSINESSCHNL, INQUIRYNO, BSCHNLFLAG, STANDBYFLAG4, STANDBYFLAG5, STANDBYFLAG6, OPERATOR, MAKEDATE, MAKETIME, MODIFYDATE, MODIFYTIME)values ('60531800000071', '60531800000071', '60531800000071', '3', '5318', '53TK75193760', '03', 'TK00020385', '000000006968', null, null, null, '0000604890', '1', 0, '廉江市青平银河壹加壹食府', '1900', '15', 0.00, 0.00, 0.0000, null, '廖尚武', null, null, null, null, null, null, null, null, null, null, '廉江市青平银河壹加壹食府', null, '1', null, null, null, 0, 0, null, null, null, null, '0', null, null, null, null, null, to_date('17-09-2020', 'dd-mm-yyyy'), 0, 0, 0, 0.00, 0.00, 20, 0.00000, 0.00, 0.00, 0.00, 0.00, 0.00, '1、在《泰康附加意外伤害团体医疗保险》中，无论被保险人有无医保，无论基本医疗保险、公费医疗或政府主办补充医疗是否先行赔付，个人支付的合理医疗费用均扣除免赔额50元，剩余部分按100%的比例进行赔付。2、在《泰康附加意外住院津贴团体医疗保险》中，免赔天数为4天。', null, null, '52CE', null, null, null, '9', 'w_lisha01', to_date('13-10-2020', 'dd-mm-yyyy'), '15:25:20', 'wangle03', '9', to_date('19-10-2020', 'dd-mm-yyyy'), '15:25:20', '0', to_date('13-10-2020', 'dd-mm-yyyy'), null, null, null, '0', null, null, 0, 0, 0, 0, 0, 0, 0, 0, null, null, null, null, null, null, null, null, null, null, null, null, null, null, null, '01', '0', '2', 'E', 'Y', 'Y', 'Y', 'N', '正常', '0', null, '0', null, null, '07', '012020075318000000001', null, null, null, null, 'wangle03', to_date('13-10-2020', 'dd-mm-yyyy'), '14:44:16', to_date('19-10-2020', 'dd-mm-yyyy'), '20:14:14')
2021-01-22 11:59:06 WARN  TxtTest:77 - insert into lcgrpcont (GRPCONTNO, PROPOSALGRPCONTNO, PRTNO, SALECHNL, MANAGECOM, AGENTCOM, AGENTTYPE, AGENTCODE, AGENTGROUP, AGENTCODE1, PASSWORD, PASSWORD2, APPNTNO, ADDRESSNO, PEOPLES2, GRPNAME, BUSINESSTYPE, GRPNATURE, RGTMONEY, ASSET, NETPROFITRATE, MAINBUSSINESS, CORPORATION, COMAERA, FAX, PHONE, GETFLAG, SATRAP, EMAIL, FOUNDDATE, GRPGROUPNO, BANKCODE, BANKACCNO, ACCNAME, DISPUTEDFLAG, OUTPAYFLAG, GETPOLMODE, LANG, CURRENCY, LOSTTIMES, PRINTCOUNT, REGETDATE, LASTEDORDATE, LASTGETDATE, LASTLOANDATE, SPECFLAG, GRPSPEC, PAYMODE, SIGNCOM, SIGNDATE, SIGNTIME, CVALIDATE, PAYINTV, MANAGEFEERATE, EXPPEOPLES, EXPPREMIUM, EXPAMNT, PEOPLES, MULT, PREM, AMNT, SUMPREM, SUMPAY, DIF, REMARK, STANDBYFLAG1, STANDBYFLAG2, STANDBYFLAG3, INPUTOPERATOR, INPUTDATE, INPUTTIME, APPROVEFLAG, APPROVECODE, APPROVEDATE, APPROVETIME, UWOPERATOR, UWFLAG, UWDATE, UWTIME, APPFLAG, POLAPPLYDATE, CUSTOMGETPOLDATE, GETPOLDATE, GETPOLTIME, STATE, ENTERKIND, AMNTGRADE, PEOPLES3, ONWORKPEOPLES, OFFWORKPEOPLES, OTHERPEOPLES, RELAPEOPLES, RELAMATEPEOPLES, RELAYOUNGPEOPLES, RELAOTHERPEOPLES, FIRSTTRIALOPERATOR, FIRSTTRIALDATE, FIRSTTRIALTIME, RECEIVEOPERATOR, RECEIVEDATE, RECEIVETIME, TEMPFEENO, HANDLERNAME, HANDLERDATE, HANDLERPRINT, AGENTDATE, BUSINESSBIGTYPE, MARKETTYPE, REPORTNO, CONFERNO, SIGNREPORTNO, AGENTCONFERNO, CONTTYPE, CLIENTCARE, CLIENTNEEDJUDGE, FUNDJUDGE, FUNDREASON, EDORCALTYPE, BACKDATEREMARK, DONATECONTFLAG, EXAMANDAPPNO, COMMONFLAG, COMMONINSUNO, RISKFLAG, BUSINESSCHNL, INQUIRYNO, BSCHNLFLAG, STANDBYFLAG4, STANDBYFLAG5, STANDBYFLAG6, OPERATOR, MAKEDATE, MAKETIME, MODIFYDATE, MODIFYTIME)values ('2853011386872', '8053012031437', '8053012031437', '3', '5301', '5301', '01', 'TK00039298', '000000000201', null, null, null, '2645940748', '8', 1, '陈沁', null, null, 0.00, 0.00, 0.0000, null, null, null, null, null, null, null, null, null, null, null, null, null, null, null, null, null, null, 0, 0, null, null, null, null, '0', null, null, '5301', to_date('27-09-2020', 'dd-mm-yyyy'), '21:20:28', to_date('01-10-2020', 'dd-mm-yyyy'), 0, 0, 0, 0.00, 0.00, 0, 1.00000, 0.25, 1000000.00, 0.25, 0.25, 0.00, '01', null, null, null, '01', to_date('27-09-2020', 'dd-mm-yyyy'), null, '9', '01', to_date('27-09-2020', 'dd-mm-yyyy'), null, '01', '9', to_date('27-09-2020', 'dd-mm-yyyy'), '21:20:28', '1', to_date('27-09-2020', 'dd-mm-yyyy'), null, null, null, '1', null, null, 0, 0, 0, 0, 0, 0, 0, 0, null, null, null, null, null, null, null, null, null, null, null, null, '1', null, null, null, null, '2', null, null, null, null, null, null, null, null, null, null, null, '01', null, null, null, null, null, '01', to_date('27-09-2020', 'dd-mm-yyyy'), '21:20:28', to_date('27-09-2020', 'dd-mm-yyyy'), '21:20:28')
2021-01-22 11:59:06 WARN  TxtTest:77 - insert into lcgrpcont (GRPCONTNO, PROPOSALGRPCONTNO, PRTNO, SALECHNL, MANAGECOM, AGENTCOM, AGENTTYPE, AGENTCODE, AGENTGROUP, AGENTCODE1, PASSWORD, PASSWORD2, APPNTNO, ADDRESSNO, PEOPLES2, GRPNAME, BUSINESSTYPE, GRPNATURE, RGTMONEY, ASSET, NETPROFITRATE, MAINBUSSINESS, CORPORATION, COMAERA, FAX, PHONE, GETFLAG, SATRAP, EMAIL, FOUNDDATE, GRPGROUPNO, BANKCODE, BANKACCNO, ACCNAME, DISPUTEDFLAG, OUTPAYFLAG, GETPOLMODE, LANG, CURRENCY, LOSTTIMES, PRINTCOUNT, REGETDATE, LASTEDORDATE, LASTGETDATE, LASTLOANDATE, SPECFLAG, GRPSPEC, PAYMODE, SIGNCOM, SIGNDATE, SIGNTIME, CVALIDATE, PAYINTV, MANAGEFEERATE, EXPPEOPLES, EXPPREMIUM, EXPAMNT, PEOPLES, MULT, PREM, AMNT, SUMPREM, SUMPAY, DIF, REMARK, STANDBYFLAG1, STANDBYFLAG2, STANDBYFLAG3, INPUTOPERATOR, INPUTDATE, INPUTTIME, APPROVEFLAG, APPROVECODE, APPROVEDATE, APPROVETIME, UWOPERATOR, UWFLAG, UWDATE, UWTIME, APPFLAG, POLAPPLYDATE, CUSTOMGETPOLDATE, GETPOLDATE, GETPOLTIME, STATE, ENTERKIND, AMNTGRADE, PEOPLES3, ONWORKPEOPLES, OFFWORKPEOPLES, OTHERPEOPLES, RELAPEOPLES, RELAMATEPEOPLES, RELAYOUNGPEOPLES, RELAOTHERPEOPLES, FIRSTTRIALOPERATOR, FIRSTTRIALDATE, FIRSTTRIALTIME, RECEIVEOPERATOR, RECEIVEDATE, RECEIVETIME, TEMPFEENO, HANDLERNAME, HANDLERDATE, HANDLERPRINT, AGENTDATE, BUSINESSBIGTYPE, MARKETTYPE, REPORTNO, CONFERNO, SIGNREPORTNO, AGENTCONFERNO, CONTTYPE, CLIENTCARE, CLIENTNEEDJUDGE, FUNDJUDGE, FUNDREASON, EDORCALTYPE, BACKDATEREMARK, DONATECONTFLAG, EXAMANDAPPNO, COMMONFLAG, COMMONINSUNO, RISKFLAG, BUSINESSCHNL, INQUIRYNO, BSCHNLFLAG, STANDBYFLAG4, STANDBYFLAG5, STANDBYFLAG6, OPERATOR, MAKEDATE, MAKETIME, MODIFYDATE, MODIFYTIME)values ('2853011015511', '70201600029781', '70201600029781', '3', '5301', null, '01', 'TK00004278', '000000002394', null, null, null, '4975040669', '5', 1, '中国石油天然气股份有限公司广东销售分公司', null, '01', 0.00, 0.00, 0.0000, null, null, null, null, null, null, null, null, null, null, '015301', '6222032006001500290', null, null, '1', null, null, null, 0, 0, null, null, null, null, '0', null, null, '5301', to_date('30-09-2016', 'dd-mm-yyyy'), '16:50:03', to_date('01-10-2016', 'dd-mm-yyyy'), 12, 0, 0, 0.00, 0.00, 1, 0.00000, 2280.00, 300000.00, 11400.00, 0.00, 0.00, null, null, null, '5301', 'YLSC', to_date('30-09-2016', 'dd-mm-yyyy'), '16:25:00', '9', 'YLSC', to_date('30-09-2016', 'dd-mm-yyyy'), '16:25:00', 'YLSC', '9', to_date('30-09-2016', 'dd-mm-yyyy'), '16:25:00', '1', to_date('30-09-2016', 'dd-mm-yyyy'), null, null, null, '1', null, null, 0, 0, 0, 0, 0, 0, 0, 0, null, null, null, null, null, null, null, null, null, null, null, null, '0', null, null, null, null, '1', null, null, null, null, null, null, null, null, null, null, null, '01', 'SY2016095301000000037', null, null, null, null, 'YLSC', to_date('12-10-2019', 'dd-mm-yyyy'), '10:13:10', to_date('01-10-2020', 'dd-mm-yyyy'), '13:50:57')
2021-01-22 13:04:39 INFO  ExcelRead:99 - xlsx表格中读取的数据:1
2021-01-22 13:04:39 INFO  ExcelRead:99 - xlsx表格中读取的数据:1
2021-01-22 13:04:39 INFO  ExcelRead:99 - xlsx表格中读取的数据:1
2021-01-22 13:04:39 INFO  ExcelRead:99 - xlsx表格中读取的数据:1
2021-01-22 13:04:39 INFO  ExcelRead:99 - xlsx表格中读取的数据:1
2021-01-22 13:04:39 INFO  ExcelRead:99 - xlsx表格中读取的数据:1
2021-01-22 13:04:39 INFO  ExcelRead:99 - xlsx表格中读取的数据:1
2021-01-22 13:04:39 INFO  ExcelRead:99 - xlsx表格中读取的数据:1
2021-01-22 13:04:39 INFO  ExcelRead:99 - xlsx表格中读取的数据:1
2021-01-22 13:04:39 INFO  ExcelRead:99 - xlsx表格中读取的数据:1
2021-01-22 13:04:39 INFO  ExcelRead:99 - xlsx表格中读取的数据:1
2021-01-22 13:04:39 INFO  ExcelRead:99 - xlsx表格中读取的数据:1
2021-01-22 13:04:39 INFO  ExcelRead:99 - xlsx表格中读取的数据:1
2021-01-22 13:04:39 INFO  ExcelRead:99 - xlsx表格中读取的数据:1
2021-01-22 13:04:39 INFO  ExcelRead:99 - xlsx表格中读取的数据:1
2021-01-22 13:04:39 INFO  ExcelRead:99 - xlsx表格中读取的数据:1
2021-01-22 13:04:39 INFO  ExcelRead:99 - xlsx表格中读取的数据:1
2021-01-22 13:04:39 INFO  ExcelRead:99 - xlsx表格中读取的数据:1
2021-01-22 13:04:39 INFO  ExcelRead:99 - xlsx表格中读取的数据:1
2021-01-22 13:04:39 INFO  ExcelRead:99 - xlsx表格中读取的数据:1
2021-01-22 13:04:39 INFO  ExcelRead:99 - xlsx表格中读取的数据:1
2021-01-22 13:04:39 INFO  ExcelRead:99 - xlsx表格中读取的数据:1
2021-01-22 13:04:39 INFO  ExcelRead:99 - xlsx表格中读取的数据:1
2021-01-22 13:04:39 INFO  ExcelRead:99 - xlsx表格中读取的数据:1
2021-01-22 13:04:39 INFO  ExcelRead:99 - xlsx表格中读取的数据:1
2021-01-22 13:04:39 INFO  ExcelRead:99 - xlsx表格中读取的数据:1
2021-01-22 13:04:39 INFO  ExcelRead:99 - xlsx表格中读取的数据:1
2021-01-22 13:04:39 INFO  ExcelRead:99 - xlsx表格中读取的数据:1
2021-01-22 13:04:39 INFO  ExcelRead:99 - xlsx表格中读取的数据:1
2021-01-22 13:04:39 INFO  ExcelRead:99 - xlsx表格中读取的数据:1
2021-01-22 13:04:39 INFO  ExcelRead:99 - xlsx表格中读取的数据:1
2021-01-22 13:04:39 INFO  ExcelRead:99 - xlsx表格中读取的数据:1
2021-01-22 13:04:39 INFO  ExcelRead:99 - xlsx表格中读取的数据:1
2021-01-22 13:04:39 INFO  ExcelRead:99 - xlsx表格中读取的数据:1
2021-01-22 13:04:39 INFO  ExcelRead:99 - xlsx表格中读取的数据:1
2021-01-22 13:04:39 INFO  ExcelRead:99 - xlsx表格中读取的数据:1
2021-01-22 13:04:39 INFO  ExcelRead:99 - xlsx表格中读取的数据:1
2021-01-22 13:04:39 INFO  ExcelRead:99 - xlsx表格中读取的数据:1
2021-01-22 13:04:39 INFO  ExcelRead:99 - xlsx表格中读取的数据:1
2021-01-22 13:04:39 INFO  ExcelRead:99 - xlsx表格中读取的数据:1
2021-01-22 13:04:39 INFO  ExcelRead:99 - xlsx表格中读取的数据:1
2021-01-22 13:04:39 INFO  ExcelRead:99 - xlsx表格中读取的数据:1
2021-01-22 13:04:39 INFO  ExcelRead:99 - xlsx表格中读取的数据:1
2021-01-22 13:04:39 INFO  ExcelRead:99 - xlsx表格中读取的数据:1
2021-01-22 13:04:39 INFO  ExcelRead:99 - xlsx表格中读取的数据:1
2021-01-22 13:04:39 INFO  ExcelRead:99 - xlsx表格中读取的数据:1
2021-01-22 13:04:39 INFO  ExcelRead:99 - xlsx表格中读取的数据:1
2021-01-22 13:04:39 INFO  ExcelRead:99 - xlsx表格中读取的数据:1
2021-01-22 13:04:39 INFO  ExcelRead:99 - xlsx表格中读取的数据:1
2021-01-22 13:04:39 INFO  ExcelRead:99 - xlsx表格中读取的数据:1
2021-01-22 13:04:39 INFO  ExcelRead:99 - xlsx表格中读取的数据:1
2021-01-22 13:04:39 INFO  ExcelRead:99 - xlsx表格中读取的数据:1
2021-01-22 13:04:39 INFO  ExcelRead:99 - xlsx表格中读取的数据:1
2021-01-22 13:04:39 INFO  ExcelRead:99 - xlsx表格中读取的数据:1
2021-01-22 13:04:39 INFO  ExcelRead:99 - xlsx表格中读取的数据:1
2021-01-22 13:04:39 INFO  ExcelRead:99 - xlsx表格中读取的数据:1
2021-01-22 13:04:39 INFO  ExcelRead:99 - xlsx表格中读取的数据:1
2021-01-22 13:04:39 INFO  ExcelRead:99 - xlsx表格中读取的数据:1
2021-01-22 13:04:39 INFO  ExcelRead:99 - xlsx表格中读取的数据:1
2021-01-22 13:04:39 INFO  ExcelRead:99 - xlsx表格中读取的数据:1
2021-01-22 13:04:39 INFO  ExcelRead:99 - xlsx表格中读取的数据:1
2021-01-22 13:04:39 INFO  ExcelRead:99 - xlsx表格中读取的数据:1
2021-01-22 13:04:39 INFO  ExcelRead:99 - xlsx表格中读取的数据:1
2021-01-22 13:04:39 INFO  ExcelRead:99 - xlsx表格中读取的数据:1
2021-01-22 13:04:39 INFO  ExcelRead:99 - xlsx表格中读取的数据:1
2021-01-22 13:04:39 INFO  ExcelRead:99 - xlsx表格中读取的数据:1
2021-01-22 13:04:39 INFO  ExcelRead:99 - xlsx表格中读取的数据:1
2021-01-22 13:04:39 INFO  ExcelRead:99 - xlsx表格中读取的数据:1
2021-01-22 13:04:39 INFO  ExcelRead:99 - xlsx表格中读取的数据:1
2021-01-22 13:04:39 INFO  ExcelRead:99 - xlsx表格中读取的数据:1
2021-01-22 13:04:39 INFO  ExcelRead:99 - xlsx表格中读取的数据:1
2021-01-22 13:04:39 INFO  ExcelRead:99 - xlsx表格中读取的数据:1
2021-01-22 13:04:39 INFO  ExcelRead:99 - xlsx表格中读取的数据:1
2021-01-22 13:04:39 INFO  ExcelRead:99 - xlsx表格中读取的数据:1
2021-01-22 13:04:39 INFO  ExcelRead:99 - xlsx表格中读取的数据:1
2021-01-22 13:04:39 INFO  ExcelRead:99 - xlsx表格中读取的数据:1
2021-01-22 13:04:39 INFO  ExcelRead:99 - xlsx表格中读取的数据:1
2021-01-22 13:04:39 INFO  ExcelRead:99 - xlsx表格中读取的数据:1
2021-01-22 13:04:39 INFO  ExcelRead:99 - xlsx表格中读取的数据:1
2021-01-22 13:04:39 INFO  ExcelRead:99 - xlsx表格中读取的数据:1
2021-01-22 13:04:39 INFO  ExcelRead:99 - xlsx表格中读取的数据:1
2021-01-22 13:04:39 INFO  ExcelRead:99 - xlsx表格中读取的数据:1
2021-01-22 13:04:39 INFO  ExcelRead:99 - xlsx表格中读取的数据:1
2021-01-22 13:04:39 INFO  ExcelRead:99 - xlsx表格中读取的数据:1
2021-01-22 13:04:39 INFO  ExcelRead:99 - xlsx表格中读取的数据:1
2021-01-22 13:04:39 INFO  ExcelRead:99 - xlsx表格中读取的数据:1
2021-01-22 13:04:39 INFO  ExcelRead:99 - xlsx表格中读取的数据:1
2021-01-22 13:04:39 INFO  ExcelRead:99 - xlsx表格中读取的数据:1
2021-01-22 13:04:39 INFO  ExcelRead:99 - xlsx表格中读取的数据:1
2021-01-22 13:04:39 INFO  ExcelRead:99 - xlsx表格中读取的数据:1
2021-01-22 13:04:39 INFO  ExcelRead:99 - xlsx表格中读取的数据:1
2021-01-22 13:04:39 INFO  ExcelRead:99 - xlsx表格中读取的数据:1
2021-01-22 13:04:39 INFO  ExcelRead:99 - xlsx表格中读取的数据:1
2021-01-22 13:04:39 INFO  ExcelRead:99 - xlsx表格中读取的数据:1
2021-01-22 13:04:39 INFO  ExcelRead:99 - xlsx表格中读取的数据:1
2021-01-22 13:04:39 INFO  ExcelRead:99 - xlsx表格中读取的数据:1
2021-01-22 13:04:39 INFO  ExcelRead:99 - xlsx表格中读取的数据:1
2021-01-22 13:04:39 INFO  ExcelRead:99 - xlsx表格中读取的数据:1
2021-01-22 13:04:39 INFO  ExcelRead:99 - xlsx表格中读取的数据:1
2021-01-22 13:04:39 INFO  ExcelRead:99 - xlsx表格中读取的数据:1
2021-01-22 13:04:39 INFO  ExcelRead:99 - xlsx表格中读取的数据:1
2021-01-22 13:04:39 INFO  ExcelRead:99 - xlsx表格中读取的数据:1
2021-01-22 13:04:39 INFO  ExcelRead:99 - xlsx表格中读取的数据:1
2021-01-22 13:04:39 INFO  ExcelRead:99 - xlsx表格中读取的数据:1
2021-01-22 13:04:39 INFO  ExcelRead:99 - xlsx表格中读取的数据:1
2021-01-22 13:04:39 INFO  ExcelRead:99 - xlsx表格中读取的数据:1
2021-01-22 13:04:39 INFO  ExcelRead:99 - xlsx表格中读取的数据:1
2021-01-22 13:04:39 INFO  ExcelRead:99 - xlsx表格中读取的数据:1
2021-01-22 13:04:39 INFO  ExcelRead:99 - xlsx表格中读取的数据:1
2021-01-22 13:04:39 INFO  ExcelRead:99 - xlsx表格中读取的数据:1
2021-01-22 13:04:39 INFO  ExcelRead:99 - xlsx表格中读取的数据:1
2021-01-22 13:04:39 INFO  ExcelRead:99 - xlsx表格中读取的数据:1
2021-01-22 13:04:39 INFO  ExcelRead:99 - xlsx表格中读取的数据:1
2021-01-22 13:04:39 INFO  ExcelRead:99 - xlsx表格中读取的数据:1
2021-01-22 13:04:39 INFO  ExcelRead:99 - xlsx表格中读取的数据:1
2021-01-22 13:04:39 INFO  ExcelRead:99 - xlsx表格中读取的数据:1
2021-01-22 13:04:39 INFO  ExcelRead:99 - xlsx表格中读取的数据:1
2021-01-22 13:04:39 INFO  ExcelRead:99 - xlsx表格中读取的数据:1
2021-01-22 13:04:39 INFO  ExcelRead:99 - xlsx表格中读取的数据:1
2021-01-22 13:04:39 INFO  ExcelRead:99 - xlsx表格中读取的数据:1
2021-01-22 13:04:39 INFO  ExcelRead:99 - xlsx表格中读取的数据:1
2021-01-22 13:04:39 INFO  ExcelRead:99 - xlsx表格中读取的数据:1
2021-01-22 13:04:39 INFO  ExcelRead:99 - xlsx表格中读取的数据:1
2021-01-22 13:04:39 INFO  ExcelRead:99 - xlsx表格中读取的数据:1
2021-01-22 13:04:39 INFO  ExcelRead:99 - xlsx表格中读取的数据:1
2021-01-22 13:04:39 INFO  ExcelRead:99 - xlsx表格中读取的数据:1
2021-01-22 13:04:39 INFO  ExcelRead:99 - xlsx表格中读取的数据:1
2021-01-22 13:04:39 INFO  ExcelRead:99 - xlsx表格中读取的数据:1
2021-01-22 13:04:39 INFO  ExcelRead:99 - xlsx表格中读取的数据:1
2021-01-22 13:04:39 INFO  ExcelRead:99 - xlsx表格中读取的数据:1
2021-01-22 13:04:39 INFO  ExcelRead:99 - xlsx表格中读取的数据:1
2021-01-22 13:04:39 INFO  ExcelRead:99 - xlsx表格中读取的数据:1
2021-01-22 13:04:39 INFO  ExcelRead:99 - xlsx表格中读取的数据:1
2021-01-22 13:04:39 INFO  ExcelRead:99 - xlsx表格中读取的数据:1
2021-01-22 13:04:39 INFO  ExcelRead:99 - xlsx表格中读取的数据:1
2021-01-22 13:04:39 INFO  ExcelRead:99 - xlsx表格中读取的数据:1
2021-01-22 13:04:39 INFO  ExcelRead:99 - xlsx表格中读取的数据:1
2021-01-22 13:04:39 INFO  ExcelRead:99 - xlsx表格中读取的数据:1
2021-01-22 13:04:39 INFO  ExcelRead:99 - xlsx表格中读取的数据:1
2021-01-22 13:04:39 INFO  ExcelRead:99 - xlsx表格中读取的数据:1
2021-01-22 13:04:39 INFO  ExcelRead:99 - xlsx表格中读取的数据:1
2021-01-22 13:04:39 INFO  ExcelRead:99 - xlsx表格中读取的数据:1
2021-01-22 13:04:39 INFO  ExcelRead:99 - xlsx表格中读取的数据:1
2021-01-22 13:04:39 INFO  ExcelRead:99 - xlsx表格中读取的数据:1
2021-01-22 13:04:39 INFO  ExcelRead:99 - xlsx表格中读取的数据:1
2021-01-22 13:04:39 INFO  ExcelRead:99 - xlsx表格中读取的数据:1
2021-01-22 13:04:39 INFO  ExcelRead:99 - xlsx表格中读取的数据:1
2021-01-22 13:04:39 INFO  ExcelRead:99 - xlsx表格中读取的数据:1
2021-01-22 13:04:39 INFO  ExcelRead:99 - xlsx表格中读取的数据:1
2021-01-22 13:04:39 INFO  ExcelRead:99 - xlsx表格中读取的数据:1
2021-01-22 13:04:39 INFO  ExcelRead:99 - xlsx表格中读取的数据:1
2021-01-22 13:04:39 INFO  ExcelRead:99 - xlsx表格中读取的数据:1
2021-01-22 13:04:39 INFO  ExcelRead:99 - xlsx表格中读取的数据:1
2021-01-22 13:04:39 INFO  ExcelRead:99 - xlsx表格中读取的数据:1
2021-01-22 13:05:04 INFO  ExcelRead:99 - xlsx表格中读取的数据:GRPCONTNO
2021-01-22 13:05:04 INFO  ExcelRead:99 - xlsx表格中读取的数据:MANAGECOM
2021-01-22 13:05:04 INFO  ExcelRead:99 - xlsx表格中读取的数据:SALECHNL
2021-01-22 13:05:04 INFO  ExcelRead:99 - xlsx表格中读取的数据:BUSINESSCHNL
2021-01-22 13:05:04 INFO  ExcelRead:99 - xlsx表格中读取的数据:COSTSTATE
2021-01-22 13:05:04 INFO  ExcelRead:99 - xlsx表格中读取的数据:STANDBYFLAG1
2021-01-22 13:05:04 INFO  ExcelRead:99 - xlsx表格中读取的数据:STANDBYFLAG2
2021-01-22 13:05:04 INFO  ExcelRead:99 - xlsx表格中读取的数据:STANDBYFLAG3
2021-01-22 13:05:04 INFO  ExcelRead:99 - xlsx表格中读取的数据:SUBMITOR
2021-01-22 13:05:04 INFO  ExcelRead:99 - xlsx表格中读取的数据:SUBMITDATE
2021-01-22 13:05:04 INFO  ExcelRead:99 - xlsx表格中读取的数据:SUBMITTIME
2021-01-22 13:05:04 INFO  ExcelRead:99 - xlsx表格中读取的数据:AUDITOR
2021-01-22 13:05:04 INFO  ExcelRead:99 - xlsx表格中读取的数据:AUDITDATE
2021-01-22 13:05:04 INFO  ExcelRead:99 - xlsx表格中读取的数据:AUDITTIME
2021-01-22 13:05:04 INFO  ExcelRead:99 - xlsx表格中读取的数据:OPERATOR
2021-01-22 13:05:04 INFO  ExcelRead:99 - xlsx表格中读取的数据:MAKEDATE
2021-01-22 13:05:04 INFO  ExcelRead:99 - xlsx表格中读取的数据:MAKETIME
2021-01-22 13:05:04 INFO  ExcelRead:99 - xlsx表格中读取的数据:MODIFYDATE
2021-01-22 13:05:04 INFO  ExcelRead:99 - xlsx表格中读取的数据:MODIFYTIME
2021-01-22 13:05:04 INFO  ExcelRead:99 - xlsx表格中读取的数据:285301000004
2021-01-22 13:05:04 INFO  ExcelRead:99 - xlsx表格中读取的数据:5301
2021-01-22 13:05:04 INFO  ExcelRead:99 - xlsx表格中读取的数据:3
2021-01-22 13:05:04 INFO  ExcelRead:99 - xlsx表格中读取的数据:1
2021-01-22 13:05:04 INFO  ExcelRead:99 - xlsx表格中读取的数据:3
2021-01-22 13:05:04 INFO  ExcelRead:99 - xlsx表格中读取的数据:dengl07
2021-01-22 13:05:04 INFO  ExcelRead:99 - xlsx表格中读取的数据:2015-11-11 00:00:00
2021-01-22 13:05:04 INFO  ExcelRead:99 - xlsx表格中读取的数据:1899-12-31 19:53:19
2021-01-22 13:05:04 INFO  ExcelRead:99 - xlsx表格中读取的数据:chenqt01
2021-01-22 13:05:04 INFO  ExcelRead:99 - xlsx表格中读取的数据:2015-11-12 00:00:00
2021-01-22 13:05:04 INFO  ExcelRead:99 - xlsx表格中读取的数据:1899-12-31 09:00:16
2021-01-22 13:05:04 INFO  ExcelRead:99 - xlsx表格中读取的数据:dengl07
2021-01-22 13:05:04 INFO  ExcelRead:99 - xlsx表格中读取的数据:2014-03-25 00:00:00
2021-01-22 13:05:04 INFO  ExcelRead:99 - xlsx表格中读取的数据:1899-12-31 17:49:23
2021-01-22 13:05:04 INFO  ExcelRead:99 - xlsx表格中读取的数据:2015-11-11 00:00:00
2021-01-22 13:05:04 INFO  ExcelRead:99 - xlsx表格中读取的数据:1899-12-31 19:53:15
2021-01-22 13:05:04 INFO  ExcelRead:99 - xlsx表格中读取的数据:285301000026
2021-01-22 13:05:04 INFO  ExcelRead:99 - xlsx表格中读取的数据:5301
2021-01-22 13:05:04 INFO  ExcelRead:99 - xlsx表格中读取的数据:3
2021-01-22 13:05:04 INFO  ExcelRead:99 - xlsx表格中读取的数据:1
2021-01-22 13:05:04 INFO  ExcelRead:99 - xlsx表格中读取的数据:3
2021-01-22 13:05:04 INFO  ExcelRead:99 - xlsx表格中读取的数据:dengl07
2021-01-22 13:05:04 INFO  ExcelRead:99 - xlsx表格中读取的数据:2015-09-30 00:00:00
2021-01-22 13:05:04 INFO  ExcelRead:99 - xlsx表格中读取的数据:1899-12-31 17:26:41
2021-01-22 13:05:04 INFO  ExcelRead:99 - xlsx表格中读取的数据:chenqt01
2021-01-22 13:05:04 INFO  ExcelRead:99 - xlsx表格中读取的数据:2015-10-09 00:00:00
2021-01-22 13:05:04 INFO  ExcelRead:99 - xlsx表格中读取的数据:1899-12-31 10:06:47
2021-01-22 13:05:04 INFO  ExcelRead:99 - xlsx表格中读取的数据:dengl07
2021-01-22 13:05:04 INFO  ExcelRead:99 - xlsx表格中读取的数据:2014-09-19 00:00:00
2021-01-22 13:05:04 INFO  ExcelRead:99 - xlsx表格中读取的数据:1899-12-31 11:56:02
2021-01-22 13:05:04 INFO  ExcelRead:99 - xlsx表格中读取的数据:2015-09-30 00:00:00
2021-01-22 13:05:04 INFO  ExcelRead:99 - xlsx表格中读取的数据:1899-12-31 17:22:14
2021-01-22 13:05:04 INFO  ExcelRead:99 - xlsx表格中读取的数据:285301000037
2021-01-22 13:05:04 INFO  ExcelRead:99 - xlsx表格中读取的数据:5301
2021-01-22 13:05:04 INFO  ExcelRead:99 - xlsx表格中读取的数据:3
2021-01-22 13:05:04 INFO  ExcelRead:99 - xlsx表格中读取的数据:1
2021-01-22 13:05:04 INFO  ExcelRead:99 - xlsx表格中读取的数据:3
2021-01-22 13:05:04 INFO  ExcelRead:99 - xlsx表格中读取的数据:dengl07
2021-01-22 13:05:04 INFO  ExcelRead:99 - xlsx表格中读取的数据:2015-09-30 00:00:00
2021-01-22 13:05:04 INFO  ExcelRead:99 - xlsx表格中读取的数据:1899-12-31 17:31:23
2021-01-22 13:05:04 INFO  ExcelRead:99 - xlsx表格中读取的数据:chenqt01
2021-01-22 13:05:04 INFO  ExcelRead:99 - xlsx表格中读取的数据:2015-10-09 00:00:00
2021-01-22 13:05:04 INFO  ExcelRead:99 - xlsx表格中读取的数据:1899-12-31 10:06:47
2021-01-22 13:05:04 INFO  ExcelRead:99 - xlsx表格中读取的数据:dengl07
2021-01-22 13:05:04 INFO  ExcelRead:99 - xlsx表格中读取的数据:2014-11-04 00:00:00
2021-01-22 13:05:04 INFO  ExcelRead:99 - xlsx表格中读取的数据:1899-12-31 18:07:43
2021-01-22 13:05:04 INFO  ExcelRead:99 - xlsx表格中读取的数据:2015-09-30 00:00:00
2021-01-22 13:05:04 INFO  ExcelRead:99 - xlsx表格中读取的数据:1899-12-31 17:30:15
2021-01-22 13:05:04 INFO  ExcelRead:99 - xlsx表格中读取的数据:285301000038
2021-01-22 13:05:04 INFO  ExcelRead:99 - xlsx表格中读取的数据:5301
2021-01-22 13:05:04 INFO  ExcelRead:99 - xlsx表格中读取的数据:3
2021-01-22 13:05:04 INFO  ExcelRead:99 - xlsx表格中读取的数据:1
2021-01-22 13:05:04 INFO  ExcelRead:99 - xlsx表格中读取的数据:3
2021-01-22 13:05:04 INFO  ExcelRead:99 - xlsx表格中读取的数据:dengl07
2021-01-22 13:05:04 INFO  ExcelRead:99 - xlsx表格中读取的数据:2015-09-30 00:00:00
2021-01-22 13:05:04 INFO  ExcelRead:99 - xlsx表格中读取的数据:1899-12-31 17:33:10
2021-01-22 13:05:04 INFO  ExcelRead:99 - xlsx表格中读取的数据:chenqt01
2021-01-22 13:05:04 INFO  ExcelRead:99 - xlsx表格中读取的数据:2015-10-09 00:00:00
2021-01-22 13:05:04 INFO  ExcelRead:99 - xlsx表格中读取的数据:1899-12-31 10:06:47
2021-01-22 13:05:04 INFO  ExcelRead:99 - xlsx表格中读取的数据:dengl07
2021-01-22 13:05:04 INFO  ExcelRead:99 - xlsx表格中读取的数据:2014-11-07 00:00:00
2021-01-22 13:05:04 INFO  ExcelRead:99 - xlsx表格中读取的数据:1899-12-31 14:22:47
2021-01-22 13:05:04 INFO  ExcelRead:99 - xlsx表格中读取的数据:2015-09-30 00:00:00
2021-01-22 13:05:04 INFO  ExcelRead:99 - xlsx表格中读取的数据:1899-12-31 17:30:51
2021-01-22 13:05:04 INFO  ExcelRead:99 - xlsx表格中读取的数据:285301000045
2021-01-22 13:05:04 INFO  ExcelRead:99 - xlsx表格中读取的数据:5301
2021-01-22 13:05:04 INFO  ExcelRead:99 - xlsx表格中读取的数据:3
2021-01-22 13:05:04 INFO  ExcelRead:99 - xlsx表格中读取的数据:1
2021-01-22 13:05:04 INFO  ExcelRead:99 - xlsx表格中读取的数据:3
2021-01-22 13:05:04 INFO  ExcelRead:99 - xlsx表格中读取的数据:dengl07
2021-01-22 13:05:04 INFO  ExcelRead:99 - xlsx表格中读取的数据:2015-09-30 00:00:00
2021-01-22 13:05:04 INFO  ExcelRead:99 - xlsx表格中读取的数据:1899-12-31 17:35:53
2021-01-22 13:05:04 INFO  ExcelRead:99 - xlsx表格中读取的数据:chenqt01
2021-01-22 13:05:04 INFO  ExcelRead:99 - xlsx表格中读取的数据:2015-10-09 00:00:00
2021-01-22 13:05:04 INFO  ExcelRead:99 - xlsx表格中读取的数据:1899-12-31 10:06:47
2021-01-22 13:05:04 INFO  ExcelRead:99 - xlsx表格中读取的数据:dengl07
2021-01-22 13:05:04 INFO  ExcelRead:99 - xlsx表格中读取的数据:2014-11-13 00:00:00
2021-01-22 13:05:04 INFO  ExcelRead:99 - xlsx表格中读取的数据:1899-12-31 11:02:12
2021-01-22 13:05:04 INFO  ExcelRead:99 - xlsx表格中读取的数据:2015-09-30 00:00:00
2021-01-22 13:05:04 INFO  ExcelRead:99 - xlsx表格中读取的数据:1899-12-31 17:35:13
2021-01-22 13:05:04 INFO  ExcelRead:99 - xlsx表格中读取的数据:285301000281
2021-01-22 13:05:04 INFO  ExcelRead:99 - xlsx表格中读取的数据:5301
2021-01-22 13:05:04 INFO  ExcelRead:99 - xlsx表格中读取的数据:3
2021-01-22 13:05:04 INFO  ExcelRead:99 - xlsx表格中读取的数据:1
2021-01-22 13:05:04 INFO  ExcelRead:99 - xlsx表格中读取的数据:3
2021-01-22 13:05:04 INFO  ExcelRead:99 - xlsx表格中读取的数据:chenqt01
2021-01-22 13:05:04 INFO  ExcelRead:99 - xlsx表格中读取的数据:2015-01-21 00:00:00
2021-01-22 13:05:04 INFO  ExcelRead:99 - xlsx表格中读取的数据:1899-12-31 09:20:48
2021-01-22 13:05:04 INFO  ExcelRead:99 - xlsx表格中读取的数据:dengl07
2021-01-22 13:05:04 INFO  ExcelRead:99 - xlsx表格中读取的数据:2014-12-17 00:00:00
2021-01-22 13:05:04 INFO  ExcelRead:99 - xlsx表格中读取的数据:1899-12-31 17:07:36
2021-01-22 13:05:04 INFO  ExcelRead:99 - xlsx表格中读取的数据:2015-01-13 00:00:00
2021-01-22 13:05:04 INFO  ExcelRead:99 - xlsx表格中读取的数据:1899-12-31 08:53:13
2021-01-22 13:05:04 INFO  ExcelRead:99 - xlsx表格中读取的数据:285301000398
2021-01-22 13:05:04 INFO  ExcelRead:99 - xlsx表格中读取的数据:5301
2021-01-22 13:05:04 INFO  ExcelRead:99 - xlsx表格中读取的数据:3
2021-01-22 13:05:04 INFO  ExcelRead:99 - xlsx表格中读取的数据:3
2021-01-22 13:05:04 INFO  ExcelRead:99 - xlsx表格中读取的数据:3
2021-01-22 13:05:04 INFO  ExcelRead:99 - xlsx表格中读取的数据:chenqt01
2021-01-22 13:05:04 INFO  ExcelRead:99 - xlsx表格中读取的数据:2016-03-01 00:00:00
2021-01-22 13:05:04 INFO  ExcelRead:99 - xlsx表格中读取的数据:1899-12-31 09:29:27
2021-01-22 13:05:04 INFO  ExcelRead:99 - xlsx表格中读取的数据:dengl07
2021-01-22 13:05:04 INFO  ExcelRead:99 - xlsx表格中读取的数据:2014-12-29 00:00:00
2021-01-22 13:05:04 INFO  ExcelRead:99 - xlsx表格中读取的数据:1899-12-31 09:24:14
2021-01-22 13:05:04 INFO  ExcelRead:99 - xlsx表格中读取的数据:2016-02-29 00:00:00
2021-01-22 13:05:04 INFO  ExcelRead:99 - xlsx表格中读取的数据:1899-12-31 21:48:34
2021-01-22 13:05:04 INFO  ExcelRead:99 - xlsx表格中读取的数据:285301000417
2021-01-22 13:05:04 INFO  ExcelRead:99 - xlsx表格中读取的数据:5301
2021-01-22 13:05:04 INFO  ExcelRead:99 - xlsx表格中读取的数据:3
2021-01-22 13:05:04 INFO  ExcelRead:99 - xlsx表格中读取的数据:1
2021-01-22 13:05:04 INFO  ExcelRead:99 - xlsx表格中读取的数据:3
2021-01-22 13:05:04 INFO  ExcelRead:99 - xlsx表格中读取的数据:chenqt01
2021-01-22 13:05:04 INFO  ExcelRead:99 - xlsx表格中读取的数据:2015-01-21 00:00:00
2021-01-22 13:05:04 INFO  ExcelRead:99 - xlsx表格中读取的数据:1899-12-31 09:20:48
2021-01-22 13:05:04 INFO  ExcelRead:99 - xlsx表格中读取的数据:dengl07
2021-01-22 13:05:04 INFO  ExcelRead:99 - xlsx表格中读取的数据:2014-12-29 00:00:00
2021-01-22 13:05:04 INFO  ExcelRead:99 - xlsx表格中读取的数据:1899-12-31 15:36:41
2021-01-22 13:05:04 INFO  ExcelRead:99 - xlsx表格中读取的数据:2015-01-13 00:00:00
2021-01-22 13:05:04 INFO  ExcelRead:99 - xlsx表格中读取的数据:1899-12-31 08:53:13
2021-01-22 13:05:04 INFO  ExcelRead:99 - xlsx表格中读取的数据:285301000432
2021-01-22 13:05:04 INFO  ExcelRead:99 - xlsx表格中读取的数据:5301
2021-01-22 13:05:04 INFO  ExcelRead:99 - xlsx表格中读取的数据:3
2021-01-22 13:05:04 INFO  ExcelRead:99 - xlsx表格中读取的数据:1
2021-01-22 13:05:04 INFO  ExcelRead:99 - xlsx表格中读取的数据:3
2021-01-22 13:05:04 INFO  ExcelRead:99 - xlsx表格中读取的数据:gzzhongm
2021-01-22 13:05:04 INFO  ExcelRead:99 - xlsx表格中读取的数据:2018-06-07 00:00:00
2021-01-22 13:05:04 INFO  ExcelRead:99 - xlsx表格中读取的数据:1899-12-31 12:36:44
2021-01-22 13:05:04 INFO  ExcelRead:99 - xlsx表格中读取的数据:huangxj29
2021-01-22 13:05:04 INFO  ExcelRead:99 - xlsx表格中读取的数据:2018-06-08 00:00:00
2021-01-22 13:05:04 INFO  ExcelRead:99 - xlsx表格中读取的数据:1899-12-31 13:52:32
2021-01-22 13:05:04 INFO  ExcelRead:99 - xlsx表格中读取的数据:gzzhongm
2021-01-22 13:05:04 INFO  ExcelRead:99 - xlsx表格中读取的数据:2018-06-07 00:00:00
2021-01-22 13:05:04 INFO  ExcelRead:99 - xlsx表格中读取的数据:1899-12-31 11:17:23
2021-01-22 13:05:04 INFO  ExcelRead:99 - xlsx表格中读取的数据:2018-06-07 00:00:00
2021-01-22 13:05:04 INFO  ExcelRead:99 - xlsx表格中读取的数据:1899-12-31 12:36:38
2021-01-22 13:12:24 INFO  ExcelRead:99 - xlsx琛ㄦ牸涓鍙栫殑鏁版嵁:GRPCONTNO
2021-01-22 13:12:24 INFO  ExcelRead:99 - xlsx琛ㄦ牸涓鍙栫殑鏁版嵁:MANAGECOM
2021-01-22 13:12:24 INFO  ExcelRead:99 - xlsx琛ㄦ牸涓鍙栫殑鏁版嵁:SALECHNL
2021-01-22 13:12:24 INFO  ExcelRead:99 - xlsx琛ㄦ牸涓鍙栫殑鏁版嵁:BUSINESSCHNL
2021-01-22 13:12:24 INFO  ExcelRead:99 - xlsx琛ㄦ牸涓鍙栫殑鏁版嵁:COSTSTATE
2021-01-22 13:12:24 INFO  ExcelRead:99 - xlsx琛ㄦ牸涓鍙栫殑鏁版嵁:STANDBYFLAG1
2021-01-22 13:12:24 INFO  ExcelRead:99 - xlsx琛ㄦ牸涓鍙栫殑鏁版嵁:STANDBYFLAG2
2021-01-22 13:12:24 INFO  ExcelRead:99 - xlsx琛ㄦ牸涓鍙栫殑鏁版嵁:STANDBYFLAG3
2021-01-22 13:12:24 INFO  ExcelRead:99 - xlsx琛ㄦ牸涓鍙栫殑鏁版嵁:SUBMITOR
2021-01-22 13:12:24 INFO  ExcelRead:99 - xlsx琛ㄦ牸涓鍙栫殑鏁版嵁:SUBMITDATE
2021-01-22 13:12:24 INFO  ExcelRead:99 - xlsx琛ㄦ牸涓鍙栫殑鏁版嵁:SUBMITTIME
2021-01-22 13:12:24 INFO  ExcelRead:99 - xlsx琛ㄦ牸涓鍙栫殑鏁版嵁:AUDITOR
2021-01-22 13:12:24 INFO  ExcelRead:99 - xlsx琛ㄦ牸涓鍙栫殑鏁版嵁:AUDITDATE
2021-01-22 13:12:24 INFO  ExcelRead:99 - xlsx琛ㄦ牸涓鍙栫殑鏁版嵁:AUDITTIME
2021-01-22 13:12:24 INFO  ExcelRead:99 - xlsx琛ㄦ牸涓鍙栫殑鏁版嵁:OPERATOR
2021-01-22 13:12:24 INFO  ExcelRead:99 - xlsx琛ㄦ牸涓鍙栫殑鏁版嵁:MAKEDATE
2021-01-22 13:12:24 INFO  ExcelRead:99 - xlsx琛ㄦ牸涓鍙栫殑鏁版嵁:MAKETIME
2021-01-22 13:12:24 INFO  ExcelRead:99 - xlsx琛ㄦ牸涓鍙栫殑鏁版嵁:MODIFYDATE
2021-01-22 13:12:24 INFO  ExcelRead:99 - xlsx琛ㄦ牸涓鍙栫殑鏁版嵁:MODIFYTIME
2021-01-22 13:12:24 INFO  ExcelRead:99 - xlsx琛ㄦ牸涓鍙栫殑鏁版嵁:285301000004
2021-01-22 13:12:24 INFO  ExcelRead:99 - xlsx琛ㄦ牸涓鍙栫殑鏁版嵁:5301
2021-01-22 13:12:24 INFO  ExcelRead:99 - xlsx琛ㄦ牸涓鍙栫殑鏁版嵁:3
2021-01-22 13:12:24 INFO  ExcelRead:99 - xlsx琛ㄦ牸涓鍙栫殑鏁版嵁:1
2021-01-22 13:12:24 INFO  ExcelRead:99 - xlsx琛ㄦ牸涓鍙栫殑鏁版嵁:3
2021-01-22 13:12:24 INFO  ExcelRead:99 - xlsx琛ㄦ牸涓鍙栫殑鏁版嵁:dengl07
2021-01-22 13:12:24 INFO  ExcelRead:99 - xlsx琛ㄦ牸涓鍙栫殑鏁版嵁:2015-11-11 00:00:00
2021-01-22 13:12:24 INFO  ExcelRead:99 - xlsx琛ㄦ牸涓鍙栫殑鏁版嵁:1899-12-31 19:53:19
2021-01-22 13:12:24 INFO  ExcelRead:99 - xlsx琛ㄦ牸涓鍙栫殑鏁版嵁:chenqt01
2021-01-22 13:12:24 INFO  ExcelRead:99 - xlsx琛ㄦ牸涓鍙栫殑鏁版嵁:2015-11-12 00:00:00
2021-01-22 13:12:24 INFO  ExcelRead:99 - xlsx琛ㄦ牸涓鍙栫殑鏁版嵁:1899-12-31 09:00:16
2021-01-22 13:12:24 INFO  ExcelRead:99 - xlsx琛ㄦ牸涓鍙栫殑鏁版嵁:dengl07
2021-01-22 13:12:24 INFO  ExcelRead:99 - xlsx琛ㄦ牸涓鍙栫殑鏁版嵁:2014-03-25 00:00:00
2021-01-22 13:12:24 INFO  ExcelRead:99 - xlsx琛ㄦ牸涓鍙栫殑鏁版嵁:1899-12-31 17:49:23
2021-01-22 13:12:24 INFO  ExcelRead:99 - xlsx琛ㄦ牸涓鍙栫殑鏁版嵁:2015-11-11 00:00:00
2021-01-22 13:12:24 INFO  ExcelRead:99 - xlsx琛ㄦ牸涓鍙栫殑鏁版嵁:1899-12-31 19:53:15
2021-01-22 13:12:24 INFO  ExcelRead:99 - xlsx琛ㄦ牸涓鍙栫殑鏁版嵁:285301000026
2021-01-22 13:12:24 INFO  ExcelRead:99 - xlsx琛ㄦ牸涓鍙栫殑鏁版嵁:5301
2021-01-22 13:12:24 INFO  ExcelRead:99 - xlsx琛ㄦ牸涓鍙栫殑鏁版嵁:3
2021-01-22 13:12:24 INFO  ExcelRead:99 - xlsx琛ㄦ牸涓鍙栫殑鏁版嵁:1
2021-01-22 13:12:24 INFO  ExcelRead:99 - xlsx琛ㄦ牸涓鍙栫殑鏁版嵁:3
2021-01-22 13:12:24 INFO  ExcelRead:99 - xlsx琛ㄦ牸涓鍙栫殑鏁版嵁:dengl07
2021-01-22 13:12:24 INFO  ExcelRead:99 - xlsx琛ㄦ牸涓鍙栫殑鏁版嵁:2015-09-30 00:00:00
2021-01-22 13:12:24 INFO  ExcelRead:99 - xlsx琛ㄦ牸涓鍙栫殑鏁版嵁:1899-12-31 17:26:41
2021-01-22 13:12:24 INFO  ExcelRead:99 - xlsx琛ㄦ牸涓鍙栫殑鏁版嵁:chenqt01
2021-01-22 13:12:24 INFO  ExcelRead:99 - xlsx琛ㄦ牸涓鍙栫殑鏁版嵁:2015-10-09 00:00:00
2021-01-22 13:12:24 INFO  ExcelRead:99 - xlsx琛ㄦ牸涓鍙栫殑鏁版嵁:1899-12-31 10:06:47
2021-01-22 13:12:24 INFO  ExcelRead:99 - xlsx琛ㄦ牸涓鍙栫殑鏁版嵁:dengl07
2021-01-22 13:12:24 INFO  ExcelRead:99 - xlsx琛ㄦ牸涓鍙栫殑鏁版嵁:2014-09-19 00:00:00
2021-01-22 13:12:24 INFO  ExcelRead:99 - xlsx琛ㄦ牸涓鍙栫殑鏁版嵁:1899-12-31 11:56:02
2021-01-22 13:12:24 INFO  ExcelRead:99 - xlsx琛ㄦ牸涓鍙栫殑鏁版嵁:2015-09-30 00:00:00
2021-01-22 13:12:24 INFO  ExcelRead:99 - xlsx琛ㄦ牸涓鍙栫殑鏁版嵁:1899-12-31 17:22:14
2021-01-22 13:12:24 INFO  ExcelRead:99 - xlsx琛ㄦ牸涓鍙栫殑鏁版嵁:285301000037
2021-01-22 13:12:24 INFO  ExcelRead:99 - xlsx琛ㄦ牸涓鍙栫殑鏁版嵁:5301
2021-01-22 13:12:24 INFO  ExcelRead:99 - xlsx琛ㄦ牸涓鍙栫殑鏁版嵁:3
2021-01-22 13:12:24 INFO  ExcelRead:99 - xlsx琛ㄦ牸涓鍙栫殑鏁版嵁:1
2021-01-22 13:12:24 INFO  ExcelRead:99 - xlsx琛ㄦ牸涓鍙栫殑鏁版嵁:3
2021-01-22 13:12:24 INFO  ExcelRead:99 - xlsx琛ㄦ牸涓鍙栫殑鏁版嵁:dengl07
2021-01-22 13:12:24 INFO  ExcelRead:99 - xlsx琛ㄦ牸涓鍙栫殑鏁版嵁:2015-09-30 00:00:00
2021-01-22 13:12:24 INFO  ExcelRead:99 - xlsx琛ㄦ牸涓鍙栫殑鏁版嵁:1899-12-31 17:31:23
2021-01-22 13:12:24 INFO  ExcelRead:99 - xlsx琛ㄦ牸涓鍙栫殑鏁版嵁:chenqt01
2021-01-22 13:12:24 INFO  ExcelRead:99 - xlsx琛ㄦ牸涓鍙栫殑鏁版嵁:2015-10-09 00:00:00
2021-01-22 13:12:24 INFO  ExcelRead:99 - xlsx琛ㄦ牸涓鍙栫殑鏁版嵁:1899-12-31 10:06:47
2021-01-22 13:12:24 INFO  ExcelRead:99 - xlsx琛ㄦ牸涓鍙栫殑鏁版嵁:dengl07
2021-01-22 13:12:24 INFO  ExcelRead:99 - xlsx琛ㄦ牸涓鍙栫殑鏁版嵁:2014-11-04 00:00:00
2021-01-22 13:12:24 INFO  ExcelRead:99 - xlsx琛ㄦ牸涓鍙栫殑鏁版嵁:1899-12-31 18:07:43
2021-01-22 13:12:24 INFO  ExcelRead:99 - xlsx琛ㄦ牸涓鍙栫殑鏁版嵁:2015-09-30 00:00:00
2021-01-22 13:12:24 INFO  ExcelRead:99 - xlsx琛ㄦ牸涓鍙栫殑鏁版嵁:1899-12-31 17:30:15
2021-01-22 13:12:24 INFO  ExcelRead:99 - xlsx琛ㄦ牸涓鍙栫殑鏁版嵁:285301000038
2021-01-22 13:12:24 INFO  ExcelRead:99 - xlsx琛ㄦ牸涓鍙栫殑鏁版嵁:5301
2021-01-22 13:12:24 INFO  ExcelRead:99 - xlsx琛ㄦ牸涓鍙栫殑鏁版嵁:3
2021-01-22 13:12:24 INFO  ExcelRead:99 - xlsx琛ㄦ牸涓鍙栫殑鏁版嵁:1
2021-01-22 13:12:24 INFO  ExcelRead:99 - xlsx琛ㄦ牸涓鍙栫殑鏁版嵁:3
2021-01-22 13:12:24 INFO  ExcelRead:99 - xlsx琛ㄦ牸涓鍙栫殑鏁版嵁:dengl07
2021-01-22 13:12:24 INFO  ExcelRead:99 - xlsx琛ㄦ牸涓鍙栫殑鏁版嵁:2015-09-30 00:00:00
2021-01-22 13:12:24 INFO  ExcelRead:99 - xlsx琛ㄦ牸涓鍙栫殑鏁版嵁:1899-12-31 17:33:10
2021-01-22 13:12:24 INFO  ExcelRead:99 - xlsx琛ㄦ牸涓鍙栫殑鏁版嵁:chenqt01
2021-01-22 13:12:24 INFO  ExcelRead:99 - xlsx琛ㄦ牸涓鍙栫殑鏁版嵁:2015-10-09 00:00:00
2021-01-22 13:12:24 INFO  ExcelRead:99 - xlsx琛ㄦ牸涓鍙栫殑鏁版嵁:1899-12-31 10:06:47
2021-01-22 13:12:24 INFO  ExcelRead:99 - xlsx琛ㄦ牸涓鍙栫殑鏁版嵁:dengl07
2021-01-22 13:12:24 INFO  ExcelRead:99 - xlsx琛ㄦ牸涓鍙栫殑鏁版嵁:2014-11-07 00:00:00
2021-01-22 13:12:24 INFO  ExcelRead:99 - xlsx琛ㄦ牸涓鍙栫殑鏁版嵁:1899-12-31 14:22:47
2021-01-22 13:12:24 INFO  ExcelRead:99 - xlsx琛ㄦ牸涓鍙栫殑鏁版嵁:2015-09-30 00:00:00
2021-01-22 13:12:24 INFO  ExcelRead:99 - xlsx琛ㄦ牸涓鍙栫殑鏁版嵁:1899-12-31 17:30:51
2021-01-22 13:12:24 INFO  ExcelRead:99 - xlsx琛ㄦ牸涓鍙栫殑鏁版嵁:285301000045
2021-01-22 13:12:24 INFO  ExcelRead:99 - xlsx琛ㄦ牸涓鍙栫殑鏁版嵁:5301
2021-01-22 13:12:24 INFO  ExcelRead:99 - xlsx琛ㄦ牸涓鍙栫殑鏁版嵁:3
2021-01-22 13:12:24 INFO  ExcelRead:99 - xlsx琛ㄦ牸涓鍙栫殑鏁版嵁:1
2021-01-22 13:12:24 INFO  ExcelRead:99 - xlsx琛ㄦ牸涓鍙栫殑鏁版嵁:3
2021-01-22 13:12:24 INFO  ExcelRead:99 - xlsx琛ㄦ牸涓鍙栫殑鏁版嵁:dengl07
2021-01-22 13:12:24 INFO  ExcelRead:99 - xlsx琛ㄦ牸涓鍙栫殑鏁版嵁:2015-09-30 00:00:00
2021-01-22 13:12:24 INFO  ExcelRead:99 - xlsx琛ㄦ牸涓鍙栫殑鏁版嵁:1899-12-31 17:35:53
2021-01-22 13:12:24 INFO  ExcelRead:99 - xlsx琛ㄦ牸涓鍙栫殑鏁版嵁:chenqt01
2021-01-22 13:12:24 INFO  ExcelRead:99 - xlsx琛ㄦ牸涓鍙栫殑鏁版嵁:2015-10-09 00:00:00
2021-01-22 13:12:24 INFO  ExcelRead:99 - xlsx琛ㄦ牸涓鍙栫殑鏁版嵁:1899-12-31 10:06:47
2021-01-22 13:12:24 INFO  ExcelRead:99 - xlsx琛ㄦ牸涓鍙栫殑鏁版嵁:dengl07
2021-01-22 13:12:24 INFO  ExcelRead:99 - xlsx琛ㄦ牸涓鍙栫殑鏁版嵁:2014-11-13 00:00:00
2021-01-22 13:12:24 INFO  ExcelRead:99 - xlsx琛ㄦ牸涓鍙栫殑鏁版嵁:1899-12-31 11:02:12
2021-01-22 13:12:24 INFO  ExcelRead:99 - xlsx琛ㄦ牸涓鍙栫殑鏁版嵁:2015-09-30 00:00:00
2021-01-22 13:12:24 INFO  ExcelRead:99 - xlsx琛ㄦ牸涓鍙栫殑鏁版嵁:1899-12-31 17:35:13
2021-01-22 13:12:24 INFO  ExcelRead:99 - xlsx琛ㄦ牸涓鍙栫殑鏁版嵁:285301000281
2021-01-22 13:12:24 INFO  ExcelRead:99 - xlsx琛ㄦ牸涓鍙栫殑鏁版嵁:5301
2021-01-22 13:12:24 INFO  ExcelRead:99 - xlsx琛ㄦ牸涓鍙栫殑鏁版嵁:3
2021-01-22 13:12:24 INFO  ExcelRead:99 - xlsx琛ㄦ牸涓鍙栫殑鏁版嵁:1
2021-01-22 13:12:24 INFO  ExcelRead:99 - xlsx琛ㄦ牸涓鍙栫殑鏁版嵁:3
2021-01-22 13:12:24 INFO  ExcelRead:99 - xlsx琛ㄦ牸涓鍙栫殑鏁版嵁:chenqt01
2021-01-22 13:12:24 INFO  ExcelRead:99 - xlsx琛ㄦ牸涓鍙栫殑鏁版嵁:2015-01-21 00:00:00
2021-01-22 13:12:24 INFO  ExcelRead:99 - xlsx琛ㄦ牸涓鍙栫殑鏁版嵁:1899-12-31 09:20:48
2021-01-22 13:12:24 INFO  ExcelRead:99 - xlsx琛ㄦ牸涓鍙栫殑鏁版嵁:dengl07
2021-01-22 13:12:24 INFO  ExcelRead:99 - xlsx琛ㄦ牸涓鍙栫殑鏁版嵁:2014-12-17 00:00:00
2021-01-22 13:12:24 INFO  ExcelRead:99 - xlsx琛ㄦ牸涓鍙栫殑鏁版嵁:1899-12-31 17:07:36
2021-01-22 13:12:24 INFO  ExcelRead:99 - xlsx琛ㄦ牸涓鍙栫殑鏁版嵁:2015-01-13 00:00:00
2021-01-22 13:12:24 INFO  ExcelRead:99 - xlsx琛ㄦ牸涓鍙栫殑鏁版嵁:1899-12-31 08:53:13
2021-01-22 13:12:24 INFO  ExcelRead:99 - xlsx琛ㄦ牸涓鍙栫殑鏁版嵁:285301000398
2021-01-22 13:12:24 INFO  ExcelRead:99 - xlsx琛ㄦ牸涓鍙栫殑鏁版嵁:5301
2021-01-22 13:12:24 INFO  ExcelRead:99 - xlsx琛ㄦ牸涓鍙栫殑鏁版嵁:3
2021-01-22 13:12:24 INFO  ExcelRead:99 - xlsx琛ㄦ牸涓鍙栫殑鏁版嵁:3
2021-01-22 13:12:24 INFO  ExcelRead:99 - xlsx琛ㄦ牸涓鍙栫殑鏁版嵁:3
2021-01-22 13:12:24 INFO  ExcelRead:99 - xlsx琛ㄦ牸涓鍙栫殑鏁版嵁:chenqt01
2021-01-22 13:12:24 INFO  ExcelRead:99 - xlsx琛ㄦ牸涓鍙栫殑鏁版嵁:2016-03-01 00:00:00
2021-01-22 13:12:24 INFO  ExcelRead:99 - xlsx琛ㄦ牸涓鍙栫殑鏁版嵁:1899-12-31 09:29:27
2021-01-22 13:12:24 INFO  ExcelRead:99 - xlsx琛ㄦ牸涓鍙栫殑鏁版嵁:dengl07
2021-01-22 13:12:24 INFO  ExcelRead:99 - xlsx琛ㄦ牸涓鍙栫殑鏁版嵁:2014-12-29 00:00:00
2021-01-22 13:12:24 INFO  ExcelRead:99 - xlsx琛ㄦ牸涓鍙栫殑鏁版嵁:1899-12-31 09:24:14
2021-01-22 13:12:24 INFO  ExcelRead:99 - xlsx琛ㄦ牸涓鍙栫殑鏁版嵁:2016-02-29 00:00:00
2021-01-22 13:12:24 INFO  ExcelRead:99 - xlsx琛ㄦ牸涓鍙栫殑鏁版嵁:1899-12-31 21:48:34
2021-01-22 13:12:24 INFO  ExcelRead:99 - xlsx琛ㄦ牸涓鍙栫殑鏁版嵁:285301000417
2021-01-22 13:12:24 INFO  ExcelRead:99 - xlsx琛ㄦ牸涓鍙栫殑鏁版嵁:5301
2021-01-22 13:12:24 INFO  ExcelRead:99 - xlsx琛ㄦ牸涓鍙栫殑鏁版嵁:3
2021-01-22 13:12:24 INFO  ExcelRead:99 - xlsx琛ㄦ牸涓鍙栫殑鏁版嵁:1
2021-01-22 13:12:24 INFO  ExcelRead:99 - xlsx琛ㄦ牸涓鍙栫殑鏁版嵁:3
2021-01-22 13:12:24 INFO  ExcelRead:99 - xlsx琛ㄦ牸涓鍙栫殑鏁版嵁:chenqt01
2021-01-22 13:12:24 INFO  ExcelRead:99 - xlsx琛ㄦ牸涓鍙栫殑鏁版嵁:2015-01-21 00:00:00
2021-01-22 13:12:24 INFO  ExcelRead:99 - xlsx琛ㄦ牸涓鍙栫殑鏁版嵁:1899-12-31 09:20:48
2021-01-22 13:12:24 INFO  ExcelRead:99 - xlsx琛ㄦ牸涓鍙栫殑鏁版嵁:dengl07
2021-01-22 13:12:24 INFO  ExcelRead:99 - xlsx琛ㄦ牸涓鍙栫殑鏁版嵁:2014-12-29 00:00:00
2021-01-22 13:12:24 INFO  ExcelRead:99 - xlsx琛ㄦ牸涓鍙栫殑鏁版嵁:1899-12-31 15:36:41
2021-01-22 13:12:24 INFO  ExcelRead:99 - xlsx琛ㄦ牸涓鍙栫殑鏁版嵁:2015-01-13 00:00:00
2021-01-22 13:12:24 INFO  ExcelRead:99 - xlsx琛ㄦ牸涓鍙栫殑鏁版嵁:1899-12-31 08:53:13
2021-01-22 13:12:24 INFO  ExcelRead:99 - xlsx琛ㄦ牸涓鍙栫殑鏁版嵁:285301000432
2021-01-22 13:12:24 INFO  ExcelRead:99 - xlsx琛ㄦ牸涓鍙栫殑鏁版嵁:5301
2021-01-22 13:12:24 INFO  ExcelRead:99 - xlsx琛ㄦ牸涓鍙栫殑鏁版嵁:3
2021-01-22 13:12:24 INFO  ExcelRead:99 - xlsx琛ㄦ牸涓鍙栫殑鏁版嵁:1
2021-01-22 13:12:24 INFO  ExcelRead:99 - xlsx琛ㄦ牸涓鍙栫殑鏁版嵁:3
2021-01-22 13:12:24 INFO  ExcelRead:99 - xlsx琛ㄦ牸涓鍙栫殑鏁版嵁:gzzhongm
2021-01-22 13:12:24 INFO  ExcelRead:99 - xlsx琛ㄦ牸涓鍙栫殑鏁版嵁:2018-06-07 00:00:00
2021-01-22 13:12:24 INFO  ExcelRead:99 - xlsx琛ㄦ牸涓鍙栫殑鏁版嵁:1899-12-31 12:36:44
2021-01-22 13:12:24 INFO  ExcelRead:99 - xlsx琛ㄦ牸涓鍙栫殑鏁版嵁:huangxj29
2021-01-22 13:12:24 INFO  ExcelRead:99 - xlsx琛ㄦ牸涓鍙栫殑鏁版嵁:2018-06-08 00:00:00
2021-01-22 13:12:24 INFO  ExcelRead:99 - xlsx琛ㄦ牸涓鍙栫殑鏁版嵁:1899-12-31 13:52:32
2021-01-22 13:12:24 INFO  ExcelRead:99 - xlsx琛ㄦ牸涓鍙栫殑鏁版嵁:gzzhongm
2021-01-22 13:12:24 INFO  ExcelRead:99 - xlsx琛ㄦ牸涓鍙栫殑鏁版嵁:2018-06-07 00:00:00
2021-01-22 13:12:24 INFO  ExcelRead:99 - xlsx琛ㄦ牸涓鍙栫殑鏁版嵁:1899-12-31 11:17:23
2021-01-22 13:12:24 INFO  ExcelRead:99 - xlsx琛ㄦ牸涓鍙栫殑鏁版嵁:2018-06-07 00:00:00
2021-01-22 13:12:24 INFO  ExcelRead:99 - xlsx琛ㄦ牸涓鍙栫殑鏁版嵁:1899-12-31 12:36:38
2021-01-22 13:12:43 INFO  ExcelRead:99 - xlsx����ж�ȡ������:GRPCONTNO
2021-01-22 13:12:43 INFO  ExcelRead:99 - xlsx����ж�ȡ������:MANAGECOM
2021-01-22 13:12:43 INFO  ExcelRead:99 - xlsx����ж�ȡ������:SALECHNL
2021-01-22 13:12:43 INFO  ExcelRead:99 - xlsx����ж�ȡ������:BUSINESSCHNL
2021-01-22 13:12:43 INFO  ExcelRead:99 - xlsx����ж�ȡ������:COSTSTATE
2021-01-22 13:12:43 INFO  ExcelRead:99 - xlsx����ж�ȡ������:STANDBYFLAG1
2021-01-22 13:12:43 INFO  ExcelRead:99 - xlsx����ж�ȡ������:STANDBYFLAG2
2021-01-22 13:12:43 INFO  ExcelRead:99 - xlsx����ж�ȡ������:STANDBYFLAG3
2021-01-22 13:12:43 INFO  ExcelRead:99 - xlsx����ж�ȡ������:SUBMITOR
2021-01-22 13:12:43 INFO  ExcelRead:99 - xlsx����ж�ȡ������:SUBMITDATE
2021-01-22 13:12:43 INFO  ExcelRead:99 - xlsx����ж�ȡ������:SUBMITTIME
2021-01-22 13:12:43 INFO  ExcelRead:99 - xlsx����ж�ȡ������:AUDITOR
2021-01-22 13:12:43 INFO  ExcelRead:99 - xlsx����ж�ȡ������:AUDITDATE
2021-01-22 13:12:43 INFO  ExcelRead:99 - xlsx����ж�ȡ������:AUDITTIME
2021-01-22 13:12:43 INFO  ExcelRead:99 - xlsx����ж�ȡ������:OPERATOR
2021-01-22 13:12:43 INFO  ExcelRead:99 - xlsx����ж�ȡ������:MAKEDATE
2021-01-22 13:12:43 INFO  ExcelRead:99 - xlsx����ж�ȡ������:MAKETIME
2021-01-22 13:12:43 INFO  ExcelRead:99 - xlsx����ж�ȡ������:MODIFYDATE
2021-01-22 13:12:43 INFO  ExcelRead:99 - xlsx����ж�ȡ������:MODIFYTIME
2021-01-22 13:12:43 INFO  ExcelRead:99 - xlsx����ж�ȡ������:285301000004
2021-01-22 13:12:43 INFO  ExcelRead:99 - xlsx����ж�ȡ������:5301
2021-01-22 13:12:43 INFO  ExcelRead:99 - xlsx����ж�ȡ������:3
2021-01-22 13:12:43 INFO  ExcelRead:99 - xlsx����ж�ȡ������:1
2021-01-22 13:12:43 INFO  ExcelRead:99 - xlsx����ж�ȡ������:3
2021-01-22 13:12:43 INFO  ExcelRead:99 - xlsx����ж�ȡ������:dengl07
2021-01-22 13:12:43 INFO  ExcelRead:99 - xlsx����ж�ȡ������:2015-11-11 00:00:00
2021-01-22 13:12:43 INFO  ExcelRead:99 - xlsx����ж�ȡ������:1899-12-31 19:53:19
2021-01-22 13:12:43 INFO  ExcelRead:99 - xlsx����ж�ȡ������:chenqt01
2021-01-22 13:12:43 INFO  ExcelRead:99 - xlsx����ж�ȡ������:2015-11-12 00:00:00
2021-01-22 13:12:43 INFO  ExcelRead:99 - xlsx����ж�ȡ������:1899-12-31 09:00:16
2021-01-22 13:12:43 INFO  ExcelRead:99 - xlsx����ж�ȡ������:dengl07
2021-01-22 13:12:43 INFO  ExcelRead:99 - xlsx����ж�ȡ������:2014-03-25 00:00:00
2021-01-22 13:12:43 INFO  ExcelRead:99 - xlsx����ж�ȡ������:1899-12-31 17:49:23
2021-01-22 13:12:43 INFO  ExcelRead:99 - xlsx����ж�ȡ������:2015-11-11 00:00:00
2021-01-22 13:12:43 INFO  ExcelRead:99 - xlsx����ж�ȡ������:1899-12-31 19:53:15
2021-01-22 13:12:43 INFO  ExcelRead:99 - xlsx����ж�ȡ������:285301000026
2021-01-22 13:12:43 INFO  ExcelRead:99 - xlsx����ж�ȡ������:5301
2021-01-22 13:12:43 INFO  ExcelRead:99 - xlsx����ж�ȡ������:3
2021-01-22 13:12:43 INFO  ExcelRead:99 - xlsx����ж�ȡ������:1
2021-01-22 13:12:43 INFO  ExcelRead:99 - xlsx����ж�ȡ������:3
2021-01-22 13:12:43 INFO  ExcelRead:99 - xlsx����ж�ȡ������:dengl07
2021-01-22 13:12:43 INFO  ExcelRead:99 - xlsx����ж�ȡ������:2015-09-30 00:00:00
2021-01-22 13:12:43 INFO  ExcelRead:99 - xlsx����ж�ȡ������:1899-12-31 17:26:41
2021-01-22 13:12:43 INFO  ExcelRead:99 - xlsx����ж�ȡ������:chenqt01
2021-01-22 13:12:43 INFO  ExcelRead:99 - xlsx����ж�ȡ������:2015-10-09 00:00:00
2021-01-22 13:12:43 INFO  ExcelRead:99 - xlsx����ж�ȡ������:1899-12-31 10:06:47
2021-01-22 13:12:43 INFO  ExcelRead:99 - xlsx����ж�ȡ������:dengl07
2021-01-22 13:12:43 INFO  ExcelRead:99 - xlsx����ж�ȡ������:2014-09-19 00:00:00
2021-01-22 13:12:43 INFO  ExcelRead:99 - xlsx����ж�ȡ������:1899-12-31 11:56:02
2021-01-22 13:12:43 INFO  ExcelRead:99 - xlsx����ж�ȡ������:2015-09-30 00:00:00
2021-01-22 13:12:43 INFO  ExcelRead:99 - xlsx����ж�ȡ������:1899-12-31 17:22:14
2021-01-22 13:12:43 INFO  ExcelRead:99 - xlsx����ж�ȡ������:285301000037
2021-01-22 13:12:43 INFO  ExcelRead:99 - xlsx����ж�ȡ������:5301
2021-01-22 13:12:43 INFO  ExcelRead:99 - xlsx����ж�ȡ������:3
2021-01-22 13:12:43 INFO  ExcelRead:99 - xlsx����ж�ȡ������:1
2021-01-22 13:12:43 INFO  ExcelRead:99 - xlsx����ж�ȡ������:3
2021-01-22 13:12:43 INFO  ExcelRead:99 - xlsx����ж�ȡ������:dengl07
2021-01-22 13:12:43 INFO  ExcelRead:99 - xlsx����ж�ȡ������:2015-09-30 00:00:00
2021-01-22 13:12:43 INFO  ExcelRead:99 - xlsx����ж�ȡ������:1899-12-31 17:31:23
2021-01-22 13:12:43 INFO  ExcelRead:99 - xlsx����ж�ȡ������:chenqt01
2021-01-22 13:12:43 INFO  ExcelRead:99 - xlsx����ж�ȡ������:2015-10-09 00:00:00
2021-01-22 13:12:43 INFO  ExcelRead:99 - xlsx����ж�ȡ������:1899-12-31 10:06:47
2021-01-22 13:12:43 INFO  ExcelRead:99 - xlsx����ж�ȡ������:dengl07
2021-01-22 13:12:43 INFO  ExcelRead:99 - xlsx����ж�ȡ������:2014-11-04 00:00:00
2021-01-22 13:12:43 INFO  ExcelRead:99 - xlsx����ж�ȡ������:1899-12-31 18:07:43
2021-01-22 13:12:43 INFO  ExcelRead:99 - xlsx����ж�ȡ������:2015-09-30 00:00:00
2021-01-22 13:12:43 INFO  ExcelRead:99 - xlsx����ж�ȡ������:1899-12-31 17:30:15
2021-01-22 13:12:43 INFO  ExcelRead:99 - xlsx����ж�ȡ������:285301000038
2021-01-22 13:12:43 INFO  ExcelRead:99 - xlsx����ж�ȡ������:5301
2021-01-22 13:12:43 INFO  ExcelRead:99 - xlsx����ж�ȡ������:3
2021-01-22 13:12:43 INFO  ExcelRead:99 - xlsx����ж�ȡ������:1
2021-01-22 13:12:43 INFO  ExcelRead:99 - xlsx����ж�ȡ������:3
2021-01-22 13:12:43 INFO  ExcelRead:99 - xlsx����ж�ȡ������:dengl07
2021-01-22 13:12:43 INFO  ExcelRead:99 - xlsx����ж�ȡ������:2015-09-30 00:00:00
2021-01-22 13:12:43 INFO  ExcelRead:99 - xlsx����ж�ȡ������:1899-12-31 17:33:10
2021-01-22 13:12:43 INFO  ExcelRead:99 - xlsx����ж�ȡ������:chenqt01
2021-01-22 13:12:43 INFO  ExcelRead:99 - xlsx����ж�ȡ������:2015-10-09 00:00:00
2021-01-22 13:12:43 INFO  ExcelRead:99 - xlsx����ж�ȡ������:1899-12-31 10:06:47
2021-01-22 13:12:43 INFO  ExcelRead:99 - xlsx����ж�ȡ������:dengl07
2021-01-22 13:12:43 INFO  ExcelRead:99 - xlsx����ж�ȡ������:2014-11-07 00:00:00
2021-01-22 13:12:43 INFO  ExcelRead:99 - xlsx����ж�ȡ������:1899-12-31 14:22:47
2021-01-22 13:12:43 INFO  ExcelRead:99 - xlsx����ж�ȡ������:2015-09-30 00:00:00
2021-01-22 13:12:43 INFO  ExcelRead:99 - xlsx����ж�ȡ������:1899-12-31 17:30:51
2021-01-22 13:12:43 INFO  ExcelRead:99 - xlsx����ж�ȡ������:285301000045
2021-01-22 13:12:43 INFO  ExcelRead:99 - xlsx����ж�ȡ������:5301
2021-01-22 13:12:43 INFO  ExcelRead:99 - xlsx����ж�ȡ������:3
2021-01-22 13:12:43 INFO  ExcelRead:99 - xlsx����ж�ȡ������:1
2021-01-22 13:12:43 INFO  ExcelRead:99 - xlsx����ж�ȡ������:3
2021-01-22 13:12:43 INFO  ExcelRead:99 - xlsx����ж�ȡ������:dengl07
2021-01-22 13:12:43 INFO  ExcelRead:99 - xlsx����ж�ȡ������:2015-09-30 00:00:00
2021-01-22 13:12:43 INFO  ExcelRead:99 - xlsx����ж�ȡ������:1899-12-31 17:35:53
2021-01-22 13:12:43 INFO  ExcelRead:99 - xlsx����ж�ȡ������:chenqt01
2021-01-22 13:12:43 INFO  ExcelRead:99 - xlsx����ж�ȡ������:2015-10-09 00:00:00
2021-01-22 13:12:43 INFO  ExcelRead:99 - xlsx����ж�ȡ������:1899-12-31 10:06:47
2021-01-22 13:12:43 INFO  ExcelRead:99 - xlsx����ж�ȡ������:dengl07
2021-01-22 13:12:43 INFO  ExcelRead:99 - xlsx����ж�ȡ������:2014-11-13 00:00:00
2021-01-22 13:12:43 INFO  ExcelRead:99 - xlsx����ж�ȡ������:1899-12-31 11:02:12
2021-01-22 13:12:43 INFO  ExcelRead:99 - xlsx����ж�ȡ������:2015-09-30 00:00:00
2021-01-22 13:12:43 INFO  ExcelRead:99 - xlsx����ж�ȡ������:1899-12-31 17:35:13
2021-01-22 13:12:43 INFO  ExcelRead:99 - xlsx����ж�ȡ������:285301000281
2021-01-22 13:12:43 INFO  ExcelRead:99 - xlsx����ж�ȡ������:5301
2021-01-22 13:12:43 INFO  ExcelRead:99 - xlsx����ж�ȡ������:3
2021-01-22 13:12:43 INFO  ExcelRead:99 - xlsx����ж�ȡ������:1
2021-01-22 13:12:43 INFO  ExcelRead:99 - xlsx����ж�ȡ������:3
2021-01-22 13:12:43 INFO  ExcelRead:99 - xlsx����ж�ȡ������:chenqt01
2021-01-22 13:12:43 INFO  ExcelRead:99 - xlsx����ж�ȡ������:2015-01-21 00:00:00
2021-01-22 13:12:43 INFO  ExcelRead:99 - xlsx����ж�ȡ������:1899-12-31 09:20:48
2021-01-22 13:12:43 INFO  ExcelRead:99 - xlsx����ж�ȡ������:dengl07
2021-01-22 13:12:43 INFO  ExcelRead:99 - xlsx����ж�ȡ������:2014-12-17 00:00:00
2021-01-22 13:12:43 INFO  ExcelRead:99 - xlsx����ж�ȡ������:1899-12-31 17:07:36
2021-01-22 13:12:43 INFO  ExcelRead:99 - xlsx����ж�ȡ������:2015-01-13 00:00:00
2021-01-22 13:12:43 INFO  ExcelRead:99 - xlsx����ж�ȡ������:1899-12-31 08:53:13
2021-01-22 13:12:43 INFO  ExcelRead:99 - xlsx����ж�ȡ������:285301000398
2021-01-22 13:12:43 INFO  ExcelRead:99 - xlsx����ж�ȡ������:5301
2021-01-22 13:12:43 INFO  ExcelRead:99 - xlsx����ж�ȡ������:3
2021-01-22 13:12:43 INFO  ExcelRead:99 - xlsx����ж�ȡ������:3
2021-01-22 13:12:43 INFO  ExcelRead:99 - xlsx����ж�ȡ������:3
2021-01-22 13:12:43 INFO  ExcelRead:99 - xlsx����ж�ȡ������:chenqt01
2021-01-22 13:12:43 INFO  ExcelRead:99 - xlsx����ж�ȡ������:2016-03-01 00:00:00
2021-01-22 13:12:43 INFO  ExcelRead:99 - xlsx����ж�ȡ������:1899-12-31 09:29:27
2021-01-22 13:12:43 INFO  ExcelRead:99 - xlsx����ж�ȡ������:dengl07
2021-01-22 13:12:43 INFO  ExcelRead:99 - xlsx����ж�ȡ������:2014-12-29 00:00:00
2021-01-22 13:12:43 INFO  ExcelRead:99 - xlsx����ж�ȡ������:1899-12-31 09:24:14
2021-01-22 13:12:43 INFO  ExcelRead:99 - xlsx����ж�ȡ������:2016-02-29 00:00:00
2021-01-22 13:12:43 INFO  ExcelRead:99 - xlsx����ж�ȡ������:1899-12-31 21:48:34
2021-01-22 13:12:43 INFO  ExcelRead:99 - xlsx����ж�ȡ������:285301000417
2021-01-22 13:12:43 INFO  ExcelRead:99 - xlsx����ж�ȡ������:5301
2021-01-22 13:12:43 INFO  ExcelRead:99 - xlsx����ж�ȡ������:3
2021-01-22 13:12:43 INFO  ExcelRead:99 - xlsx����ж�ȡ������:1
2021-01-22 13:12:43 INFO  ExcelRead:99 - xlsx����ж�ȡ������:3
2021-01-22 13:12:43 INFO  ExcelRead:99 - xlsx����ж�ȡ������:chenqt01
2021-01-22 13:12:43 INFO  ExcelRead:99 - xlsx����ж�ȡ������:2015-01-21 00:00:00
2021-01-22 13:12:43 INFO  ExcelRead:99 - xlsx����ж�ȡ������:1899-12-31 09:20:48
2021-01-22 13:12:43 INFO  ExcelRead:99 - xlsx����ж�ȡ������:dengl07
2021-01-22 13:12:43 INFO  ExcelRead:99 - xlsx����ж�ȡ������:2014-12-29 00:00:00
2021-01-22 13:12:43 INFO  ExcelRead:99 - xlsx����ж�ȡ������:1899-12-31 15:36:41
2021-01-22 13:12:43 INFO  ExcelRead:99 - xlsx����ж�ȡ������:2015-01-13 00:00:00
2021-01-22 13:12:43 INFO  ExcelRead:99 - xlsx����ж�ȡ������:1899-12-31 08:53:13
2021-01-22 13:12:43 INFO  ExcelRead:99 - xlsx����ж�ȡ������:285301000432
2021-01-22 13:12:43 INFO  ExcelRead:99 - xlsx����ж�ȡ������:5301
2021-01-22 13:12:43 INFO  ExcelRead:99 - xlsx����ж�ȡ������:3
2021-01-22 13:12:43 INFO  ExcelRead:99 - xlsx����ж�ȡ������:1
2021-01-22 13:12:43 INFO  ExcelRead:99 - xlsx����ж�ȡ������:3
2021-01-22 13:12:43 INFO  ExcelRead:99 - xlsx����ж�ȡ������:gzzhongm
2021-01-22 13:12:43 INFO  ExcelRead:99 - xlsx����ж�ȡ������:2018-06-07 00:00:00
2021-01-22 13:12:43 INFO  ExcelRead:99 - xlsx����ж�ȡ������:1899-12-31 12:36:44
2021-01-22 13:12:43 INFO  ExcelRead:99 - xlsx����ж�ȡ������:huangxj29
2021-01-22 13:12:43 INFO  ExcelRead:99 - xlsx����ж�ȡ������:2018-06-08 00:00:00
2021-01-22 13:12:43 INFO  ExcelRead:99 - xlsx����ж�ȡ������:1899-12-31 13:52:32
2021-01-22 13:12:43 INFO  ExcelRead:99 - xlsx����ж�ȡ������:gzzhongm
2021-01-22 13:12:43 INFO  ExcelRead:99 - xlsx����ж�ȡ������:2018-06-07 00:00:00
2021-01-22 13:12:43 INFO  ExcelRead:99 - xlsx����ж�ȡ������:1899-12-31 11:17:23
2021-01-22 13:12:43 INFO  ExcelRead:99 - xlsx����ж�ȡ������:2018-06-07 00:00:00
2021-01-22 13:12:43 INFO  ExcelRead:99 - xlsx����ж�ȡ������:1899-12-31 12:36:38
2021-01-22 13:13:03 INFO  ExcelRead:99 - xlsx琛ㄦ牸涓鍙栫殑鏁版嵁:GRPCONTNO
2021-01-22 13:13:03 INFO  ExcelRead:99 - xlsx琛ㄦ牸涓鍙栫殑鏁版嵁:MANAGECOM
2021-01-22 13:13:03 INFO  ExcelRead:99 - xlsx琛ㄦ牸涓鍙栫殑鏁版嵁:SALECHNL
2021-01-22 13:13:03 INFO  ExcelRead:99 - xlsx琛ㄦ牸涓鍙栫殑鏁版嵁:BUSINESSCHNL
2021-01-22 13:13:03 INFO  ExcelRead:99 - xlsx琛ㄦ牸涓鍙栫殑鏁版嵁:COSTSTATE
2021-01-22 13:13:03 INFO  ExcelRead:99 - xlsx琛ㄦ牸涓鍙栫殑鏁版嵁:STANDBYFLAG1
2021-01-22 13:13:03 INFO  ExcelRead:99 - xlsx琛ㄦ牸涓鍙栫殑鏁版嵁:STANDBYFLAG2
2021-01-22 13:13:03 INFO  ExcelRead:99 - xlsx琛ㄦ牸涓鍙栫殑鏁版嵁:STANDBYFLAG3
2021-01-22 13:13:03 INFO  ExcelRead:99 - xlsx琛ㄦ牸涓鍙栫殑鏁版嵁:SUBMITOR
2021-01-22 13:13:03 INFO  ExcelRead:99 - xlsx琛ㄦ牸涓鍙栫殑鏁版嵁:SUBMITDATE
2021-01-22 13:13:03 INFO  ExcelRead:99 - xlsx琛ㄦ牸涓鍙栫殑鏁版嵁:SUBMITTIME
2021-01-22 13:13:03 INFO  ExcelRead:99 - xlsx琛ㄦ牸涓鍙栫殑鏁版嵁:AUDITOR
2021-01-22 13:13:03 INFO  ExcelRead:99 - xlsx琛ㄦ牸涓鍙栫殑鏁版嵁:AUDITDATE
2021-01-22 13:13:03 INFO  ExcelRead:99 - xlsx琛ㄦ牸涓鍙栫殑鏁版嵁:AUDITTIME
2021-01-22 13:13:03 INFO  ExcelRead:99 - xlsx琛ㄦ牸涓鍙栫殑鏁版嵁:OPERATOR
2021-01-22 13:13:03 INFO  ExcelRead:99 - xlsx琛ㄦ牸涓鍙栫殑鏁版嵁:MAKEDATE
2021-01-22 13:13:03 INFO  ExcelRead:99 - xlsx琛ㄦ牸涓鍙栫殑鏁版嵁:MAKETIME
2021-01-22 13:13:03 INFO  ExcelRead:99 - xlsx琛ㄦ牸涓鍙栫殑鏁版嵁:MODIFYDATE
2021-01-22 13:13:03 INFO  ExcelRead:99 - xlsx琛ㄦ牸涓鍙栫殑鏁版嵁:MODIFYTIME
2021-01-22 13:13:03 INFO  ExcelRead:99 - xlsx琛ㄦ牸涓鍙栫殑鏁版嵁:285301000004
2021-01-22 13:13:03 INFO  ExcelRead:99 - xlsx琛ㄦ牸涓鍙栫殑鏁版嵁:5301
2021-01-22 13:13:03 INFO  ExcelRead:99 - xlsx琛ㄦ牸涓鍙栫殑鏁版嵁:3
2021-01-22 13:13:03 INFO  ExcelRead:99 - xlsx琛ㄦ牸涓鍙栫殑鏁版嵁:1
2021-01-22 13:13:03 INFO  ExcelRead:99 - xlsx琛ㄦ牸涓鍙栫殑鏁版嵁:3
2021-01-22 13:13:03 INFO  ExcelRead:99 - xlsx琛ㄦ牸涓鍙栫殑鏁版嵁:dengl07
2021-01-22 13:13:03 INFO  ExcelRead:99 - xlsx琛ㄦ牸涓鍙栫殑鏁版嵁:2015-11-11 00:00:00
2021-01-22 13:13:03 INFO  ExcelRead:99 - xlsx琛ㄦ牸涓鍙栫殑鏁版嵁:1899-12-31 19:53:19
2021-01-22 13:13:03 INFO  ExcelRead:99 - xlsx琛ㄦ牸涓鍙栫殑鏁版嵁:chenqt01
2021-01-22 13:13:03 INFO  ExcelRead:99 - xlsx琛ㄦ牸涓鍙栫殑鏁版嵁:2015-11-12 00:00:00
2021-01-22 13:13:03 INFO  ExcelRead:99 - xlsx琛ㄦ牸涓鍙栫殑鏁版嵁:1899-12-31 09:00:16
2021-01-22 13:13:03 INFO  ExcelRead:99 - xlsx琛ㄦ牸涓鍙栫殑鏁版嵁:dengl07
2021-01-22 13:13:03 INFO  ExcelRead:99 - xlsx琛ㄦ牸涓鍙栫殑鏁版嵁:2014-03-25 00:00:00
2021-01-22 13:13:03 INFO  ExcelRead:99 - xlsx琛ㄦ牸涓鍙栫殑鏁版嵁:1899-12-31 17:49:23
2021-01-22 13:13:03 INFO  ExcelRead:99 - xlsx琛ㄦ牸涓鍙栫殑鏁版嵁:2015-11-11 00:00:00
2021-01-22 13:13:03 INFO  ExcelRead:99 - xlsx琛ㄦ牸涓鍙栫殑鏁版嵁:1899-12-31 19:53:15
2021-01-22 13:13:03 INFO  ExcelRead:99 - xlsx琛ㄦ牸涓鍙栫殑鏁版嵁:285301000026
2021-01-22 13:13:03 INFO  ExcelRead:99 - xlsx琛ㄦ牸涓鍙栫殑鏁版嵁:5301
2021-01-22 13:13:03 INFO  ExcelRead:99 - xlsx琛ㄦ牸涓鍙栫殑鏁版嵁:3
2021-01-22 13:13:03 INFO  ExcelRead:99 - xlsx琛ㄦ牸涓鍙栫殑鏁版嵁:1
2021-01-22 13:13:03 INFO  ExcelRead:99 - xlsx琛ㄦ牸涓鍙栫殑鏁版嵁:3
2021-01-22 13:13:03 INFO  ExcelRead:99 - xlsx琛ㄦ牸涓鍙栫殑鏁版嵁:dengl07
2021-01-22 13:13:03 INFO  ExcelRead:99 - xlsx琛ㄦ牸涓鍙栫殑鏁版嵁:2015-09-30 00:00:00
2021-01-22 13:13:03 INFO  ExcelRead:99 - xlsx琛ㄦ牸涓鍙栫殑鏁版嵁:1899-12-31 17:26:41
2021-01-22 13:13:03 INFO  ExcelRead:99 - xlsx琛ㄦ牸涓鍙栫殑鏁版嵁:chenqt01
2021-01-22 13:13:03 INFO  ExcelRead:99 - xlsx琛ㄦ牸涓鍙栫殑鏁版嵁:2015-10-09 00:00:00
2021-01-22 13:13:03 INFO  ExcelRead:99 - xlsx琛ㄦ牸涓鍙栫殑鏁版嵁:1899-12-31 10:06:47
2021-01-22 13:13:03 INFO  ExcelRead:99 - xlsx琛ㄦ牸涓鍙栫殑鏁版嵁:dengl07
2021-01-22 13:13:03 INFO  ExcelRead:99 - xlsx琛ㄦ牸涓鍙栫殑鏁版嵁:2014-09-19 00:00:00
2021-01-22 13:13:03 INFO  ExcelRead:99 - xlsx琛ㄦ牸涓鍙栫殑鏁版嵁:1899-12-31 11:56:02
2021-01-22 13:13:03 INFO  ExcelRead:99 - xlsx琛ㄦ牸涓鍙栫殑鏁版嵁:2015-09-30 00:00:00
2021-01-22 13:13:03 INFO  ExcelRead:99 - xlsx琛ㄦ牸涓鍙栫殑鏁版嵁:1899-12-31 17:22:14
2021-01-22 13:13:03 INFO  ExcelRead:99 - xlsx琛ㄦ牸涓鍙栫殑鏁版嵁:285301000037
2021-01-22 13:13:03 INFO  ExcelRead:99 - xlsx琛ㄦ牸涓鍙栫殑鏁版嵁:5301
2021-01-22 13:13:03 INFO  ExcelRead:99 - xlsx琛ㄦ牸涓鍙栫殑鏁版嵁:3
2021-01-22 13:13:03 INFO  ExcelRead:99 - xlsx琛ㄦ牸涓鍙栫殑鏁版嵁:1
2021-01-22 13:13:03 INFO  ExcelRead:99 - xlsx琛ㄦ牸涓鍙栫殑鏁版嵁:3
2021-01-22 13:13:03 INFO  ExcelRead:99 - xlsx琛ㄦ牸涓鍙栫殑鏁版嵁:dengl07
2021-01-22 13:13:03 INFO  ExcelRead:99 - xlsx琛ㄦ牸涓鍙栫殑鏁版嵁:2015-09-30 00:00:00
2021-01-22 13:13:03 INFO  ExcelRead:99 - xlsx琛ㄦ牸涓鍙栫殑鏁版嵁:1899-12-31 17:31:23
2021-01-22 13:13:03 INFO  ExcelRead:99 - xlsx琛ㄦ牸涓鍙栫殑鏁版嵁:chenqt01
2021-01-22 13:13:03 INFO  ExcelRead:99 - xlsx琛ㄦ牸涓鍙栫殑鏁版嵁:2015-10-09 00:00:00
2021-01-22 13:13:03 INFO  ExcelRead:99 - xlsx琛ㄦ牸涓鍙栫殑鏁版嵁:1899-12-31 10:06:47
2021-01-22 13:13:03 INFO  ExcelRead:99 - xlsx琛ㄦ牸涓鍙栫殑鏁版嵁:dengl07
2021-01-22 13:13:03 INFO  ExcelRead:99 - xlsx琛ㄦ牸涓鍙栫殑鏁版嵁:2014-11-04 00:00:00
2021-01-22 13:13:03 INFO  ExcelRead:99 - xlsx琛ㄦ牸涓鍙栫殑鏁版嵁:1899-12-31 18:07:43
2021-01-22 13:13:03 INFO  ExcelRead:99 - xlsx琛ㄦ牸涓鍙栫殑鏁版嵁:2015-09-30 00:00:00
2021-01-22 13:13:03 INFO  ExcelRead:99 - xlsx琛ㄦ牸涓鍙栫殑鏁版嵁:1899-12-31 17:30:15
2021-01-22 13:13:03 INFO  ExcelRead:99 - xlsx琛ㄦ牸涓鍙栫殑鏁版嵁:285301000038
2021-01-22 13:13:03 INFO  ExcelRead:99 - xlsx琛ㄦ牸涓鍙栫殑鏁版嵁:5301
2021-01-22 13:13:03 INFO  ExcelRead:99 - xlsx琛ㄦ牸涓鍙栫殑鏁版嵁:3
2021-01-22 13:13:03 INFO  ExcelRead:99 - xlsx琛ㄦ牸涓鍙栫殑鏁版嵁:1
2021-01-22 13:13:03 INFO  ExcelRead:99 - xlsx琛ㄦ牸涓鍙栫殑鏁版嵁:3
2021-01-22 13:13:03 INFO  ExcelRead:99 - xlsx琛ㄦ牸涓鍙栫殑鏁版嵁:dengl07
2021-01-22 13:13:03 INFO  ExcelRead:99 - xlsx琛ㄦ牸涓鍙栫殑鏁版嵁:2015-09-30 00:00:00
2021-01-22 13:13:03 INFO  ExcelRead:99 - xlsx琛ㄦ牸涓鍙栫殑鏁版嵁:1899-12-31 17:33:10
2021-01-22 13:13:03 INFO  ExcelRead:99 - xlsx琛ㄦ牸涓鍙栫殑鏁版嵁:chenqt01
2021-01-22 13:13:03 INFO  ExcelRead:99 - xlsx琛ㄦ牸涓鍙栫殑鏁版嵁:2015-10-09 00:00:00
2021-01-22 13:13:03 INFO  ExcelRead:99 - xlsx琛ㄦ牸涓鍙栫殑鏁版嵁:1899-12-31 10:06:47
2021-01-22 13:13:03 INFO  ExcelRead:99 - xlsx琛ㄦ牸涓鍙栫殑鏁版嵁:dengl07
2021-01-22 13:13:03 INFO  ExcelRead:99 - xlsx琛ㄦ牸涓鍙栫殑鏁版嵁:2014-11-07 00:00:00
2021-01-22 13:13:03 INFO  ExcelRead:99 - xlsx琛ㄦ牸涓鍙栫殑鏁版嵁:1899-12-31 14:22:47
2021-01-22 13:13:03 INFO  ExcelRead:99 - xlsx琛ㄦ牸涓鍙栫殑鏁版嵁:2015-09-30 00:00:00
2021-01-22 13:13:03 INFO  ExcelRead:99 - xlsx琛ㄦ牸涓鍙栫殑鏁版嵁:1899-12-31 17:30:51
2021-01-22 13:13:03 INFO  ExcelRead:99 - xlsx琛ㄦ牸涓鍙栫殑鏁版嵁:285301000045
2021-01-22 13:13:03 INFO  ExcelRead:99 - xlsx琛ㄦ牸涓鍙栫殑鏁版嵁:5301
2021-01-22 13:13:03 INFO  ExcelRead:99 - xlsx琛ㄦ牸涓鍙栫殑鏁版嵁:3
2021-01-22 13:13:03 INFO  ExcelRead:99 - xlsx琛ㄦ牸涓鍙栫殑鏁版嵁:1
2021-01-22 13:13:03 INFO  ExcelRead:99 - xlsx琛ㄦ牸涓鍙栫殑鏁版嵁:3
2021-01-22 13:13:03 INFO  ExcelRead:99 - xlsx琛ㄦ牸涓鍙栫殑鏁版嵁:dengl07
2021-01-22 13:13:03 INFO  ExcelRead:99 - xlsx琛ㄦ牸涓鍙栫殑鏁版嵁:2015-09-30 00:00:00
2021-01-22 13:13:03 INFO  ExcelRead:99 - xlsx琛ㄦ牸涓鍙栫殑鏁版嵁:1899-12-31 17:35:53
2021-01-22 13:13:03 INFO  ExcelRead:99 - xlsx琛ㄦ牸涓鍙栫殑鏁版嵁:chenqt01
2021-01-22 13:13:03 INFO  ExcelRead:99 - xlsx琛ㄦ牸涓鍙栫殑鏁版嵁:2015-10-09 00:00:00
2021-01-22 13:13:03 INFO  ExcelRead:99 - xlsx琛ㄦ牸涓鍙栫殑鏁版嵁:1899-12-31 10:06:47
2021-01-22 13:13:03 INFO  ExcelRead:99 - xlsx琛ㄦ牸涓鍙栫殑鏁版嵁:dengl07
2021-01-22 13:13:03 INFO  ExcelRead:99 - xlsx琛ㄦ牸涓鍙栫殑鏁版嵁:2014-11-13 00:00:00
2021-01-22 13:13:03 INFO  ExcelRead:99 - xlsx琛ㄦ牸涓鍙栫殑鏁版嵁:1899-12-31 11:02:12
2021-01-22 13:13:03 INFO  ExcelRead:99 - xlsx琛ㄦ牸涓鍙栫殑鏁版嵁:2015-09-30 00:00:00
2021-01-22 13:13:03 INFO  ExcelRead:99 - xlsx琛ㄦ牸涓鍙栫殑鏁版嵁:1899-12-31 17:35:13
2021-01-22 13:13:03 INFO  ExcelRead:99 - xlsx琛ㄦ牸涓鍙栫殑鏁版嵁:285301000281
2021-01-22 13:13:03 INFO  ExcelRead:99 - xlsx琛ㄦ牸涓鍙栫殑鏁版嵁:5301
2021-01-22 13:13:03 INFO  ExcelRead:99 - xlsx琛ㄦ牸涓鍙栫殑鏁版嵁:3
2021-01-22 13:13:03 INFO  ExcelRead:99 - xlsx琛ㄦ牸涓鍙栫殑鏁版嵁:1
2021-01-22 13:13:03 INFO  ExcelRead:99 - xlsx琛ㄦ牸涓鍙栫殑鏁版嵁:3
2021-01-22 13:13:03 INFO  ExcelRead:99 - xlsx琛ㄦ牸涓鍙栫殑鏁版嵁:chenqt01
2021-01-22 13:13:03 INFO  ExcelRead:99 - xlsx琛ㄦ牸涓鍙栫殑鏁版嵁:2015-01-21 00:00:00
2021-01-22 13:13:03 INFO  ExcelRead:99 - xlsx琛ㄦ牸涓鍙栫殑鏁版嵁:1899-12-31 09:20:48
2021-01-22 13:13:03 INFO  ExcelRead:99 - xlsx琛ㄦ牸涓鍙栫殑鏁版嵁:dengl07
2021-01-22 13:13:03 INFO  ExcelRead:99 - xlsx琛ㄦ牸涓鍙栫殑鏁版嵁:2014-12-17 00:00:00
2021-01-22 13:13:03 INFO  ExcelRead:99 - xlsx琛ㄦ牸涓鍙栫殑鏁版嵁:1899-12-31 17:07:36
2021-01-22 13:13:03 INFO  ExcelRead:99 - xlsx琛ㄦ牸涓鍙栫殑鏁版嵁:2015-01-13 00:00:00
2021-01-22 13:13:03 INFO  ExcelRead:99 - xlsx琛ㄦ牸涓鍙栫殑鏁版嵁:1899-12-31 08:53:13
2021-01-22 13:13:03 INFO  ExcelRead:99 - xlsx琛ㄦ牸涓鍙栫殑鏁版嵁:285301000398
2021-01-22 13:13:03 INFO  ExcelRead:99 - xlsx琛ㄦ牸涓鍙栫殑鏁版嵁:5301
2021-01-22 13:13:03 INFO  ExcelRead:99 - xlsx琛ㄦ牸涓鍙栫殑鏁版嵁:3
2021-01-22 13:13:03 INFO  ExcelRead:99 - xlsx琛ㄦ牸涓鍙栫殑鏁版嵁:3
2021-01-22 13:13:03 INFO  ExcelRead:99 - xlsx琛ㄦ牸涓鍙栫殑鏁版嵁:3
2021-01-22 13:13:03 INFO  ExcelRead:99 - xlsx琛ㄦ牸涓鍙栫殑鏁版嵁:chenqt01
2021-01-22 13:13:03 INFO  ExcelRead:99 - xlsx琛ㄦ牸涓鍙栫殑鏁版嵁:2016-03-01 00:00:00
2021-01-22 13:13:03 INFO  ExcelRead:99 - xlsx琛ㄦ牸涓鍙栫殑鏁版嵁:1899-12-31 09:29:27
2021-01-22 13:13:03 INFO  ExcelRead:99 - xlsx琛ㄦ牸涓鍙栫殑鏁版嵁:dengl07
2021-01-22 13:13:03 INFO  ExcelRead:99 - xlsx琛ㄦ牸涓鍙栫殑鏁版嵁:2014-12-29 00:00:00
2021-01-22 13:13:03 INFO  ExcelRead:99 - xlsx琛ㄦ牸涓鍙栫殑鏁版嵁:1899-12-31 09:24:14
2021-01-22 13:13:03 INFO  ExcelRead:99 - xlsx琛ㄦ牸涓鍙栫殑鏁版嵁:2016-02-29 00:00:00
2021-01-22 13:13:03 INFO  ExcelRead:99 - xlsx琛ㄦ牸涓鍙栫殑鏁版嵁:1899-12-31 21:48:34
2021-01-22 13:13:03 INFO  ExcelRead:99 - xlsx琛ㄦ牸涓鍙栫殑鏁版嵁:285301000417
2021-01-22 13:13:03 INFO  ExcelRead:99 - xlsx琛ㄦ牸涓鍙栫殑鏁版嵁:5301
2021-01-22 13:13:03 INFO  ExcelRead:99 - xlsx琛ㄦ牸涓鍙栫殑鏁版嵁:3
2021-01-22 13:13:03 INFO  ExcelRead:99 - xlsx琛ㄦ牸涓鍙栫殑鏁版嵁:1
2021-01-22 13:13:03 INFO  ExcelRead:99 - xlsx琛ㄦ牸涓鍙栫殑鏁版嵁:3
2021-01-22 13:13:03 INFO  ExcelRead:99 - xlsx琛ㄦ牸涓鍙栫殑鏁版嵁:chenqt01
2021-01-22 13:13:03 INFO  ExcelRead:99 - xlsx琛ㄦ牸涓鍙栫殑鏁版嵁:2015-01-21 00:00:00
2021-01-22 13:13:03 INFO  ExcelRead:99 - xlsx琛ㄦ牸涓鍙栫殑鏁版嵁:1899-12-31 09:20:48
2021-01-22 13:13:03 INFO  ExcelRead:99 - xlsx琛ㄦ牸涓鍙栫殑鏁版嵁:dengl07
2021-01-22 13:13:03 INFO  ExcelRead:99 - xlsx琛ㄦ牸涓鍙栫殑鏁版嵁:2014-12-29 00:00:00
2021-01-22 13:13:03 INFO  ExcelRead:99 - xlsx琛ㄦ牸涓鍙栫殑鏁版嵁:1899-12-31 15:36:41
2021-01-22 13:13:03 INFO  ExcelRead:99 - xlsx琛ㄦ牸涓鍙栫殑鏁版嵁:2015-01-13 00:00:00
2021-01-22 13:13:03 INFO  ExcelRead:99 - xlsx琛ㄦ牸涓鍙栫殑鏁版嵁:1899-12-31 08:53:13
2021-01-22 13:13:03 INFO  ExcelRead:99 - xlsx琛ㄦ牸涓鍙栫殑鏁版嵁:285301000432
2021-01-22 13:13:03 INFO  ExcelRead:99 - xlsx琛ㄦ牸涓鍙栫殑鏁版嵁:5301
2021-01-22 13:13:03 INFO  ExcelRead:99 - xlsx琛ㄦ牸涓鍙栫殑鏁版嵁:3
2021-01-22 13:13:03 INFO  ExcelRead:99 - xlsx琛ㄦ牸涓鍙栫殑鏁版嵁:1
2021-01-22 13:13:03 INFO  ExcelRead:99 - xlsx琛ㄦ牸涓鍙栫殑鏁版嵁:3
2021-01-22 13:13:03 INFO  ExcelRead:99 - xlsx琛ㄦ牸涓鍙栫殑鏁版嵁:gzzhongm
2021-01-22 13:13:03 INFO  ExcelRead:99 - xlsx琛ㄦ牸涓鍙栫殑鏁版嵁:2018-06-07 00:00:00
2021-01-22 13:13:03 INFO  ExcelRead:99 - xlsx琛ㄦ牸涓鍙栫殑鏁版嵁:1899-12-31 12:36:44
2021-01-22 13:13:03 INFO  ExcelRead:99 - xlsx琛ㄦ牸涓鍙栫殑鏁版嵁:huangxj29
2021-01-22 13:13:03 INFO  ExcelRead:99 - xlsx琛ㄦ牸涓鍙栫殑鏁版嵁:2018-06-08 00:00:00
2021-01-22 13:13:03 INFO  ExcelRead:99 - xlsx琛ㄦ牸涓鍙栫殑鏁版嵁:1899-12-31 13:52:32
2021-01-22 13:13:03 INFO  ExcelRead:99 - xlsx琛ㄦ牸涓鍙栫殑鏁版嵁:gzzhongm
2021-01-22 13:13:03 INFO  ExcelRead:99 - xlsx琛ㄦ牸涓鍙栫殑鏁版嵁:2018-06-07 00:00:00
2021-01-22 13:13:03 INFO  ExcelRead:99 - xlsx琛ㄦ牸涓鍙栫殑鏁版嵁:1899-12-31 11:17:23
2021-01-22 13:13:03 INFO  ExcelRead:99 - xlsx琛ㄦ牸涓鍙栫殑鏁版嵁:2018-06-07 00:00:00
2021-01-22 13:13:03 INFO  ExcelRead:99 - xlsx琛ㄦ牸涓鍙栫殑鏁版嵁:1899-12-31 12:36:38
2021-01-22 13:13:18 INFO  ExcelRead:99 - xlsx����ж�ȡ������:GRPCONTNO
2021-01-22 13:13:18 INFO  ExcelRead:99 - xlsx����ж�ȡ������:MANAGECOM
2021-01-22 13:13:18 INFO  ExcelRead:99 - xlsx����ж�ȡ������:SALECHNL
2021-01-22 13:13:18 INFO  ExcelRead:99 - xlsx����ж�ȡ������:BUSINESSCHNL
2021-01-22 13:13:18 INFO  ExcelRead:99 - xlsx����ж�ȡ������:COSTSTATE
2021-01-22 13:13:18 INFO  ExcelRead:99 - xlsx����ж�ȡ������:STANDBYFLAG1
2021-01-22 13:13:18 INFO  ExcelRead:99 - xlsx����ж�ȡ������:STANDBYFLAG2
2021-01-22 13:13:18 INFO  ExcelRead:99 - xlsx����ж�ȡ������:STANDBYFLAG3
2021-01-22 13:13:18 INFO  ExcelRead:99 - xlsx����ж�ȡ������:SUBMITOR
2021-01-22 13:13:18 INFO  ExcelRead:99 - xlsx����ж�ȡ������:SUBMITDATE
2021-01-22 13:13:18 INFO  ExcelRead:99 - xlsx����ж�ȡ������:SUBMITTIME
2021-01-22 13:13:18 INFO  ExcelRead:99 - xlsx����ж�ȡ������:AUDITOR
2021-01-22 13:13:18 INFO  ExcelRead:99 - xlsx����ж�ȡ������:AUDITDATE
2021-01-22 13:13:18 INFO  ExcelRead:99 - xlsx����ж�ȡ������:AUDITTIME
2021-01-22 13:13:18 INFO  ExcelRead:99 - xlsx����ж�ȡ������:OPERATOR
2021-01-22 13:13:18 INFO  ExcelRead:99 - xlsx����ж�ȡ������:MAKEDATE
2021-01-22 13:13:18 INFO  ExcelRead:99 - xlsx����ж�ȡ������:MAKETIME
2021-01-22 13:13:18 INFO  ExcelRead:99 - xlsx����ж�ȡ������:MODIFYDATE
2021-01-22 13:13:18 INFO  ExcelRead:99 - xlsx����ж�ȡ������:MODIFYTIME
2021-01-22 13:13:18 INFO  ExcelRead:99 - xlsx����ж�ȡ������:285301000004
2021-01-22 13:13:18 INFO  ExcelRead:99 - xlsx����ж�ȡ������:5301
2021-01-22 13:13:18 INFO  ExcelRead:99 - xlsx����ж�ȡ������:3
2021-01-22 13:13:18 INFO  ExcelRead:99 - xlsx����ж�ȡ������:1
2021-01-22 13:13:18 INFO  ExcelRead:99 - xlsx����ж�ȡ������:3
2021-01-22 13:13:18 INFO  ExcelRead:99 - xlsx����ж�ȡ������:dengl07
2021-01-22 13:13:18 INFO  ExcelRead:99 - xlsx����ж�ȡ������:2015-11-11 00:00:00
2021-01-22 13:13:18 INFO  ExcelRead:99 - xlsx����ж�ȡ������:1899-12-31 19:53:19
2021-01-22 13:13:18 INFO  ExcelRead:99 - xlsx����ж�ȡ������:chenqt01
2021-01-22 13:13:18 INFO  ExcelRead:99 - xlsx����ж�ȡ������:2015-11-12 00:00:00
2021-01-22 13:13:18 INFO  ExcelRead:99 - xlsx����ж�ȡ������:1899-12-31 09:00:16
2021-01-22 13:13:18 INFO  ExcelRead:99 - xlsx����ж�ȡ������:dengl07
2021-01-22 13:13:18 INFO  ExcelRead:99 - xlsx����ж�ȡ������:2014-03-25 00:00:00
2021-01-22 13:13:18 INFO  ExcelRead:99 - xlsx����ж�ȡ������:1899-12-31 17:49:23
2021-01-22 13:13:18 INFO  ExcelRead:99 - xlsx����ж�ȡ������:2015-11-11 00:00:00
2021-01-22 13:13:18 INFO  ExcelRead:99 - xlsx����ж�ȡ������:1899-12-31 19:53:15
2021-01-22 13:13:18 INFO  ExcelRead:99 - xlsx����ж�ȡ������:285301000026
2021-01-22 13:13:18 INFO  ExcelRead:99 - xlsx����ж�ȡ������:5301
2021-01-22 13:13:18 INFO  ExcelRead:99 - xlsx����ж�ȡ������:3
2021-01-22 13:13:18 INFO  ExcelRead:99 - xlsx����ж�ȡ������:1
2021-01-22 13:13:18 INFO  ExcelRead:99 - xlsx����ж�ȡ������:3
2021-01-22 13:13:18 INFO  ExcelRead:99 - xlsx����ж�ȡ������:dengl07
2021-01-22 13:13:18 INFO  ExcelRead:99 - xlsx����ж�ȡ������:2015-09-30 00:00:00
2021-01-22 13:13:18 INFO  ExcelRead:99 - xlsx����ж�ȡ������:1899-12-31 17:26:41
2021-01-22 13:13:18 INFO  ExcelRead:99 - xlsx����ж�ȡ������:chenqt01
2021-01-22 13:13:18 INFO  ExcelRead:99 - xlsx����ж�ȡ������:2015-10-09 00:00:00
2021-01-22 13:13:18 INFO  ExcelRead:99 - xlsx����ж�ȡ������:1899-12-31 10:06:47
2021-01-22 13:13:18 INFO  ExcelRead:99 - xlsx����ж�ȡ������:dengl07
2021-01-22 13:13:18 INFO  ExcelRead:99 - xlsx����ж�ȡ������:2014-09-19 00:00:00
2021-01-22 13:13:18 INFO  ExcelRead:99 - xlsx����ж�ȡ������:1899-12-31 11:56:02
2021-01-22 13:13:18 INFO  ExcelRead:99 - xlsx����ж�ȡ������:2015-09-30 00:00:00
2021-01-22 13:13:18 INFO  ExcelRead:99 - xlsx����ж�ȡ������:1899-12-31 17:22:14
2021-01-22 13:13:18 INFO  ExcelRead:99 - xlsx����ж�ȡ������:285301000037
2021-01-22 13:13:18 INFO  ExcelRead:99 - xlsx����ж�ȡ������:5301
2021-01-22 13:13:18 INFO  ExcelRead:99 - xlsx����ж�ȡ������:3
2021-01-22 13:13:18 INFO  ExcelRead:99 - xlsx����ж�ȡ������:1
2021-01-22 13:13:18 INFO  ExcelRead:99 - xlsx����ж�ȡ������:3
2021-01-22 13:13:18 INFO  ExcelRead:99 - xlsx����ж�ȡ������:dengl07
2021-01-22 13:13:18 INFO  ExcelRead:99 - xlsx����ж�ȡ������:2015-09-30 00:00:00
2021-01-22 13:13:18 INFO  ExcelRead:99 - xlsx����ж�ȡ������:1899-12-31 17:31:23
2021-01-22 13:13:18 INFO  ExcelRead:99 - xlsx����ж�ȡ������:chenqt01
2021-01-22 13:13:18 INFO  ExcelRead:99 - xlsx����ж�ȡ������:2015-10-09 00:00:00
2021-01-22 13:13:18 INFO  ExcelRead:99 - xlsx����ж�ȡ������:1899-12-31 10:06:47
2021-01-22 13:13:18 INFO  ExcelRead:99 - xlsx����ж�ȡ������:dengl07
2021-01-22 13:13:18 INFO  ExcelRead:99 - xlsx����ж�ȡ������:2014-11-04 00:00:00
2021-01-22 13:13:18 INFO  ExcelRead:99 - xlsx����ж�ȡ������:1899-12-31 18:07:43
2021-01-22 13:13:18 INFO  ExcelRead:99 - xlsx����ж�ȡ������:2015-09-30 00:00:00
2021-01-22 13:13:18 INFO  ExcelRead:99 - xlsx����ж�ȡ������:1899-12-31 17:30:15
2021-01-22 13:13:18 INFO  ExcelRead:99 - xlsx����ж�ȡ������:285301000038
2021-01-22 13:13:18 INFO  ExcelRead:99 - xlsx����ж�ȡ������:5301
2021-01-22 13:13:18 INFO  ExcelRead:99 - xlsx����ж�ȡ������:3
2021-01-22 13:13:18 INFO  ExcelRead:99 - xlsx����ж�ȡ������:1
2021-01-22 13:13:18 INFO  ExcelRead:99 - xlsx����ж�ȡ������:3
2021-01-22 13:13:18 INFO  ExcelRead:99 - xlsx����ж�ȡ������:dengl07
2021-01-22 13:13:18 INFO  ExcelRead:99 - xlsx����ж�ȡ������:2015-09-30 00:00:00
2021-01-22 13:13:18 INFO  ExcelRead:99 - xlsx����ж�ȡ������:1899-12-31 17:33:10
2021-01-22 13:13:18 INFO  ExcelRead:99 - xlsx����ж�ȡ������:chenqt01
2021-01-22 13:13:18 INFO  ExcelRead:99 - xlsx����ж�ȡ������:2015-10-09 00:00:00
2021-01-22 13:13:18 INFO  ExcelRead:99 - xlsx����ж�ȡ������:1899-12-31 10:06:47
2021-01-22 13:13:18 INFO  ExcelRead:99 - xlsx����ж�ȡ������:dengl07
2021-01-22 13:13:18 INFO  ExcelRead:99 - xlsx����ж�ȡ������:2014-11-07 00:00:00
2021-01-22 13:13:18 INFO  ExcelRead:99 - xlsx����ж�ȡ������:1899-12-31 14:22:47
2021-01-22 13:13:18 INFO  ExcelRead:99 - xlsx����ж�ȡ������:2015-09-30 00:00:00
2021-01-22 13:13:18 INFO  ExcelRead:99 - xlsx����ж�ȡ������:1899-12-31 17:30:51
2021-01-22 13:13:18 INFO  ExcelRead:99 - xlsx����ж�ȡ������:285301000045
2021-01-22 13:13:18 INFO  ExcelRead:99 - xlsx����ж�ȡ������:5301
2021-01-22 13:13:18 INFO  ExcelRead:99 - xlsx����ж�ȡ������:3
2021-01-22 13:13:18 INFO  ExcelRead:99 - xlsx����ж�ȡ������:1
2021-01-22 13:13:18 INFO  ExcelRead:99 - xlsx����ж�ȡ������:3
2021-01-22 13:13:18 INFO  ExcelRead:99 - xlsx����ж�ȡ������:dengl07
2021-01-22 13:13:18 INFO  ExcelRead:99 - xlsx����ж�ȡ������:2015-09-30 00:00:00
2021-01-22 13:13:18 INFO  ExcelRead:99 - xlsx����ж�ȡ������:1899-12-31 17:35:53
2021-01-22 13:13:18 INFO  ExcelRead:99 - xlsx����ж�ȡ������:chenqt01
2021-01-22 13:13:18 INFO  ExcelRead:99 - xlsx����ж�ȡ������:2015-10-09 00:00:00
2021-01-22 13:13:18 INFO  ExcelRead:99 - xlsx����ж�ȡ������:1899-12-31 10:06:47
2021-01-22 13:13:18 INFO  ExcelRead:99 - xlsx����ж�ȡ������:dengl07
2021-01-22 13:13:18 INFO  ExcelRead:99 - xlsx����ж�ȡ������:2014-11-13 00:00:00
2021-01-22 13:13:18 INFO  ExcelRead:99 - xlsx����ж�ȡ������:1899-12-31 11:02:12
2021-01-22 13:13:18 INFO  ExcelRead:99 - xlsx����ж�ȡ������:2015-09-30 00:00:00
2021-01-22 13:13:18 INFO  ExcelRead:99 - xlsx����ж�ȡ������:1899-12-31 17:35:13
2021-01-22 13:13:18 INFO  ExcelRead:99 - xlsx����ж�ȡ������:285301000281
2021-01-22 13:13:18 INFO  ExcelRead:99 - xlsx����ж�ȡ������:5301
2021-01-22 13:13:18 INFO  ExcelRead:99 - xlsx����ж�ȡ������:3
2021-01-22 13:13:18 INFO  ExcelRead:99 - xlsx����ж�ȡ������:1
2021-01-22 13:13:18 INFO  ExcelRead:99 - xlsx����ж�ȡ������:3
2021-01-22 13:13:18 INFO  ExcelRead:99 - xlsx����ж�ȡ������:chenqt01
2021-01-22 13:13:18 INFO  ExcelRead:99 - xlsx����ж�ȡ������:2015-01-21 00:00:00
2021-01-22 13:13:18 INFO  ExcelRead:99 - xlsx����ж�ȡ������:1899-12-31 09:20:48
2021-01-22 13:13:18 INFO  ExcelRead:99 - xlsx����ж�ȡ������:dengl07
2021-01-22 13:13:18 INFO  ExcelRead:99 - xlsx����ж�ȡ������:2014-12-17 00:00:00
2021-01-22 13:13:18 INFO  ExcelRead:99 - xlsx����ж�ȡ������:1899-12-31 17:07:36
2021-01-22 13:13:18 INFO  ExcelRead:99 - xlsx����ж�ȡ������:2015-01-13 00:00:00
2021-01-22 13:13:18 INFO  ExcelRead:99 - xlsx����ж�ȡ������:1899-12-31 08:53:13
2021-01-22 13:13:18 INFO  ExcelRead:99 - xlsx����ж�ȡ������:285301000398
2021-01-22 13:13:18 INFO  ExcelRead:99 - xlsx����ж�ȡ������:5301
2021-01-22 13:13:18 INFO  ExcelRead:99 - xlsx����ж�ȡ������:3
2021-01-22 13:13:18 INFO  ExcelRead:99 - xlsx����ж�ȡ������:3
2021-01-22 13:13:18 INFO  ExcelRead:99 - xlsx����ж�ȡ������:3
2021-01-22 13:13:18 INFO  ExcelRead:99 - xlsx����ж�ȡ������:chenqt01
2021-01-22 13:13:18 INFO  ExcelRead:99 - xlsx����ж�ȡ������:2016-03-01 00:00:00
2021-01-22 13:13:18 INFO  ExcelRead:99 - xlsx����ж�ȡ������:1899-12-31 09:29:27
2021-01-22 13:13:18 INFO  ExcelRead:99 - xlsx����ж�ȡ������:dengl07
2021-01-22 13:13:18 INFO  ExcelRead:99 - xlsx����ж�ȡ������:2014-12-29 00:00:00
2021-01-22 13:13:18 INFO  ExcelRead:99 - xlsx����ж�ȡ������:1899-12-31 09:24:14
2021-01-22 13:13:18 INFO  ExcelRead:99 - xlsx����ж�ȡ������:2016-02-29 00:00:00
2021-01-22 13:13:18 INFO  ExcelRead:99 - xlsx����ж�ȡ������:1899-12-31 21:48:34
2021-01-22 13:13:18 INFO  ExcelRead:99 - xlsx����ж�ȡ������:285301000417
2021-01-22 13:13:18 INFO  ExcelRead:99 - xlsx����ж�ȡ������:5301
2021-01-22 13:13:18 INFO  ExcelRead:99 - xlsx����ж�ȡ������:3
2021-01-22 13:13:18 INFO  ExcelRead:99 - xlsx����ж�ȡ������:1
2021-01-22 13:13:18 INFO  ExcelRead:99 - xlsx����ж�ȡ������:3
2021-01-22 13:13:18 INFO  ExcelRead:99 - xlsx����ж�ȡ������:chenqt01
2021-01-22 13:13:18 INFO  ExcelRead:99 - xlsx����ж�ȡ������:2015-01-21 00:00:00
2021-01-22 13:13:18 INFO  ExcelRead:99 - xlsx����ж�ȡ������:1899-12-31 09:20:48
2021-01-22 13:13:18 INFO  ExcelRead:99 - xlsx����ж�ȡ������:dengl07
2021-01-22 13:13:18 INFO  ExcelRead:99 - xlsx����ж�ȡ������:2014-12-29 00:00:00
2021-01-22 13:13:18 INFO  ExcelRead:99 - xlsx����ж�ȡ������:1899-12-31 15:36:41
2021-01-22 13:13:18 INFO  ExcelRead:99 - xlsx����ж�ȡ������:2015-01-13 00:00:00
2021-01-22 13:13:18 INFO  ExcelRead:99 - xlsx����ж�ȡ������:1899-12-31 08:53:13
2021-01-22 13:13:18 INFO  ExcelRead:99 - xlsx����ж�ȡ������:285301000432
2021-01-22 13:13:18 INFO  ExcelRead:99 - xlsx����ж�ȡ������:5301
2021-01-22 13:13:18 INFO  ExcelRead:99 - xlsx����ж�ȡ������:3
2021-01-22 13:13:18 INFO  ExcelRead:99 - xlsx����ж�ȡ������:1
2021-01-22 13:13:18 INFO  ExcelRead:99 - xlsx����ж�ȡ������:3
2021-01-22 13:13:18 INFO  ExcelRead:99 - xlsx����ж�ȡ������:gzzhongm
2021-01-22 13:13:18 INFO  ExcelRead:99 - xlsx����ж�ȡ������:2018-06-07 00:00:00
2021-01-22 13:13:18 INFO  ExcelRead:99 - xlsx����ж�ȡ������:1899-12-31 12:36:44
2021-01-22 13:13:18 INFO  ExcelRead:99 - xlsx����ж�ȡ������:huangxj29
2021-01-22 13:13:18 INFO  ExcelRead:99 - xlsx����ж�ȡ������:2018-06-08 00:00:00
2021-01-22 13:13:18 INFO  ExcelRead:99 - xlsx����ж�ȡ������:1899-12-31 13:52:32
2021-01-22 13:13:18 INFO  ExcelRead:99 - xlsx����ж�ȡ������:gzzhongm
2021-01-22 13:13:18 INFO  ExcelRead:99 - xlsx����ж�ȡ������:2018-06-07 00:00:00
2021-01-22 13:13:18 INFO  ExcelRead:99 - xlsx����ж�ȡ������:1899-12-31 11:17:23
2021-01-22 13:13:18 INFO  ExcelRead:99 - xlsx����ж�ȡ������:2018-06-07 00:00:00
2021-01-22 13:13:18 INFO  ExcelRead:99 - xlsx����ж�ȡ������:1899-12-31 12:36:38
2021-01-22 13:14:28 INFO  ExcelRead:99 - xlsx琛ㄦ牸涓鍙栫殑鏁版嵁:GRPCONTNO
2021-01-22 13:14:28 INFO  ExcelRead:99 - xlsx琛ㄦ牸涓鍙栫殑鏁版嵁:MANAGECOM
2021-01-22 13:14:28 INFO  ExcelRead:99 - xlsx琛ㄦ牸涓鍙栫殑鏁版嵁:SALECHNL
2021-01-22 13:14:28 INFO  ExcelRead:99 - xlsx琛ㄦ牸涓鍙栫殑鏁版嵁:BUSINESSCHNL
2021-01-22 13:14:28 INFO  ExcelRead:99 - xlsx琛ㄦ牸涓鍙栫殑鏁版嵁:COSTSTATE
2021-01-22 13:14:28 INFO  ExcelRead:99 - xlsx琛ㄦ牸涓鍙栫殑鏁版嵁:STANDBYFLAG1
2021-01-22 13:14:28 INFO  ExcelRead:99 - xlsx琛ㄦ牸涓鍙栫殑鏁版嵁:STANDBYFLAG2
2021-01-22 13:14:28 INFO  ExcelRead:99 - xlsx琛ㄦ牸涓鍙栫殑鏁版嵁:STANDBYFLAG3
2021-01-22 13:14:28 INFO  ExcelRead:99 - xlsx琛ㄦ牸涓鍙栫殑鏁版嵁:SUBMITOR
2021-01-22 13:14:28 INFO  ExcelRead:99 - xlsx琛ㄦ牸涓鍙栫殑鏁版嵁:SUBMITDATE
2021-01-22 13:14:28 INFO  ExcelRead:99 - xlsx琛ㄦ牸涓鍙栫殑鏁版嵁:SUBMITTIME
2021-01-22 13:14:28 INFO  ExcelRead:99 - xlsx琛ㄦ牸涓鍙栫殑鏁版嵁:AUDITOR
2021-01-22 13:14:28 INFO  ExcelRead:99 - xlsx琛ㄦ牸涓鍙栫殑鏁版嵁:AUDITDATE
2021-01-22 13:14:28 INFO  ExcelRead:99 - xlsx琛ㄦ牸涓鍙栫殑鏁版嵁:AUDITTIME
2021-01-22 13:14:28 INFO  ExcelRead:99 - xlsx琛ㄦ牸涓鍙栫殑鏁版嵁:OPERATOR
2021-01-22 13:14:28 INFO  ExcelRead:99 - xlsx琛ㄦ牸涓鍙栫殑鏁版嵁:MAKEDATE
2021-01-22 13:14:28 INFO  ExcelRead:99 - xlsx琛ㄦ牸涓鍙栫殑鏁版嵁:MAKETIME
2021-01-22 13:14:28 INFO  ExcelRead:99 - xlsx琛ㄦ牸涓鍙栫殑鏁版嵁:MODIFYDATE
2021-01-22 13:14:28 INFO  ExcelRead:99 - xlsx琛ㄦ牸涓鍙栫殑鏁版嵁:MODIFYTIME
2021-01-22 13:14:28 INFO  ExcelRead:99 - xlsx琛ㄦ牸涓鍙栫殑鏁版嵁:285301000004
2021-01-22 13:14:28 INFO  ExcelRead:99 - xlsx琛ㄦ牸涓鍙栫殑鏁版嵁:5301
2021-01-22 13:14:28 INFO  ExcelRead:99 - xlsx琛ㄦ牸涓鍙栫殑鏁版嵁:3
2021-01-22 13:14:28 INFO  ExcelRead:99 - xlsx琛ㄦ牸涓鍙栫殑鏁版嵁:1
2021-01-22 13:14:28 INFO  ExcelRead:99 - xlsx琛ㄦ牸涓鍙栫殑鏁版嵁:3
2021-01-22 13:14:28 INFO  ExcelRead:99 - xlsx琛ㄦ牸涓鍙栫殑鏁版嵁:张文浩
2021-01-22 13:14:28 INFO  ExcelRead:99 - xlsx琛ㄦ牸涓鍙栫殑鏁版嵁:dengl07
2021-01-22 13:14:28 INFO  ExcelRead:99 - xlsx琛ㄦ牸涓鍙栫殑鏁版嵁:2015-11-11 00:00:00
2021-01-22 13:14:28 INFO  ExcelRead:99 - xlsx琛ㄦ牸涓鍙栫殑鏁版嵁:1899-12-31 19:53:19
2021-01-22 13:14:28 INFO  ExcelRead:99 - xlsx琛ㄦ牸涓鍙栫殑鏁版嵁:chenqt01
2021-01-22 13:14:28 INFO  ExcelRead:99 - xlsx琛ㄦ牸涓鍙栫殑鏁版嵁:2015-11-12 00:00:00
2021-01-22 13:14:28 INFO  ExcelRead:99 - xlsx琛ㄦ牸涓鍙栫殑鏁版嵁:1899-12-31 09:00:16
2021-01-22 13:14:28 INFO  ExcelRead:99 - xlsx琛ㄦ牸涓鍙栫殑鏁版嵁:dengl07
2021-01-22 13:14:28 INFO  ExcelRead:99 - xlsx琛ㄦ牸涓鍙栫殑鏁版嵁:2014-03-25 00:00:00
2021-01-22 13:14:28 INFO  ExcelRead:99 - xlsx琛ㄦ牸涓鍙栫殑鏁版嵁:1899-12-31 17:49:23
2021-01-22 13:14:28 INFO  ExcelRead:99 - xlsx琛ㄦ牸涓鍙栫殑鏁版嵁:2015-11-11 00:00:00
2021-01-22 13:14:28 INFO  ExcelRead:99 - xlsx琛ㄦ牸涓鍙栫殑鏁版嵁:1899-12-31 19:53:15
2021-01-22 13:14:28 INFO  ExcelRead:99 - xlsx琛ㄦ牸涓鍙栫殑鏁版嵁:285301000026
2021-01-22 13:14:28 INFO  ExcelRead:99 - xlsx琛ㄦ牸涓鍙栫殑鏁版嵁:5301
2021-01-22 13:14:28 INFO  ExcelRead:99 - xlsx琛ㄦ牸涓鍙栫殑鏁版嵁:3
2021-01-22 13:14:28 INFO  ExcelRead:99 - xlsx琛ㄦ牸涓鍙栫殑鏁版嵁:1
2021-01-22 13:14:28 INFO  ExcelRead:99 - xlsx琛ㄦ牸涓鍙栫殑鏁版嵁:3
2021-01-22 13:14:28 INFO  ExcelRead:99 - xlsx琛ㄦ牸涓鍙栫殑鏁版嵁:dengl07
2021-01-22 13:14:28 INFO  ExcelRead:99 - xlsx琛ㄦ牸涓鍙栫殑鏁版嵁:2015-09-30 00:00:00
2021-01-22 13:14:28 INFO  ExcelRead:99 - xlsx琛ㄦ牸涓鍙栫殑鏁版嵁:1899-12-31 17:26:41
2021-01-22 13:14:28 INFO  ExcelRead:99 - xlsx琛ㄦ牸涓鍙栫殑鏁版嵁:chenqt01
2021-01-22 13:14:28 INFO  ExcelRead:99 - xlsx琛ㄦ牸涓鍙栫殑鏁版嵁:2015-10-09 00:00:00
2021-01-22 13:14:28 INFO  ExcelRead:99 - xlsx琛ㄦ牸涓鍙栫殑鏁版嵁:1899-12-31 10:06:47
2021-01-22 13:14:28 INFO  ExcelRead:99 - xlsx琛ㄦ牸涓鍙栫殑鏁版嵁:dengl07
2021-01-22 13:14:28 INFO  ExcelRead:99 - xlsx琛ㄦ牸涓鍙栫殑鏁版嵁:2014-09-19 00:00:00
2021-01-22 13:14:28 INFO  ExcelRead:99 - xlsx琛ㄦ牸涓鍙栫殑鏁版嵁:1899-12-31 11:56:02
2021-01-22 13:14:28 INFO  ExcelRead:99 - xlsx琛ㄦ牸涓鍙栫殑鏁版嵁:2015-09-30 00:00:00
2021-01-22 13:14:28 INFO  ExcelRead:99 - xlsx琛ㄦ牸涓鍙栫殑鏁版嵁:1899-12-31 17:22:14
2021-01-22 13:14:28 INFO  ExcelRead:99 - xlsx琛ㄦ牸涓鍙栫殑鏁版嵁:285301000037
2021-01-22 13:14:28 INFO  ExcelRead:99 - xlsx琛ㄦ牸涓鍙栫殑鏁版嵁:5301
2021-01-22 13:14:28 INFO  ExcelRead:99 - xlsx琛ㄦ牸涓鍙栫殑鏁版嵁:3
2021-01-22 13:14:28 INFO  ExcelRead:99 - xlsx琛ㄦ牸涓鍙栫殑鏁版嵁:1
2021-01-22 13:14:28 INFO  ExcelRead:99 - xlsx琛ㄦ牸涓鍙栫殑鏁版嵁:3
2021-01-22 13:14:28 INFO  ExcelRead:99 - xlsx琛ㄦ牸涓鍙栫殑鏁版嵁:dengl07
2021-01-22 13:14:28 INFO  ExcelRead:99 - xlsx琛ㄦ牸涓鍙栫殑鏁版嵁:2015-09-30 00:00:00
2021-01-22 13:14:28 INFO  ExcelRead:99 - xlsx琛ㄦ牸涓鍙栫殑鏁版嵁:1899-12-31 17:31:23
2021-01-22 13:14:28 INFO  ExcelRead:99 - xlsx琛ㄦ牸涓鍙栫殑鏁版嵁:chenqt01
2021-01-22 13:14:28 INFO  ExcelRead:99 - xlsx琛ㄦ牸涓鍙栫殑鏁版嵁:2015-10-09 00:00:00
2021-01-22 13:14:28 INFO  ExcelRead:99 - xlsx琛ㄦ牸涓鍙栫殑鏁版嵁:1899-12-31 10:06:47
2021-01-22 13:14:28 INFO  ExcelRead:99 - xlsx琛ㄦ牸涓鍙栫殑鏁版嵁:dengl07
2021-01-22 13:14:28 INFO  ExcelRead:99 - xlsx琛ㄦ牸涓鍙栫殑鏁版嵁:2014-11-04 00:00:00
2021-01-22 13:14:28 INFO  ExcelRead:99 - xlsx琛ㄦ牸涓鍙栫殑鏁版嵁:1899-12-31 18:07:43
2021-01-22 13:14:28 INFO  ExcelRead:99 - xlsx琛ㄦ牸涓鍙栫殑鏁版嵁:2015-09-30 00:00:00
2021-01-22 13:14:28 INFO  ExcelRead:99 - xlsx琛ㄦ牸涓鍙栫殑鏁版嵁:1899-12-31 17:30:15
2021-01-22 13:14:28 INFO  ExcelRead:99 - xlsx琛ㄦ牸涓鍙栫殑鏁版嵁:285301000038
2021-01-22 13:14:28 INFO  ExcelRead:99 - xlsx琛ㄦ牸涓鍙栫殑鏁版嵁:5301
2021-01-22 13:14:28 INFO  ExcelRead:99 - xlsx琛ㄦ牸涓鍙栫殑鏁版嵁:3
2021-01-22 13:14:28 INFO  ExcelRead:99 - xlsx琛ㄦ牸涓鍙栫殑鏁版嵁:1
2021-01-22 13:14:28 INFO  ExcelRead:99 - xlsx琛ㄦ牸涓鍙栫殑鏁版嵁:3
2021-01-22 13:14:28 INFO  ExcelRead:99 - xlsx琛ㄦ牸涓鍙栫殑鏁版嵁:dengl07
2021-01-22 13:14:28 INFO  ExcelRead:99 - xlsx琛ㄦ牸涓鍙栫殑鏁版嵁:2015-09-30 00:00:00
2021-01-22 13:14:28 INFO  ExcelRead:99 - xlsx琛ㄦ牸涓鍙栫殑鏁版嵁:1899-12-31 17:33:10
2021-01-22 13:14:28 INFO  ExcelRead:99 - xlsx琛ㄦ牸涓鍙栫殑鏁版嵁:chenqt01
2021-01-22 13:14:28 INFO  ExcelRead:99 - xlsx琛ㄦ牸涓鍙栫殑鏁版嵁:2015-10-09 00:00:00
2021-01-22 13:14:28 INFO  ExcelRead:99 - xlsx琛ㄦ牸涓鍙栫殑鏁版嵁:1899-12-31 10:06:47
2021-01-22 13:14:28 INFO  ExcelRead:99 - xlsx琛ㄦ牸涓鍙栫殑鏁版嵁:dengl07
2021-01-22 13:14:28 INFO  ExcelRead:99 - xlsx琛ㄦ牸涓鍙栫殑鏁版嵁:2014-11-07 00:00:00
2021-01-22 13:14:28 INFO  ExcelRead:99 - xlsx琛ㄦ牸涓鍙栫殑鏁版嵁:1899-12-31 14:22:47
2021-01-22 13:14:28 INFO  ExcelRead:99 - xlsx琛ㄦ牸涓鍙栫殑鏁版嵁:2015-09-30 00:00:00
2021-01-22 13:14:28 INFO  ExcelRead:99 - xlsx琛ㄦ牸涓鍙栫殑鏁版嵁:1899-12-31 17:30:51
2021-01-22 13:14:28 INFO  ExcelRead:99 - xlsx琛ㄦ牸涓鍙栫殑鏁版嵁:285301000045
2021-01-22 13:14:28 INFO  ExcelRead:99 - xlsx琛ㄦ牸涓鍙栫殑鏁版嵁:5301
2021-01-22 13:14:28 INFO  ExcelRead:99 - xlsx琛ㄦ牸涓鍙栫殑鏁版嵁:3
2021-01-22 13:14:28 INFO  ExcelRead:99 - xlsx琛ㄦ牸涓鍙栫殑鏁版嵁:1
2021-01-22 13:14:28 INFO  ExcelRead:99 - xlsx琛ㄦ牸涓鍙栫殑鏁版嵁:3
2021-01-22 13:14:28 INFO  ExcelRead:99 - xlsx琛ㄦ牸涓鍙栫殑鏁版嵁:dengl07
2021-01-22 13:14:28 INFO  ExcelRead:99 - xlsx琛ㄦ牸涓鍙栫殑鏁版嵁:2015-09-30 00:00:00
2021-01-22 13:14:28 INFO  ExcelRead:99 - xlsx琛ㄦ牸涓鍙栫殑鏁版嵁:1899-12-31 17:35:53
2021-01-22 13:14:28 INFO  ExcelRead:99 - xlsx琛ㄦ牸涓鍙栫殑鏁版嵁:chenqt01
2021-01-22 13:14:28 INFO  ExcelRead:99 - xlsx琛ㄦ牸涓鍙栫殑鏁版嵁:2015-10-09 00:00:00
2021-01-22 13:14:28 INFO  ExcelRead:99 - xlsx琛ㄦ牸涓鍙栫殑鏁版嵁:1899-12-31 10:06:47
2021-01-22 13:14:28 INFO  ExcelRead:99 - xlsx琛ㄦ牸涓鍙栫殑鏁版嵁:dengl07
2021-01-22 13:14:28 INFO  ExcelRead:99 - xlsx琛ㄦ牸涓鍙栫殑鏁版嵁:2014-11-13 00:00:00
2021-01-22 13:14:28 INFO  ExcelRead:99 - xlsx琛ㄦ牸涓鍙栫殑鏁版嵁:1899-12-31 11:02:12
2021-01-22 13:14:28 INFO  ExcelRead:99 - xlsx琛ㄦ牸涓鍙栫殑鏁版嵁:2015-09-30 00:00:00
2021-01-22 13:14:28 INFO  ExcelRead:99 - xlsx琛ㄦ牸涓鍙栫殑鏁版嵁:1899-12-31 17:35:13
2021-01-22 13:14:28 INFO  ExcelRead:99 - xlsx琛ㄦ牸涓鍙栫殑鏁版嵁:285301000281
2021-01-22 13:14:28 INFO  ExcelRead:99 - xlsx琛ㄦ牸涓鍙栫殑鏁版嵁:5301
2021-01-22 13:14:28 INFO  ExcelRead:99 - xlsx琛ㄦ牸涓鍙栫殑鏁版嵁:3
2021-01-22 13:14:28 INFO  ExcelRead:99 - xlsx琛ㄦ牸涓鍙栫殑鏁版嵁:1
2021-01-22 13:14:28 INFO  ExcelRead:99 - xlsx琛ㄦ牸涓鍙栫殑鏁版嵁:3
2021-01-22 13:14:28 INFO  ExcelRead:99 - xlsx琛ㄦ牸涓鍙栫殑鏁版嵁:chenqt01
2021-01-22 13:14:28 INFO  ExcelRead:99 - xlsx琛ㄦ牸涓鍙栫殑鏁版嵁:2015-01-21 00:00:00
2021-01-22 13:14:28 INFO  ExcelRead:99 - xlsx琛ㄦ牸涓鍙栫殑鏁版嵁:1899-12-31 09:20:48
2021-01-22 13:14:28 INFO  ExcelRead:99 - xlsx琛ㄦ牸涓鍙栫殑鏁版嵁:dengl07
2021-01-22 13:14:28 INFO  ExcelRead:99 - xlsx琛ㄦ牸涓鍙栫殑鏁版嵁:2014-12-17 00:00:00
2021-01-22 13:14:28 INFO  ExcelRead:99 - xlsx琛ㄦ牸涓鍙栫殑鏁版嵁:1899-12-31 17:07:36
2021-01-22 13:14:28 INFO  ExcelRead:99 - xlsx琛ㄦ牸涓鍙栫殑鏁版嵁:2015-01-13 00:00:00
2021-01-22 13:14:28 INFO  ExcelRead:99 - xlsx琛ㄦ牸涓鍙栫殑鏁版嵁:1899-12-31 08:53:13
2021-01-22 13:14:28 INFO  ExcelRead:99 - xlsx琛ㄦ牸涓鍙栫殑鏁版嵁:285301000398
2021-01-22 13:14:28 INFO  ExcelRead:99 - xlsx琛ㄦ牸涓鍙栫殑鏁版嵁:5301
2021-01-22 13:14:28 INFO  ExcelRead:99 - xlsx琛ㄦ牸涓鍙栫殑鏁版嵁:3
2021-01-22 13:14:28 INFO  ExcelRead:99 - xlsx琛ㄦ牸涓鍙栫殑鏁版嵁:3
2021-01-22 13:14:28 INFO  ExcelRead:99 - xlsx琛ㄦ牸涓鍙栫殑鏁版嵁:3
2021-01-22 13:14:28 INFO  ExcelRead:99 - xlsx琛ㄦ牸涓鍙栫殑鏁版嵁:chenqt01
2021-01-22 13:14:28 INFO  ExcelRead:99 - xlsx琛ㄦ牸涓鍙栫殑鏁版嵁:2016-03-01 00:00:00
2021-01-22 13:14:28 INFO  ExcelRead:99 - xlsx琛ㄦ牸涓鍙栫殑鏁版嵁:1899-12-31 09:29:27
2021-01-22 13:14:28 INFO  ExcelRead:99 - xlsx琛ㄦ牸涓鍙栫殑鏁版嵁:dengl07
2021-01-22 13:14:28 INFO  ExcelRead:99 - xlsx琛ㄦ牸涓鍙栫殑鏁版嵁:2014-12-29 00:00:00
2021-01-22 13:14:28 INFO  ExcelRead:99 - xlsx琛ㄦ牸涓鍙栫殑鏁版嵁:1899-12-31 09:24:14
2021-01-22 13:14:28 INFO  ExcelRead:99 - xlsx琛ㄦ牸涓鍙栫殑鏁版嵁:2016-02-29 00:00:00
2021-01-22 13:14:28 INFO  ExcelRead:99 - xlsx琛ㄦ牸涓鍙栫殑鏁版嵁:1899-12-31 21:48:34
2021-01-22 13:14:28 INFO  ExcelRead:99 - xlsx琛ㄦ牸涓鍙栫殑鏁版嵁:285301000417
2021-01-22 13:14:28 INFO  ExcelRead:99 - xlsx琛ㄦ牸涓鍙栫殑鏁版嵁:5301
2021-01-22 13:14:28 INFO  ExcelRead:99 - xlsx琛ㄦ牸涓鍙栫殑鏁版嵁:3
2021-01-22 13:14:28 INFO  ExcelRead:99 - xlsx琛ㄦ牸涓鍙栫殑鏁版嵁:1
2021-01-22 13:14:28 INFO  ExcelRead:99 - xlsx琛ㄦ牸涓鍙栫殑鏁版嵁:3
2021-01-22 13:14:28 INFO  ExcelRead:99 - xlsx琛ㄦ牸涓鍙栫殑鏁版嵁:chenqt01
2021-01-22 13:14:28 INFO  ExcelRead:99 - xlsx琛ㄦ牸涓鍙栫殑鏁版嵁:2015-01-21 00:00:00
2021-01-22 13:14:28 INFO  ExcelRead:99 - xlsx琛ㄦ牸涓鍙栫殑鏁版嵁:1899-12-31 09:20:48
2021-01-22 13:14:28 INFO  ExcelRead:99 - xlsx琛ㄦ牸涓鍙栫殑鏁版嵁:dengl07
2021-01-22 13:14:28 INFO  ExcelRead:99 - xlsx琛ㄦ牸涓鍙栫殑鏁版嵁:2014-12-29 00:00:00
2021-01-22 13:14:28 INFO  ExcelRead:99 - xlsx琛ㄦ牸涓鍙栫殑鏁版嵁:1899-12-31 15:36:41
2021-01-22 13:14:28 INFO  ExcelRead:99 - xlsx琛ㄦ牸涓鍙栫殑鏁版嵁:2015-01-13 00:00:00
2021-01-22 13:14:28 INFO  ExcelRead:99 - xlsx琛ㄦ牸涓鍙栫殑鏁版嵁:1899-12-31 08:53:13
2021-01-22 13:14:28 INFO  ExcelRead:99 - xlsx琛ㄦ牸涓鍙栫殑鏁版嵁:285301000432
2021-01-22 13:14:28 INFO  ExcelRead:99 - xlsx琛ㄦ牸涓鍙栫殑鏁版嵁:5301
2021-01-22 13:14:28 INFO  ExcelRead:99 - xlsx琛ㄦ牸涓鍙栫殑鏁版嵁:3
2021-01-22 13:14:28 INFO  ExcelRead:99 - xlsx琛ㄦ牸涓鍙栫殑鏁版嵁:1
2021-01-22 13:14:28 INFO  ExcelRead:99 - xlsx琛ㄦ牸涓鍙栫殑鏁版嵁:3
2021-01-22 13:14:28 INFO  ExcelRead:99 - xlsx琛ㄦ牸涓鍙栫殑鏁版嵁:gzzhongm
2021-01-22 13:14:29 INFO  ExcelRead:99 - xlsx琛ㄦ牸涓鍙栫殑鏁版嵁:2018-06-07 00:00:00
2021-01-22 13:14:29 INFO  ExcelRead:99 - xlsx琛ㄦ牸涓鍙栫殑鏁版嵁:1899-12-31 12:36:44
2021-01-22 13:14:29 INFO  ExcelRead:99 - xlsx琛ㄦ牸涓鍙栫殑鏁版嵁:huangxj29
2021-01-22 13:14:29 INFO  ExcelRead:99 - xlsx琛ㄦ牸涓鍙栫殑鏁版嵁:2018-06-08 00:00:00
2021-01-22 13:14:29 INFO  ExcelRead:99 - xlsx琛ㄦ牸涓鍙栫殑鏁版嵁:1899-12-31 13:52:32
2021-01-22 13:14:29 INFO  ExcelRead:99 - xlsx琛ㄦ牸涓鍙栫殑鏁版嵁:gzzhongm
2021-01-22 13:14:29 INFO  ExcelRead:99 - xlsx琛ㄦ牸涓鍙栫殑鏁版嵁:2018-06-07 00:00:00
2021-01-22 13:14:29 INFO  ExcelRead:99 - xlsx琛ㄦ牸涓鍙栫殑鏁版嵁:1899-12-31 11:17:23
2021-01-22 13:14:29 INFO  ExcelRead:99 - xlsx琛ㄦ牸涓鍙栫殑鏁版嵁:2018-06-07 00:00:00
2021-01-22 13:14:29 INFO  ExcelRead:99 - xlsx琛ㄦ牸涓鍙栫殑鏁版嵁:1899-12-31 12:36:38
2021-01-22 13:15:07 INFO  ExcelRead:99 - xlsx����ж�ȡ������:GRPCONTNO
2021-01-22 13:15:07 INFO  ExcelRead:99 - xlsx����ж�ȡ������:MANAGECOM
2021-01-22 13:15:07 INFO  ExcelRead:99 - xlsx����ж�ȡ������:SALECHNL
2021-01-22 13:15:07 INFO  ExcelRead:99 - xlsx����ж�ȡ������:BUSINESSCHNL
2021-01-22 13:15:07 INFO  ExcelRead:99 - xlsx����ж�ȡ������:COSTSTATE
2021-01-22 13:15:07 INFO  ExcelRead:99 - xlsx����ж�ȡ������:STANDBYFLAG1
2021-01-22 13:15:07 INFO  ExcelRead:99 - xlsx����ж�ȡ������:STANDBYFLAG2
2021-01-22 13:15:07 INFO  ExcelRead:99 - xlsx����ж�ȡ������:STANDBYFLAG3
2021-01-22 13:15:07 INFO  ExcelRead:99 - xlsx����ж�ȡ������:SUBMITOR
2021-01-22 13:15:07 INFO  ExcelRead:99 - xlsx����ж�ȡ������:SUBMITDATE
2021-01-22 13:15:07 INFO  ExcelRead:99 - xlsx����ж�ȡ������:SUBMITTIME
2021-01-22 13:15:07 INFO  ExcelRead:99 - xlsx����ж�ȡ������:AUDITOR
2021-01-22 13:15:07 INFO  ExcelRead:99 - xlsx����ж�ȡ������:AUDITDATE
2021-01-22 13:15:07 INFO  ExcelRead:99 - xlsx����ж�ȡ������:AUDITTIME
2021-01-22 13:15:07 INFO  ExcelRead:99 - xlsx����ж�ȡ������:OPERATOR
2021-01-22 13:15:07 INFO  ExcelRead:99 - xlsx����ж�ȡ������:MAKEDATE
2021-01-22 13:15:07 INFO  ExcelRead:99 - xlsx����ж�ȡ������:MAKETIME
2021-01-22 13:15:07 INFO  ExcelRead:99 - xlsx����ж�ȡ������:MODIFYDATE
2021-01-22 13:15:07 INFO  ExcelRead:99 - xlsx����ж�ȡ������:MODIFYTIME
2021-01-22 13:15:07 INFO  ExcelRead:99 - xlsx����ж�ȡ������:285301000004
2021-01-22 13:15:07 INFO  ExcelRead:99 - xlsx����ж�ȡ������:5301
2021-01-22 13:15:07 INFO  ExcelRead:99 - xlsx����ж�ȡ������:3
2021-01-22 13:15:07 INFO  ExcelRead:99 - xlsx����ж�ȡ������:1
2021-01-22 13:15:07 INFO  ExcelRead:99 - xlsx����ж�ȡ������:3
2021-01-22 13:15:07 INFO  ExcelRead:99 - xlsx����ж�ȡ������:张文浩
2021-01-22 13:15:07 INFO  ExcelRead:99 - xlsx����ж�ȡ������:dengl07
2021-01-22 13:15:07 INFO  ExcelRead:99 - xlsx����ж�ȡ������:2015-11-11 00:00:00
2021-01-22 13:15:07 INFO  ExcelRead:99 - xlsx����ж�ȡ������:1899-12-31 19:53:19
2021-01-22 13:15:07 INFO  ExcelRead:99 - xlsx����ж�ȡ������:chenqt01
2021-01-22 13:15:07 INFO  ExcelRead:99 - xlsx����ж�ȡ������:2015-11-12 00:00:00
2021-01-22 13:15:07 INFO  ExcelRead:99 - xlsx����ж�ȡ������:1899-12-31 09:00:16
2021-01-22 13:15:07 INFO  ExcelRead:99 - xlsx����ж�ȡ������:dengl07
2021-01-22 13:15:07 INFO  ExcelRead:99 - xlsx����ж�ȡ������:2014-03-25 00:00:00
2021-01-22 13:15:07 INFO  ExcelRead:99 - xlsx����ж�ȡ������:1899-12-31 17:49:23
2021-01-22 13:15:07 INFO  ExcelRead:99 - xlsx����ж�ȡ������:2015-11-11 00:00:00
2021-01-22 13:15:07 INFO  ExcelRead:99 - xlsx����ж�ȡ������:1899-12-31 19:53:15
2021-01-22 13:15:07 INFO  ExcelRead:99 - xlsx����ж�ȡ������:285301000026
2021-01-22 13:15:07 INFO  ExcelRead:99 - xlsx����ж�ȡ������:5301
2021-01-22 13:15:07 INFO  ExcelRead:99 - xlsx����ж�ȡ������:3
2021-01-22 13:15:07 INFO  ExcelRead:99 - xlsx����ж�ȡ������:1
2021-01-22 13:15:07 INFO  ExcelRead:99 - xlsx����ж�ȡ������:3
2021-01-22 13:15:07 INFO  ExcelRead:99 - xlsx����ж�ȡ������:dengl07
2021-01-22 13:15:07 INFO  ExcelRead:99 - xlsx����ж�ȡ������:2015-09-30 00:00:00
2021-01-22 13:15:07 INFO  ExcelRead:99 - xlsx����ж�ȡ������:1899-12-31 17:26:41
2021-01-22 13:15:07 INFO  ExcelRead:99 - xlsx����ж�ȡ������:chenqt01
2021-01-22 13:15:07 INFO  ExcelRead:99 - xlsx����ж�ȡ������:2015-10-09 00:00:00
2021-01-22 13:15:07 INFO  ExcelRead:99 - xlsx����ж�ȡ������:1899-12-31 10:06:47
2021-01-22 13:15:07 INFO  ExcelRead:99 - xlsx����ж�ȡ������:dengl07
2021-01-22 13:15:07 INFO  ExcelRead:99 - xlsx����ж�ȡ������:2014-09-19 00:00:00
2021-01-22 13:15:07 INFO  ExcelRead:99 - xlsx����ж�ȡ������:1899-12-31 11:56:02
2021-01-22 13:15:07 INFO  ExcelRead:99 - xlsx����ж�ȡ������:2015-09-30 00:00:00
2021-01-22 13:15:07 INFO  ExcelRead:99 - xlsx����ж�ȡ������:1899-12-31 17:22:14
2021-01-22 13:15:07 INFO  ExcelRead:99 - xlsx����ж�ȡ������:285301000037
2021-01-22 13:15:07 INFO  ExcelRead:99 - xlsx����ж�ȡ������:5301
2021-01-22 13:15:07 INFO  ExcelRead:99 - xlsx����ж�ȡ������:3
2021-01-22 13:15:07 INFO  ExcelRead:99 - xlsx����ж�ȡ������:1
2021-01-22 13:15:07 INFO  ExcelRead:99 - xlsx����ж�ȡ������:3
2021-01-22 13:15:07 INFO  ExcelRead:99 - xlsx����ж�ȡ������:dengl07
2021-01-22 13:15:07 INFO  ExcelRead:99 - xlsx����ж�ȡ������:2015-09-30 00:00:00
2021-01-22 13:15:07 INFO  ExcelRead:99 - xlsx����ж�ȡ������:1899-12-31 17:31:23
2021-01-22 13:15:07 INFO  ExcelRead:99 - xlsx����ж�ȡ������:chenqt01
2021-01-22 13:15:07 INFO  ExcelRead:99 - xlsx����ж�ȡ������:2015-10-09 00:00:00
2021-01-22 13:15:07 INFO  ExcelRead:99 - xlsx����ж�ȡ������:1899-12-31 10:06:47
2021-01-22 13:15:07 INFO  ExcelRead:99 - xlsx����ж�ȡ������:dengl07
2021-01-22 13:15:07 INFO  ExcelRead:99 - xlsx����ж�ȡ������:2014-11-04 00:00:00
2021-01-22 13:15:07 INFO  ExcelRead:99 - xlsx����ж�ȡ������:1899-12-31 18:07:43
2021-01-22 13:15:07 INFO  ExcelRead:99 - xlsx����ж�ȡ������:2015-09-30 00:00:00
2021-01-22 13:15:07 INFO  ExcelRead:99 - xlsx����ж�ȡ������:1899-12-31 17:30:15
2021-01-22 13:15:07 INFO  ExcelRead:99 - xlsx����ж�ȡ������:285301000038
2021-01-22 13:15:07 INFO  ExcelRead:99 - xlsx����ж�ȡ������:5301
2021-01-22 13:15:07 INFO  ExcelRead:99 - xlsx����ж�ȡ������:3
2021-01-22 13:15:07 INFO  ExcelRead:99 - xlsx����ж�ȡ������:1
2021-01-22 13:15:07 INFO  ExcelRead:99 - xlsx����ж�ȡ������:3
2021-01-22 13:15:07 INFO  ExcelRead:99 - xlsx����ж�ȡ������:dengl07
2021-01-22 13:15:07 INFO  ExcelRead:99 - xlsx����ж�ȡ������:2015-09-30 00:00:00
2021-01-22 13:15:07 INFO  ExcelRead:99 - xlsx����ж�ȡ������:1899-12-31 17:33:10
2021-01-22 13:15:07 INFO  ExcelRead:99 - xlsx����ж�ȡ������:chenqt01
2021-01-22 13:15:07 INFO  ExcelRead:99 - xlsx����ж�ȡ������:2015-10-09 00:00:00
2021-01-22 13:15:07 INFO  ExcelRead:99 - xlsx����ж�ȡ������:1899-12-31 10:06:47
2021-01-22 13:15:07 INFO  ExcelRead:99 - xlsx����ж�ȡ������:dengl07
2021-01-22 13:15:07 INFO  ExcelRead:99 - xlsx����ж�ȡ������:2014-11-07 00:00:00
2021-01-22 13:15:07 INFO  ExcelRead:99 - xlsx����ж�ȡ������:1899-12-31 14:22:47
2021-01-22 13:15:07 INFO  ExcelRead:99 - xlsx����ж�ȡ������:2015-09-30 00:00:00
2021-01-22 13:15:07 INFO  ExcelRead:99 - xlsx����ж�ȡ������:1899-12-31 17:30:51
2021-01-22 13:15:07 INFO  ExcelRead:99 - xlsx����ж�ȡ������:285301000045
2021-01-22 13:15:07 INFO  ExcelRead:99 - xlsx����ж�ȡ������:5301
2021-01-22 13:15:07 INFO  ExcelRead:99 - xlsx����ж�ȡ������:3
2021-01-22 13:15:07 INFO  ExcelRead:99 - xlsx����ж�ȡ������:1
2021-01-22 13:15:07 INFO  ExcelRead:99 - xlsx����ж�ȡ������:3
2021-01-22 13:15:07 INFO  ExcelRead:99 - xlsx����ж�ȡ������:dengl07
2021-01-22 13:15:07 INFO  ExcelRead:99 - xlsx����ж�ȡ������:2015-09-30 00:00:00
2021-01-22 13:15:07 INFO  ExcelRead:99 - xlsx����ж�ȡ������:1899-12-31 17:35:53
2021-01-22 13:15:07 INFO  ExcelRead:99 - xlsx����ж�ȡ������:chenqt01
2021-01-22 13:15:07 INFO  ExcelRead:99 - xlsx����ж�ȡ������:2015-10-09 00:00:00
2021-01-22 13:15:07 INFO  ExcelRead:99 - xlsx����ж�ȡ������:1899-12-31 10:06:47
2021-01-22 13:15:07 INFO  ExcelRead:99 - xlsx����ж�ȡ������:dengl07
2021-01-22 13:15:07 INFO  ExcelRead:99 - xlsx����ж�ȡ������:2014-11-13 00:00:00
2021-01-22 13:15:07 INFO  ExcelRead:99 - xlsx����ж�ȡ������:1899-12-31 11:02:12
2021-01-22 13:15:07 INFO  ExcelRead:99 - xlsx����ж�ȡ������:2015-09-30 00:00:00
2021-01-22 13:15:07 INFO  ExcelRead:99 - xlsx����ж�ȡ������:1899-12-31 17:35:13
2021-01-22 13:15:07 INFO  ExcelRead:99 - xlsx����ж�ȡ������:285301000281
2021-01-22 13:15:07 INFO  ExcelRead:99 - xlsx����ж�ȡ������:5301
2021-01-22 13:15:07 INFO  ExcelRead:99 - xlsx����ж�ȡ������:3
2021-01-22 13:15:07 INFO  ExcelRead:99 - xlsx����ж�ȡ������:1
2021-01-22 13:15:07 INFO  ExcelRead:99 - xlsx����ж�ȡ������:3
2021-01-22 13:15:07 INFO  ExcelRead:99 - xlsx����ж�ȡ������:chenqt01
2021-01-22 13:15:07 INFO  ExcelRead:99 - xlsx����ж�ȡ������:2015-01-21 00:00:00
2021-01-22 13:15:07 INFO  ExcelRead:99 - xlsx����ж�ȡ������:1899-12-31 09:20:48
2021-01-22 13:15:07 INFO  ExcelRead:99 - xlsx����ж�ȡ������:dengl07
2021-01-22 13:15:07 INFO  ExcelRead:99 - xlsx����ж�ȡ������:2014-12-17 00:00:00
2021-01-22 13:15:07 INFO  ExcelRead:99 - xlsx����ж�ȡ������:1899-12-31 17:07:36
2021-01-22 13:15:07 INFO  ExcelRead:99 - xlsx����ж�ȡ������:2015-01-13 00:00:00
2021-01-22 13:15:07 INFO  ExcelRead:99 - xlsx����ж�ȡ������:1899-12-31 08:53:13
2021-01-22 13:15:07 INFO  ExcelRead:99 - xlsx����ж�ȡ������:285301000398
2021-01-22 13:15:07 INFO  ExcelRead:99 - xlsx����ж�ȡ������:5301
2021-01-22 13:15:07 INFO  ExcelRead:99 - xlsx����ж�ȡ������:3
2021-01-22 13:15:07 INFO  ExcelRead:99 - xlsx����ж�ȡ������:3
2021-01-22 13:15:07 INFO  ExcelRead:99 - xlsx����ж�ȡ������:3
2021-01-22 13:15:07 INFO  ExcelRead:99 - xlsx����ж�ȡ������:chenqt01
2021-01-22 13:15:07 INFO  ExcelRead:99 - xlsx����ж�ȡ������:2016-03-01 00:00:00
2021-01-22 13:15:07 INFO  ExcelRead:99 - xlsx����ж�ȡ������:1899-12-31 09:29:27
2021-01-22 13:15:07 INFO  ExcelRead:99 - xlsx����ж�ȡ������:dengl07
2021-01-22 13:15:07 INFO  ExcelRead:99 - xlsx����ж�ȡ������:2014-12-29 00:00:00
2021-01-22 13:15:07 INFO  ExcelRead:99 - xlsx����ж�ȡ������:1899-12-31 09:24:14
2021-01-22 13:15:07 INFO  ExcelRead:99 - xlsx����ж�ȡ������:2016-02-29 00:00:00
2021-01-22 13:15:07 INFO  ExcelRead:99 - xlsx����ж�ȡ������:1899-12-31 21:48:34
2021-01-22 13:15:07 INFO  ExcelRead:99 - xlsx����ж�ȡ������:285301000417
2021-01-22 13:15:07 INFO  ExcelRead:99 - xlsx����ж�ȡ������:5301
2021-01-22 13:15:07 INFO  ExcelRead:99 - xlsx����ж�ȡ������:3
2021-01-22 13:15:07 INFO  ExcelRead:99 - xlsx����ж�ȡ������:1
2021-01-22 13:15:07 INFO  ExcelRead:99 - xlsx����ж�ȡ������:3
2021-01-22 13:15:07 INFO  ExcelRead:99 - xlsx����ж�ȡ������:chenqt01
2021-01-22 13:15:07 INFO  ExcelRead:99 - xlsx����ж�ȡ������:2015-01-21 00:00:00
2021-01-22 13:15:07 INFO  ExcelRead:99 - xlsx����ж�ȡ������:1899-12-31 09:20:48
2021-01-22 13:15:07 INFO  ExcelRead:99 - xlsx����ж�ȡ������:dengl07
2021-01-22 13:15:07 INFO  ExcelRead:99 - xlsx����ж�ȡ������:2014-12-29 00:00:00
2021-01-22 13:15:07 INFO  ExcelRead:99 - xlsx����ж�ȡ������:1899-12-31 15:36:41
2021-01-22 13:15:07 INFO  ExcelRead:99 - xlsx����ж�ȡ������:2015-01-13 00:00:00
2021-01-22 13:15:07 INFO  ExcelRead:99 - xlsx����ж�ȡ������:1899-12-31 08:53:13
2021-01-22 13:15:07 INFO  ExcelRead:99 - xlsx����ж�ȡ������:285301000432
2021-01-22 13:15:07 INFO  ExcelRead:99 - xlsx����ж�ȡ������:5301
2021-01-22 13:15:07 INFO  ExcelRead:99 - xlsx����ж�ȡ������:3
2021-01-22 13:15:07 INFO  ExcelRead:99 - xlsx����ж�ȡ������:1
2021-01-22 13:15:07 INFO  ExcelRead:99 - xlsx����ж�ȡ������:3
2021-01-22 13:15:07 INFO  ExcelRead:99 - xlsx����ж�ȡ������:gzzhongm
2021-01-22 13:15:07 INFO  ExcelRead:99 - xlsx����ж�ȡ������:2018-06-07 00:00:00
2021-01-22 13:15:07 INFO  ExcelRead:99 - xlsx����ж�ȡ������:1899-12-31 12:36:44
2021-01-22 13:15:07 INFO  ExcelRead:99 - xlsx����ж�ȡ������:huangxj29
2021-01-22 13:15:07 INFO  ExcelRead:99 - xlsx����ж�ȡ������:2018-06-08 00:00:00
2021-01-22 13:15:07 INFO  ExcelRead:99 - xlsx����ж�ȡ������:1899-12-31 13:52:32
2021-01-22 13:15:07 INFO  ExcelRead:99 - xlsx����ж�ȡ������:gzzhongm
2021-01-22 13:15:07 INFO  ExcelRead:99 - xlsx����ж�ȡ������:2018-06-07 00:00:00
2021-01-22 13:15:07 INFO  ExcelRead:99 - xlsx����ж�ȡ������:1899-12-31 11:17:23
2021-01-22 13:15:07 INFO  ExcelRead:99 - xlsx����ж�ȡ������:2018-06-07 00:00:00
2021-01-22 13:15:07 INFO  ExcelRead:99 - xlsx����ж�ȡ������:1899-12-31 12:36:38
2021-01-22 13:16:38 INFO  ExcelRead:99 - xlsx表格中读取的数据:GRPCONTNO
2021-01-22 13:16:38 INFO  ExcelRead:99 - xlsx表格中读取的数据:MANAGECOM
2021-01-22 13:16:38 INFO  ExcelRead:99 - xlsx表格中读取的数据:SALECHNL
2021-01-22 13:16:38 INFO  ExcelRead:99 - xlsx表格中读取的数据:BUSINESSCHNL
2021-01-22 13:16:38 INFO  ExcelRead:99 - xlsx表格中读取的数据:COSTSTATE
2021-01-22 13:16:38 INFO  ExcelRead:99 - xlsx表格中读取的数据:STANDBYFLAG1
2021-01-22 13:16:38 INFO  ExcelRead:99 - xlsx表格中读取的数据:STANDBYFLAG2
2021-01-22 13:16:38 INFO  ExcelRead:99 - xlsx表格中读取的数据:STANDBYFLAG3
2021-01-22 13:16:38 INFO  ExcelRead:99 - xlsx表格中读取的数据:SUBMITOR
2021-01-22 13:16:38 INFO  ExcelRead:99 - xlsx表格中读取的数据:SUBMITDATE
2021-01-22 13:16:38 INFO  ExcelRead:99 - xlsx表格中读取的数据:SUBMITTIME
2021-01-22 13:16:38 INFO  ExcelRead:99 - xlsx表格中读取的数据:AUDITOR
2021-01-22 13:16:38 INFO  ExcelRead:99 - xlsx表格中读取的数据:AUDITDATE
2021-01-22 13:16:38 INFO  ExcelRead:99 - xlsx表格中读取的数据:AUDITTIME
2021-01-22 13:16:38 INFO  ExcelRead:99 - xlsx表格中读取的数据:OPERATOR
2021-01-22 13:16:38 INFO  ExcelRead:99 - xlsx表格中读取的数据:MAKEDATE
2021-01-22 13:16:38 INFO  ExcelRead:99 - xlsx表格中读取的数据:MAKETIME
2021-01-22 13:16:38 INFO  ExcelRead:99 - xlsx表格中读取的数据:MODIFYDATE
2021-01-22 13:16:38 INFO  ExcelRead:99 - xlsx表格中读取的数据:MODIFYTIME
2021-01-22 13:16:38 INFO  ExcelRead:99 - xlsx表格中读取的数据:285301000004
2021-01-22 13:16:38 INFO  ExcelRead:99 - xlsx表格中读取的数据:5301
2021-01-22 13:16:38 INFO  ExcelRead:99 - xlsx表格中读取的数据:3
2021-01-22 13:16:38 INFO  ExcelRead:99 - xlsx表格中读取的数据:1
2021-01-22 13:16:38 INFO  ExcelRead:99 - xlsx表格中读取的数据:3
2021-01-22 13:16:38 INFO  ExcelRead:99 - xlsx表格中读取的数据:张文浩
2021-01-22 13:16:38 INFO  ExcelRead:99 - xlsx表格中读取的数据:dengl07
2021-01-22 13:16:38 INFO  ExcelRead:99 - xlsx表格中读取的数据:2015-11-11 00:00:00
2021-01-22 13:16:38 INFO  ExcelRead:99 - xlsx表格中读取的数据:1899-12-31 19:53:19
2021-01-22 13:16:38 INFO  ExcelRead:99 - xlsx表格中读取的数据:chenqt01
2021-01-22 13:16:38 INFO  ExcelRead:99 - xlsx表格中读取的数据:2015-11-12 00:00:00
2021-01-22 13:16:38 INFO  ExcelRead:99 - xlsx表格中读取的数据:1899-12-31 09:00:16
2021-01-22 13:16:38 INFO  ExcelRead:99 - xlsx表格中读取的数据:dengl07
2021-01-22 13:16:38 INFO  ExcelRead:99 - xlsx表格中读取的数据:2014-03-25 00:00:00
2021-01-22 13:16:38 INFO  ExcelRead:99 - xlsx表格中读取的数据:1899-12-31 17:49:23
2021-01-22 13:16:38 INFO  ExcelRead:99 - xlsx表格中读取的数据:2015-11-11 00:00:00
2021-01-22 13:16:38 INFO  ExcelRead:99 - xlsx表格中读取的数据:1899-12-31 19:53:15
2021-01-22 13:16:38 INFO  ExcelRead:99 - xlsx表格中读取的数据:285301000026
2021-01-22 13:16:38 INFO  ExcelRead:99 - xlsx表格中读取的数据:5301
2021-01-22 13:16:38 INFO  ExcelRead:99 - xlsx表格中读取的数据:3
2021-01-22 13:16:38 INFO  ExcelRead:99 - xlsx表格中读取的数据:1
2021-01-22 13:16:38 INFO  ExcelRead:99 - xlsx表格中读取的数据:3
2021-01-22 13:16:38 INFO  ExcelRead:99 - xlsx表格中读取的数据:dengl07
2021-01-22 13:16:38 INFO  ExcelRead:99 - xlsx表格中读取的数据:2015-09-30 00:00:00
2021-01-22 13:16:38 INFO  ExcelRead:99 - xlsx表格中读取的数据:1899-12-31 17:26:41
2021-01-22 13:16:38 INFO  ExcelRead:99 - xlsx表格中读取的数据:chenqt01
2021-01-22 13:16:38 INFO  ExcelRead:99 - xlsx表格中读取的数据:2015-10-09 00:00:00
2021-01-22 13:16:38 INFO  ExcelRead:99 - xlsx表格中读取的数据:1899-12-31 10:06:47
2021-01-22 13:16:38 INFO  ExcelRead:99 - xlsx表格中读取的数据:dengl07
2021-01-22 13:16:38 INFO  ExcelRead:99 - xlsx表格中读取的数据:2014-09-19 00:00:00
2021-01-22 13:16:38 INFO  ExcelRead:99 - xlsx表格中读取的数据:1899-12-31 11:56:02
2021-01-22 13:16:38 INFO  ExcelRead:99 - xlsx表格中读取的数据:2015-09-30 00:00:00
2021-01-22 13:16:38 INFO  ExcelRead:99 - xlsx表格中读取的数据:1899-12-31 17:22:14
2021-01-22 13:16:38 INFO  ExcelRead:99 - xlsx表格中读取的数据:285301000037
2021-01-22 13:16:38 INFO  ExcelRead:99 - xlsx表格中读取的数据:5301
2021-01-22 13:16:38 INFO  ExcelRead:99 - xlsx表格中读取的数据:3
2021-01-22 13:16:38 INFO  ExcelRead:99 - xlsx表格中读取的数据:1
2021-01-22 13:16:38 INFO  ExcelRead:99 - xlsx表格中读取的数据:3
2021-01-22 13:16:38 INFO  ExcelRead:99 - xlsx表格中读取的数据:dengl07
2021-01-22 13:16:38 INFO  ExcelRead:99 - xlsx表格中读取的数据:2015-09-30 00:00:00
2021-01-22 13:16:38 INFO  ExcelRead:99 - xlsx表格中读取的数据:1899-12-31 17:31:23
2021-01-22 13:16:38 INFO  ExcelRead:99 - xlsx表格中读取的数据:chenqt01
2021-01-22 13:16:38 INFO  ExcelRead:99 - xlsx表格中读取的数据:2015-10-09 00:00:00
2021-01-22 13:16:38 INFO  ExcelRead:99 - xlsx表格中读取的数据:1899-12-31 10:06:47
2021-01-22 13:16:38 INFO  ExcelRead:99 - xlsx表格中读取的数据:dengl07
2021-01-22 13:16:38 INFO  ExcelRead:99 - xlsx表格中读取的数据:2014-11-04 00:00:00
2021-01-22 13:16:38 INFO  ExcelRead:99 - xlsx表格中读取的数据:1899-12-31 18:07:43
2021-01-22 13:16:38 INFO  ExcelRead:99 - xlsx表格中读取的数据:2015-09-30 00:00:00
2021-01-22 13:16:38 INFO  ExcelRead:99 - xlsx表格中读取的数据:1899-12-31 17:30:15
2021-01-22 13:16:38 INFO  ExcelRead:99 - xlsx表格中读取的数据:285301000038
2021-01-22 13:16:38 INFO  ExcelRead:99 - xlsx表格中读取的数据:5301
2021-01-22 13:16:38 INFO  ExcelRead:99 - xlsx表格中读取的数据:3
2021-01-22 13:16:38 INFO  ExcelRead:99 - xlsx表格中读取的数据:1
2021-01-22 13:16:38 INFO  ExcelRead:99 - xlsx表格中读取的数据:3
2021-01-22 13:16:38 INFO  ExcelRead:99 - xlsx表格中读取的数据:dengl07
2021-01-22 13:16:38 INFO  ExcelRead:99 - xlsx表格中读取的数据:2015-09-30 00:00:00
2021-01-22 13:16:38 INFO  ExcelRead:99 - xlsx表格中读取的数据:1899-12-31 17:33:10
2021-01-22 13:16:38 INFO  ExcelRead:99 - xlsx表格中读取的数据:chenqt01
2021-01-22 13:16:38 INFO  ExcelRead:99 - xlsx表格中读取的数据:2015-10-09 00:00:00
2021-01-22 13:16:38 INFO  ExcelRead:99 - xlsx表格中读取的数据:1899-12-31 10:06:47
2021-01-22 13:16:38 INFO  ExcelRead:99 - xlsx表格中读取的数据:dengl07
2021-01-22 13:16:38 INFO  ExcelRead:99 - xlsx表格中读取的数据:2014-11-07 00:00:00
2021-01-22 13:16:38 INFO  ExcelRead:99 - xlsx表格中读取的数据:1899-12-31 14:22:47
2021-01-22 13:16:38 INFO  ExcelRead:99 - xlsx表格中读取的数据:2015-09-30 00:00:00
2021-01-22 13:16:38 INFO  ExcelRead:99 - xlsx表格中读取的数据:1899-12-31 17:30:51
2021-01-22 13:16:38 INFO  ExcelRead:99 - xlsx表格中读取的数据:285301000045
2021-01-22 13:16:38 INFO  ExcelRead:99 - xlsx表格中读取的数据:5301
2021-01-22 13:16:38 INFO  ExcelRead:99 - xlsx表格中读取的数据:3
2021-01-22 13:16:38 INFO  ExcelRead:99 - xlsx表格中读取的数据:1
2021-01-22 13:16:38 INFO  ExcelRead:99 - xlsx表格中读取的数据:3
2021-01-22 13:16:38 INFO  ExcelRead:99 - xlsx表格中读取的数据:dengl07
2021-01-22 13:16:38 INFO  ExcelRead:99 - xlsx表格中读取的数据:2015-09-30 00:00:00
2021-01-22 13:16:38 INFO  ExcelRead:99 - xlsx表格中读取的数据:1899-12-31 17:35:53
2021-01-22 13:16:38 INFO  ExcelRead:99 - xlsx表格中读取的数据:chenqt01
2021-01-22 13:16:38 INFO  ExcelRead:99 - xlsx表格中读取的数据:2015-10-09 00:00:00
2021-01-22 13:16:38 INFO  ExcelRead:99 - xlsx表格中读取的数据:1899-12-31 10:06:47
2021-01-22 13:16:38 INFO  ExcelRead:99 - xlsx表格中读取的数据:dengl07
2021-01-22 13:16:38 INFO  ExcelRead:99 - xlsx表格中读取的数据:2014-11-13 00:00:00
2021-01-22 13:16:38 INFO  ExcelRead:99 - xlsx表格中读取的数据:1899-12-31 11:02:12
2021-01-22 13:16:38 INFO  ExcelRead:99 - xlsx表格中读取的数据:2015-09-30 00:00:00
2021-01-22 13:16:38 INFO  ExcelRead:99 - xlsx表格中读取的数据:1899-12-31 17:35:13
2021-01-22 13:16:38 INFO  ExcelRead:99 - xlsx表格中读取的数据:285301000281
2021-01-22 13:16:38 INFO  ExcelRead:99 - xlsx表格中读取的数据:5301
2021-01-22 13:16:38 INFO  ExcelRead:99 - xlsx表格中读取的数据:3
2021-01-22 13:16:38 INFO  ExcelRead:99 - xlsx表格中读取的数据:1
2021-01-22 13:16:38 INFO  ExcelRead:99 - xlsx表格中读取的数据:3
2021-01-22 13:16:38 INFO  ExcelRead:99 - xlsx表格中读取的数据:chenqt01
2021-01-22 13:16:38 INFO  ExcelRead:99 - xlsx表格中读取的数据:2015-01-21 00:00:00
2021-01-22 13:16:38 INFO  ExcelRead:99 - xlsx表格中读取的数据:1899-12-31 09:20:48
2021-01-22 13:16:38 INFO  ExcelRead:99 - xlsx表格中读取的数据:dengl07
2021-01-22 13:16:38 INFO  ExcelRead:99 - xlsx表格中读取的数据:2014-12-17 00:00:00
2021-01-22 13:16:38 INFO  ExcelRead:99 - xlsx表格中读取的数据:1899-12-31 17:07:36
2021-01-22 13:16:38 INFO  ExcelRead:99 - xlsx表格中读取的数据:2015-01-13 00:00:00
2021-01-22 13:16:38 INFO  ExcelRead:99 - xlsx表格中读取的数据:1899-12-31 08:53:13
2021-01-22 13:16:38 INFO  ExcelRead:99 - xlsx表格中读取的数据:285301000398
2021-01-22 13:16:38 INFO  ExcelRead:99 - xlsx表格中读取的数据:5301
2021-01-22 13:16:38 INFO  ExcelRead:99 - xlsx表格中读取的数据:3
2021-01-22 13:16:38 INFO  ExcelRead:99 - xlsx表格中读取的数据:3
2021-01-22 13:16:38 INFO  ExcelRead:99 - xlsx表格中读取的数据:3
2021-01-22 13:16:38 INFO  ExcelRead:99 - xlsx表格中读取的数据:chenqt01
2021-01-22 13:16:38 INFO  ExcelRead:99 - xlsx表格中读取的数据:2016-03-01 00:00:00
2021-01-22 13:16:38 INFO  ExcelRead:99 - xlsx表格中读取的数据:1899-12-31 09:29:27
2021-01-22 13:16:38 INFO  ExcelRead:99 - xlsx表格中读取的数据:dengl07
2021-01-22 13:16:38 INFO  ExcelRead:99 - xlsx表格中读取的数据:2014-12-29 00:00:00
2021-01-22 13:16:38 INFO  ExcelRead:99 - xlsx表格中读取的数据:1899-12-31 09:24:14
2021-01-22 13:16:38 INFO  ExcelRead:99 - xlsx表格中读取的数据:2016-02-29 00:00:00
2021-01-22 13:16:38 INFO  ExcelRead:99 - xlsx表格中读取的数据:1899-12-31 21:48:34
2021-01-22 13:16:38 INFO  ExcelRead:99 - xlsx表格中读取的数据:285301000417
2021-01-22 13:16:38 INFO  ExcelRead:99 - xlsx表格中读取的数据:5301
2021-01-22 13:16:38 INFO  ExcelRead:99 - xlsx表格中读取的数据:3
2021-01-22 13:16:38 INFO  ExcelRead:99 - xlsx表格中读取的数据:1
2021-01-22 13:16:38 INFO  ExcelRead:99 - xlsx表格中读取的数据:3
2021-01-22 13:16:38 INFO  ExcelRead:99 - xlsx表格中读取的数据:chenqt01
2021-01-22 13:16:38 INFO  ExcelRead:99 - xlsx表格中读取的数据:2015-01-21 00:00:00
2021-01-22 13:16:38 INFO  ExcelRead:99 - xlsx表格中读取的数据:1899-12-31 09:20:48
2021-01-22 13:16:38 INFO  ExcelRead:99 - xlsx表格中读取的数据:dengl07
2021-01-22 13:16:38 INFO  ExcelRead:99 - xlsx表格中读取的数据:2014-12-29 00:00:00
2021-01-22 13:16:38 INFO  ExcelRead:99 - xlsx表格中读取的数据:1899-12-31 15:36:41
2021-01-22 13:16:38 INFO  ExcelRead:99 - xlsx表格中读取的数据:2015-01-13 00:00:00
2021-01-22 13:16:38 INFO  ExcelRead:99 - xlsx表格中读取的数据:1899-12-31 08:53:13
2021-01-22 13:16:38 INFO  ExcelRead:99 - xlsx表格中读取的数据:285301000432
2021-01-22 13:16:38 INFO  ExcelRead:99 - xlsx表格中读取的数据:5301
2021-01-22 13:16:38 INFO  ExcelRead:99 - xlsx表格中读取的数据:3
2021-01-22 13:16:38 INFO  ExcelRead:99 - xlsx表格中读取的数据:1
2021-01-22 13:16:38 INFO  ExcelRead:99 - xlsx表格中读取的数据:3
2021-01-22 13:16:38 INFO  ExcelRead:99 - xlsx表格中读取的数据:gzzhongm
2021-01-22 13:16:38 INFO  ExcelRead:99 - xlsx表格中读取的数据:2018-06-07 00:00:00
2021-01-22 13:16:38 INFO  ExcelRead:99 - xlsx表格中读取的数据:1899-12-31 12:36:44
2021-01-22 13:16:38 INFO  ExcelRead:99 - xlsx表格中读取的数据:huangxj29
2021-01-22 13:16:38 INFO  ExcelRead:99 - xlsx表格中读取的数据:2018-06-08 00:00:00
2021-01-22 13:16:38 INFO  ExcelRead:99 - xlsx表格中读取的数据:1899-12-31 13:52:32
2021-01-22 13:16:38 INFO  ExcelRead:99 - xlsx表格中读取的数据:gzzhongm
2021-01-22 13:16:38 INFO  ExcelRead:99 - xlsx表格中读取的数据:2018-06-07 00:00:00
2021-01-22 13:16:38 INFO  ExcelRead:99 - xlsx表格中读取的数据:1899-12-31 11:17:23
2021-01-22 13:16:38 INFO  ExcelRead:99 - xlsx表格中读取的数据:2018-06-07 00:00:00
2021-01-22 13:16:38 INFO  ExcelRead:99 - xlsx表格中读取的数据:1899-12-31 12:36:38
2021-01-22 13:17:57 INFO  ExcelRead:99 - xlsx表格中读取的数据:GRPCONTNO
2021-01-22 13:17:57 INFO  ExcelRead:99 - xlsx表格中读取的数据:MANAGECOM
2021-01-22 13:17:57 INFO  ExcelRead:99 - xlsx表格中读取的数据:SALECHNL
2021-01-22 13:17:57 INFO  ExcelRead:99 - xlsx表格中读取的数据:BUSINESSCHNL
2021-01-22 13:17:57 INFO  ExcelRead:99 - xlsx表格中读取的数据:COSTSTATE
2021-01-22 13:17:57 INFO  ExcelRead:99 - xlsx表格中读取的数据:STANDBYFLAG1
2021-01-22 13:17:57 INFO  ExcelRead:99 - xlsx表格中读取的数据:STANDBYFLAG2
2021-01-22 13:17:57 INFO  ExcelRead:99 - xlsx表格中读取的数据:STANDBYFLAG3
2021-01-22 13:17:57 INFO  ExcelRead:99 - xlsx表格中读取的数据:SUBMITOR
2021-01-22 13:17:57 INFO  ExcelRead:99 - xlsx表格中读取的数据:SUBMITDATE
2021-01-22 13:17:57 INFO  ExcelRead:99 - xlsx表格中读取的数据:SUBMITTIME
2021-01-22 13:17:57 INFO  ExcelRead:99 - xlsx表格中读取的数据:AUDITOR
2021-01-22 13:17:57 INFO  ExcelRead:99 - xlsx表格中读取的数据:AUDITDATE
2021-01-22 13:17:57 INFO  ExcelRead:99 - xlsx表格中读取的数据:AUDITTIME
2021-01-22 13:17:57 INFO  ExcelRead:99 - xlsx表格中读取的数据:OPERATOR
2021-01-22 13:17:57 INFO  ExcelRead:99 - xlsx表格中读取的数据:MAKEDATE
2021-01-22 13:17:57 INFO  ExcelRead:99 - xlsx表格中读取的数据:MAKETIME
2021-01-22 13:17:57 INFO  ExcelRead:99 - xlsx表格中读取的数据:MODIFYDATE
2021-01-22 13:17:57 INFO  ExcelRead:99 - xlsx表格中读取的数据:MODIFYTIME
2021-01-22 13:17:57 INFO  ExcelRead:99 - xlsx表格中读取的数据:285301000004
2021-01-22 13:17:57 INFO  ExcelRead:99 - xlsx表格中读取的数据:5301
2021-01-22 13:17:57 INFO  ExcelRead:99 - xlsx表格中读取的数据:3
2021-01-22 13:17:57 INFO  ExcelRead:99 - xlsx表格中读取的数据:1
2021-01-22 13:17:57 INFO  ExcelRead:99 - xlsx表格中读取的数据:3
2021-01-22 13:17:57 INFO  ExcelRead:99 - xlsx表格中读取的数据:张文浩
2021-01-22 13:17:57 INFO  ExcelRead:99 - xlsx表格中读取的数据:dengl07
2021-01-22 13:18:24 INFO  ExcelRead:99 - xlsx表格中读取的数据:GRPCONTNO
2021-01-22 13:18:24 INFO  ExcelRead:99 - xlsx表格中读取的数据:MANAGECOM
2021-01-22 13:18:24 INFO  ExcelRead:99 - xlsx表格中读取的数据:SALECHNL
2021-01-22 13:18:24 INFO  ExcelRead:99 - xlsx表格中读取的数据:BUSINESSCHNL
2021-01-22 13:18:24 INFO  ExcelRead:99 - xlsx表格中读取的数据:COSTSTATE
2021-01-22 13:18:24 INFO  ExcelRead:99 - xlsx表格中读取的数据:STANDBYFLAG1
2021-01-22 13:18:24 INFO  ExcelRead:99 - xlsx表格中读取的数据:STANDBYFLAG2
2021-01-22 13:18:24 INFO  ExcelRead:99 - xlsx表格中读取的数据:STANDBYFLAG3
2021-01-22 13:18:24 INFO  ExcelRead:99 - xlsx表格中读取的数据:SUBMITOR
2021-01-22 13:18:24 INFO  ExcelRead:99 - xlsx表格中读取的数据:SUBMITDATE
2021-01-22 13:18:24 INFO  ExcelRead:99 - xlsx表格中读取的数据:SUBMITTIME
2021-01-22 13:18:24 INFO  ExcelRead:99 - xlsx表格中读取的数据:AUDITOR
2021-01-22 13:18:24 INFO  ExcelRead:99 - xlsx表格中读取的数据:AUDITDATE
2021-01-22 13:18:24 INFO  ExcelRead:99 - xlsx表格中读取的数据:AUDITTIME
2021-01-22 13:18:24 INFO  ExcelRead:99 - xlsx表格中读取的数据:OPERATOR
2021-01-22 13:18:24 INFO  ExcelRead:99 - xlsx表格中读取的数据:MAKEDATE
2021-01-22 13:18:24 INFO  ExcelRead:99 - xlsx表格中读取的数据:MAKETIME
2021-01-22 13:18:24 INFO  ExcelRead:99 - xlsx表格中读取的数据:MODIFYDATE
2021-01-22 13:18:24 INFO  ExcelRead:99 - xlsx表格中读取的数据:MODIFYTIME
2021-01-22 13:18:24 INFO  ExcelRead:99 - xlsx表格中读取的数据:285301000004
2021-01-22 13:18:24 INFO  ExcelRead:99 - xlsx表格中读取的数据:5301
2021-01-22 13:18:24 INFO  ExcelRead:99 - xlsx表格中读取的数据:3
2021-01-22 13:18:24 INFO  ExcelRead:99 - xlsx表格中读取的数据:1
2021-01-22 13:18:24 INFO  ExcelRead:99 - xlsx表格中读取的数据:3
2021-01-22 13:18:24 INFO  ExcelRead:99 - xlsx表格中读取的数据:张文浩
2021-01-22 13:18:24 INFO  ExcelRead:99 - xlsx表格中读取的数据:dengl07
2021-01-22 13:18:24 WARN  ExcelRead:73 - 42319.0
2021-01-22 13:18:24 INFO  ExcelRead:99 - xlsx表格中读取的数据:2015-11-11 00:00:00
2021-01-22 13:18:24 WARN  ExcelRead:73 - 0.8247222222222222
2021-01-22 13:18:24 INFO  ExcelRead:99 - xlsx表格中读取的数据:1899-12-31 19:53:19
2021-01-22 13:18:24 INFO  ExcelRead:99 - xlsx表格中读取的数据:chenqt01
2021-01-22 13:18:24 WARN  ExcelRead:73 - 42320.0
2021-01-22 13:18:24 INFO  ExcelRead:99 - xlsx表格中读取的数据:2015-11-12 00:00:00
2021-01-22 13:18:24 WARN  ExcelRead:73 - 0.37121527777777774
2021-01-22 13:18:24 INFO  ExcelRead:99 - xlsx表格中读取的数据:1899-12-31 09:00:16
2021-01-22 13:18:24 INFO  ExcelRead:99 - xlsx表格中读取的数据:dengl07
2021-01-22 13:18:24 WARN  ExcelRead:73 - 41723.0
2021-01-22 13:18:24 INFO  ExcelRead:99 - xlsx表格中读取的数据:2014-03-25 00:00:00
2021-01-22 13:18:24 WARN  ExcelRead:73 - 0.7386574074074074
2021-01-22 13:18:24 INFO  ExcelRead:99 - xlsx表格中读取的数据:1899-12-31 17:49:23
2021-01-22 13:18:24 WARN  ExcelRead:73 - 42319.0
2021-01-22 13:18:24 INFO  ExcelRead:99 - xlsx表格中读取的数据:2015-11-11 00:00:00
2021-01-22 13:18:24 WARN  ExcelRead:73 - 0.8246759259259259
2021-01-22 13:18:24 INFO  ExcelRead:99 - xlsx表格中读取的数据:1899-12-31 19:53:15
2021-01-22 13:18:24 INFO  ExcelRead:99 - xlsx表格中读取的数据:285301000026
2021-01-22 13:18:24 INFO  ExcelRead:99 - xlsx表格中读取的数据:5301
2021-01-22 13:18:24 INFO  ExcelRead:99 - xlsx表格中读取的数据:3
2021-01-22 13:18:24 INFO  ExcelRead:99 - xlsx表格中读取的数据:1
2021-01-22 13:18:24 INFO  ExcelRead:99 - xlsx表格中读取的数据:3
2021-01-22 13:18:24 INFO  ExcelRead:99 - xlsx表格中读取的数据:dengl07
2021-01-22 13:18:24 WARN  ExcelRead:73 - 42277.0
2021-01-22 13:18:24 INFO  ExcelRead:99 - xlsx表格中读取的数据:2015-09-30 00:00:00
2021-01-22 13:18:24 WARN  ExcelRead:73 - 0.7228935185185185
2021-01-22 13:18:24 INFO  ExcelRead:99 - xlsx表格中读取的数据:1899-12-31 17:26:41
2021-01-22 13:18:24 INFO  ExcelRead:99 - xlsx表格中读取的数据:chenqt01
2021-01-22 13:18:24 WARN  ExcelRead:73 - 42286.0
2021-01-22 13:18:24 INFO  ExcelRead:99 - xlsx表格中读取的数据:2015-10-09 00:00:00
2021-01-22 13:18:24 WARN  ExcelRead:73 - 0.4174074074074074
2021-01-22 13:18:24 INFO  ExcelRead:99 - xlsx表格中读取的数据:1899-12-31 10:06:47
2021-01-22 13:18:24 INFO  ExcelRead:99 - xlsx表格中读取的数据:dengl07
2021-01-22 13:18:24 WARN  ExcelRead:73 - 41901.0
2021-01-22 13:18:24 INFO  ExcelRead:99 - xlsx表格中读取的数据:2014-09-19 00:00:00
2021-01-22 13:18:24 WARN  ExcelRead:73 - 0.493275462962963
2021-01-22 13:18:24 INFO  ExcelRead:99 - xlsx表格中读取的数据:1899-12-31 11:56:02
2021-01-22 13:18:24 WARN  ExcelRead:73 - 42277.0
2021-01-22 13:18:24 INFO  ExcelRead:99 - xlsx表格中读取的数据:2015-09-30 00:00:00
2021-01-22 13:18:24 WARN  ExcelRead:73 - 0.7198032407407408
2021-01-22 13:18:24 INFO  ExcelRead:99 - xlsx表格中读取的数据:1899-12-31 17:22:14
2021-01-22 13:18:24 INFO  ExcelRead:99 - xlsx表格中读取的数据:285301000037
2021-01-22 13:18:24 INFO  ExcelRead:99 - xlsx表格中读取的数据:5301
2021-01-22 13:18:24 INFO  ExcelRead:99 - xlsx表格中读取的数据:3
2021-01-22 13:18:24 INFO  ExcelRead:99 - xlsx表格中读取的数据:1
2021-01-22 13:18:24 INFO  ExcelRead:99 - xlsx表格中读取的数据:3
2021-01-22 13:18:24 INFO  ExcelRead:99 - xlsx表格中读取的数据:dengl07
2021-01-22 13:18:24 WARN  ExcelRead:73 - 42277.0
2021-01-22 13:18:24 INFO  ExcelRead:99 - xlsx表格中读取的数据:2015-09-30 00:00:00
2021-01-22 13:18:24 WARN  ExcelRead:73 - 0.7261574074074074
2021-01-22 13:18:24 INFO  ExcelRead:99 - xlsx表格中读取的数据:1899-12-31 17:31:23
2021-01-22 13:18:24 INFO  ExcelRead:99 - xlsx表格中读取的数据:chenqt01
2021-01-22 13:18:24 WARN  ExcelRead:73 - 42286.0
2021-01-22 13:18:24 INFO  ExcelRead:99 - xlsx表格中读取的数据:2015-10-09 00:00:00
2021-01-22 13:18:24 WARN  ExcelRead:73 - 0.4174074074074074
2021-01-22 13:18:24 INFO  ExcelRead:99 - xlsx表格中读取的数据:1899-12-31 10:06:47
2021-01-22 13:18:24 INFO  ExcelRead:99 - xlsx表格中读取的数据:dengl07
2021-01-22 13:18:24 WARN  ExcelRead:73 - 41947.0
2021-01-22 13:18:24 INFO  ExcelRead:99 - xlsx表格中读取的数据:2014-11-04 00:00:00
2021-01-22 13:18:24 WARN  ExcelRead:73 - 0.751388888888889
2021-01-22 13:18:24 INFO  ExcelRead:99 - xlsx表格中读取的数据:1899-12-31 18:07:43
2021-01-22 13:18:24 WARN  ExcelRead:73 - 42277.0
2021-01-22 13:18:24 INFO  ExcelRead:99 - xlsx表格中读取的数据:2015-09-30 00:00:00
2021-01-22 13:18:24 WARN  ExcelRead:73 - 0.7253703703703703
2021-01-22 13:18:24 INFO  ExcelRead:99 - xlsx表格中读取的数据:1899-12-31 17:30:15
2021-01-22 13:18:24 INFO  ExcelRead:99 - xlsx表格中读取的数据:285301000038
2021-01-22 13:18:24 INFO  ExcelRead:99 - xlsx表格中读取的数据:5301
2021-01-22 13:18:24 INFO  ExcelRead:99 - xlsx表格中读取的数据:3
2021-01-22 13:18:24 INFO  ExcelRead:99 - xlsx表格中读取的数据:1
2021-01-22 13:18:24 INFO  ExcelRead:99 - xlsx表格中读取的数据:3
2021-01-22 13:18:24 INFO  ExcelRead:99 - xlsx表格中读取的数据:dengl07
2021-01-22 13:18:24 WARN  ExcelRead:73 - 42277.0
2021-01-22 13:18:24 INFO  ExcelRead:99 - xlsx表格中读取的数据:2015-09-30 00:00:00
2021-01-22 13:18:24 WARN  ExcelRead:73 - 0.7273958333333334
2021-01-22 13:18:24 INFO  ExcelRead:99 - xlsx表格中读取的数据:1899-12-31 17:33:10
2021-01-22 13:18:24 INFO  ExcelRead:99 - xlsx表格中读取的数据:chenqt01
2021-01-22 13:18:24 WARN  ExcelRead:73 - 42286.0
2021-01-22 13:18:24 INFO  ExcelRead:99 - xlsx表格中读取的数据:2015-10-09 00:00:00
2021-01-22 13:18:24 WARN  ExcelRead:73 - 0.4174074074074074
2021-01-22 13:18:24 INFO  ExcelRead:99 - xlsx表格中读取的数据:1899-12-31 10:06:47
2021-01-22 13:18:24 INFO  ExcelRead:99 - xlsx表格中读取的数据:dengl07
2021-01-22 13:18:24 WARN  ExcelRead:73 - 41950.0
2021-01-22 13:18:24 INFO  ExcelRead:99 - xlsx表格中读取的数据:2014-11-07 00:00:00
2021-01-22 13:18:24 WARN  ExcelRead:73 - 0.5951851851851852
2021-01-22 13:18:24 INFO  ExcelRead:99 - xlsx表格中读取的数据:1899-12-31 14:22:47
2021-01-22 13:18:24 WARN  ExcelRead:73 - 42277.0
2021-01-22 13:18:24 INFO  ExcelRead:99 - xlsx表格中读取的数据:2015-09-30 00:00:00
2021-01-22 13:18:24 WARN  ExcelRead:73 - 0.7257870370370371
2021-01-22 13:18:24 INFO  ExcelRead:99 - xlsx表格中读取的数据:1899-12-31 17:30:51
2021-01-22 13:18:24 INFO  ExcelRead:99 - xlsx表格中读取的数据:285301000045
2021-01-22 13:18:24 INFO  ExcelRead:99 - xlsx表格中读取的数据:5301
2021-01-22 13:18:24 INFO  ExcelRead:99 - xlsx表格中读取的数据:3
2021-01-22 13:18:24 INFO  ExcelRead:99 - xlsx表格中读取的数据:1
2021-01-22 13:18:24 INFO  ExcelRead:99 - xlsx表格中读取的数据:3
2021-01-22 13:18:24 INFO  ExcelRead:99 - xlsx表格中读取的数据:dengl07
2021-01-22 13:18:24 WARN  ExcelRead:73 - 42277.0
2021-01-22 13:18:24 INFO  ExcelRead:99 - xlsx表格中读取的数据:2015-09-30 00:00:00
2021-01-22 13:18:24 WARN  ExcelRead:73 - 0.7292824074074074
2021-01-22 13:18:24 INFO  ExcelRead:99 - xlsx表格中读取的数据:1899-12-31 17:35:53
2021-01-22 13:18:24 INFO  ExcelRead:99 - xlsx表格中读取的数据:chenqt01
2021-01-22 13:18:24 WARN  ExcelRead:73 - 42286.0
2021-01-22 13:18:24 INFO  ExcelRead:99 - xlsx表格中读取的数据:2015-10-09 00:00:00
2021-01-22 13:18:24 WARN  ExcelRead:73 - 0.4174074074074074
2021-01-22 13:18:24 INFO  ExcelRead:99 - xlsx表格中读取的数据:1899-12-31 10:06:47
2021-01-22 13:18:24 INFO  ExcelRead:99 - xlsx表格中读取的数据:dengl07
2021-01-22 13:18:24 WARN  ExcelRead:73 - 41956.0
2021-01-22 13:18:24 INFO  ExcelRead:99 - xlsx表格中读取的数据:2014-11-13 00:00:00
2021-01-22 13:18:24 WARN  ExcelRead:73 - 0.45589120370370373
2021-01-22 13:18:24 INFO  ExcelRead:99 - xlsx表格中读取的数据:1899-12-31 11:02:12
2021-01-22 13:18:24 WARN  ExcelRead:73 - 42277.0
2021-01-22 13:18:24 INFO  ExcelRead:99 - xlsx表格中读取的数据:2015-09-30 00:00:00
2021-01-22 13:18:24 WARN  ExcelRead:73 - 0.7288194444444445
2021-01-22 13:18:24 INFO  ExcelRead:99 - xlsx表格中读取的数据:1899-12-31 17:35:13
2021-01-22 13:18:24 INFO  ExcelRead:99 - xlsx表格中读取的数据:285301000281
2021-01-22 13:18:24 INFO  ExcelRead:99 - xlsx表格中读取的数据:5301
2021-01-22 13:18:24 INFO  ExcelRead:99 - xlsx表格中读取的数据:3
2021-01-22 13:18:24 INFO  ExcelRead:99 - xlsx表格中读取的数据:1
2021-01-22 13:18:24 INFO  ExcelRead:99 - xlsx表格中读取的数据:3
2021-01-22 13:18:24 INFO  ExcelRead:99 - xlsx表格中读取的数据:chenqt01
2021-01-22 13:18:24 WARN  ExcelRead:73 - 42025.0
2021-01-22 13:18:24 INFO  ExcelRead:99 - xlsx表格中读取的数据:2015-01-21 00:00:00
2021-01-22 13:18:24 WARN  ExcelRead:73 - 0.385474537037037
2021-01-22 13:18:24 INFO  ExcelRead:99 - xlsx表格中读取的数据:1899-12-31 09:20:48
2021-01-22 13:18:24 INFO  ExcelRead:99 - xlsx表格中读取的数据:dengl07
2021-01-22 13:18:24 WARN  ExcelRead:73 - 41990.0
2021-01-22 13:18:24 INFO  ExcelRead:99 - xlsx表格中读取的数据:2014-12-17 00:00:00
2021-01-22 13:18:24 WARN  ExcelRead:73 - 0.7096412037037036
2021-01-22 13:18:24 INFO  ExcelRead:99 - xlsx表格中读取的数据:1899-12-31 17:07:36
2021-01-22 13:18:24 WARN  ExcelRead:73 - 42017.0
2021-01-22 13:18:24 INFO  ExcelRead:99 - xlsx表格中读取的数据:2015-01-13 00:00:00
2021-01-22 13:18:24 WARN  ExcelRead:73 - 0.3663194444444444
2021-01-22 13:18:24 INFO  ExcelRead:99 - xlsx表格中读取的数据:1899-12-31 08:53:13
2021-01-22 13:18:24 INFO  ExcelRead:99 - xlsx表格中读取的数据:285301000398
2021-01-22 13:18:24 INFO  ExcelRead:99 - xlsx表格中读取的数据:5301
2021-01-22 13:18:24 INFO  ExcelRead:99 - xlsx表格中读取的数据:3
2021-01-22 13:18:24 INFO  ExcelRead:99 - xlsx表格中读取的数据:3
2021-01-22 13:18:24 INFO  ExcelRead:99 - xlsx表格中读取的数据:3
2021-01-22 13:18:24 INFO  ExcelRead:99 - xlsx表格中读取的数据:chenqt01
2021-01-22 13:18:24 WARN  ExcelRead:73 - 42430.0
2021-01-22 13:18:24 INFO  ExcelRead:99 - xlsx表格中读取的数据:2016-03-01 00:00:00
2021-01-22 13:18:24 WARN  ExcelRead:73 - 0.3914814814814815
2021-01-22 13:18:24 INFO  ExcelRead:99 - xlsx表格中读取的数据:1899-12-31 09:29:27
2021-01-22 13:18:24 INFO  ExcelRead:99 - xlsx表格中读取的数据:dengl07
2021-01-22 13:18:24 WARN  ExcelRead:73 - 42002.0
2021-01-22 13:18:24 INFO  ExcelRead:99 - xlsx表格中读取的数据:2014-12-29 00:00:00
2021-01-22 13:18:24 WARN  ExcelRead:73 - 0.38785879629629627
2021-01-22 13:18:24 INFO  ExcelRead:99 - xlsx表格中读取的数据:1899-12-31 09:24:14
2021-01-22 13:18:24 WARN  ExcelRead:73 - 42429.0
2021-01-22 13:18:24 INFO  ExcelRead:99 - xlsx表格中读取的数据:2016-02-29 00:00:00
2021-01-22 13:18:24 WARN  ExcelRead:73 - 0.9047569444444444
2021-01-22 13:18:24 INFO  ExcelRead:99 - xlsx表格中读取的数据:1899-12-31 21:48:34
2021-01-22 13:18:24 INFO  ExcelRead:99 - xlsx表格中读取的数据:285301000417
2021-01-22 13:18:24 INFO  ExcelRead:99 - xlsx表格中读取的数据:5301
2021-01-22 13:18:24 INFO  ExcelRead:99 - xlsx表格中读取的数据:3
2021-01-22 13:18:24 INFO  ExcelRead:99 - xlsx表格中读取的数据:1
2021-01-22 13:18:24 INFO  ExcelRead:99 - xlsx表格中读取的数据:3
2021-01-22 13:18:24 INFO  ExcelRead:99 - xlsx表格中读取的数据:chenqt01
2021-01-22 13:18:24 WARN  ExcelRead:73 - 42025.0
2021-01-22 13:18:24 INFO  ExcelRead:99 - xlsx表格中读取的数据:2015-01-21 00:00:00
2021-01-22 13:18:24 WARN  ExcelRead:73 - 0.385474537037037
2021-01-22 13:18:24 INFO  ExcelRead:99 - xlsx表格中读取的数据:1899-12-31 09:20:48
2021-01-22 13:18:24 INFO  ExcelRead:99 - xlsx表格中读取的数据:dengl07
2021-01-22 13:18:24 WARN  ExcelRead:73 - 42002.0
2021-01-22 13:18:24 INFO  ExcelRead:99 - xlsx表格中读取的数据:2014-12-29 00:00:00
2021-01-22 13:18:24 WARN  ExcelRead:73 - 0.6465046296296296
2021-01-22 13:18:24 INFO  ExcelRead:99 - xlsx表格中读取的数据:1899-12-31 15:36:41
2021-01-22 13:18:24 WARN  ExcelRead:73 - 42017.0
2021-01-22 13:18:24 INFO  ExcelRead:99 - xlsx表格中读取的数据:2015-01-13 00:00:00
2021-01-22 13:18:24 WARN  ExcelRead:73 - 0.3663194444444444
2021-01-22 13:18:24 INFO  ExcelRead:99 - xlsx表格中读取的数据:1899-12-31 08:53:13
2021-01-22 13:18:24 INFO  ExcelRead:99 - xlsx表格中读取的数据:285301000432
2021-01-22 13:18:24 INFO  ExcelRead:99 - xlsx表格中读取的数据:5301
2021-01-22 13:18:24 INFO  ExcelRead:99 - xlsx表格中读取的数据:3
2021-01-22 13:18:24 INFO  ExcelRead:99 - xlsx表格中读取的数据:1
2021-01-22 13:18:24 INFO  ExcelRead:99 - xlsx表格中读取的数据:3
2021-01-22 13:18:24 INFO  ExcelRead:99 - xlsx表格中读取的数据:gzzhongm
2021-01-22 13:18:24 WARN  ExcelRead:73 - 43258.0
2021-01-22 13:18:24 INFO  ExcelRead:99 - xlsx表格中读取的数据:2018-06-07 00:00:00
2021-01-22 13:18:24 WARN  ExcelRead:73 - 0.5215393518518519
2021-01-22 13:18:24 INFO  ExcelRead:99 - xlsx表格中读取的数据:1899-12-31 12:36:44
2021-01-22 13:18:24 INFO  ExcelRead:99 - xlsx表格中读取的数据:huangxj29
2021-01-22 13:18:24 WARN  ExcelRead:73 - 43259.0
2021-01-22 13:18:24 INFO  ExcelRead:99 - xlsx表格中读取的数据:2018-06-08 00:00:00
2021-01-22 13:18:24 WARN  ExcelRead:73 - 0.5741782407407408
2021-01-22 13:18:24 INFO  ExcelRead:99 - xlsx表格中读取的数据:1899-12-31 13:52:32
2021-01-22 13:18:24 INFO  ExcelRead:99 - xlsx表格中读取的数据:gzzhongm
2021-01-22 13:18:24 WARN  ExcelRead:73 - 43258.0
2021-01-22 13:18:24 INFO  ExcelRead:99 - xlsx表格中读取的数据:2018-06-07 00:00:00
2021-01-22 13:18:24 WARN  ExcelRead:73 - 0.4664351851851852
2021-01-22 13:18:24 INFO  ExcelRead:99 - xlsx表格中读取的数据:1899-12-31 11:17:23
2021-01-22 13:18:24 WARN  ExcelRead:73 - 43258.0
2021-01-22 13:18:24 INFO  ExcelRead:99 - xlsx表格中读取的数据:2018-06-07 00:00:00
2021-01-22 13:18:24 WARN  ExcelRead:73 - 0.5214699074074074
2021-01-22 13:18:24 INFO  ExcelRead:99 - xlsx表格中读取的数据:1899-12-31 12:36:38
2021-01-22 13:21:01 INFO  ExcelRead:99 - xlsx表格中读取的数据:GRPCONTNO
2021-01-22 13:21:01 INFO  ExcelRead:99 - xlsx表格中读取的数据:MANAGECOM
2021-01-22 13:21:01 INFO  ExcelRead:99 - xlsx表格中读取的数据:SALECHNL
2021-01-22 13:21:01 INFO  ExcelRead:99 - xlsx表格中读取的数据:BUSINESSCHNL
2021-01-22 13:21:01 INFO  ExcelRead:99 - xlsx表格中读取的数据:COSTSTATE
2021-01-22 13:21:01 INFO  ExcelRead:99 - xlsx表格中读取的数据:STANDBYFLAG1
2021-01-22 13:21:01 INFO  ExcelRead:99 - xlsx表格中读取的数据:STANDBYFLAG2
2021-01-22 13:21:01 INFO  ExcelRead:99 - xlsx表格中读取的数据:STANDBYFLAG3
2021-01-22 13:21:01 INFO  ExcelRead:99 - xlsx表格中读取的数据:SUBMITOR
2021-01-22 13:21:01 INFO  ExcelRead:99 - xlsx表格中读取的数据:SUBMITDATE
2021-01-22 13:21:01 INFO  ExcelRead:99 - xlsx表格中读取的数据:SUBMITTIME
2021-01-22 13:21:01 INFO  ExcelRead:99 - xlsx表格中读取的数据:AUDITOR
2021-01-22 13:21:01 INFO  ExcelRead:99 - xlsx表格中读取的数据:AUDITDATE
2021-01-22 13:21:01 INFO  ExcelRead:99 - xlsx表格中读取的数据:AUDITTIME
2021-01-22 13:21:01 INFO  ExcelRead:99 - xlsx表格中读取的数据:OPERATOR
2021-01-22 13:21:01 INFO  ExcelRead:99 - xlsx表格中读取的数据:MAKEDATE
2021-01-22 13:21:01 INFO  ExcelRead:99 - xlsx表格中读取的数据:MAKETIME
2021-01-22 13:21:01 INFO  ExcelRead:99 - xlsx表格中读取的数据:MODIFYDATE
2021-01-22 13:21:01 INFO  ExcelRead:99 - xlsx表格中读取的数据:MODIFYTIME
2021-01-22 13:21:01 INFO  ExcelRead:99 - xlsx表格中读取的数据:285301000004
2021-01-22 13:21:01 INFO  ExcelRead:99 - xlsx表格中读取的数据:5301
2021-01-22 13:21:01 INFO  ExcelRead:99 - xlsx表格中读取的数据:3
2021-01-22 13:21:01 INFO  ExcelRead:99 - xlsx表格中读取的数据:1
2021-01-22 13:21:01 INFO  ExcelRead:99 - xlsx表格中读取的数据:3
2021-01-22 13:21:01 INFO  ExcelRead:99 - xlsx表格中读取的数据:张文浩
2021-01-22 13:21:01 INFO  ExcelRead:99 - xlsx表格中读取的数据:dengl07
2021-01-22 13:21:01 INFO  ExcelRead:99 - xlsx表格中读取的数据:2015-11-11 00:00:00
2021-01-22 13:21:01 INFO  ExcelRead:99 - xlsx表格中读取的数据:19:53:19
2021-01-22 13:21:01 INFO  ExcelRead:99 - xlsx表格中读取的数据:chenqt01
2021-01-22 13:21:01 INFO  ExcelRead:99 - xlsx表格中读取的数据:2015-11-12 00:00:00
2021-01-22 13:21:01 INFO  ExcelRead:99 - xlsx表格中读取的数据:09:00:16
2021-01-22 13:21:01 INFO  ExcelRead:99 - xlsx表格中读取的数据:dengl07
2021-01-22 13:21:01 INFO  ExcelRead:99 - xlsx表格中读取的数据:2014-03-25 00:00:00
2021-01-22 13:21:01 INFO  ExcelRead:99 - xlsx表格中读取的数据:17:49:23
2021-01-22 13:21:01 INFO  ExcelRead:99 - xlsx表格中读取的数据:2015-11-11 00:00:00
2021-01-22 13:21:01 INFO  ExcelRead:99 - xlsx表格中读取的数据:19:53:15
2021-01-22 13:21:01 INFO  ExcelRead:99 - xlsx表格中读取的数据:285301000026
2021-01-22 13:21:01 INFO  ExcelRead:99 - xlsx表格中读取的数据:5301
2021-01-22 13:21:01 INFO  ExcelRead:99 - xlsx表格中读取的数据:3
2021-01-22 13:21:01 INFO  ExcelRead:99 - xlsx表格中读取的数据:1
2021-01-22 13:21:01 INFO  ExcelRead:99 - xlsx表格中读取的数据:3
2021-01-22 13:21:01 INFO  ExcelRead:99 - xlsx表格中读取的数据:dengl07
2021-01-22 13:21:01 INFO  ExcelRead:99 - xlsx表格中读取的数据:2015-09-30 00:00:00
2021-01-22 13:21:01 INFO  ExcelRead:99 - xlsx表格中读取的数据:17:26:41
2021-01-22 13:21:01 INFO  ExcelRead:99 - xlsx表格中读取的数据:chenqt01
2021-01-22 13:21:01 INFO  ExcelRead:99 - xlsx表格中读取的数据:2015-10-09 00:00:00
2021-01-22 13:21:01 INFO  ExcelRead:99 - xlsx表格中读取的数据:10:06:47
2021-01-22 13:21:01 INFO  ExcelRead:99 - xlsx表格中读取的数据:dengl07
2021-01-22 13:21:01 INFO  ExcelRead:99 - xlsx表格中读取的数据:2014-09-19 00:00:00
2021-01-22 13:21:01 INFO  ExcelRead:99 - xlsx表格中读取的数据:11:56:02
2021-01-22 13:21:01 INFO  ExcelRead:99 - xlsx表格中读取的数据:2015-09-30 00:00:00
2021-01-22 13:21:01 INFO  ExcelRead:99 - xlsx表格中读取的数据:17:22:14
2021-01-22 13:21:01 INFO  ExcelRead:99 - xlsx表格中读取的数据:285301000037
2021-01-22 13:21:01 INFO  ExcelRead:99 - xlsx表格中读取的数据:5301
2021-01-22 13:21:01 INFO  ExcelRead:99 - xlsx表格中读取的数据:3
2021-01-22 13:21:01 INFO  ExcelRead:99 - xlsx表格中读取的数据:1
2021-01-22 13:21:01 INFO  ExcelRead:99 - xlsx表格中读取的数据:3
2021-01-22 13:21:01 INFO  ExcelRead:99 - xlsx表格中读取的数据:dengl07
2021-01-22 13:21:01 INFO  ExcelRead:99 - xlsx表格中读取的数据:2015-09-30 00:00:00
2021-01-22 13:21:01 INFO  ExcelRead:99 - xlsx表格中读取的数据:17:31:23
2021-01-22 13:21:01 INFO  ExcelRead:99 - xlsx表格中读取的数据:chenqt01
2021-01-22 13:21:01 INFO  ExcelRead:99 - xlsx表格中读取的数据:2015-10-09 00:00:00
2021-01-22 13:21:01 INFO  ExcelRead:99 - xlsx表格中读取的数据:10:06:47
2021-01-22 13:21:01 INFO  ExcelRead:99 - xlsx表格中读取的数据:dengl07
2021-01-22 13:21:01 INFO  ExcelRead:99 - xlsx表格中读取的数据:2014-11-04 00:00:00
2021-01-22 13:21:01 INFO  ExcelRead:99 - xlsx表格中读取的数据:18:07:43
2021-01-22 13:21:01 INFO  ExcelRead:99 - xlsx表格中读取的数据:2015-09-30 00:00:00
2021-01-22 13:21:01 INFO  ExcelRead:99 - xlsx表格中读取的数据:17:30:15
2021-01-22 13:21:01 INFO  ExcelRead:99 - xlsx表格中读取的数据:285301000038
2021-01-22 13:21:01 INFO  ExcelRead:99 - xlsx表格中读取的数据:5301
2021-01-22 13:21:01 INFO  ExcelRead:99 - xlsx表格中读取的数据:3
2021-01-22 13:21:01 INFO  ExcelRead:99 - xlsx表格中读取的数据:1
2021-01-22 13:21:01 INFO  ExcelRead:99 - xlsx表格中读取的数据:3
2021-01-22 13:21:01 INFO  ExcelRead:99 - xlsx表格中读取的数据:dengl07
2021-01-22 13:21:01 INFO  ExcelRead:99 - xlsx表格中读取的数据:2015-09-30 00:00:00
2021-01-22 13:21:01 INFO  ExcelRead:99 - xlsx表格中读取的数据:17:33:10
2021-01-22 13:21:01 INFO  ExcelRead:99 - xlsx表格中读取的数据:chenqt01
2021-01-22 13:21:01 INFO  ExcelRead:99 - xlsx表格中读取的数据:2015-10-09 00:00:00
2021-01-22 13:21:01 INFO  ExcelRead:99 - xlsx表格中读取的数据:10:06:47
2021-01-22 13:21:01 INFO  ExcelRead:99 - xlsx表格中读取的数据:dengl07
2021-01-22 13:21:01 INFO  ExcelRead:99 - xlsx表格中读取的数据:2014-11-07 00:00:00
2021-01-22 13:21:01 INFO  ExcelRead:99 - xlsx表格中读取的数据:14:22:47
2021-01-22 13:21:01 INFO  ExcelRead:99 - xlsx表格中读取的数据:2015-09-30 00:00:00
2021-01-22 13:21:01 INFO  ExcelRead:99 - xlsx表格中读取的数据:17:30:51
2021-01-22 13:21:01 INFO  ExcelRead:99 - xlsx表格中读取的数据:285301000045
2021-01-22 13:21:01 INFO  ExcelRead:99 - xlsx表格中读取的数据:5301
2021-01-22 13:21:01 INFO  ExcelRead:99 - xlsx表格中读取的数据:3
2021-01-22 13:21:01 INFO  ExcelRead:99 - xlsx表格中读取的数据:1
2021-01-22 13:21:01 INFO  ExcelRead:99 - xlsx表格中读取的数据:3
2021-01-22 13:21:01 INFO  ExcelRead:99 - xlsx表格中读取的数据:dengl07
2021-01-22 13:21:01 INFO  ExcelRead:99 - xlsx表格中读取的数据:2015-09-30 00:00:00
2021-01-22 13:21:01 INFO  ExcelRead:99 - xlsx表格中读取的数据:17:35:53
2021-01-22 13:21:01 INFO  ExcelRead:99 - xlsx表格中读取的数据:chenqt01
2021-01-22 13:21:01 INFO  ExcelRead:99 - xlsx表格中读取的数据:2015-10-09 00:00:00
2021-01-22 13:21:01 INFO  ExcelRead:99 - xlsx表格中读取的数据:10:06:47
2021-01-22 13:21:01 INFO  ExcelRead:99 - xlsx表格中读取的数据:dengl07
2021-01-22 13:21:01 INFO  ExcelRead:99 - xlsx表格中读取的数据:2014-11-13 00:00:00
2021-01-22 13:21:01 INFO  ExcelRead:99 - xlsx表格中读取的数据:11:02:12
2021-01-22 13:21:01 INFO  ExcelRead:99 - xlsx表格中读取的数据:2015-09-30 00:00:00
2021-01-22 13:21:01 INFO  ExcelRead:99 - xlsx表格中读取的数据:17:35:13
2021-01-22 13:21:01 INFO  ExcelRead:99 - xlsx表格中读取的数据:285301000281
2021-01-22 13:21:01 INFO  ExcelRead:99 - xlsx表格中读取的数据:5301
2021-01-22 13:21:01 INFO  ExcelRead:99 - xlsx表格中读取的数据:3
2021-01-22 13:21:01 INFO  ExcelRead:99 - xlsx表格中读取的数据:1
2021-01-22 13:21:01 INFO  ExcelRead:99 - xlsx表格中读取的数据:3
2021-01-22 13:21:01 INFO  ExcelRead:99 - xlsx表格中读取的数据:chenqt01
2021-01-22 13:21:01 INFO  ExcelRead:99 - xlsx表格中读取的数据:2015-01-21 00:00:00
2021-01-22 13:21:01 INFO  ExcelRead:99 - xlsx表格中读取的数据:09:20:48
2021-01-22 13:21:01 INFO  ExcelRead:99 - xlsx表格中读取的数据:dengl07
2021-01-22 13:21:01 INFO  ExcelRead:99 - xlsx表格中读取的数据:2014-12-17 00:00:00
2021-01-22 13:21:01 INFO  ExcelRead:99 - xlsx表格中读取的数据:17:07:36
2021-01-22 13:21:01 INFO  ExcelRead:99 - xlsx表格中读取的数据:2015-01-13 00:00:00
2021-01-22 13:21:01 INFO  ExcelRead:99 - xlsx表格中读取的数据:08:53:13
2021-01-22 13:21:01 INFO  ExcelRead:99 - xlsx表格中读取的数据:285301000398
2021-01-22 13:21:01 INFO  ExcelRead:99 - xlsx表格中读取的数据:5301
2021-01-22 13:21:01 INFO  ExcelRead:99 - xlsx表格中读取的数据:3
2021-01-22 13:21:01 INFO  ExcelRead:99 - xlsx表格中读取的数据:3
2021-01-22 13:21:01 INFO  ExcelRead:99 - xlsx表格中读取的数据:3
2021-01-22 13:21:01 INFO  ExcelRead:99 - xlsx表格中读取的数据:chenqt01
2021-01-22 13:21:01 INFO  ExcelRead:99 - xlsx表格中读取的数据:2016-03-01 00:00:00
2021-01-22 13:21:01 INFO  ExcelRead:99 - xlsx表格中读取的数据:09:29:27
2021-01-22 13:21:01 INFO  ExcelRead:99 - xlsx表格中读取的数据:dengl07
2021-01-22 13:21:01 INFO  ExcelRead:99 - xlsx表格中读取的数据:2014-12-29 00:00:00
2021-01-22 13:21:01 INFO  ExcelRead:99 - xlsx表格中读取的数据:09:24:14
2021-01-22 13:21:01 INFO  ExcelRead:99 - xlsx表格中读取的数据:2016-02-29 00:00:00
2021-01-22 13:21:01 INFO  ExcelRead:99 - xlsx表格中读取的数据:21:48:34
2021-01-22 13:21:01 INFO  ExcelRead:99 - xlsx表格中读取的数据:285301000417
2021-01-22 13:21:01 INFO  ExcelRead:99 - xlsx表格中读取的数据:5301
2021-01-22 13:21:01 INFO  ExcelRead:99 - xlsx表格中读取的数据:3
2021-01-22 13:21:01 INFO  ExcelRead:99 - xlsx表格中读取的数据:1
2021-01-22 13:21:01 INFO  ExcelRead:99 - xlsx表格中读取的数据:3
2021-01-22 13:21:01 INFO  ExcelRead:99 - xlsx表格中读取的数据:chenqt01
2021-01-22 13:21:01 INFO  ExcelRead:99 - xlsx表格中读取的数据:2015-01-21 00:00:00
2021-01-22 13:21:01 INFO  ExcelRead:99 - xlsx表格中读取的数据:09:20:48
2021-01-22 13:21:01 INFO  ExcelRead:99 - xlsx表格中读取的数据:dengl07
2021-01-22 13:21:01 INFO  ExcelRead:99 - xlsx表格中读取的数据:2014-12-29 00:00:00
2021-01-22 13:21:01 INFO  ExcelRead:99 - xlsx表格中读取的数据:15:36:41
2021-01-22 13:21:01 INFO  ExcelRead:99 - xlsx表格中读取的数据:2015-01-13 00:00:00
2021-01-22 13:21:01 INFO  ExcelRead:99 - xlsx表格中读取的数据:08:53:13
2021-01-22 13:21:01 INFO  ExcelRead:99 - xlsx表格中读取的数据:285301000432
2021-01-22 13:21:01 INFO  ExcelRead:99 - xlsx表格中读取的数据:5301
2021-01-22 13:21:01 INFO  ExcelRead:99 - xlsx表格中读取的数据:3
2021-01-22 13:21:01 INFO  ExcelRead:99 - xlsx表格中读取的数据:1
2021-01-22 13:21:01 INFO  ExcelRead:99 - xlsx表格中读取的数据:3
2021-01-22 13:21:01 INFO  ExcelRead:99 - xlsx表格中读取的数据:gzzhongm
2021-01-22 13:21:01 INFO  ExcelRead:99 - xlsx表格中读取的数据:2018-06-07 00:00:00
2021-01-22 13:21:01 INFO  ExcelRead:99 - xlsx表格中读取的数据:12:36:44
2021-01-22 13:21:01 INFO  ExcelRead:99 - xlsx表格中读取的数据:huangxj29
2021-01-22 13:21:01 INFO  ExcelRead:99 - xlsx表格中读取的数据:2018-06-08 00:00:00
2021-01-22 13:21:01 INFO  ExcelRead:99 - xlsx表格中读取的数据:13:52:32
2021-01-22 13:21:01 INFO  ExcelRead:99 - xlsx表格中读取的数据:gzzhongm
2021-01-22 13:21:01 INFO  ExcelRead:99 - xlsx表格中读取的数据:2018-06-07 00:00:00
2021-01-22 13:21:01 INFO  ExcelRead:99 - xlsx表格中读取的数据:11:17:23
2021-01-22 13:21:01 INFO  ExcelRead:99 - xlsx表格中读取的数据:2018-06-07 00:00:00
2021-01-22 13:21:01 INFO  ExcelRead:99 - xlsx表格中读取的数据:12:36:38
2021-01-22 13:21:12 INFO  ExcelRead:99 - xlsx表格中读取的数据:GRPCONTNO
2021-01-22 13:21:12 INFO  ExcelRead:99 - xlsx表格中读取的数据:MANAGECOM
2021-01-22 13:21:12 INFO  ExcelRead:99 - xlsx表格中读取的数据:SALECHNL
2021-01-22 13:21:12 INFO  ExcelRead:99 - xlsx表格中读取的数据:BUSINESSCHNL
2021-01-22 13:21:12 INFO  ExcelRead:99 - xlsx表格中读取的数据:COSTSTATE
2021-01-22 13:21:12 INFO  ExcelRead:99 - xlsx表格中读取的数据:STANDBYFLAG1
2021-01-22 13:21:12 INFO  ExcelRead:99 - xlsx表格中读取的数据:STANDBYFLAG2
2021-01-22 13:21:12 INFO  ExcelRead:99 - xlsx表格中读取的数据:STANDBYFLAG3
2021-01-22 13:21:12 INFO  ExcelRead:99 - xlsx表格中读取的数据:SUBMITOR
2021-01-22 13:21:12 INFO  ExcelRead:99 - xlsx表格中读取的数据:SUBMITDATE
2021-01-22 13:21:12 INFO  ExcelRead:99 - xlsx表格中读取的数据:SUBMITTIME
2021-01-22 13:21:12 INFO  ExcelRead:99 - xlsx表格中读取的数据:AUDITOR
2021-01-22 13:21:12 INFO  ExcelRead:99 - xlsx表格中读取的数据:AUDITDATE
2021-01-22 13:21:12 INFO  ExcelRead:99 - xlsx表格中读取的数据:AUDITTIME
2021-01-22 13:21:12 INFO  ExcelRead:99 - xlsx表格中读取的数据:OPERATOR
2021-01-22 13:21:12 INFO  ExcelRead:99 - xlsx表格中读取的数据:MAKEDATE
2021-01-22 13:21:12 INFO  ExcelRead:99 - xlsx表格中读取的数据:MAKETIME
2021-01-22 13:21:12 INFO  ExcelRead:99 - xlsx表格中读取的数据:MODIFYDATE
2021-01-22 13:21:12 INFO  ExcelRead:99 - xlsx表格中读取的数据:MODIFYTIME
2021-01-22 13:21:12 INFO  ExcelRead:99 - xlsx表格中读取的数据:285301000004
2021-01-22 13:21:12 INFO  ExcelRead:99 - xlsx表格中读取的数据:5301
2021-01-22 13:21:12 INFO  ExcelRead:99 - xlsx表格中读取的数据:3
2021-01-22 13:21:12 INFO  ExcelRead:99 - xlsx表格中读取的数据:1
2021-01-22 13:21:12 INFO  ExcelRead:99 - xlsx表格中读取的数据:3
2021-01-22 13:21:12 INFO  ExcelRead:99 - xlsx表格中读取的数据:张文浩
2021-01-22 13:21:12 INFO  ExcelRead:99 - xlsx表格中读取的数据:dengl07
2021-01-22 13:21:13 INFO  ExcelRead:99 - xlsx表格中读取的数据:2015-11-11
2021-01-22 13:21:13 INFO  ExcelRead:99 - xlsx表格中读取的数据:19:53:19
2021-01-22 13:21:13 INFO  ExcelRead:99 - xlsx表格中读取的数据:chenqt01
2021-01-22 13:21:13 INFO  ExcelRead:99 - xlsx表格中读取的数据:2015-11-12
2021-01-22 13:21:13 INFO  ExcelRead:99 - xlsx表格中读取的数据:09:00:16
2021-01-22 13:21:13 INFO  ExcelRead:99 - xlsx表格中读取的数据:dengl07
2021-01-22 13:21:13 INFO  ExcelRead:99 - xlsx表格中读取的数据:2014-03-25
2021-01-22 13:21:13 INFO  ExcelRead:99 - xlsx表格中读取的数据:17:49:23
2021-01-22 13:21:13 INFO  ExcelRead:99 - xlsx表格中读取的数据:2015-11-11
2021-01-22 13:21:13 INFO  ExcelRead:99 - xlsx表格中读取的数据:19:53:15
2021-01-22 13:21:13 INFO  ExcelRead:99 - xlsx表格中读取的数据:285301000026
2021-01-22 13:21:13 INFO  ExcelRead:99 - xlsx表格中读取的数据:5301
2021-01-22 13:21:13 INFO  ExcelRead:99 - xlsx表格中读取的数据:3
2021-01-22 13:21:13 INFO  ExcelRead:99 - xlsx表格中读取的数据:1
2021-01-22 13:21:13 INFO  ExcelRead:99 - xlsx表格中读取的数据:3
2021-01-22 13:21:13 INFO  ExcelRead:99 - xlsx表格中读取的数据:dengl07
2021-01-22 13:21:13 INFO  ExcelRead:99 - xlsx表格中读取的数据:2015-09-30
2021-01-22 13:21:13 INFO  ExcelRead:99 - xlsx表格中读取的数据:17:26:41
2021-01-22 13:21:13 INFO  ExcelRead:99 - xlsx表格中读取的数据:chenqt01
2021-01-22 13:21:13 INFO  ExcelRead:99 - xlsx表格中读取的数据:2015-10-09
2021-01-22 13:21:13 INFO  ExcelRead:99 - xlsx表格中读取的数据:10:06:47
2021-01-22 13:21:13 INFO  ExcelRead:99 - xlsx表格中读取的数据:dengl07
2021-01-22 13:21:13 INFO  ExcelRead:99 - xlsx表格中读取的数据:2014-09-19
2021-01-22 13:21:13 INFO  ExcelRead:99 - xlsx表格中读取的数据:11:56:02
2021-01-22 13:21:13 INFO  ExcelRead:99 - xlsx表格中读取的数据:2015-09-30
2021-01-22 13:21:13 INFO  ExcelRead:99 - xlsx表格中读取的数据:17:22:14
2021-01-22 13:21:13 INFO  ExcelRead:99 - xlsx表格中读取的数据:285301000037
2021-01-22 13:21:13 INFO  ExcelRead:99 - xlsx表格中读取的数据:5301
2021-01-22 13:21:13 INFO  ExcelRead:99 - xlsx表格中读取的数据:3
2021-01-22 13:21:13 INFO  ExcelRead:99 - xlsx表格中读取的数据:1
2021-01-22 13:21:13 INFO  ExcelRead:99 - xlsx表格中读取的数据:3
2021-01-22 13:21:13 INFO  ExcelRead:99 - xlsx表格中读取的数据:dengl07
2021-01-22 13:21:13 INFO  ExcelRead:99 - xlsx表格中读取的数据:2015-09-30
2021-01-22 13:21:13 INFO  ExcelRead:99 - xlsx表格中读取的数据:17:31:23
2021-01-22 13:21:13 INFO  ExcelRead:99 - xlsx表格中读取的数据:chenqt01
2021-01-22 13:21:13 INFO  ExcelRead:99 - xlsx表格中读取的数据:2015-10-09
2021-01-22 13:21:13 INFO  ExcelRead:99 - xlsx表格中读取的数据:10:06:47
2021-01-22 13:21:13 INFO  ExcelRead:99 - xlsx表格中读取的数据:dengl07
2021-01-22 13:21:13 INFO  ExcelRead:99 - xlsx表格中读取的数据:2014-11-04
2021-01-22 13:21:13 INFO  ExcelRead:99 - xlsx表格中读取的数据:18:07:43
2021-01-22 13:21:13 INFO  ExcelRead:99 - xlsx表格中读取的数据:2015-09-30
2021-01-22 13:21:13 INFO  ExcelRead:99 - xlsx表格中读取的数据:17:30:15
2021-01-22 13:21:13 INFO  ExcelRead:99 - xlsx表格中读取的数据:285301000038
2021-01-22 13:21:13 INFO  ExcelRead:99 - xlsx表格中读取的数据:5301
2021-01-22 13:21:13 INFO  ExcelRead:99 - xlsx表格中读取的数据:3
2021-01-22 13:21:13 INFO  ExcelRead:99 - xlsx表格中读取的数据:1
2021-01-22 13:21:13 INFO  ExcelRead:99 - xlsx表格中读取的数据:3
2021-01-22 13:21:13 INFO  ExcelRead:99 - xlsx表格中读取的数据:dengl07
2021-01-22 13:21:13 INFO  ExcelRead:99 - xlsx表格中读取的数据:2015-09-30
2021-01-22 13:21:13 INFO  ExcelRead:99 - xlsx表格中读取的数据:17:33:10
2021-01-22 13:21:13 INFO  ExcelRead:99 - xlsx表格中读取的数据:chenqt01
2021-01-22 13:21:13 INFO  ExcelRead:99 - xlsx表格中读取的数据:2015-10-09
2021-01-22 13:21:13 INFO  ExcelRead:99 - xlsx表格中读取的数据:10:06:47
2021-01-22 13:21:13 INFO  ExcelRead:99 - xlsx表格中读取的数据:dengl07
2021-01-22 13:21:13 INFO  ExcelRead:99 - xlsx表格中读取的数据:2014-11-07
2021-01-22 13:21:13 INFO  ExcelRead:99 - xlsx表格中读取的数据:14:22:47
2021-01-22 13:21:13 INFO  ExcelRead:99 - xlsx表格中读取的数据:2015-09-30
2021-01-22 13:21:13 INFO  ExcelRead:99 - xlsx表格中读取的数据:17:30:51
2021-01-22 13:21:13 INFO  ExcelRead:99 - xlsx表格中读取的数据:285301000045
2021-01-22 13:21:13 INFO  ExcelRead:99 - xlsx表格中读取的数据:5301
2021-01-22 13:21:13 INFO  ExcelRead:99 - xlsx表格中读取的数据:3
2021-01-22 13:21:13 INFO  ExcelRead:99 - xlsx表格中读取的数据:1
2021-01-22 13:21:13 INFO  ExcelRead:99 - xlsx表格中读取的数据:3
2021-01-22 13:21:13 INFO  ExcelRead:99 - xlsx表格中读取的数据:dengl07
2021-01-22 13:21:13 INFO  ExcelRead:99 - xlsx表格中读取的数据:2015-09-30
2021-01-22 13:21:13 INFO  ExcelRead:99 - xlsx表格中读取的数据:17:35:53
2021-01-22 13:21:13 INFO  ExcelRead:99 - xlsx表格中读取的数据:chenqt01
2021-01-22 13:21:13 INFO  ExcelRead:99 - xlsx表格中读取的数据:2015-10-09
2021-01-22 13:21:13 INFO  ExcelRead:99 - xlsx表格中读取的数据:10:06:47
2021-01-22 13:21:13 INFO  ExcelRead:99 - xlsx表格中读取的数据:dengl07
2021-01-22 13:21:13 INFO  ExcelRead:99 - xlsx表格中读取的数据:2014-11-13
2021-01-22 13:21:13 INFO  ExcelRead:99 - xlsx表格中读取的数据:11:02:12
2021-01-22 13:21:13 INFO  ExcelRead:99 - xlsx表格中读取的数据:2015-09-30
2021-01-22 13:21:13 INFO  ExcelRead:99 - xlsx表格中读取的数据:17:35:13
2021-01-22 13:21:13 INFO  ExcelRead:99 - xlsx表格中读取的数据:285301000281
2021-01-22 13:21:13 INFO  ExcelRead:99 - xlsx表格中读取的数据:5301
2021-01-22 13:21:13 INFO  ExcelRead:99 - xlsx表格中读取的数据:3
2021-01-22 13:21:13 INFO  ExcelRead:99 - xlsx表格中读取的数据:1
2021-01-22 13:21:13 INFO  ExcelRead:99 - xlsx表格中读取的数据:3
2021-01-22 13:21:13 INFO  ExcelRead:99 - xlsx表格中读取的数据:chenqt01
2021-01-22 13:21:13 INFO  ExcelRead:99 - xlsx表格中读取的数据:2015-01-21
2021-01-22 13:21:13 INFO  ExcelRead:99 - xlsx表格中读取的数据:09:20:48
2021-01-22 13:21:13 INFO  ExcelRead:99 - xlsx表格中读取的数据:dengl07
2021-01-22 13:21:13 INFO  ExcelRead:99 - xlsx表格中读取的数据:2014-12-17
2021-01-22 13:21:13 INFO  ExcelRead:99 - xlsx表格中读取的数据:17:07:36
2021-01-22 13:21:13 INFO  ExcelRead:99 - xlsx表格中读取的数据:2015-01-13
2021-01-22 13:21:13 INFO  ExcelRead:99 - xlsx表格中读取的数据:08:53:13
2021-01-22 13:21:13 INFO  ExcelRead:99 - xlsx表格中读取的数据:285301000398
2021-01-22 13:21:13 INFO  ExcelRead:99 - xlsx表格中读取的数据:5301
2021-01-22 13:21:13 INFO  ExcelRead:99 - xlsx表格中读取的数据:3
2021-01-22 13:21:13 INFO  ExcelRead:99 - xlsx表格中读取的数据:3
2021-01-22 13:21:13 INFO  ExcelRead:99 - xlsx表格中读取的数据:3
2021-01-22 13:21:13 INFO  ExcelRead:99 - xlsx表格中读取的数据:chenqt01
2021-01-22 13:21:13 INFO  ExcelRead:99 - xlsx表格中读取的数据:2016-03-01
2021-01-22 13:21:13 INFO  ExcelRead:99 - xlsx表格中读取的数据:09:29:27
2021-01-22 13:21:13 INFO  ExcelRead:99 - xlsx表格中读取的数据:dengl07
2021-01-22 13:21:13 INFO  ExcelRead:99 - xlsx表格中读取的数据:2014-12-29
2021-01-22 13:21:13 INFO  ExcelRead:99 - xlsx表格中读取的数据:09:24:14
2021-01-22 13:21:13 INFO  ExcelRead:99 - xlsx表格中读取的数据:2016-02-29
2021-01-22 13:21:13 INFO  ExcelRead:99 - xlsx表格中读取的数据:21:48:34
2021-01-22 13:21:13 INFO  ExcelRead:99 - xlsx表格中读取的数据:285301000417
2021-01-22 13:21:13 INFO  ExcelRead:99 - xlsx表格中读取的数据:5301
2021-01-22 13:21:13 INFO  ExcelRead:99 - xlsx表格中读取的数据:3
2021-01-22 13:21:13 INFO  ExcelRead:99 - xlsx表格中读取的数据:1
2021-01-22 13:21:13 INFO  ExcelRead:99 - xlsx表格中读取的数据:3
2021-01-22 13:21:13 INFO  ExcelRead:99 - xlsx表格中读取的数据:chenqt01
2021-01-22 13:21:13 INFO  ExcelRead:99 - xlsx表格中读取的数据:2015-01-21
2021-01-22 13:21:13 INFO  ExcelRead:99 - xlsx表格中读取的数据:09:20:48
2021-01-22 13:21:13 INFO  ExcelRead:99 - xlsx表格中读取的数据:dengl07
2021-01-22 13:21:13 INFO  ExcelRead:99 - xlsx表格中读取的数据:2014-12-29
2021-01-22 13:21:13 INFO  ExcelRead:99 - xlsx表格中读取的数据:15:36:41
2021-01-22 13:21:13 INFO  ExcelRead:99 - xlsx表格中读取的数据:2015-01-13
2021-01-22 13:21:13 INFO  ExcelRead:99 - xlsx表格中读取的数据:08:53:13
2021-01-22 13:21:13 INFO  ExcelRead:99 - xlsx表格中读取的数据:285301000432
2021-01-22 13:21:13 INFO  ExcelRead:99 - xlsx表格中读取的数据:5301
2021-01-22 13:21:13 INFO  ExcelRead:99 - xlsx表格中读取的数据:3
2021-01-22 13:21:13 INFO  ExcelRead:99 - xlsx表格中读取的数据:1
2021-01-22 13:21:13 INFO  ExcelRead:99 - xlsx表格中读取的数据:3
2021-01-22 13:21:13 INFO  ExcelRead:99 - xlsx表格中读取的数据:gzzhongm
2021-01-22 13:21:13 INFO  ExcelRead:99 - xlsx表格中读取的数据:2018-06-07
2021-01-22 13:21:13 INFO  ExcelRead:99 - xlsx表格中读取的数据:12:36:44
2021-01-22 13:21:13 INFO  ExcelRead:99 - xlsx表格中读取的数据:huangxj29
2021-01-22 13:21:13 INFO  ExcelRead:99 - xlsx表格中读取的数据:2018-06-08
2021-01-22 13:21:13 INFO  ExcelRead:99 - xlsx表格中读取的数据:13:52:32
2021-01-22 13:21:13 INFO  ExcelRead:99 - xlsx表格中读取的数据:gzzhongm
2021-01-22 13:21:13 INFO  ExcelRead:99 - xlsx表格中读取的数据:2018-06-07
2021-01-22 13:21:13 INFO  ExcelRead:99 - xlsx表格中读取的数据:11:17:23
2021-01-22 13:21:13 INFO  ExcelRead:99 - xlsx表格中读取的数据:2018-06-07
2021-01-22 13:21:13 INFO  ExcelRead:99 - xlsx表格中读取的数据:12:36:38
2021-01-22 13:21:59 INFO  ExcelRead:99 - xlsx表格中读取的数据:GRPCONTNO
2021-01-22 13:21:59 INFO  ExcelRead:99 - xlsx表格中读取的数据:MANAGECOM
2021-01-22 13:21:59 INFO  ExcelRead:99 - xlsx表格中读取的数据:SALECHNL
2021-01-22 13:21:59 INFO  ExcelRead:99 - xlsx表格中读取的数据:BUSINESSCHNL
2021-01-22 13:21:59 INFO  ExcelRead:99 - xlsx表格中读取的数据:COSTSTATE
2021-01-22 13:21:59 INFO  ExcelRead:99 - xlsx表格中读取的数据:STANDBYFLAG1
2021-01-22 13:21:59 INFO  ExcelRead:99 - xlsx表格中读取的数据:STANDBYFLAG2
2021-01-22 13:21:59 INFO  ExcelRead:99 - xlsx表格中读取的数据:STANDBYFLAG3
2021-01-22 13:21:59 INFO  ExcelRead:99 - xlsx表格中读取的数据:SUBMITOR
2021-01-22 13:21:59 INFO  ExcelRead:99 - xlsx表格中读取的数据:SUBMITDATE
2021-01-22 13:21:59 INFO  ExcelRead:99 - xlsx表格中读取的数据:SUBMITTIME
2021-01-22 13:21:59 INFO  ExcelRead:99 - xlsx表格中读取的数据:AUDITOR
2021-01-22 13:21:59 INFO  ExcelRead:99 - xlsx表格中读取的数据:AUDITDATE
2021-01-22 13:21:59 INFO  ExcelRead:99 - xlsx表格中读取的数据:AUDITTIME
2021-01-22 13:21:59 INFO  ExcelRead:99 - xlsx表格中读取的数据:OPERATOR
2021-01-22 13:21:59 INFO  ExcelRead:99 - xlsx表格中读取的数据:MAKEDATE
2021-01-22 13:21:59 INFO  ExcelRead:99 - xlsx表格中读取的数据:MAKETIME
2021-01-22 13:21:59 INFO  ExcelRead:99 - xlsx表格中读取的数据:MODIFYDATE
2021-01-22 13:21:59 INFO  ExcelRead:99 - xlsx表格中读取的数据:MODIFYTIME
2021-01-22 13:21:59 INFO  ExcelRead:99 - xlsx表格中读取的数据:285301000004
2021-01-22 13:21:59 INFO  ExcelRead:99 - xlsx表格中读取的数据:5301
2021-01-22 13:21:59 INFO  ExcelRead:99 - xlsx表格中读取的数据:3
2021-01-22 13:21:59 INFO  ExcelRead:99 - xlsx表格中读取的数据:1
2021-01-22 13:21:59 INFO  ExcelRead:99 - xlsx表格中读取的数据:3
2021-01-22 13:21:59 INFO  ExcelRead:99 - xlsx表格中读取的数据:张文浩
2021-01-22 13:21:59 INFO  ExcelRead:99 - xlsx表格中读取的数据:dengl07
2021-01-22 13:21:59 INFO  ExcelRead:99 - xlsx表格中读取的数据:2015-11-11
2021-01-22 13:21:59 INFO  ExcelRead:99 - xlsx表格中读取的数据:Sun Dec 31 19:47:36 CST 1899
2021-01-22 13:21:59 INFO  ExcelRead:99 - xlsx表格中读取的数据:chenqt01
2021-01-22 13:21:59 INFO  ExcelRead:99 - xlsx表格中读取的数据:2015-11-12
2021-01-22 13:21:59 INFO  ExcelRead:99 - xlsx表格中读取的数据:Sun Dec 31 08:54:33 CST 1899
2021-01-22 13:21:59 INFO  ExcelRead:99 - xlsx表格中读取的数据:dengl07
2021-01-22 13:21:59 INFO  ExcelRead:99 - xlsx表格中读取的数据:2014-03-25
2021-01-22 13:21:59 INFO  ExcelRead:99 - xlsx表格中读取的数据:Sun Dec 31 17:43:40 CST 1899
2021-01-22 13:21:59 INFO  ExcelRead:99 - xlsx表格中读取的数据:2015-11-11
2021-01-22 13:21:59 INFO  ExcelRead:99 - xlsx表格中读取的数据:Sun Dec 31 19:47:32 CST 1899
2021-01-22 13:21:59 INFO  ExcelRead:99 - xlsx表格中读取的数据:285301000026
2021-01-22 13:21:59 INFO  ExcelRead:99 - xlsx表格中读取的数据:5301
2021-01-22 13:21:59 INFO  ExcelRead:99 - xlsx表格中读取的数据:3
2021-01-22 13:21:59 INFO  ExcelRead:99 - xlsx表格中读取的数据:1
2021-01-22 13:21:59 INFO  ExcelRead:99 - xlsx表格中读取的数据:3
2021-01-22 13:21:59 INFO  ExcelRead:99 - xlsx表格中读取的数据:dengl07
2021-01-22 13:21:59 INFO  ExcelRead:99 - xlsx表格中读取的数据:2015-09-30
2021-01-22 13:21:59 INFO  ExcelRead:99 - xlsx表格中读取的数据:Sun Dec 31 17:20:58 CST 1899
2021-01-22 13:21:59 INFO  ExcelRead:99 - xlsx表格中读取的数据:chenqt01
2021-01-22 13:21:59 INFO  ExcelRead:99 - xlsx表格中读取的数据:2015-10-09
2021-01-22 13:21:59 INFO  ExcelRead:99 - xlsx表格中读取的数据:Sun Dec 31 10:01:04 CST 1899
2021-01-22 13:21:59 INFO  ExcelRead:99 - xlsx表格中读取的数据:dengl07
2021-01-22 13:21:59 INFO  ExcelRead:99 - xlsx表格中读取的数据:2014-09-19
2021-01-22 13:21:59 INFO  ExcelRead:99 - xlsx表格中读取的数据:Sun Dec 31 11:50:19 CST 1899
2021-01-22 13:21:59 INFO  ExcelRead:99 - xlsx表格中读取的数据:2015-09-30
2021-01-22 13:21:59 INFO  ExcelRead:99 - xlsx表格中读取的数据:Sun Dec 31 17:16:31 CST 1899
2021-01-22 13:21:59 INFO  ExcelRead:99 - xlsx表格中读取的数据:285301000037
2021-01-22 13:21:59 INFO  ExcelRead:99 - xlsx表格中读取的数据:5301
2021-01-22 13:21:59 INFO  ExcelRead:99 - xlsx表格中读取的数据:3
2021-01-22 13:21:59 INFO  ExcelRead:99 - xlsx表格中读取的数据:1
2021-01-22 13:21:59 INFO  ExcelRead:99 - xlsx表格中读取的数据:3
2021-01-22 13:21:59 INFO  ExcelRead:99 - xlsx表格中读取的数据:dengl07
2021-01-22 13:21:59 INFO  ExcelRead:99 - xlsx表格中读取的数据:2015-09-30
2021-01-22 13:21:59 INFO  ExcelRead:99 - xlsx表格中读取的数据:Sun Dec 31 17:25:40 CST 1899
2021-01-22 13:21:59 INFO  ExcelRead:99 - xlsx表格中读取的数据:chenqt01
2021-01-22 13:21:59 INFO  ExcelRead:99 - xlsx表格中读取的数据:2015-10-09
2021-01-22 13:21:59 INFO  ExcelRead:99 - xlsx表格中读取的数据:Sun Dec 31 10:01:04 CST 1899
2021-01-22 13:21:59 INFO  ExcelRead:99 - xlsx表格中读取的数据:dengl07
2021-01-22 13:21:59 INFO  ExcelRead:99 - xlsx表格中读取的数据:2014-11-04
2021-01-22 13:21:59 INFO  ExcelRead:99 - xlsx表格中读取的数据:Sun Dec 31 18:02:00 CST 1899
2021-01-22 13:21:59 INFO  ExcelRead:99 - xlsx表格中读取的数据:2015-09-30
2021-01-22 13:21:59 INFO  ExcelRead:99 - xlsx表格中读取的数据:Sun Dec 31 17:24:32 CST 1899
2021-01-22 13:21:59 INFO  ExcelRead:99 - xlsx表格中读取的数据:285301000038
2021-01-22 13:21:59 INFO  ExcelRead:99 - xlsx表格中读取的数据:5301
2021-01-22 13:21:59 INFO  ExcelRead:99 - xlsx表格中读取的数据:3
2021-01-22 13:21:59 INFO  ExcelRead:99 - xlsx表格中读取的数据:1
2021-01-22 13:21:59 INFO  ExcelRead:99 - xlsx表格中读取的数据:3
2021-01-22 13:21:59 INFO  ExcelRead:99 - xlsx表格中读取的数据:dengl07
2021-01-22 13:21:59 INFO  ExcelRead:99 - xlsx表格中读取的数据:2015-09-30
2021-01-22 13:21:59 INFO  ExcelRead:99 - xlsx表格中读取的数据:Sun Dec 31 17:27:27 CST 1899
2021-01-22 13:21:59 INFO  ExcelRead:99 - xlsx表格中读取的数据:chenqt01
2021-01-22 13:21:59 INFO  ExcelRead:99 - xlsx表格中读取的数据:2015-10-09
2021-01-22 13:21:59 INFO  ExcelRead:99 - xlsx表格中读取的数据:Sun Dec 31 10:01:04 CST 1899
2021-01-22 13:21:59 INFO  ExcelRead:99 - xlsx表格中读取的数据:dengl07
2021-01-22 13:21:59 INFO  ExcelRead:99 - xlsx表格中读取的数据:2014-11-07
2021-01-22 13:21:59 INFO  ExcelRead:99 - xlsx表格中读取的数据:Sun Dec 31 14:17:04 CST 1899
2021-01-22 13:21:59 INFO  ExcelRead:99 - xlsx表格中读取的数据:2015-09-30
2021-01-22 13:21:59 INFO  ExcelRead:99 - xlsx表格中读取的数据:Sun Dec 31 17:25:08 CST 1899
2021-01-22 13:21:59 INFO  ExcelRead:99 - xlsx表格中读取的数据:285301000045
2021-01-22 13:21:59 INFO  ExcelRead:99 - xlsx表格中读取的数据:5301
2021-01-22 13:21:59 INFO  ExcelRead:99 - xlsx表格中读取的数据:3
2021-01-22 13:21:59 INFO  ExcelRead:99 - xlsx表格中读取的数据:1
2021-01-22 13:21:59 INFO  ExcelRead:99 - xlsx表格中读取的数据:3
2021-01-22 13:21:59 INFO  ExcelRead:99 - xlsx表格中读取的数据:dengl07
2021-01-22 13:21:59 INFO  ExcelRead:99 - xlsx表格中读取的数据:2015-09-30
2021-01-22 13:21:59 INFO  ExcelRead:99 - xlsx表格中读取的数据:Sun Dec 31 17:30:10 CST 1899
2021-01-22 13:21:59 INFO  ExcelRead:99 - xlsx表格中读取的数据:chenqt01
2021-01-22 13:21:59 INFO  ExcelRead:99 - xlsx表格中读取的数据:2015-10-09
2021-01-22 13:21:59 INFO  ExcelRead:99 - xlsx表格中读取的数据:Sun Dec 31 10:01:04 CST 1899
2021-01-22 13:21:59 INFO  ExcelRead:99 - xlsx表格中读取的数据:dengl07
2021-01-22 13:21:59 INFO  ExcelRead:99 - xlsx表格中读取的数据:2014-11-13
2021-01-22 13:21:59 INFO  ExcelRead:99 - xlsx表格中读取的数据:Sun Dec 31 10:56:29 CST 1899
2021-01-22 13:21:59 INFO  ExcelRead:99 - xlsx表格中读取的数据:2015-09-30
2021-01-22 13:21:59 INFO  ExcelRead:99 - xlsx表格中读取的数据:Sun Dec 31 17:29:30 CST 1899
2021-01-22 13:21:59 INFO  ExcelRead:99 - xlsx表格中读取的数据:285301000281
2021-01-22 13:21:59 INFO  ExcelRead:99 - xlsx表格中读取的数据:5301
2021-01-22 13:21:59 INFO  ExcelRead:99 - xlsx表格中读取的数据:3
2021-01-22 13:21:59 INFO  ExcelRead:99 - xlsx表格中读取的数据:1
2021-01-22 13:21:59 INFO  ExcelRead:99 - xlsx表格中读取的数据:3
2021-01-22 13:21:59 INFO  ExcelRead:99 - xlsx表格中读取的数据:chenqt01
2021-01-22 13:21:59 INFO  ExcelRead:99 - xlsx表格中读取的数据:2015-01-21
2021-01-22 13:21:59 INFO  ExcelRead:99 - xlsx表格中读取的数据:Sun Dec 31 09:15:05 CST 1899
2021-01-22 13:21:59 INFO  ExcelRead:99 - xlsx表格中读取的数据:dengl07
2021-01-22 13:21:59 INFO  ExcelRead:99 - xlsx表格中读取的数据:2014-12-17
2021-01-22 13:21:59 INFO  ExcelRead:99 - xlsx表格中读取的数据:Sun Dec 31 17:01:53 CST 1899
2021-01-22 13:21:59 INFO  ExcelRead:99 - xlsx表格中读取的数据:2015-01-13
2021-01-22 13:21:59 INFO  ExcelRead:99 - xlsx表格中读取的数据:Sun Dec 31 08:47:30 CST 1899
2021-01-22 13:21:59 INFO  ExcelRead:99 - xlsx表格中读取的数据:285301000398
2021-01-22 13:21:59 INFO  ExcelRead:99 - xlsx表格中读取的数据:5301
2021-01-22 13:21:59 INFO  ExcelRead:99 - xlsx表格中读取的数据:3
2021-01-22 13:21:59 INFO  ExcelRead:99 - xlsx表格中读取的数据:3
2021-01-22 13:21:59 INFO  ExcelRead:99 - xlsx表格中读取的数据:3
2021-01-22 13:21:59 INFO  ExcelRead:99 - xlsx表格中读取的数据:chenqt01
2021-01-22 13:21:59 INFO  ExcelRead:99 - xlsx表格中读取的数据:2016-03-01
2021-01-22 13:21:59 INFO  ExcelRead:99 - xlsx表格中读取的数据:Sun Dec 31 09:23:44 CST 1899
2021-01-22 13:21:59 INFO  ExcelRead:99 - xlsx表格中读取的数据:dengl07
2021-01-22 13:21:59 INFO  ExcelRead:99 - xlsx表格中读取的数据:2014-12-29
2021-01-22 13:21:59 INFO  ExcelRead:99 - xlsx表格中读取的数据:Sun Dec 31 09:18:31 CST 1899
2021-01-22 13:21:59 INFO  ExcelRead:99 - xlsx表格中读取的数据:2016-02-29
2021-01-22 13:21:59 INFO  ExcelRead:99 - xlsx表格中读取的数据:Sun Dec 31 21:42:51 CST 1899
2021-01-22 13:21:59 INFO  ExcelRead:99 - xlsx表格中读取的数据:285301000417
2021-01-22 13:21:59 INFO  ExcelRead:99 - xlsx表格中读取的数据:5301
2021-01-22 13:21:59 INFO  ExcelRead:99 - xlsx表格中读取的数据:3
2021-01-22 13:21:59 INFO  ExcelRead:99 - xlsx表格中读取的数据:1
2021-01-22 13:21:59 INFO  ExcelRead:99 - xlsx表格中读取的数据:3
2021-01-22 13:21:59 INFO  ExcelRead:99 - xlsx表格中读取的数据:chenqt01
2021-01-22 13:21:59 INFO  ExcelRead:99 - xlsx表格中读取的数据:2015-01-21
2021-01-22 13:21:59 INFO  ExcelRead:99 - xlsx表格中读取的数据:Sun Dec 31 09:15:05 CST 1899
2021-01-22 13:21:59 INFO  ExcelRead:99 - xlsx表格中读取的数据:dengl07
2021-01-22 13:21:59 INFO  ExcelRead:99 - xlsx表格中读取的数据:2014-12-29
2021-01-22 13:21:59 INFO  ExcelRead:99 - xlsx表格中读取的数据:Sun Dec 31 15:30:58 CST 1899
2021-01-22 13:21:59 INFO  ExcelRead:99 - xlsx表格中读取的数据:2015-01-13
2021-01-22 13:21:59 INFO  ExcelRead:99 - xlsx表格中读取的数据:Sun Dec 31 08:47:30 CST 1899
2021-01-22 13:21:59 INFO  ExcelRead:99 - xlsx表格中读取的数据:285301000432
2021-01-22 13:21:59 INFO  ExcelRead:99 - xlsx表格中读取的数据:5301
2021-01-22 13:21:59 INFO  ExcelRead:99 - xlsx表格中读取的数据:3
2021-01-22 13:21:59 INFO  ExcelRead:99 - xlsx表格中读取的数据:1
2021-01-22 13:21:59 INFO  ExcelRead:99 - xlsx表格中读取的数据:3
2021-01-22 13:21:59 INFO  ExcelRead:99 - xlsx表格中读取的数据:gzzhongm
2021-01-22 13:21:59 INFO  ExcelRead:99 - xlsx表格中读取的数据:2018-06-07
2021-01-22 13:21:59 INFO  ExcelRead:99 - xlsx表格中读取的数据:Sun Dec 31 12:31:01 CST 1899
2021-01-22 13:21:59 INFO  ExcelRead:99 - xlsx表格中读取的数据:huangxj29
2021-01-22 13:21:59 INFO  ExcelRead:99 - xlsx表格中读取的数据:2018-06-08
2021-01-22 13:21:59 INFO  ExcelRead:99 - xlsx表格中读取的数据:Sun Dec 31 13:46:49 CST 1899
2021-01-22 13:21:59 INFO  ExcelRead:99 - xlsx表格中读取的数据:gzzhongm
2021-01-22 13:21:59 INFO  ExcelRead:99 - xlsx表格中读取的数据:2018-06-07
2021-01-22 13:21:59 INFO  ExcelRead:99 - xlsx表格中读取的数据:Sun Dec 31 11:11:40 CST 1899
2021-01-22 13:21:59 INFO  ExcelRead:99 - xlsx表格中读取的数据:2018-06-07
2021-01-22 13:21:59 INFO  ExcelRead:99 - xlsx表格中读取的数据:Sun Dec 31 12:30:55 CST 1899
2021-01-22 13:24:21 INFO  ExcelRead:99 - xlsx表格中读取的数据:GRPCONTNO
2021-01-22 13:24:21 INFO  ExcelRead:99 - xlsx表格中读取的数据:MANAGECOM
2021-01-22 13:24:21 INFO  ExcelRead:99 - xlsx表格中读取的数据:SALECHNL
2021-01-22 13:24:21 INFO  ExcelRead:99 - xlsx表格中读取的数据:BUSINESSCHNL
2021-01-22 13:24:21 INFO  ExcelRead:99 - xlsx表格中读取的数据:COSTSTATE
2021-01-22 13:24:21 INFO  ExcelRead:99 - xlsx表格中读取的数据:STANDBYFLAG1
2021-01-22 13:24:21 INFO  ExcelRead:99 - xlsx表格中读取的数据:STANDBYFLAG2
2021-01-22 13:24:21 INFO  ExcelRead:99 - xlsx表格中读取的数据:STANDBYFLAG3
2021-01-22 13:24:21 INFO  ExcelRead:99 - xlsx表格中读取的数据:SUBMITOR
2021-01-22 13:24:21 INFO  ExcelRead:99 - xlsx表格中读取的数据:SUBMITDATE
2021-01-22 13:24:21 INFO  ExcelRead:99 - xlsx表格中读取的数据:SUBMITTIME
2021-01-22 13:24:21 INFO  ExcelRead:99 - xlsx表格中读取的数据:AUDITOR
2021-01-22 13:24:21 INFO  ExcelRead:99 - xlsx表格中读取的数据:AUDITDATE
2021-01-22 13:24:21 INFO  ExcelRead:99 - xlsx表格中读取的数据:AUDITTIME
2021-01-22 13:24:21 INFO  ExcelRead:99 - xlsx表格中读取的数据:OPERATOR
2021-01-22 13:24:21 INFO  ExcelRead:99 - xlsx表格中读取的数据:MAKEDATE
2021-01-22 13:24:21 INFO  ExcelRead:99 - xlsx表格中读取的数据:MAKETIME
2021-01-22 13:24:21 INFO  ExcelRead:99 - xlsx表格中读取的数据:MODIFYDATE
2021-01-22 13:24:21 INFO  ExcelRead:99 - xlsx表格中读取的数据:MODIFYTIME
2021-01-22 13:24:21 INFO  ExcelRead:99 - xlsx表格中读取的数据:285301000004
2021-01-22 13:24:21 INFO  ExcelRead:99 - xlsx表格中读取的数据:5301
2021-01-22 13:24:21 INFO  ExcelRead:99 - xlsx表格中读取的数据:3
2021-01-22 13:24:21 INFO  ExcelRead:99 - xlsx表格中读取的数据:1
2021-01-22 13:24:21 INFO  ExcelRead:99 - xlsx表格中读取的数据:3
2021-01-22 13:24:21 INFO  ExcelRead:99 - xlsx表格中读取的数据:张文浩
2021-01-22 13:24:21 INFO  ExcelRead:99 - xlsx表格中读取的数据:dengl07
2021-01-22 13:24:21 INFO  ExcelRead:99 - xlsx表格中读取的数据:2015-11-11
2021-01-22 13:24:21 INFO  ExcelRead:99 - xlsx表格中读取的数据:19:53:19
2021-01-22 13:24:21 INFO  ExcelRead:99 - xlsx表格中读取的数据:chenqt01
2021-01-22 13:24:21 INFO  ExcelRead:99 - xlsx表格中读取的数据:2015-11-12
2021-01-22 13:24:21 INFO  ExcelRead:99 - xlsx表格中读取的数据:09:00:16
2021-01-22 13:24:21 INFO  ExcelRead:99 - xlsx表格中读取的数据:dengl07
2021-01-22 13:24:21 INFO  ExcelRead:99 - xlsx表格中读取的数据:2014-03-25
2021-01-22 13:24:21 INFO  ExcelRead:99 - xlsx表格中读取的数据:17:49:23
2021-01-22 13:24:21 INFO  ExcelRead:99 - xlsx表格中读取的数据:2015-11-11
2021-01-22 13:24:21 INFO  ExcelRead:99 - xlsx表格中读取的数据:19:53:15
2021-01-22 13:24:21 INFO  ExcelRead:99 - xlsx表格中读取的数据:285301000026
2021-01-22 13:24:21 INFO  ExcelRead:99 - xlsx表格中读取的数据:5301
2021-01-22 13:24:21 INFO  ExcelRead:99 - xlsx表格中读取的数据:3
2021-01-22 13:24:21 INFO  ExcelRead:99 - xlsx表格中读取的数据:1
2021-01-22 13:24:21 INFO  ExcelRead:99 - xlsx表格中读取的数据:3
2021-01-22 13:24:21 INFO  ExcelRead:99 - xlsx表格中读取的数据:dengl07
2021-01-22 13:24:21 INFO  ExcelRead:99 - xlsx表格中读取的数据:2015-09-30
2021-01-22 13:24:21 INFO  ExcelRead:99 - xlsx表格中读取的数据:17:26:41
2021-01-22 13:24:21 INFO  ExcelRead:99 - xlsx表格中读取的数据:chenqt01
2021-01-22 13:24:21 INFO  ExcelRead:99 - xlsx表格中读取的数据:2015-10-09
2021-01-22 13:24:21 INFO  ExcelRead:99 - xlsx表格中读取的数据:10:06:47
2021-01-22 13:24:21 INFO  ExcelRead:99 - xlsx表格中读取的数据:dengl07
2021-01-22 13:24:21 INFO  ExcelRead:99 - xlsx表格中读取的数据:2014-09-19
2021-01-22 13:24:21 INFO  ExcelRead:99 - xlsx表格中读取的数据:11:56:02
2021-01-22 13:24:21 INFO  ExcelRead:99 - xlsx表格中读取的数据:2015-09-30
2021-01-22 13:24:21 INFO  ExcelRead:99 - xlsx表格中读取的数据:17:22:14
2021-01-22 13:24:21 INFO  ExcelRead:99 - xlsx表格中读取的数据:285301000037
2021-01-22 13:24:21 INFO  ExcelRead:99 - xlsx表格中读取的数据:5301
2021-01-22 13:24:21 INFO  ExcelRead:99 - xlsx表格中读取的数据:3
2021-01-22 13:24:21 INFO  ExcelRead:99 - xlsx表格中读取的数据:1
2021-01-22 13:24:21 INFO  ExcelRead:99 - xlsx表格中读取的数据:3
2021-01-22 13:24:21 INFO  ExcelRead:99 - xlsx表格中读取的数据:dengl07
2021-01-22 13:24:21 INFO  ExcelRead:99 - xlsx表格中读取的数据:2015-09-30
2021-01-22 13:24:21 INFO  ExcelRead:99 - xlsx表格中读取的数据:17:31:23
2021-01-22 13:24:21 INFO  ExcelRead:99 - xlsx表格中读取的数据:chenqt01
2021-01-22 13:24:21 INFO  ExcelRead:99 - xlsx表格中读取的数据:2015-10-09
2021-01-22 13:24:21 INFO  ExcelRead:99 - xlsx表格中读取的数据:10:06:47
2021-01-22 13:24:21 INFO  ExcelRead:99 - xlsx表格中读取的数据:dengl07
2021-01-22 13:24:21 INFO  ExcelRead:99 - xlsx表格中读取的数据:2014-11-04
2021-01-22 13:24:21 INFO  ExcelRead:99 - xlsx表格中读取的数据:18:07:43
2021-01-22 13:24:21 INFO  ExcelRead:99 - xlsx表格中读取的数据:2015-09-30
2021-01-22 13:24:21 INFO  ExcelRead:99 - xlsx表格中读取的数据:17:30:15
2021-01-22 13:24:21 INFO  ExcelRead:99 - xlsx表格中读取的数据:285301000038
2021-01-22 13:24:21 INFO  ExcelRead:99 - xlsx表格中读取的数据:5301
2021-01-22 13:24:21 INFO  ExcelRead:99 - xlsx表格中读取的数据:3
2021-01-22 13:24:21 INFO  ExcelRead:99 - xlsx表格中读取的数据:1
2021-01-22 13:24:21 INFO  ExcelRead:99 - xlsx表格中读取的数据:3
2021-01-22 13:24:21 INFO  ExcelRead:99 - xlsx表格中读取的数据:dengl07
2021-01-22 13:24:21 INFO  ExcelRead:99 - xlsx表格中读取的数据:2015-09-30
2021-01-22 13:24:21 INFO  ExcelRead:99 - xlsx表格中读取的数据:17:33:10
2021-01-22 13:24:21 INFO  ExcelRead:99 - xlsx表格中读取的数据:chenqt01
2021-01-22 13:24:21 INFO  ExcelRead:99 - xlsx表格中读取的数据:2015-10-09
2021-01-22 13:24:21 INFO  ExcelRead:99 - xlsx表格中读取的数据:10:06:47
2021-01-22 13:24:21 INFO  ExcelRead:99 - xlsx表格中读取的数据:dengl07
2021-01-22 13:24:21 INFO  ExcelRead:99 - xlsx表格中读取的数据:2014-11-07
2021-01-22 13:24:21 INFO  ExcelRead:99 - xlsx表格中读取的数据:14:22:47
2021-01-22 13:24:21 INFO  ExcelRead:99 - xlsx表格中读取的数据:2015-09-30
2021-01-22 13:24:21 INFO  ExcelRead:99 - xlsx表格中读取的数据:17:30:51
2021-01-22 13:24:21 INFO  ExcelRead:99 - xlsx表格中读取的数据:285301000045
2021-01-22 13:24:21 INFO  ExcelRead:99 - xlsx表格中读取的数据:5301
2021-01-22 13:24:21 INFO  ExcelRead:99 - xlsx表格中读取的数据:3
2021-01-22 13:24:21 INFO  ExcelRead:99 - xlsx表格中读取的数据:1
2021-01-22 13:24:21 INFO  ExcelRead:99 - xlsx表格中读取的数据:3
2021-01-22 13:24:21 INFO  ExcelRead:99 - xlsx表格中读取的数据:dengl07
2021-01-22 13:24:21 INFO  ExcelRead:99 - xlsx表格中读取的数据:2015-09-30
2021-01-22 13:24:21 INFO  ExcelRead:99 - xlsx表格中读取的数据:17:35:53
2021-01-22 13:24:21 INFO  ExcelRead:99 - xlsx表格中读取的数据:chenqt01
2021-01-22 13:24:21 INFO  ExcelRead:99 - xlsx表格中读取的数据:2015-10-09
2021-01-22 13:24:21 INFO  ExcelRead:99 - xlsx表格中读取的数据:10:06:47
2021-01-22 13:24:21 INFO  ExcelRead:99 - xlsx表格中读取的数据:dengl07
2021-01-22 13:24:21 INFO  ExcelRead:99 - xlsx表格中读取的数据:2014-11-13
2021-01-22 13:24:21 INFO  ExcelRead:99 - xlsx表格中读取的数据:11:02:12
2021-01-22 13:24:21 INFO  ExcelRead:99 - xlsx表格中读取的数据:2015-09-30
2021-01-22 13:24:21 INFO  ExcelRead:99 - xlsx表格中读取的数据:17:35:13
2021-01-22 13:24:21 INFO  ExcelRead:99 - xlsx表格中读取的数据:285301000281
2021-01-22 13:24:21 INFO  ExcelRead:99 - xlsx表格中读取的数据:5301
2021-01-22 13:24:21 INFO  ExcelRead:99 - xlsx表格中读取的数据:3
2021-01-22 13:24:21 INFO  ExcelRead:99 - xlsx表格中读取的数据:1
2021-01-22 13:24:21 INFO  ExcelRead:99 - xlsx表格中读取的数据:3
2021-01-22 13:24:21 INFO  ExcelRead:99 - xlsx表格中读取的数据:chenqt01
2021-01-22 13:24:21 INFO  ExcelRead:99 - xlsx表格中读取的数据:2015-01-21
2021-01-22 13:24:21 INFO  ExcelRead:99 - xlsx表格中读取的数据:09:20:48
2021-01-22 13:24:21 INFO  ExcelRead:99 - xlsx表格中读取的数据:dengl07
2021-01-22 13:24:21 INFO  ExcelRead:99 - xlsx表格中读取的数据:2014-12-17
2021-01-22 13:24:21 INFO  ExcelRead:99 - xlsx表格中读取的数据:17:07:36
2021-01-22 13:24:21 INFO  ExcelRead:99 - xlsx表格中读取的数据:2015-01-13
2021-01-22 13:24:21 INFO  ExcelRead:99 - xlsx表格中读取的数据:08:53:13
2021-01-22 13:24:21 INFO  ExcelRead:99 - xlsx表格中读取的数据:285301000398
2021-01-22 13:24:21 INFO  ExcelRead:99 - xlsx表格中读取的数据:5301
2021-01-22 13:24:21 INFO  ExcelRead:99 - xlsx表格中读取的数据:3
2021-01-22 13:24:21 INFO  ExcelRead:99 - xlsx表格中读取的数据:3
2021-01-22 13:24:21 INFO  ExcelRead:99 - xlsx表格中读取的数据:3
2021-01-22 13:24:21 INFO  ExcelRead:99 - xlsx表格中读取的数据:chenqt01
2021-01-22 13:24:21 INFO  ExcelRead:99 - xlsx表格中读取的数据:2016-03-01
2021-01-22 13:24:21 INFO  ExcelRead:99 - xlsx表格中读取的数据:09:29:27
2021-01-22 13:24:21 INFO  ExcelRead:99 - xlsx表格中读取的数据:dengl07
2021-01-22 13:24:21 INFO  ExcelRead:99 - xlsx表格中读取的数据:2014-12-29
2021-01-22 13:24:21 INFO  ExcelRead:99 - xlsx表格中读取的数据:09:24:14
2021-01-22 13:24:21 INFO  ExcelRead:99 - xlsx表格中读取的数据:2016-02-29
2021-01-22 13:24:21 INFO  ExcelRead:99 - xlsx表格中读取的数据:21:48:34
2021-01-22 13:24:21 INFO  ExcelRead:99 - xlsx表格中读取的数据:285301000417
2021-01-22 13:24:21 INFO  ExcelRead:99 - xlsx表格中读取的数据:5301
2021-01-22 13:24:21 INFO  ExcelRead:99 - xlsx表格中读取的数据:3
2021-01-22 13:24:21 INFO  ExcelRead:99 - xlsx表格中读取的数据:1
2021-01-22 13:24:21 INFO  ExcelRead:99 - xlsx表格中读取的数据:3
2021-01-22 13:24:21 INFO  ExcelRead:99 - xlsx表格中读取的数据:chenqt01
2021-01-22 13:24:21 INFO  ExcelRead:99 - xlsx表格中读取的数据:2015-01-21
2021-01-22 13:24:21 INFO  ExcelRead:99 - xlsx表格中读取的数据:09:20:48
2021-01-22 13:24:21 INFO  ExcelRead:99 - xlsx表格中读取的数据:dengl07
2021-01-22 13:24:21 INFO  ExcelRead:99 - xlsx表格中读取的数据:2014-12-29
2021-01-22 13:24:21 INFO  ExcelRead:99 - xlsx表格中读取的数据:15:36:41
2021-01-22 13:24:21 INFO  ExcelRead:99 - xlsx表格中读取的数据:2015-01-13
2021-01-22 13:24:21 INFO  ExcelRead:99 - xlsx表格中读取的数据:08:53:13
2021-01-22 13:24:21 INFO  ExcelRead:99 - xlsx表格中读取的数据:285301000432
2021-01-22 13:24:21 INFO  ExcelRead:99 - xlsx表格中读取的数据:5301
2021-01-22 13:24:21 INFO  ExcelRead:99 - xlsx表格中读取的数据:3
2021-01-22 13:24:21 INFO  ExcelRead:99 - xlsx表格中读取的数据:1
2021-01-22 13:24:21 INFO  ExcelRead:99 - xlsx表格中读取的数据:3
2021-01-22 13:24:21 INFO  ExcelRead:99 - xlsx表格中读取的数据:gzzhongm
2021-01-22 13:24:21 INFO  ExcelRead:99 - xlsx表格中读取的数据:2018-06-07
2021-01-22 13:24:21 INFO  ExcelRead:99 - xlsx表格中读取的数据:12:36:44
2021-01-22 13:24:21 INFO  ExcelRead:99 - xlsx表格中读取的数据:huangxj29
2021-01-22 13:24:21 INFO  ExcelRead:99 - xlsx表格中读取的数据:2018-06-08
2021-01-22 13:24:21 INFO  ExcelRead:99 - xlsx表格中读取的数据:13:52:32
2021-01-22 13:24:21 INFO  ExcelRead:99 - xlsx表格中读取的数据:gzzhongm
2021-01-22 13:24:21 INFO  ExcelRead:99 - xlsx表格中读取的数据:2018-06-07
2021-01-22 13:24:21 INFO  ExcelRead:99 - xlsx表格中读取的数据:11:17:23
2021-01-22 13:24:21 INFO  ExcelRead:99 - xlsx表格中读取的数据:2018-06-07
2021-01-22 13:24:21 INFO  ExcelRead:99 - xlsx表格中读取的数据:12:36:38
2021-01-25 11:37:10 INFO  FileTest:19 - test
2021-01-25 11:38:17 INFO  FileTest:16 - test
2021-01-25 11:38:55 INFO  FileTest:16 - test
2021-01-25 11:38:55 INFO  FileTest:16 - test
2021-01-25 11:55:20 INFO  FileTest:25 - 文件不存在
2021-01-25 11:55:20 INFO  FileTest:33 - 创建文件
2021-01-25 11:56:12 INFO  FileTest:47 - 文件存在
2021-01-25 13:14:31 WARN  FileTest:48 - File exists
2021-01-25 13:14:55 INFO  FileTest:26 - File does not exist
2021-01-25 13:14:55 INFO  FileTest:29 - Create the file parent directory
2021-01-25 13:14:55 INFO  FileTest:34 - Create the file
2021-01-25 13:14:55 INFO  FileTest:41 - Create file successfully
2021-01-25 13:21:31 INFO  FileTest:48 - File exists
2021-01-25 13:26:22 INFO  FileTest:26 - File does not exist
2021-01-25 13:26:22 INFO  FileTest:35 - Create the file
2021-01-25 13:35:12 INFO  FileTest:33 - File exists
2021-01-25 13:35:43 INFO  FileTest:40 - File does not exist
2021-01-25 13:35:43 INFO  FileTest:49 - Create the file
2021-01-25 13:35:43 INFO  FileTest:58 - Create file successfully
2021-01-25 13:36:15 INFO  FileTest:33 - File exists
2021-01-25 13:37:27 INFO  FileTest:34 - File exists
2021-01-25 13:37:56 INFO  FileTest:34 - File exists
2021-01-25 13:44:56 INFO  FileTest:35 - File exists
2021-01-25 13:46:10 INFO  FileTest:37 - File exists
2021-01-25 13:46:40 INFO  FileTest:37 - File exists
2021-01-25 14:58:00 INFO  FileTest:99 - Start working on files: BBC.md
2021-01-25 14:58:00 INFO  FileTest:99 - BBC.md, End of file processing
2021-01-25 14:58:00 INFO  FileTest:95 - Start moving files to store log files
2021-01-25 14:58:00 INFO  FileTest:99 - Create directory successfully:C:\Users\MrZhang\Desktop\2021-01-25\BBC.md
2021-01-25 14:58:00 INFO  FileTest:59 - File create successfully
2021-01-25 14:58:00 ERROR FileTest:73 - File migration failed
2021-01-25 14:58:00 INFO  FileTest:77 - 日志文件不存在
2021-01-25 14:58:00 INFO  FileTest:80 - 创建日志文件成功
2021-01-25 14:58:00 INFO  FileTest:90 - 开始写入日志
2021-01-25 14:58:00 INFO  FileTest:93 - 写入日志完成
2021-01-25 14:58:00 INFO  FileTest:95 - File movement completed
2021-01-25 14:58:00 INFO  FileTest:99 - Start working on files: desktop.ini
2021-01-25 14:58:00 INFO  FileTest:99 - desktop.ini, End of file processing
2021-01-25 14:58:00 INFO  FileTest:95 - Start moving files to store log files
2021-01-25 14:58:00 ERROR FileTest:65 - Failed to create directory
2021-01-25 14:58:41 INFO  FileTest:99 - Start working on files: end.txt
2021-01-25 14:58:41 INFO  FileTest:99 - end.txt, End of file processing
2021-01-25 14:58:41 INFO  FileTest:95 - Start moving files to store log files
2021-01-25 14:58:41 INFO  FileTest:99 - Create directory successfully:C:\Users\MrZhang\Desktop\deal\2021-01-25\end.txt
2021-01-25 14:58:41 INFO  FileTest:59 - File create successfully
2021-01-25 14:58:41 ERROR FileTest:73 - File migration failed
2021-01-25 14:58:41 INFO  FileTest:77 - 日志文件不存在
2021-01-25 14:58:41 INFO  FileTest:80 - 创建日志文件成功
2021-01-25 14:58:41 INFO  FileTest:90 - 开始写入日志
2021-01-25 14:58:41 INFO  FileTest:93 - 写入日志完成
2021-01-25 14:58:41 INFO  FileTest:95 - File movement completed
2021-01-25 14:58:41 INFO  FileTest:99 - Start working on files: start.log
2021-01-25 14:58:41 INFO  FileTest:99 - start.log, End of file processing
2021-01-25 14:58:41 INFO  FileTest:95 - Start moving files to store log files
2021-01-25 14:58:41 ERROR FileTest:65 - Failed to create directory
2021-01-25 15:01:44 INFO  FileTest:99 - Start working on files: end.txt
2021-01-25 15:01:44 INFO  FileTest:99 - end.txt, End of file processing
2021-01-25 15:01:44 INFO  FileTest:95 - Start moving files to store log files
2021-01-25 15:01:44 ERROR FileTest:69 - File migration failed
2021-01-25 15:01:44 INFO  FileTest:86 - 开始写入日志
2021-01-25 15:01:44 INFO  FileTest:89 - 写入日志完成
2021-01-25 15:01:44 INFO  FileTest:95 - File movement completed
2021-01-25 15:01:44 INFO  FileTest:99 - Start working on files: start.log
2021-01-25 15:01:44 INFO  FileTest:99 - start.log, End of file processing
2021-01-25 15:01:44 INFO  FileTest:95 - Start moving files to store log files
2021-01-25 15:01:44 ERROR FileTest:61 - Failed to create directory
2021-01-25 15:12:01 INFO  FileTest:99 - Start working on files: end.txt
2021-01-25 15:12:01 INFO  FileTest:99 - end.txt, End of file processing
2021-01-25 15:12:01 INFO  FileTest:95 - Start moving files to store log files
2021-01-25 15:12:01 INFO  FileTest:61 - 文件已存在
2021-01-25 15:12:01 INFO  FileTest:63 - 删除已存在文件
2021-01-25 15:12:01 INFO  FileTest:67 - File migration successful
2021-01-25 15:12:01 INFO  FileTest:86 - 开始写入日志
2021-01-25 15:12:01 INFO  FileTest:89 - 写入日志完成
2021-01-25 15:12:01 INFO  FileTest:95 - File movement completed
2021-01-25 15:12:01 INFO  FileTest:99 - Start working on files: start.log
2021-01-25 15:12:01 INFO  FileTest:99 - start.log, End of file processing
2021-01-25 15:12:01 INFO  FileTest:95 - Start moving files to store log files
2021-01-25 15:12:01 ERROR FileTest:56 - Failed to create directory
2021-01-25 15:12:01 INFO  FileTest:67 - File migration successful
2021-01-25 15:12:01 INFO  FileTest:73 - 日志文件不存在
2021-01-25 15:12:01 INFO  FileTest:76 - 创建日志文件成功
2021-01-25 15:12:01 INFO  FileTest:86 - 开始写入日志
2021-01-25 15:12:01 INFO  FileTest:89 - 写入日志完成
2021-01-25 15:12:01 INFO  FileTest:95 - File movement completed
2021-01-25 15:14:07 INFO  FileTest:99 - Start working on files: end.txt
2021-01-25 15:14:07 INFO  FileTest:99 - end.txt, End of file processing
2021-01-25 15:14:07 INFO  FileTest:95 - Start moving files to store log files
2021-01-25 15:14:07 ERROR FileTest:56 - Failed to create directory
2021-01-25 15:14:07 INFO  FileTest:67 - File migration successful
2021-01-25 15:14:07 INFO  FileTest:86 - 开始写入日志
2021-01-25 15:14:07 INFO  FileTest:89 - 写入日志完成
2021-01-25 15:14:07 INFO  FileTest:95 - File movement completed
2021-01-25 15:14:07 INFO  FileTest:99 - Start working on files: start.log
2021-01-25 15:14:07 INFO  FileTest:99 - start.log, End of file processing
2021-01-25 15:14:07 INFO  FileTest:95 - Start moving files to store log files
2021-01-25 15:14:07 ERROR FileTest:56 - Failed to create directory
2021-01-25 15:14:07 INFO  FileTest:67 - File migration successful
2021-01-25 15:14:07 INFO  FileTest:86 - 开始写入日志
2021-01-25 15:14:07 INFO  FileTest:89 - 写入日志完成
2021-01-25 15:14:07 INFO  FileTest:95 - File movement completed
2021-01-26 09:17:26 INFO  FileTest:99 - Start working on files: end.txt
2021-01-26 09:17:26 INFO  FileTest:99 - end.txt, End of file processing
2021-01-26 09:17:26 INFO  FileTest:95 - Start moving files to store log files
2021-01-26 09:17:26 INFO  FileTest:62 - 文件迁移成功
2021-01-26 09:17:26 INFO  FileTest:75 - 日志文件不存在
2021-01-26 09:17:26 INFO  FileTest:78 - 创建日志文件成功
2021-01-26 09:17:26 INFO  FileTest:87 - 开始写入日志
2021-01-26 09:17:26 INFO  FileTest:90 - 写入日志完成
2021-01-26 09:17:26 INFO  FileTest:95 - File movement completed
2021-01-26 09:17:26 INFO  FileTest:99 - Start working on files: start.txt
2021-01-26 09:17:26 INFO  FileTest:99 - start.txt, End of file processing
2021-01-26 09:17:26 INFO  FileTest:95 - Start moving files to store log files
2021-01-26 09:17:26 INFO  FileTest:62 - 文件迁移成功
2021-01-26 09:17:26 INFO  FileTest:75 - 日志文件不存在
2021-01-26 09:17:26 INFO  FileTest:78 - 创建日志文件成功
2021-01-26 09:17:26 INFO  FileTest:87 - 开始写入日志
2021-01-26 09:17:26 INFO  FileTest:90 - 写入日志完成
2021-01-26 09:17:26 INFO  FileTest:95 - File movement completed
2021-01-26 09:18:13 INFO  FileTest:99 - Start working on files: start.txt
2021-01-26 09:18:13 INFO  FileTest:99 - start.txt, End of file processing
2021-01-26 09:18:13 INFO  FileTest:95 - Start moving files to store log files
2021-01-26 09:18:13 INFO  FileTest:53 - 文件已存在
2021-01-26 09:18:13 INFO  FileTest:55 - 删除已存在文件
2021-01-26 09:18:13 INFO  FileTest:62 - 文件迁移成功
2021-01-26 09:18:13 INFO  FileTest:87 - 开始写入日志
2021-01-26 09:18:13 INFO  FileTest:90 - 写入日志完成
2021-01-26 09:18:13 INFO  FileTest:95 - File movement completed
2021-02-23 10:59:00 INFO  StreamTest:25 - a1,a2,b1,c2,c1
2021-02-23 10:59:00 INFO  StreamTest:36 - C1
2021-02-23 10:59:00 INFO  StreamTest:36 - C2
2021-02-23 11:01:45 INFO  StreamTest:27 - a1,a2,b1,c2,c1
2021-02-23 11:01:45 INFO  StreamTest:34 - C1
2021-02-23 11:01:45 INFO  StreamTest:34 - C2
2021-02-23 11:01:45 INFO  StreamTest:45 - C1
2021-02-23 11:01:45 INFO  StreamTest:45 - C2
2021-02-23 11:21:20 INFO  StreamTest:27 - a1,a2,b1,c2,c1
2021-02-23 11:21:20 INFO  StreamTest:29 - A1
2021-02-23 11:21:20 INFO  StreamTest:29 - B1
2021-02-23 11:21:20 INFO  StreamTest:29 - C1
2021-02-23 11:21:20 INFO  StreamTest:35 - C1
2021-02-23 11:21:20 INFO  StreamTest:35 - C2
2021-02-23 11:21:20 INFO  StreamTest:46 - C1
2021-02-23 11:21:20 INFO  StreamTest:46 - C2
2021-02-23 11:22:19 INFO  StreamTest:27 - a1,a2,b1,c2,c1
2021-02-23 11:22:19 INFO  StreamTest:30 - A1B1C1
2021-02-23 11:22:19 INFO  StreamTest:36 - C1
2021-02-23 11:22:19 INFO  StreamTest:36 - C2
2021-02-23 11:22:19 INFO  StreamTest:47 - C1
2021-02-23 11:22:19 INFO  StreamTest:47 - C2
2021-03-12 10:02:21 INFO  StringTest:25 - 12312.00
2021-03-12 10:05:53 INFO  StringTest:99 - 12312.00
2021-03-12 10:07:10 INFO  StringTest:99 ==> 12312.00
2021-03-12 10:07:50 INFO  StringTest:99 ==> 12312.00,{}
2021-03-12 10:08:48 INFO  StringTest:107 ==> 12312.00,1,string,Fri Mar 12 10:08:48 CST 2021
2021-03-12 10:10:04 INFO  StringTest:107 ==> 12312.00,1,string,10:10:04
2021-03-12 10:10:53 INFO  StringTest:107 ==> 12312.00
2021-03-12 11:33:25 INFO  StreamTest:25 ==> a1,a2,b1,c2,c1
2021-03-12 11:33:25 INFO  StreamTest:28 ==> A1B1C1
2021-03-12 11:33:25 INFO  StreamTest:34 ==> C1
2021-03-12 11:33:25 INFO  StreamTest:34 ==> C2
2021-03-12 11:33:25 INFO  StreamTest:45 ==> C1
2021-03-12 11:33:25 INFO  StreamTest:45 ==> C2
2021-03-12 11:33:25 INFO  StreamTest:49 ==> a1b1c1
2021-03-12 11:37:22 INFO  StreamTest:26 ==> a1,a2,b1,c2,c1
2021-03-12 11:37:22 INFO  StreamTest:29 ==> A1B1C1
2021-03-12 11:37:22 INFO  StreamTest:35 ==> C1
2021-03-12 11:37:22 INFO  StreamTest:35 ==> C2
2021-03-12 11:37:22 INFO  StreamTest:46 ==> C1
2021-03-12 11:37:22 INFO  StreamTest:46 ==> C2
2021-03-12 11:37:22 INFO  StreamTest:49 ==> a1b1c1
2021-03-12 11:37:40 INFO  StreamTest:26 ==> a1,a2,b1,c2,c1
2021-03-12 11:37:40 INFO  StreamTest:29 ==> A1B1C1
2021-03-12 11:37:40 INFO  StreamTest:35 ==> C1
2021-03-12 11:37:40 INFO  StreamTest:35 ==> C2
2021-03-12 11:37:40 INFO  StreamTest:46 ==> C1
2021-03-12 11:37:40 INFO  StreamTest:46 ==> C2
2021-03-12 11:37:40 INFO  StreamTest:49 ==> a1b1c1
2021-03-12 11:38:20 INFO  StreamTest:26 ==> a1,a2,b1,c2,c1
2021-03-12 11:38:20 INFO  StreamTest:29 ==> A1B1C1
2021-03-12 11:38:20 INFO  StreamTest:35 ==> C1
2021-03-12 11:38:20 INFO  StreamTest:35 ==> C2
2021-03-12 11:38:20 INFO  StreamTest:46 ==> C1
2021-03-12 11:38:20 INFO  StreamTest:46 ==> C2
2021-03-12 11:38:20 INFO  StreamTest:49 ==> a1b1c1
2021-03-12 11:38:20 INFO  StreamTest:51 ==> 1
2021-03-12 11:38:20 INFO  StreamTest:51 ==> 2
2021-03-12 11:38:20 INFO  StreamTest:51 ==> 3
2021-03-12 11:38:20 INFO  StreamTest:51 ==> 4
2021-03-12 11:39:01 INFO  StreamTest:26 ==> a1,a2,b1,c2,c1
2021-03-12 11:39:01 INFO  StreamTest:29 ==> A1B1C1
2021-03-12 11:39:01 INFO  StreamTest:35 ==> C1
2021-03-12 11:39:01 INFO  StreamTest:35 ==> C2
2021-03-12 11:39:01 INFO  StreamTest:46 ==> C1
2021-03-12 11:39:01 INFO  StreamTest:46 ==> C2
2021-03-12 11:39:01 INFO  StreamTest:49 ==> a1b1c1
2021-03-12 11:39:01 INFO  StreamTest:51 ==> 1
2021-03-12 11:39:01 INFO  StreamTest:51 ==> 2
2021-03-12 11:39:01 INFO  StreamTest:51 ==> 3
2021-03-12 11:39:01 INFO  StreamTest:51 ==> 4
2021-03-26 14:13:51 INFO  Demo:95 ==> Windows 8.1
2021-03-26 14:18:33 INFO  Demo:95 ==> Windows 8.1
2021-03-26 14:18:33 ERROR Demo:143 ==> Windows 8.1
2021-03-26 14:18:33 WARN  Demo:119 ==> Windows 8.1
2021-03-26 14:18:33 DEBUG Demo:71 ==> Windows 8.1
2021-03-26 14:25:33 INFO  Demo:95 ==> Windows 8.1
2021-03-26 14:25:33 ERROR Demo:143 ==> Windows 8.1
2021-03-26 14:25:33 WARN  Demo:119 ==> Windows 8.1
2021-03-26 14:25:33 DEBUG Demo:71 ==> Windows 8.1
2021-03-26 14:26:06 INFO  Demo:95 ==> Windows 8.1
2021-03-26 14:26:06 ERROR Demo:143 ==> Windows 8.1
2021-03-26 14:26:06 WARN  Demo:119 ==> Windows 8.1
2021-03-26 14:26:06 DEBUG Demo:71 ==> Windows 8.1
2021-03-26 14:26:24 INFO  Demo:95 ==> Windows 8.1
2021-03-26 14:26:24 ERROR Demo:143 ==> Windows 8.1
2021-03-26 14:26:24 WARN  Demo:119 ==> Windows 8.1
2021-03-26 14:26:24 DEBUG Demo:71 ==> Windows 8.1
2021-03-26 14:28:26 INFO  Demo:95 ==> Windows 8.1
2021-03-26 14:28:26 ERROR Demo:143 ==> Windows 8.1
2021-03-26 14:28:26 WARN  Demo:119 ==> Windows 8.1
2021-03-26 14:28:26 DEBUG Demo:71 ==> Windows 8.1
2021-03-26 14:28:53 INFO  Demo:95 ==> Windows 8.1
2021-03-26 14:28:53 ERROR Demo:143 ==> Windows 8.1
2021-03-26 14:28:53 WARN  Demo:119 ==> Windows 8.1
2021-03-26 14:28:53 DEBUG Demo:71 ==> Windows 8.1
2021-03-26 14:29:24 INFO  Demo:95 ==> Windows 8.1
2021-03-26 14:29:24 ERROR Demo:143 ==> Windows 8.1
2021-03-26 14:29:24 WARN  Demo:119 ==> Windows 8.1
2021-03-26 14:29:24 DEBUG Demo:71 ==> Windows 8.1
2021-03-26 14:29:45 INFO  Demo:95 ==> Windows 8.1
2021-03-26 14:29:45 ERROR Demo:143 ==> Windows 8.1
2021-03-26 14:29:45 WARN  Demo:119 ==> Windows 8.1
2021-03-26 14:29:45 DEBUG Demo:71 ==> Windows 8.1
2021-03-26 14:30:02 INFO  Demo:95 ==> Windows 8.1
2021-03-26 14:30:02 ERROR Demo:143 ==> Windows 8.1
2021-03-26 14:30:02 WARN  Demo:119 ==> Windows 8.1
2021-03-26 14:30:02 DEBUG Demo:71 ==> Windows 8.1
2021-03-26 14:34:00 INFO  Demo:26 ==> 1
2021-03-26 14:34:00 WARN  Demo:27 ==> 1
2021-03-26 14:34:00 ERROR Demo:28 ==> 1
2021-03-26 14:34:00 DEBUG Demo:29 ==> 1
2021-03-26 14:34:56 INFO  Demo:95 ==> 1
2021-03-26 14:34:56 WARN  Demo:27 ==> 1
2021-03-26 14:34:56 ERROR Demo:28 ==> 1
2021-03-26 14:34:56 DEBUG Demo:29 ==> 1
2021-03-26 14:36:57 INFO  Demo:28 ==> class zhang.test.design.factory.Demo
2021-03-26 14:37:32 INFO  Demo:28 ==> class zhang.test.design.factory.Demo
2021-03-26 14:38:22 INFO  Demo:28 ==> class zhang.test.design.factory.Demo
2021-03-26 14:38:33 INFO  Demo:28 ==> class zhang.test.design.factory.Demo
2021-04-12 13:38:11 INFO  Log4jTest:59 ==> 11
2021-04-12 13:38:11 INFO  Log4jTest:59 ==> 12
2021-04-12 13:38:11 INFO  Log4jTest:59 ==> 13
2021-04-12 13:38:11 INFO  Log4jTest:59 ==> 14
2021-04-12 13:38:11 ERROR Log4jTest:? ==> 1
2021-04-12 13:38:11 ERROR Log4jTest:? ==> 2
2021-04-12 13:38:11 ERROR Log4jTest:? ==> 3
2021-04-12 13:38:11 ERROR Log4jTest:? ==> 4
2021-04-12 13:38:11 ERROR Log4jTest:? ==> 5
2021-04-12 13:38:11 WARN  Log4jTest:? ==> 2
2021-04-19 15:11:45 INFO  Utils:15 ==> []
2021-04-19 15:16:53 INFO  Utils:15 ==> [0, 1]
2021-04-19 15:18:05 INFO  Utils:15 ==> [1, 2]
2021-04-19 15:18:14 INFO  Utils:15 ==> [0, 0]
2021-04-19 15:20:16 INFO  Utils:15 ==> [0, 0]
2021-04-19 16:24:04 INFO  Utils:15 ==> [0, 0]
2021-04-19 16:24:15 INFO  Utils:15 ==> [1, 2]
2021-04-19 16:24:15 INFO  Utils:15 ==> [1, 2]
2021-04-19 16:24:28 INFO  Utils:15 ==> [0, 1]
2021-04-19 16:24:28 INFO  Utils:15 ==> [0, 1]
2021-04-19 16:24:35 INFO  Utils:15 ==> [2, 3]
2021-04-19 16:24:35 INFO  Utils:15 ==> [2, 3]
2021-04-19 16:50:57 INFO  Utils:15 ==> 111
2021-04-19 17:18:04 INFO  Utils:15 ==> 2
2021-04-19 17:18:04 INFO  Utils:15 ==> 4
2021-04-19 17:18:48 INFO  Utils:15 ==> 2
2021-04-19 17:18:48 INFO  Utils:15 ==> 4
2021-04-20 10:18:11 INFO  Utils:15 ==> 4
2021-04-20 10:18:44 INFO  Utils:15 ==> 5
2021-04-20 10:19:59 INFO  Utils:15 ==> 第一天吃 1 个
2021-04-20 10:19:59 INFO  Utils:15 ==> 第一天吃 1 个
2021-04-20 10:19:59 INFO  Utils:15 ==> 第一天吃 2 个
2021-04-20 10:19:59 INFO  Utils:15 ==> 第一天吃 1 个
2021-04-20 10:19:59 INFO  Utils:15 ==> 第一天吃 1 个
2021-04-20 10:19:59 INFO  Utils:15 ==> 5
2021-04-20 10:20:27 INFO  Utils:15 ==> 第 1 天吃 1 个
2021-04-20 10:20:27 INFO  Utils:15 ==> 第 2 天吃 1 个
2021-04-20 10:20:27 INFO  Utils:15 ==> 第 3 天吃 2 个
2021-04-20 10:20:27 INFO  Utils:15 ==> 第 4 天吃 1 个
2021-04-20 10:20:27 INFO  Utils:15 ==> 第 5 天吃 1 个
2021-04-20 10:20:27 INFO  Utils:15 ==> 5
2021-04-20 10:20:58 INFO  Utils:15 ==> 第 1 天吃 1 个
2021-04-20 10:20:58 INFO  Utils:15 ==> 第 2 天吃 6 个
2021-04-20 10:20:58 INFO  Utils:15 ==> 第 3 天吃 2 个
2021-04-20 10:20:58 INFO  Utils:15 ==> 第 4 天吃 1 个
2021-04-20 10:20:58 INFO  Utils:15 ==> 4
2021-04-20 10:21:17 INFO  Utils:15 ==> 第 1 天吃 1 个
2021-04-20 10:21:17 INFO  Utils:15 ==> 第 2 天吃 1 个
2021-04-20 10:21:17 INFO  Utils:15 ==> 第 3 天吃 2 个
2021-04-20 10:21:17 INFO  Utils:15 ==> 第 4 天吃 1 个
2021-04-20 10:21:17 INFO  Utils:15 ==> 第 5 天吃 1 个
2021-04-20 10:21:17 INFO  Utils:15 ==> 5
2021-04-20 10:22:07 INFO  Utils:15 ==> 第 1 天吃 4 个
2021-04-20 10:22:07 INFO  Utils:15 ==> 第 2 天吃 1 个
2021-04-20 10:22:07 INFO  Utils:15 ==> 第 3 天吃 1 个
2021-04-20 10:22:07 INFO  Utils:15 ==> 3
2021-04-20 10:23:26 INFO  Utils:15 ==> 第 1 天吃 5 个
2021-04-20 10:23:26 INFO  Utils:15 ==> 第 2 天吃 1 个
2021-04-20 10:23:26 INFO  Utils:15 ==> 第 3 天吃 2 个
2021-04-20 10:23:26 INFO  Utils:15 ==> 第 4 天吃 1 个
2021-04-20 10:23:26 INFO  Utils:15 ==> 第 5 天吃 1 个
2021-04-20 10:23:26 INFO  Utils:15 ==> 5
2021-04-20 10:24:05 INFO  Utils:15 ==> 第 1 天吃 1 个
2021-04-20 10:24:05 INFO  Utils:15 ==> 1
2021-04-20 10:24:16 INFO  Utils:15 ==> 第 1 天吃 28 个
2021-04-20 10:24:16 INFO  Utils:15 ==> 第 2 天吃 14 个
2021-04-20 10:24:16 INFO  Utils:15 ==> 第 3 天吃 7 个
2021-04-20 10:24:16 INFO  Utils:15 ==> 第 4 天吃 1 个
2021-04-20 10:24:16 INFO  Utils:15 ==> 第 5 天吃 4 个
2021-04-20 10:24:16 INFO  Utils:15 ==> 第 6 天吃 1 个
2021-04-20 10:24:16 INFO  Utils:15 ==> 第 7 天吃 1 个
2021-04-20 10:24:16 INFO  Utils:15 ==> 7
2021-04-20 11:45:39 INFO  Utils:15 ==> 3
2021-04-20 11:45:52 INFO  Utils:15 ==> 3
2021-04-20 11:46:31 INFO  Utils:15 ==> 4
2021-04-20 11:47:03 INFO  Utils:15 ==> 3
2021-04-20 11:47:10 INFO  Utils:15 ==> 1
2021-04-20 11:47:15 INFO  Utils:15 ==> 2
2021-04-20 11:47:23 INFO  Utils:15 ==> 4
2021-04-20 11:47:35 INFO  Utils:15 ==> 6
2021-04-20 13:04:59 INFO  Utils:15 ==> 6
2021-04-20 13:21:15 INFO  Utils:15 ==> 6
2021-04-20 13:21:38 INFO  Utils:15 ==> 5
2021-04-20 13:21:48 INFO  Utils:15 ==> 5
2021-04-20 13:21:56 INFO  Utils:15 ==> 4
2021-04-20 13:22:02 INFO  Utils:15 ==> 6
2021-04-20 13:22:22 INFO  Utils:15 ==> 5
2021-04-20 13:22:30 INFO  Utils:15 ==> 5
2021-04-22 10:18:10 INFO  StreamTest:36 ==> a1,a2,b1,c2,c1
2021-04-22 10:18:10 INFO  StreamTest:39 ==> A1B1C1
2021-04-22 10:18:10 INFO  StreamTest:45 ==> C1
2021-04-22 10:18:10 INFO  StreamTest:45 ==> C2
2021-04-22 10:18:10 INFO  StreamTest:56 ==> C1
2021-04-22 10:18:10 INFO  StreamTest:56 ==> C2
2021-04-22 10:18:10 INFO  StreamTest:59 ==> a1b1c1
2021-04-22 10:18:10 INFO  StreamTest:61 ==> 1
2021-04-22 10:18:10 INFO  StreamTest:61 ==> 2
2021-04-22 10:18:10 INFO  StreamTest:61 ==> 3
2021-04-22 10:18:10 INFO  StreamTest:61 ==> 4
2021-06-07 09:43:35 INFO  StringTest:28 ==> true
